[2026-08-01 23:13:30] autocommit: league=mbb interval=600s push=1 settle=1min
[2026-08-01 23:13:30] watch: tail -f /c/Users/saiem/Documents/GitHub-Data/sdv-dev/hoopR-dev/ncaa-mbb-hoops-raw/logs/autocommit_20260801_231329.log
[2026-08-01 23:14:14] committed 1220 files  2023:+1220 
[2026-08-01 23:15:23] pushed
[2026-08-01 23:25:43] committed 414 files  2023:+414 
[2026-08-01 23:26:02] pushed
[2026-08-01 23:36:21] committed 337 files  2023:+337 
[2026-08-01 23:36:39] pushed
[2026-08-01 23:47:00] committed 292 files  2023:+292 
[2026-08-01 23:47:18] pushed
[2026-08-01 23:57:37] committed 316 files  2023:+316 
[2026-08-01 23:57:56] pushed
[2026-08-02 00:09:09] committed 454 files  2023:+454 
[2026-08-02 00:09:40] pushed
[2026-08-02 00:21:00] committed 500 files  2023:+500 
[2026-08-02 00:21:31] pushed
[2026-08-02 00:32:31] committed 486 files  2023:+486 
[2026-08-02 00:33:01] pushed
[2026-08-02 00:47:12] committed 3799 files  2023:+43 
[2026-08-02 00:51:30] pushed
[2026-08-02 01:04:08] committed 2984 files  2022:+519 
[2026-08-02 01:07:23] pushed
[2026-08-02 01:18:12] committed 648 files  2022:+648 
[2026-08-02 01:18:48] pushed
[2026-08-02 01:29:38] committed 516 files  2022:+516 
[2026-08-02 01:30:09] pushed
[2026-08-02 01:41:48] committed 506 files  2022:+506 
[2026-08-02 01:42:19] pushed
[2026-08-02 01:53:15] committed 546 files  2022:+546 
[2026-08-02 01:53:45] pushed
[2026-08-02 02:04:38] committed 537 files  2022:+537 
[2026-08-02 02:05:10] pushed
[2026-08-02 02:16:14] committed 447 files  2022:+447 
[2026-08-02 02:16:39] pushed
[2026-08-02 02:30:01] committed 458 files  2022:+458 
[2026-08-02 02:30:26] pushed
[2026-08-02 02:41:01] committed 566 files  2022:+566 
[2026-08-02 02:41:34] pushed
[2026-08-02 02:52:09] committed 440 files  2022:+440 
[2026-08-02 02:52:31] pushed
[2026-08-02 03:06:05] committed 492 files  2022:+492 
[2026-08-02 03:06:36] pushed
[2026-08-02 03:17:57] committed 293 files  2022:+293 
[2026-08-02 03:19:35] pushed
[2026-08-02 03:37:02] committed 5972 files  2022:+2 
[2026-08-02 03:48:41] pushed
[2026-08-02 04:00:43] committed 1263 files  2021:+1263 
[2026-08-02 04:01:41] pushed
[2026-08-02 04:12:43] committed 568 files  2021:+568 
[2026-08-02 04:13:15] pushed
[2026-08-02 04:23:59] committed 517 files  2021:+517 
[2026-08-02 04:24:25] pushed
[2026-08-02 04:35:08] committed 501 files  2021:+501 
[2026-08-02 04:35:38] pushed
[2026-08-02 04:46:25] committed 514 files  2021:+514 
[2026-08-02 04:47:00] pushed
[2026-08-02 04:57:44] committed 518 files  2021:+518 
[2026-08-02 04:58:18] pushed
[2026-08-02 05:08:58] committed 378 files  2021:+378 
[2026-08-02 05:09:22] pushed
[2026-08-02 05:24:18] committed 4279 files  2021:+10 
[2026-08-02 05:28:57] pushed
[2026-08-02 05:39:46] committed 714 files  2020:+714 
[2026-08-02 05:40:34] pushed
[2026-08-02 05:51:23] committed 542 files  2020:+542 
[2026-08-02 05:51:58] pushed
[2026-08-02 06:02:47] committed 534 files  2020:+534 
[2026-08-02 06:03:19] pushed
[2026-08-02 06:14:06] committed 539 files  2020:+539 
[2026-08-02 06:14:37] pushed
[2026-08-02 06:25:23] committed 527 files  2020:+527 
[2026-08-02 06:26:02] pushed
[2026-08-02 06:36:50] committed 528 files  2020:+528 
[2026-08-02 06:37:25] pushed
[2026-08-02 06:48:23] committed 533 files  2020:+533 
[2026-08-02 06:48:59] pushed
[2026-08-02 07:00:32] committed 518 files  2020:+518 
[2026-08-02 07:01:13] pushed
[2026-08-02 07:12:08] committed 562 files  2020:+562 
[2026-08-02 07:12:49] pushed
[2026-08-02 07:23:50] committed 535 files  2020:+535 
[2026-08-02 07:24:35] pushed
[2026-08-02 07:37:59] committed 1046 files  2020:+251 
[2026-08-02 07:39:50] pushed
[2026-08-02 07:55:42] committed 5410 files  2019:+422 
[2026-08-02 08:03:19] pushed
[2026-08-02 08:14:57] committed 1075 files  2019:+1075 
[2026-08-02 08:15:57] pushed
[2026-08-02 08:26:58] committed 586 files  2019:+586 
[2026-08-02 08:27:36] pushed
[2026-08-02 08:38:35] committed 542 files  2019:+542 
[2026-08-02 08:38:59] pushed
[2026-08-02 08:49:59] committed 515 files  2019:+515 
[2026-08-02 08:50:24] pushed
[2026-08-02 09:01:24] committed 527 files  2019:+527 
[2026-08-02 09:01:53] pushed
[2026-08-02 09:13:09] committed 531 files  2019:+531 
[2026-08-02 09:13:39] pushed
[2026-08-02 09:24:55] committed 543 files  2019:+543 
[2026-08-02 09:25:24] pushed
[2026-08-02 09:36:27] committed 549 files  2019:+549 
[2026-08-02 09:37:03] pushed
[2026-08-02 09:48:06] committed 536 files  2019:+536 
[2026-08-02 09:48:28] pushed
[2026-08-02 10:01:41] committed 214 files  2019:+214 
[2026-08-02 10:01:56] pushed
[2026-08-02 10:18:14] committed 6040 files  
[2026-08-02 10:24:19] pushed
[2026-08-02 10:35:31] committed 1042 files  2018:+1042 
[2026-08-02 10:36:08] pushed
[2026-08-02 10:47:41] committed 550 files  2018:+550 
[2026-08-02 10:48:04] pushed
[2026-08-02 10:59:19] committed 560 files  2018:+560 
[2026-08-02 10:59:41] pushed
[2026-08-02 11:11:24] committed 529 files  2018:+529 
[2026-08-02 11:11:48] pushed
[2026-08-02 11:23:05] committed 560 files  2018:+560 
[2026-08-02 11:23:24] pushed
[2026-08-02 11:34:38] committed 543 files  2018:+543 
[2026-08-02 11:35:02] pushed
[2026-08-02 11:46:35] committed 541 files  2018:+541 
fatal: unable to access 'https://github.com/sportsdataverse/ncaa-mbb-hoops-raw.git/': Failed to connect to github.com port 443 after 21158 ms: Could not connect to server
[2026-08-02 11:46:56] PUSH FAILED (commit is safe locally; next pass retries)
[2026-08-02 11:58:26] committed 538 files  2018:+538 
[2026-08-02 11:59:00] pushed
[2026-08-02 12:10:26] committed 555 files  2018:+555 
[2026-08-02 12:10:47] pushed
[2026-08-02 12:21:58] committed 524 files  2018:+524 
[2026-08-02 12:22:18] pushed
[2026-08-02 12:42:16] committed 5986 files  2018:+60 
[2026-08-02 13:09:48] pushed
[2026-08-02 13:21:26] committed 1811 files  2017:+1735 
[2026-08-02 13:26:23] pushed
[2026-08-02 13:37:48] committed 740 files  2017:+740 
[2026-08-02 13:38:39] pushed
[2026-08-02 14:03:12] autocommit: league=mbb interval=600s push=1 settle=1min
[2026-08-02 14:03:12] watch: tail -f /c/Users/saiem/Documents/GitHub-Data/sdv-dev/hoopR-dev/ncaa-mbb-hoops-raw/logs/autocommit_20260802_140312.log
[2026-08-02 14:04:38] nothing settled to commit
[2026-08-02 14:16:07] committed 495 files  2017:+495 
[2026-08-02 14:16:24] pushed
[2026-08-02 14:28:00] committed 535 files  2017:+535 
[2026-08-02 14:28:20] pushed
[2026-08-02 14:39:47] committed 525 files  2017:+525 
[2026-08-02 14:40:03] pushed
[2026-08-02 14:51:31] committed 526 files  2017:+526 
[2026-08-02 14:51:49] pushed
[2026-08-02 15:03:16] committed 520 files  2017:+520 
[2026-08-02 15:03:34] pushed
[2026-08-02 15:17:38] committed 345 files  2017:+345 
[2026-08-02 15:17:56] pushed
[2026-08-02 15:37:44] committed 5867 files  
[2026-08-02 15:43:48] pushed
[2026-08-02 15:56:15] nothing settled to commit
[2026-08-02 16:08:55] nothing settled to commit
[2026-08-02 16:21:36] nothing settled to commit
[2026-08-02 16:34:03] nothing settled to commit
[2026-08-02 16:46:36] nothing settled to commit
[2026-08-02 16:58:59] nothing settled to commit
[2026-08-02 17:11:29] nothing settled to commit
[2026-08-02 17:24:28] nothing settled to commit
[2026-08-02 17:37:48] nothing settled to commit
[2026-08-02 17:51:09] nothing settled to commit
[2026-08-02 18:03:54] nothing settled to commit
[2026-08-02 18:16:30] nothing settled to commit
[2026-08-02 18:28:51] nothing settled to commit
[2026-08-02 18:41:28] nothing settled to commit
[2026-08-02 18:54:01] nothing settled to commit
[2026-08-02 19:06:31] nothing settled to commit
[2026-08-02 19:18:46] nothing settled to commit
[2026-08-02 19:30:23] nothing settled to commit
[2026-08-02 19:46:10] committed 3127 files  
[2026-08-02 19:50:09] pushed
[2026-08-02 20:07:57] committed 1643 files  
[2026-08-02 20:13:40] pushed
[2026-08-02 20:33:44] committed 7213 files  
[2026-08-02 20:42:13] pushed
[2026-08-02 20:57:50] committed 3680 files  
[2026-08-02 21:02:16] pushed
[2026-08-02 21:13:45] nothing settled to commit
[2026-08-02 21:25:13] nothing settled to commit
[2026-08-02 21:36:43] nothing settled to commit
[2026-08-02 21:48:10] nothing settled to commit
[2026-08-02 21:59:39] nothing settled to commit
[2026-08-02 22:11:11] nothing settled to commit
[2026-08-02 22:22:39] nothing settled to commit
[2026-08-02 22:34:05] nothing settled to commit
[2026-08-02 22:45:52] nothing settled to commit
[2026-08-02 22:57:37] nothing settled to commit
[2026-08-02 23:09:03] nothing settled to commit
[2026-08-02 23:20:29] nothing settled to commit
[2026-08-02 23:31:54] nothing settled to commit
[2026-08-02 23:43:20] nothing settled to commit
[2026-08-02 23:54:50] nothing settled to commit
[2026-08-03 00:06:15] nothing settled to commit
[2026-08-03 00:17:45] nothing settled to commit
[2026-08-03 00:29:12] nothing settled to commit
[2026-08-03 00:40:41] nothing settled to commit
[2026-08-03 00:52:06] nothing settled to commit
[2026-08-03 01:03:35] nothing settled to commit
[2026-08-03 01:15:04] nothing settled to commit
[2026-08-03 01:26:30] nothing settled to commit
[2026-08-03 01:37:57] nothing settled to commit
[2026-08-03 01:49:26] nothing settled to commit
[2026-08-03 02:01:01] nothing settled to commit
[2026-08-03 02:13:02] nothing settled to commit
[2026-08-03 02:24:30] nothing settled to commit
[2026-08-03 02:36:38] committed 50 files  2016:+50 
[2026-08-03 02:36:45] pushed
[2026-08-03 02:48:30] committed 578 files  2016:+578 
[2026-08-03 02:48:51] pushed
[2026-08-03 03:00:44] committed 547 files  2016:+547 
[2026-08-03 03:01:06] pushed
[2026-08-03 03:12:54] committed 553 files  2016:+553 
[2026-08-03 03:14:08] pushed
[2026-08-03 03:26:02] committed 574 files  2016:+574 
[2026-08-03 03:26:44] pushed
[2026-08-03 03:38:33] committed 557 files  2016:+557 
[2026-08-03 03:39:33] pushed
[2026-08-03 03:51:34] committed 575 files  2016:+575 
fatal: unable to access 'https://github.com/sportsdataverse/ncaa-mbb-hoops-raw.git/': Failed to connect to github.com port 443 after 21051 ms: Could not connect to server
[2026-08-03 03:51:55] PUSH FAILED (commit is safe locally; next pass retries)
[2026-08-03 04:03:45] committed 546 files  2016:+546 
[2026-08-03 04:04:06] pushed
[2026-08-03 04:16:04] committed 551 files  2016:+551 
[2026-08-03 04:16:27] pushed
[2026-08-03 04:28:43] committed 541 files  2016:+541 
[2026-08-03 04:29:40] pushed
[2026-08-03 04:41:38] committed 534 files  2016:+534 
[2026-08-03 04:43:17] pushed
[2026-08-03 04:56:39] committed 102 files  2016:+102 
[2026-08-03 04:57:07] pushed
[2026-08-03 05:14:02] committed 5708 files  
[2026-08-03 05:40:15] pushed
[2026-08-03 05:52:05] nothing settled to commit
[2026-08-03 06:03:48] nothing settled to commit
[2026-08-03 06:15:40] nothing settled to commit
[2026-08-03 06:27:21] nothing settled to commit
[2026-08-03 06:39:00] nothing settled to commit
[2026-08-03 06:50:44] nothing settled to commit
[2026-08-03 07:02:24] nothing settled to commit
[2026-08-03 07:14:05] nothing settled to commit
[2026-08-03 07:25:44] nothing settled to commit
[2026-08-03 07:37:25] nothing settled to commit
[2026-08-03 07:49:03] nothing settled to commit
[2026-08-03 08:00:49] nothing settled to commit
[2026-08-03 08:12:28] nothing settled to commit
[2026-08-03 08:24:08] nothing settled to commit
[2026-08-03 08:35:48] nothing settled to commit
[2026-08-03 08:47:29] nothing settled to commit
[2026-08-03 08:59:09] nothing settled to commit
[2026-08-03 09:10:47] nothing settled to commit
[2026-08-03 09:22:27] nothing settled to commit
[2026-08-03 09:34:07] nothing settled to commit
[2026-08-03 09:45:46] nothing settled to commit
[2026-08-03 09:57:24] nothing settled to commit
[2026-08-03 10:09:01] nothing settled to commit
[2026-08-03 10:20:39] nothing settled to commit
[2026-08-03 10:32:18] nothing settled to commit
[2026-08-03 10:43:57] nothing settled to commit
[2026-08-03 10:55:37] nothing settled to commit
[2026-08-03 11:07:15] nothing settled to commit
[2026-08-03 11:18:53] nothing settled to commit
[2026-08-03 11:30:33] nothing settled to commit
[2026-08-03 11:42:12] nothing settled to commit
[2026-08-03 11:53:52] nothing settled to commit
[2026-08-03 12:05:32] nothing settled to commit
[2026-08-03 12:17:12] nothing settled to commit
[2026-08-03 12:28:52] nothing settled to commit
[2026-08-03 12:40:33] nothing settled to commit
[2026-08-03 12:52:11] nothing settled to commit
[2026-08-03 13:03:49] nothing settled to commit
[2026-08-03 13:15:29] nothing settled to commit
[2026-08-03 13:27:09] nothing settled to commit
[2026-08-03 13:38:50] nothing settled to commit
[2026-08-03 13:50:27] nothing settled to commit
[2026-08-03 14:02:06] nothing settled to commit
[2026-08-03 14:13:50] nothing settled to commit
[2026-08-03 14:25:31] nothing settled to commit
[2026-08-03 14:37:12] nothing settled to commit
[2026-08-03 14:48:51] nothing settled to commit
[2026-08-03 15:00:28] nothing settled to commit
[2026-08-03 15:12:11] nothing settled to commit
[2026-08-03 15:23:50] nothing settled to commit
[2026-08-03 15:35:29] nothing settled to commit
[2026-08-03 15:47:07] nothing settled to commit
[2026-08-03 15:58:44] nothing settled to commit
[2026-08-03 16:10:39] nothing settled to commit
[2026-08-03 16:22:48] committed 439 files  2015:+439 
[2026-08-03 16:23:06] pushed
[2026-08-03 16:34:59] committed 537 files  2015:+537 
[2026-08-03 16:35:15] pushed
[2026-08-03 16:47:10] committed 522 files  2015:+522 
[2026-08-03 16:47:30] pushed
[2026-08-03 16:59:25] committed 532 files  2015:+532 
[2026-08-03 16:59:46] pushed
[2026-08-03 17:11:39] committed 518 files  2015:+518 
[2026-08-03 17:11:59] pushed
[2026-08-03 17:23:51] committed 524 files  2015:+524 
[2026-08-03 17:24:11] pushed
[2026-08-03 17:36:05] committed 527 files  2015:+527 
[2026-08-03 17:36:24] pushed
[2026-08-03 17:48:15] committed 506 files  2015:+506 
[2026-08-03 17:48:34] pushed
[2026-08-03 18:00:25] committed 524 files  2015:+524 
[2026-08-03 18:00:43] pushed
[2026-08-03 18:12:36] committed 498 files  2015:+498 
[2026-08-03 18:12:54] pushed
[2026-08-03 18:24:48] committed 521 files  2015:+521 
[2026-08-03 18:25:08] pushed
[2026-08-03 18:39:36] committed 278 files  2015:+278 
[2026-08-03 18:39:53] pushed
[2026-08-03 18:56:23] committed 6018 files  2014:+90 2015:+1 
[2026-08-03 19:02:03] pushed
[2026-08-03 19:14:16] committed 951 files  2014:+951 
[2026-08-03 19:14:47] pushed
[2026-08-03 19:26:57] committed 541 files  2014:+541 
[2026-08-03 19:27:18] pushed
[2026-08-03 19:39:25] committed 536 files  2014:+536 
[2026-08-03 19:39:45] pushed
[2026-08-03 19:51:51] committed 537 files  2014:+537 
[2026-08-03 19:52:10] pushed
[2026-08-03 20:04:18] committed 544 files  2014:+544 
[2026-08-03 20:04:34] pushed
[2026-08-03 20:16:42] committed 541 files  2014:+541 
[2026-08-03 20:17:00] pushed
[2026-08-03 20:29:07] committed 540 files  2014:+540 
[2026-08-03 20:29:24] pushed
[2026-08-03 20:41:34] committed 532 files  2014:+532 
[2026-08-03 20:41:52] pushed
[2026-08-03 20:54:06] committed 545 files  2014:+545 
[2026-08-03 20:54:29] pushed
[2026-08-03 21:06:36] committed 533 files  2014:+533 
[2026-08-03 21:06:56] pushed
[2026-08-03 21:23:48] committed 6002 files  2014:+56 
[2026-08-03 21:29:36] pushed
[2026-08-03 21:42:29] committed 747 files  2013:+747 
[2026-08-03 21:42:57] pushed
[2026-08-03 21:55:20] committed 577 files  2013:+577 
[2026-08-03 21:55:38] pushed
[2026-08-03 22:08:03] committed 526 files  2013:+526 
[2026-08-03 22:08:20] pushed
[2026-08-03 22:20:48] committed 527 files  2013:+527 
[2026-08-03 22:21:06] pushed
[2026-08-03 22:33:31] committed 530 files  2013:+530 
[2026-08-03 22:33:48] pushed
[2026-08-03 22:46:17] committed 514 files  2013:+514 
[2026-08-03 22:46:34] pushed
[2026-08-03 22:59:08] committed 511 files  2013:+511 
[2026-08-03 22:59:26] pushed
[2026-08-03 23:11:57] committed 522 files  2013:+522 
[2026-08-03 23:12:35] pushed
[2026-08-03 23:25:04] committed 543 files  2013:+543 
[2026-08-03 23:25:50] pushed
[2026-08-03 23:38:16] committed 539 files  2013:+539 
[2026-08-03 23:39:11] pushed
[2026-08-03 23:55:20] committed 5714 files  2013:+89 
[2026-08-04 00:00:04] pushed
[2026-08-04 00:12:31] nothing settled to commit
[2026-08-04 00:25:00] nothing settled to commit
[2026-08-04 00:37:29] nothing settled to commit
[2026-08-04 00:50:00] nothing settled to commit
[2026-08-04 01:02:31] nothing settled to commit
[2026-08-04 01:15:01] nothing settled to commit
[2026-08-04 01:27:32] nothing settled to commit
[2026-08-04 01:40:04] nothing settled to commit
[2026-08-04 01:52:31] nothing settled to commit
[2026-08-04 02:04:59] nothing settled to commit
[2026-08-04 02:17:28] nothing settled to commit
[2026-08-04 02:29:56] nothing settled to commit
[2026-08-04 02:42:32] nothing settled to commit
[2026-08-04 02:55:03] nothing settled to commit
[2026-08-04 03:07:33] nothing settled to commit
[2026-08-04 03:20:04] nothing settled to commit
[2026-08-04 03:32:35] nothing settled to commit
[2026-08-04 03:45:05] nothing settled to commit
[2026-08-04 03:57:32] nothing settled to commit
[2026-08-04 04:10:00] nothing settled to commit
[2026-08-04 04:22:28] nothing settled to commit
[2026-08-04 04:34:57] nothing settled to commit
[2026-08-04 04:47:26] nothing settled to commit
[2026-08-04 04:59:56] nothing settled to commit
[2026-08-04 05:12:26] nothing settled to commit
[2026-08-04 05:24:56] nothing settled to commit
[2026-08-04 05:37:35] nothing settled to commit
[2026-08-04 05:50:03] nothing settled to commit
[2026-08-04 06:02:32] nothing settled to commit
[2026-08-04 06:15:02] nothing settled to commit
[2026-08-04 06:27:33] nothing settled to commit
[2026-08-04 06:40:02] nothing settled to commit
[2026-08-04 06:52:29] nothing settled to commit
[2026-08-04 07:04:55] nothing settled to commit
[2026-08-04 07:17:24] nothing settled to commit
[2026-08-04 07:29:53] nothing settled to commit
[2026-08-04 07:42:20] nothing settled to commit
[2026-08-04 07:54:47] nothing settled to commit
[2026-08-04 08:07:16] nothing settled to commit
[2026-08-04 08:19:45] nothing settled to commit
[2026-08-04 08:32:13] nothing settled to commit
[2026-08-04 08:44:40] nothing settled to commit
[2026-08-04 08:57:10] nothing settled to commit
[2026-08-04 09:09:41] nothing settled to commit
[2026-08-04 09:22:12] nothing settled to commit
[2026-08-04 09:34:43] nothing settled to commit
[2026-08-04 09:47:11] nothing settled to commit
[2026-08-04 09:59:39] nothing settled to commit
[2026-08-04 10:12:07] nothing settled to commit
[2026-08-04 10:24:36] nothing settled to commit
[2026-08-04 10:37:03] nothing settled to commit
[2026-08-04 10:49:34] nothing settled to commit
[2026-08-04 11:02:12] nothing settled to commit
[2026-08-04 11:15:00] committed 524 files  2012:+524 
[2026-08-04 11:15:20] pushed
[2026-08-04 11:28:06] committed 565 files  2012:+565 
[2026-08-04 11:28:26] pushed
[2026-08-04 11:41:12] committed 565 files  2012:+565 
[2026-08-04 11:41:37] pushed
[2026-08-04 11:54:23] committed 552 files  2012:+552 
[2026-08-04 11:54:43] pushed
[2026-08-04 12:07:26] committed 529 files  2012:+529 
[2026-08-04 12:07:45] pushed
[2026-08-04 12:20:30] committed 536 files  2012:+536 
[2026-08-04 12:20:48] pushed
[2026-08-04 12:33:34] committed 516 files  2012:+516 
[2026-08-04 12:33:53] pushed
[2026-08-04 12:46:43] committed 532 files  2012:+532 
[2026-08-04 12:47:09] pushed
[2026-08-04 12:59:59] committed 565 files  2012:+565 
[2026-08-04 13:00:23] pushed
[2026-08-04 13:13:13] committed 545 files  2012:+545 
[2026-08-04 13:13:32] pushed
[2026-08-04 13:29:12] committed 3619 files  2012:+171 
[2026-08-04 13:32:54] pushed
[2026-08-04 13:47:15] committed 2152 files  
[2026-08-04 13:49:00] pushed
[2026-08-04 14:01:48] nothing settled to commit
[2026-08-04 14:14:35] nothing settled to commit
[2026-08-04 14:27:21] nothing settled to commit
[2026-08-04 14:40:06] nothing settled to commit
[2026-08-04 14:53:02] nothing settled to commit
[2026-08-04 15:05:51] nothing settled to commit
[2026-08-04 15:18:39] nothing settled to commit
[2026-08-04 15:31:25] nothing settled to commit
[2026-08-04 15:44:14] nothing settled to commit
[2026-08-04 15:57:04] nothing settled to commit
[2026-08-04 16:09:54] nothing settled to commit
[2026-08-04 16:22:43] nothing settled to commit
[2026-08-04 16:35:32] nothing settled to commit
[2026-08-04 16:48:21] nothing settled to commit
[2026-08-04 17:01:12] nothing settled to commit
[2026-08-04 17:14:02] nothing settled to commit
[2026-08-04 17:26:50] nothing settled to commit
[2026-08-04 17:39:40] nothing settled to commit
[2026-08-04 17:52:26] nothing settled to commit
[2026-08-04 18:05:13] nothing settled to commit
[2026-08-04 18:17:59] nothing settled to commit
[2026-08-04 18:30:45] nothing settled to commit
[2026-08-04 18:43:31] nothing settled to commit
[2026-08-04 18:56:20] nothing settled to commit
[2026-08-04 19:09:09] nothing settled to commit
[2026-08-04 19:21:59] nothing settled to commit
[2026-08-04 19:34:47] nothing settled to commit
[2026-08-04 19:47:33] nothing settled to commit
[2026-08-04 20:00:20] nothing settled to commit
[2026-08-04 20:13:15] nothing settled to commit
[2026-08-04 20:26:01] nothing settled to commit
[2026-08-04 20:38:47] nothing settled to commit
[2026-08-04 20:51:37] nothing settled to commit
[2026-08-04 21:04:26] nothing settled to commit
[2026-08-04 21:17:15] nothing settled to commit
[2026-08-04 21:30:04] nothing settled to commit
[2026-08-04 21:42:54] nothing settled to commit
[2026-08-04 21:55:40] nothing settled to commit
[2026-08-04 22:08:36] nothing settled to commit
[2026-08-04 22:21:22] nothing settled to commit
[2026-08-04 22:34:08] nothing settled to commit
[2026-08-04 22:46:58] nothing settled to commit
[2026-08-04 22:59:48] nothing settled to commit
[2026-08-04 23:12:37] nothing settled to commit
[2026-08-04 23:25:26] nothing settled to commit
[2026-08-04 23:38:22] nothing settled to commit
[2026-08-04 23:51:09] nothing settled to commit
[2026-08-05 00:03:57] nothing settled to commit
[2026-08-05 00:16:44] nothing settled to commit
[2026-08-05 00:29:30] nothing settled to commit
[2026-08-05 00:42:30] committed 162 files  2011:+162 
[2026-08-05 00:42:47] pushed
[2026-08-05 00:55:55] committed 574 files  2011:+574 
[2026-08-05 00:56:15] pushed
[2026-08-05 01:09:22] committed 584 files  2011:+584 
[2026-08-05 01:09:44] pushed
[2026-08-05 01:22:55] committed 558 files  2011:+558 
[2026-08-05 01:23:14] pushed
[2026-08-05 01:36:23] committed 554 files  2011:+554 
[2026-08-05 01:36:46] pushed
[2026-08-05 01:49:52] committed 558 files  2011:+558 
[2026-08-05 01:50:10] pushed
[2026-08-05 02:03:17] committed 557 files  2011:+557 
[2026-08-05 02:03:36] pushed
[2026-08-05 02:16:47] committed 567 files  2011:+567 
[2026-08-05 02:17:04] pushed
[2026-08-05 02:30:15] committed 552 files  2011:+552 
[2026-08-05 02:30:32] pushed
[2026-08-05 02:43:43] committed 550 files  2011:+550 
[2026-08-05 02:44:04] pushed
[2026-08-05 03:00:33] committed 336 files  2011:+336 
[2026-08-05 03:00:51] pushed
[2026-08-05 03:17:48] committed 5562 files  2011:+5 
[2026-08-05 03:23:19] pushed
[2026-08-05 03:36:29] nothing settled to commit
[2026-08-05 03:49:37] nothing settled to commit
[2026-08-05 04:02:44] nothing settled to commit
[2026-08-05 04:15:50] nothing settled to commit
[2026-08-05 04:29:05] nothing settled to commit
[2026-08-05 04:42:13] nothing settled to commit
[2026-08-05 04:55:25] nothing settled to commit
[2026-08-05 05:08:35] nothing settled to commit
[2026-08-05 05:21:45] nothing settled to commit
[2026-08-05 05:34:55] nothing settled to commit
[2026-08-05 05:48:04] nothing settled to commit
[2026-08-05 06:01:11] nothing settled to commit
[2026-08-05 06:14:18] nothing settled to commit
[2026-08-05 06:27:32] nothing settled to commit
[2026-08-05 06:40:40] nothing settled to commit
[2026-08-05 06:53:59] nothing settled to commit
[2026-08-05 07:07:09] nothing settled to commit
[2026-08-05 07:20:19] nothing settled to commit
[2026-08-05 07:33:31] nothing settled to commit
[2026-08-05 07:46:40] nothing settled to commit
[2026-08-05 07:59:46] nothing settled to commit
[2026-08-05 08:12:53] nothing settled to commit
[2026-08-05 08:26:07] nothing settled to commit
[2026-08-05 08:39:15] nothing settled to commit
[2026-08-05 08:52:32] nothing settled to commit
[2026-08-05 09:05:42] nothing settled to commit
[2026-08-05 09:18:52] nothing settled to commit
[2026-08-05 09:32:03] nothing settled to commit
[2026-08-05 09:45:14] nothing settled to commit
[2026-08-05 09:58:21] nothing settled to commit
[2026-08-05 10:11:30] nothing settled to commit
[2026-08-05 10:24:40] nothing settled to commit
[2026-08-05 10:39:35] committed 22 files  2011:+22 
[2026-08-05 10:39:40] pushed
[2026-08-05 10:52:54] committed 27 files  2011:+27 
[2026-08-05 10:52:59] pushed
[2026-08-05 11:06:09] committed 24 files  2011:+24 
[2026-08-05 11:06:14] pushed
[2026-08-05 11:19:26] committed 24 files  2011:+24 
[2026-08-05 11:19:31] pushed
[2026-08-05 11:32:44] committed 24 files  2011:+24 
[2026-08-05 11:32:49] pushed
[2026-08-05 11:46:02] committed 25 files  2011:+25 
[2026-08-05 11:46:07] pushed
[2026-08-05 11:59:19] committed 22 files  2011:+22 
[2026-08-05 11:59:25] pushed
[2026-08-05 12:13:05] committed 192 files  2011:+12 
[2026-08-05 12:14:09] pushed
[2026-08-05 12:27:33] committed 505 files  2010:+505 
[2026-08-05 12:28:09] pushed
[2026-08-05 12:41:40] committed 579 files  2010:+579 
[2026-08-05 12:41:58] pushed
[2026-08-05 12:55:26] committed 593 files  2010:+593 
[2026-08-05 12:55:49] pushed
[2026-08-05 13:09:22] committed 597 files  2010:+597 
[2026-08-05 13:09:45] pushed
[2026-08-05 13:23:18] committed 592 files  2010:+592 
[2026-08-05 13:23:43] pushed
[2026-08-05 13:37:17] committed 600 files  2010:+600 
[2026-08-05 13:37:36] pushed
[2026-08-05 13:51:05] committed 591 files  2010:+591 
[2026-08-05 13:51:24] pushed
[2026-08-05 14:04:54] committed 591 files  2010:+591 
[2026-08-05 14:05:14] pushed
[2026-08-05 14:18:51] committed 594 files  2010:+594 
[2026-08-05 14:19:17] pushed
[2026-08-05 14:34:44] committed 2178 files  2010:+470 
[2026-08-05 14:36:19] pushed
[2026-08-05 14:51:26] committed 4004 files  
[2026-08-05 14:57:19] pushed
[2026-08-05 15:10:53] nothing settled to commit
[2026-08-05 15:24:27] nothing settled to commit
[2026-08-05 15:38:01] nothing settled to commit
[2026-08-05 15:51:32] nothing settled to commit
[2026-08-05 16:05:02] nothing settled to commit
[2026-08-05 16:18:32] nothing settled to commit
[2026-08-05 16:32:03] nothing settled to commit
[2026-08-05 16:45:33] nothing settled to commit
[2026-08-05 16:59:07] nothing settled to commit
[2026-08-05 17:12:42] nothing settled to commit
[2026-08-05 17:26:16] nothing settled to commit
[2026-08-05 17:39:50] nothing settled to commit
[2026-08-05 17:53:20] nothing settled to commit
[2026-08-05 18:06:49] nothing settled to commit
[2026-08-05 18:20:35] nothing settled to commit
[2026-08-05 18:34:27] nothing settled to commit
[2026-08-05 18:48:05] nothing settled to commit
[2026-08-05 19:01:46] nothing settled to commit
[2026-08-05 19:16:09] nothing settled to commit
[2026-08-05 19:29:54] nothing settled to commit
[2026-08-05 19:43:35] nothing settled to commit
[2026-08-05 19:57:26] nothing settled to commit
[2026-08-05 20:11:12] nothing settled to commit
[2026-08-05 20:25:04] nothing settled to commit
[2026-08-05 20:38:45] nothing settled to commit
[2026-08-05 20:52:33] nothing settled to commit
[2026-08-05 21:06:25] nothing settled to commit
[2026-08-05 21:20:05] nothing settled to commit
[2026-08-05 21:33:44] nothing settled to commit
[2026-08-05 21:47:26] nothing settled to commit
[2026-08-05 22:01:29] nothing settled to commit
[2026-08-05 22:15:21] nothing settled to commit
[2026-08-05 22:28:57] nothing settled to commit
[2026-08-05 22:42:48] nothing settled to commit
[2026-08-05 22:56:32] nothing settled to commit
[2026-08-05 23:10:13] nothing settled to commit
[2026-08-05 23:23:57] nothing settled to commit
[2026-08-05 23:37:50] nothing settled to commit
[2026-08-05 23:51:29] nothing settled to commit
[2026-08-06 00:08:15] nothing settled to commit
[2026-08-06 00:21:56] nothing settled to commit
[2026-08-06 00:35:35] nothing settled to commit
[2026-08-06 00:49:13] nothing settled to commit
[2026-08-06 01:02:54] nothing settled to commit
[2026-08-06 01:16:56] nothing settled to commit
[2026-08-06 01:30:45] nothing settled to commit
[2026-08-06 01:44:26] nothing settled to commit
[2026-08-06 01:58:03] nothing settled to commit
[2026-08-06 02:11:48] nothing settled to commit
[2026-08-06 02:25:31] nothing settled to commit
[2026-08-06 02:39:19] nothing settled to commit
[2026-08-06 02:52:59] nothing settled to commit
[2026-08-06 03:06:36] nothing settled to commit
[2026-08-06 03:20:09] nothing settled to commit
[2026-08-06 03:33:42] nothing settled to commit
[2026-08-06 03:47:25] nothing settled to commit
[2026-08-06 04:01:04] nothing settled to commit
[2026-08-06 04:14:50] nothing settled to commit
[2026-08-06 04:28:22] nothing settled to commit
[2026-08-06 04:41:57] nothing settled to commit
[2026-08-06 04:55:39] nothing settled to commit
[2026-08-06 05:09:17] nothing settled to commit
[2026-08-06 05:22:57] nothing settled to commit
[2026-08-06 05:36:37] nothing settled to commit
[2026-08-06 05:50:26] nothing settled to commit
[2026-08-06 06:04:08] nothing settled to commit
[2026-08-06 06:17:56] nothing settled to commit
[2026-08-06 06:31:35] nothing settled to commit
[2026-08-06 06:45:14] nothing settled to commit
[2026-08-06 06:58:52] nothing settled to commit
[2026-08-06 07:12:32] nothing settled to commit
[2026-08-06 07:26:12] nothing settled to commit
[2026-08-06 07:39:54] nothing settled to commit
[2026-08-06 07:53:40] nothing settled to commit
[2026-08-06 08:07:15] nothing settled to commit
[2026-08-06 08:20:52] nothing settled to commit
[2026-08-06 08:34:33] nothing settled to commit
[2026-08-06 08:48:16] nothing settled to commit
[2026-08-06 09:02:13] nothing settled to commit
[2026-08-06 09:16:12] nothing settled to commit
[2026-08-06 09:30:02] nothing settled to commit
[2026-08-06 09:43:49] nothing settled to commit
[2026-08-06 09:57:47] nothing settled to commit
[2026-08-06 10:11:43] nothing settled to commit
[2026-08-06 10:25:51] nothing settled to commit
[2026-08-06 10:40:11] nothing settled to commit
[2026-08-06 10:54:15] nothing settled to commit
[2026-08-06 11:08:12] nothing settled to commit
[2026-08-06 11:22:14] nothing settled to commit
[2026-08-06 11:36:18] nothing settled to commit
[2026-08-06 11:50:18] nothing settled to commit
[2026-08-06 12:04:13] nothing settled to commit
[2026-08-06 12:18:07] nothing settled to commit
[2026-08-06 12:32:07] nothing settled to commit
[2026-08-06 12:46:07] nothing settled to commit
[2026-08-06 13:00:00] nothing settled to commit
[2026-08-06 13:13:59] nothing settled to commit
[2026-08-06 13:27:47] nothing settled to commit
[2026-08-06 13:41:34] nothing settled to commit
[2026-08-06 13:55:34] nothing settled to commit
[2026-08-06 14:09:33] nothing settled to commit
[2026-08-06 14:23:51] nothing settled to commit
[2026-08-06 14:37:41] nothing settled to commit
[2026-08-06 14:51:40] nothing settled to commit
[2026-08-06 15:05:42] nothing settled to commit
[2026-08-06 15:19:46] nothing settled to commit
[2026-08-06 15:33:44] nothing settled to commit
[2026-08-06 15:47:42] nothing settled to commit
[2026-08-06 16:01:33] nothing settled to commit
[2026-08-06 16:15:25] nothing settled to commit
[2026-08-06 16:29:18] nothing settled to commit
      0 [main] bash 2762554 dofork: child -1 - forked process 34420 died unexpectedly, retry 0, exit code 0xC000026B, errno 11
scripts/run_autocommit.sh: fork: retry: Resource temporarily unavailable
1011597 [main] bash 2762554 dofork: child -1 - forked process 23672 died unexpectedly, retry 0, exit code 0xC000026B, errno 11
scripts/run_autocommit.sh: fork: retry: Resource temporarily unavailable
3021516 [main] bash 2762554 dofork: child -1 - forked process 44864 died unexpectedly, retry 0, exit code 0xC000026B, errno 11
scripts/run_autocommit.sh: fork: retry: Resource temporarily unavailable
[2026-08-11 19:48:28] autocommit: league=mbb interval=600s push=1 settle=1min
[2026-08-11 19:48:28] watch: tail -f /c/Users/saiem/Documents/GitHub-Data/sdv-dev/hoopR-dev/ncaa-mbb-hoops-raw/logs/autocommit_20260811_194828.log
[2026-08-11 19:52:17] nothing settled to commit
[2026-08-11 20:06:00] committed 24 files  2017:+24 
[2026-08-11 20:06:06] pushed
[2026-08-11 20:19:45] committed 25 files  2017:+25 
[2026-08-11 20:19:51] pushed
[2026-08-11 20:33:30] committed 24 files  2017:+24 
[2026-08-11 20:33:35] pushed
[2026-08-11 20:47:26] committed 25 files  2017:+25 
[2026-08-11 20:47:30] pushed
[2026-08-11 21:01:14] committed 125 files  2016:+15 2017:+6 
[2026-08-11 21:02:09] pushed
[2026-08-11 21:15:55] committed 40 files  2016:+40 
[2026-08-11 21:16:00] pushed
[2026-08-11 21:30:01] committed 178 files  2016:+178 
[2026-08-11 21:30:12] pushed
[2026-08-11 21:44:24] committed 387 files  2013:+138 2016:+8 
[2026-08-11 21:45:28] pushed
[2026-08-11 21:59:26] committed 385 files  2012:+155 2013:+46 
[2026-08-11 22:00:32] pushed
