[2026-08-01 23:13:30] autocommit: league=mbb interval=600s push=1 settle=1min
[2026-08-01 23:13:30] watch: tail -f /c/Users/saiem/Documents/GitHub-Data/sdv-dev/hoopR-dev/ncaa-mbb-hoops-raw/logs/autocommit_20260801_231329.log
[2026-08-01 23:14:14] committed 1220 files  2023:+1220 
[2026-08-01 23:15:23] pushed
[2026-08-01 23:25:43] committed 414 files  2023:+414 
[2026-08-01 23:26:02] pushed
[2026-08-01 23:36:21] committed 337 files  2023:+337 
[2026-08-01 23:36:39] pushed
[2026-08-01 23:47:00] committed 292 files  2023:+292 
[2026-08-01 23:47:18] pushed
[2026-08-01 23:57:37] committed 316 files  2023:+316 
[2026-08-01 23:57:56] pushed
[2026-08-02 00:09:09] committed 454 files  2023:+454 
[2026-08-02 00:09:40] pushed
[2026-08-02 00:21:00] committed 500 files  2023:+500 
[2026-08-02 00:21:31] pushed
[2026-08-02 00:32:31] committed 486 files  2023:+486 
[2026-08-02 00:33:01] pushed
[2026-08-02 00:47:12] committed 3799 files  2023:+43 
[2026-08-02 00:51:30] pushed
[2026-08-02 01:04:08] committed 2984 files  2022:+519 
[2026-08-02 01:07:23] pushed
[2026-08-02 01:18:12] committed 648 files  2022:+648 
[2026-08-02 01:18:48] pushed
[2026-08-02 01:29:38] committed 516 files  2022:+516 
[2026-08-02 01:30:09] pushed
[2026-08-02 01:41:48] committed 506 files  2022:+506 
[2026-08-02 01:42:19] pushed
[2026-08-02 01:53:15] committed 546 files  2022:+546 
[2026-08-02 01:53:45] pushed
[2026-08-02 02:04:38] committed 537 files  2022:+537 
[2026-08-02 02:05:10] pushed
[2026-08-02 02:16:14] committed 447 files  2022:+447 
[2026-08-02 02:16:39] pushed
[2026-08-02 02:30:01] committed 458 files  2022:+458 
[2026-08-02 02:30:26] pushed
[2026-08-02 02:41:01] committed 566 files  2022:+566 
[2026-08-02 02:41:34] pushed
[2026-08-02 02:52:09] committed 440 files  2022:+440 
[2026-08-02 02:52:31] pushed
[2026-08-02 03:06:05] committed 492 files  2022:+492 
[2026-08-02 03:06:36] pushed
[2026-08-02 03:17:57] committed 293 files  2022:+293 
[2026-08-02 03:19:35] pushed
[2026-08-02 03:37:02] committed 5972 files  2022:+2 
[2026-08-02 03:48:41] pushed
[2026-08-02 04:00:43] committed 1263 files  2021:+1263 
[2026-08-02 04:01:41] pushed
[2026-08-02 04:12:43] committed 568 files  2021:+568 
[2026-08-02 04:13:15] pushed
[2026-08-02 04:23:59] committed 517 files  2021:+517 
[2026-08-02 04:24:25] pushed
[2026-08-02 04:35:08] committed 501 files  2021:+501 
[2026-08-02 04:35:38] pushed
[2026-08-02 04:46:25] committed 514 files  2021:+514 
[2026-08-02 04:47:00] pushed
[2026-08-02 04:57:44] committed 518 files  2021:+518 
[2026-08-02 04:58:18] pushed
[2026-08-02 05:08:58] committed 378 files  2021:+378 
[2026-08-02 05:09:22] pushed
[2026-08-02 05:24:18] committed 4279 files  2021:+10 
[2026-08-02 05:28:57] pushed
[2026-08-02 05:39:46] committed 714 files  2020:+714 
[2026-08-02 05:40:34] pushed
[2026-08-02 05:51:23] committed 542 files  2020:+542 
[2026-08-02 05:51:58] pushed
[2026-08-02 06:02:47] committed 534 files  2020:+534 
[2026-08-02 06:03:19] pushed
[2026-08-02 06:14:06] committed 539 files  2020:+539 
[2026-08-02 06:14:37] pushed
[2026-08-02 06:25:23] committed 527 files  2020:+527 
[2026-08-02 06:26:02] pushed
[2026-08-02 06:36:50] committed 528 files  2020:+528 
[2026-08-02 06:37:25] pushed
[2026-08-02 06:48:23] committed 533 files  2020:+533 
[2026-08-02 06:48:59] pushed
[2026-08-02 07:00:32] committed 518 files  2020:+518 
[2026-08-02 07:01:13] pushed
[2026-08-02 07:12:08] committed 562 files  2020:+562 
[2026-08-02 07:12:49] pushed
[2026-08-02 07:23:50] committed 535 files  2020:+535 
[2026-08-02 07:24:35] pushed
[2026-08-02 07:37:59] committed 1046 files  2020:+251 
[2026-08-02 07:39:50] pushed
[2026-08-02 07:55:42] committed 5410 files  2019:+422 
[2026-08-02 08:03:19] pushed
[2026-08-02 08:14:57] committed 1075 files  2019:+1075 
[2026-08-02 08:15:57] pushed
[2026-08-02 08:26:58] committed 586 files  2019:+586 
[2026-08-02 08:27:36] pushed
[2026-08-02 08:38:35] committed 542 files  2019:+542 
[2026-08-02 08:38:59] pushed
[2026-08-02 08:49:59] committed 515 files  2019:+515 
[2026-08-02 08:50:24] pushed
[2026-08-02 09:01:24] committed 527 files  2019:+527 
[2026-08-02 09:01:53] pushed
[2026-08-02 09:13:09] committed 531 files  2019:+531 
[2026-08-02 09:13:39] pushed
[2026-08-02 09:24:55] committed 543 files  2019:+543 
[2026-08-02 09:25:24] pushed
[2026-08-02 09:36:27] committed 549 files  2019:+549 
[2026-08-02 09:37:03] pushed
[2026-08-02 09:48:06] committed 536 files  2019:+536 
[2026-08-02 09:48:28] pushed
[2026-08-02 10:01:41] committed 214 files  2019:+214 
[2026-08-02 10:01:56] pushed
[2026-08-02 10:18:14] committed 6040 files  
[2026-08-02 10:24:19] pushed
[2026-08-02 10:35:31] committed 1042 files  2018:+1042 
[2026-08-02 10:36:08] pushed
[2026-08-02 10:47:41] committed 550 files  2018:+550 
[2026-08-02 10:48:04] pushed
[2026-08-02 10:59:19] committed 560 files  2018:+560 
[2026-08-02 10:59:41] pushed
[2026-08-02 11:11:24] committed 529 files  2018:+529 
[2026-08-02 11:11:48] pushed
[2026-08-02 11:23:05] committed 560 files  2018:+560 
[2026-08-02 11:23:24] pushed
[2026-08-02 11:34:38] committed 543 files  2018:+543 
[2026-08-02 11:35:02] pushed
[2026-08-02 11:46:35] committed 541 files  2018:+541 
[2026-08-02 11:46:56] PUSH FAILED (commit is safe locally; next pass retries)
[2026-08-02 11:58:26] committed 538 files  2018:+538 
[2026-08-02 11:59:00] pushed
[2026-08-02 12:10:26] committed 555 files  2018:+555 
[2026-08-02 12:10:47] pushed
[2026-08-02 12:21:58] committed 524 files  2018:+524 
[2026-08-02 12:22:18] pushed
[2026-08-02 12:42:16] committed 5986 files  2018:+60 
[2026-08-02 13:09:48] pushed
[2026-08-02 13:21:26] committed 1811 files  2017:+1735 
[2026-08-02 13:26:23] pushed
[2026-08-02 13:37:48] committed 740 files  2017:+740 
[2026-08-02 13:38:39] pushed
