[2026-08-11 19:48:28] autocommit: league=mbb interval=600s push=1 settle=1min
[2026-08-11 19:48:28] watch: tail -f /c/Users/saiem/Documents/GitHub-Data/sdv-dev/hoopR-dev/ncaa-mbb-hoops-raw/logs/autocommit_20260811_194828.log
[2026-08-11 19:52:17] nothing settled to commit
[2026-08-11 20:06:00] committed 24 files  2017:+24 
[2026-08-11 20:06:06] pushed
[2026-08-11 20:19:45] committed 25 files  2017:+25 
[2026-08-11 20:19:51] pushed
[2026-08-11 20:33:30] committed 24 files  2017:+24 
[2026-08-11 20:33:35] pushed
[2026-08-11 20:47:26] committed 25 files  2017:+25 
[2026-08-11 20:47:30] pushed
[2026-08-11 21:01:14] committed 125 files  2016:+15 2017:+6 
[2026-08-11 21:02:09] pushed
[2026-08-11 21:15:55] committed 40 files  2016:+40 
[2026-08-11 21:16:00] pushed
[2026-08-11 21:30:01] committed 178 files  2016:+178 
[2026-08-11 21:30:12] pushed
[2026-08-11 21:44:24] committed 387 files  2013:+138 2016:+8 
[2026-08-11 21:45:28] pushed
[2026-08-11 21:59:26] committed 385 files  2012:+155 2013:+46 
[2026-08-11 22:00:32] pushed
