[2026-08-19 12:59:11] autocommit: league=mbb interval=600s push=1 settle=2min
[2026-08-19 12:59:11] watch: tail -f /c/Users/saiem/Documents/GitHub-Data/sdv-dev/hoopR-dev/ncaa-mbb-hoops-raw/logs/autocommit_20260819_125911.log
[2026-08-19 13:05:52] committed 66 files  
To https://github.com/sportsdataverse/ncaa-mbb-hoops-raw.git
 ! [rejected]            main -> main (fetch first)
error: failed to push some refs to 'https://github.com/sportsdataverse/ncaa-mbb-hoops-raw.git'
hint: Updates were rejected because the remote contains work that you do not
hint: have locally. This is usually caused by another repository pushing to
hint: the same ref. If you want to integrate the remote changes, use
hint: 'git pull' before pushing again.
hint: See the 'Note about fast-forwards' in 'git push --help' for details.
[2026-08-19 13:05:53] PUSH FAILED (commit is safe locally; next pass retries)
fatal: Unable to create 'C:/Users/saiem/Documents/GitHub-Data/sdv-dev/hoopR-dev/ncaa-mbb-hoops-raw/.git/index.lock': File exists.

Another git process seems to be running in this repository, or the lock file may be stale
fatal: Unable to create 'C:/Users/saiem/Documents/GitHub-Data/sdv-dev/hoopR-dev/ncaa-mbb-hoops-raw/.git/index.lock': File exists.

Another git process seems to be running in this repository, or the lock file may be stale
fatal: Unable to create 'C:/Users/saiem/Documents/GitHub-Data/sdv-dev/hoopR-dev/ncaa-mbb-hoops-raw/.git/index.lock': File exists.

Another git process seems to be running in this repository, or the lock file may be stale
fatal: Unable to create 'C:/Users/saiem/Documents/GitHub-Data/sdv-dev/hoopR-dev/ncaa-mbb-hoops-raw/.git/index.lock': File exists.

Another git process seems to be running in this repository, or the lock file may be stale
fatal: Unable to create 'C:/Users/saiem/Documents/GitHub-Data/sdv-dev/hoopR-dev/ncaa-mbb-hoops-raw/.git/index.lock': File exists.

Another git process seems to be running in this repository, or the lock file may be stale
