[2026-08-01 00:40:40] campaign: seasons 2025..2010 (desc), vendor=decodo_patchright, chunk=1400, workers=1
[2026-08-01 00:40:40] log -> logs/backfill_range_20260801_004040.log   (watch: tail -f logs/backfill_range_20260801_004040.log)
[2026-08-01 00:40:40] === season 2025 ===
[00:40:41] NCAA MBB backfill: season=2025 workers=1
[00:40:41] watch this run:  tail -f /c/Users/saiem/Documents/GitHub-Data/sdv-dev/hoopR-dev/ncaa-mbb-hoops-raw/logs/backfill_2025_20260801_004040.log
[00:40:41] === discover 2025 (season not in schedule_master yet) ===
proxy creds loaded from /c/Users/saiem/.Renviron (values hidden)
log -> logs/discover_20260801_004041.log  (watch: tail -f logs/discover_20260801_004041.log)
2026-08-01 00:40:43,428 INFO vendor decodo_patchright: 1 prox(y/ies), sticky session re-minted -> session-cap1785559243
2026-08-01 00:42:04,704 ERROR NCAA discovery hard-stopped on team_id=590510 (ban-suspect / fetch failure)
Traceback (most recent call last):
  File "C:\Users\saiem\Documents\GitHub-Data\sdv-dev\hoopR-dev\ncaa-mbb-hoops-raw\python\ncaa_discover.py", line 234, in <module>
    _main()
    ~~~~~^^
  File "C:\Users\saiem\Documents\GitHub-Data\sdv-dev\hoopR-dev\ncaa-mbb-hoops-raw\python\ncaa_discover.py", line 229, in _main
    result = discover_season(args.season, league="mbb", root=args.root)
  File "C:\Users\saiem\Documents\GitHub-Data\sdv-dev\hoopR-dev\ncaa-mbb-hoops-raw\python\ncaa_discover.py", line 163, in discover_season
    contest_ids.update(_team_contest_ids(team_id, fn, league))
                       ~~~~~~~~~~~~~~~~~^^^^^^^^^^^^^^^^^^^^^
  File "C:\Users\saiem\Documents\GitHub-Data\sdv-dev\hoopR-dev\ncaa-mbb-hoops-raw\python\ncaa_discover.py", line 67, in _team_contest_ids
    html = fetch_fn(team_id)
  File "C:\Users\saiem\Documents\GitHub-Data\sdv-dev\hoopR-dev\ncaa-mbb-hoops-raw\python\ncaa_discover.py", line 58, in <lambda>
    return lambda team_id: fetcher.fetch_html(f"teams/{team_id}")
                           ~~~~~~~~~~~~~~~~~~^^^^^^^^^^^^^^^^^^^^
  File "C:\Users\saiem\Documents\GitHub-Data\sdv-dev\sdv-py\sportsdataverse\mbb\mbb_ncaa_fetch.py", line 978, in fetch_html
    text = self._get_with_rotation(url)
  File "C:\Users\saiem\Documents\GitHub-Data\sdv-dev\sdv-py\sportsdataverse\mbb\mbb_ncaa_fetch.py", line 926, in _get_with_rotation
    raise RuntimeError(f"NCAA fetch failed after rotating proxies: {url}: {last_err}")
RuntimeError: NCAA fetch failed after rotating proxies: https://stats.ncaa.org/teams/590510: patchright: bm-verify not passed after 3 attempts (384-byte body)
EXIT=1
[00:42:05] discover FAILED -- stopping (fix creds/network, then re-run)
[2026-08-01 00:42:05] season 2025: no schedule_master rows after discover (round 1) -- cooling 1800s then retrying discover
