pending=5775 shard=8/24 assigned=241
transport: canary vendor 'decodo_patchright'
2026-08-04 18:45:15,943 INFO vendor decodo_patchright: 50 prox(y/ies), sticky session re-minted -> session-cap1785883515w8
pending=5775 shard=2/24 assigned=241
transport: canary vendor 'decodo_patchright'
2026-08-04 18:45:15,941 INFO vendor decodo_patchright: 50 prox(y/ies), sticky session re-minted -> session-cap1785883515w2
captured=0 skipped=241 failed=0
pending=5775 shard=0/24 assigned=241
transport: canary vendor 'decodo_patchright'
2026-08-04 18:45:16,171 INFO vendor decodo_patchright: 50 prox(y/ies), sticky session re-minted -> session-cap1785883516w0
captured=0 skipped=241 failed=0
pending=5775 shard=4/24 assigned=241
transport: canary vendor 'decodo_patchright'
2026-08-04 18:45:16,238 INFO vendor decodo_patchright: 50 prox(y/ies), sticky session re-minted -> session-cap1785883516w4
captured=0 skipped=241 failed=0
EXIT=0
pending=5775 shard=5/24 assigned=241
transport: canary vendor 'decodo_patchright'
2026-08-04 18:45:17,084 INFO vendor decodo_patchright: 50 prox(y/ies), sticky session re-minted -> session-cap1785883517w5
captured=0 skipped=241 failed=0
pending=5775 shard=7/24 assigned=241
transport: canary vendor 'decodo_patchright'
pending=5775 shard=1/24 assigned=241
transport: canary vendor 'decodo_patchright'
2026-08-04 18:45:17,284 INFO vendor decodo_patchright: 50 prox(y/ies), sticky session re-minted -> session-cap1785883517w1
pending=5775 shard=3/24 assigned=241
transport: canary vendor 'decodo_patchright'
2026-08-04 18:45:17,262 INFO vendor decodo_patchright: 50 prox(y/ies), sticky session re-minted -> session-cap1785883517w7
2026-08-04 18:45:17,292 INFO vendor decodo_patchright: 50 prox(y/ies), sticky session re-minted -> session-cap1785883517w3
captured=0 skipped=241 failed=0
pending=5775 shard=13/24 assigned=241
transport: canary vendor 'decodo_patchright'
2026-08-04 18:45:17,350 INFO vendor decodo_patchright: 50 prox(y/ies), sticky session re-minted -> session-cap1785883517w13
captured=0 skipped=241 failed=0
pending=5775 shard=20/24 assigned=240
transport: canary vendor 'decodo_patchright'
2026-08-04 18:45:18,197 INFO vendor decodo_patchright: 50 prox(y/ies), sticky session re-minted -> session-cap1785883518w20
pending=5775 shard=6/24 assigned=241
transport: canary vendor 'decodo_patchright'
2026-08-04 18:45:18,200 INFO vendor decodo_patchright: 50 prox(y/ies), sticky session re-minted -> session-cap1785883518w6
captured=0 skipped=240 failed=0
captured=0 skipped=241 failed=0
pending=5775 shard=23/24 assigned=240
transport: canary vendor 'decodo_patchright'
pending=5775 shard=21/24 assigned=240
transport: canary vendor 'decodo_patchright'
2026-08-04 18:45:18,262 INFO vendor decodo_patchright: 50 prox(y/ies), sticky session re-minted -> session-cap1785883518w21
2026-08-04 18:45:18,261 INFO vendor decodo_patchright: 50 prox(y/ies), sticky session re-minted -> session-cap1785883518w23
EXIT=0
captured=0 skipped=240 failed=0
captured=0 skipped=240 failed=0
pending=5775 shard=19/24 assigned=240
transport: canary vendor 'decodo_patchright'
2026-08-04 18:45:18,317 INFO vendor decodo_patchright: 50 prox(y/ies), sticky session re-minted -> session-cap1785883518w19
captured=0 skipped=240 failed=0
EXIT=0
pending=5775 shard=17/24 assigned=240
transport: canary vendor 'decodo_patchright'
2026-08-04 18:45:18,353 INFO vendor decodo_patchright: 50 prox(y/ies), sticky session re-minted -> session-cap1785883518w17
captured=0 skipped=240 failed=0
EXIT=0
pending=5775 shard=14/24 assigned=241
transport: canary vendor 'decodo_patchright'
2026-08-04 18:45:18,414 INFO vendor decodo_patchright: 50 prox(y/ies), sticky session re-minted -> session-cap1785883518w14
captured=0 skipped=241 failed=0
pending=5775 shard=11/24 assigned=241
transport: canary vendor 'decodo_patchright'
2026-08-04 18:45:18,435 INFO vendor decodo_patchright: 50 prox(y/ies), sticky session re-minted -> session-cap1785883518w11
pending=5775 shard=16/24 assigned=240
transport: canary vendor 'decodo_patchright'
pending=5775 shard=22/24 assigned=240
transport: canary vendor 'decodo_patchright'
2026-08-04 18:45:18,476 INFO vendor decodo_patchright: 50 prox(y/ies), sticky session re-minted -> session-cap1785883518w22
pending=5775 shard=9/24 assigned=241
transport: canary vendor 'decodo_patchright'
2026-08-04 18:45:18,477 INFO vendor decodo_patchright: 50 prox(y/ies), sticky session re-minted -> session-cap1785883518w16
2026-08-04 18:45:18,487 INFO vendor decodo_patchright: 50 prox(y/ies), sticky session re-minted -> session-cap1785883518w9
captured=0 skipped=240 failed=0
captured=0 skipped=240 failed=0
captured=0 skipped=241 failed=0
EXIT=0
EXIT=0
pending=5775 shard=12/24 assigned=241
transport: canary vendor 'decodo_patchright'
2026-08-04 18:45:18,691 INFO vendor decodo_patchright: 50 prox(y/ies), sticky session re-minted -> session-cap1785883518w12
captured=0 skipped=241 failed=0
pending=5775 shard=10/24 assigned=241
transport: canary vendor 'decodo_patchright'
pending=5775 shard=18/24 assigned=240
transport: canary vendor 'decodo_patchright'
pending=5775 shard=15/24 assigned=240
transport: canary vendor 'decodo_patchright'
2026-08-04 18:45:18,852 INFO vendor decodo_patchright: 50 prox(y/ies), sticky session re-minted -> session-cap1785883518w18
2026-08-04 18:45:18,881 INFO vendor decodo_patchright: 50 prox(y/ies), sticky session re-minted -> session-cap1785883518w10
captured=0 skipped=241 failed=0
2026-08-04 18:45:18,952 INFO vendor decodo_patchright: 50 prox(y/ies), sticky session re-minted -> session-cap1785883518w15
captured=0 skipped=240 failed=0
EXIT=0
EXIT=0
EXIT=0
EXIT=0
EXIT=0
EXIT=0
EXIT=0
EXIT=0
EXIT=0
EXIT=0
EXIT=0
EXIT=0
EXIT=0
2026-08-04 18:45:52,248 WARNING challenge not cleared for contest_id=825520 -- bundle not written
captured=0 skipped=240 failed=1
EXIT=0
2026-08-04 18:45:52,957 WARNING challenge not cleared for contest_id=824724 -- bundle not written
captured=0 skipped=239 failed=1
2026-08-04 18:45:53,400 WARNING challenge not cleared for contest_id=831283 -- bundle not written
EXIT=0
captured=0 skipped=240 failed=1
EXIT=0
2026-08-04 18:45:54,918 WARNING challenge not cleared for contest_id=826397 -- bundle not written
captured=0 skipped=240 failed=1
EXIT=0
2026-08-04 19:13:22,488 ERROR BAN-SUSPECT: hard-stopping capture at contest_id=825478: NCAA fetch failed after rotating proxies: https://stats.ncaa.org/contests/825478/play_by_play: patchright: bm-verify not passed after 3 attempts (643-byte body)
BAN-SUSPECT: capture halted at contest_id=825478: NCAA fetch failed after rotating proxies: https://stats.ncaa.org/contests/825478/play_by_play: patchright: bm-verify not passed after 3 attempts (643-byte body)
EXIT=1
