pending=5775 shard=11/24 assigned=241
transport: canary vendor 'decodo_patchright'
2026-08-04 16:48:31,845 INFO vendor decodo_patchright: 50 prox(y/ies), sticky session re-minted -> session-cap1785876511w11
pending=5775 shard=15/24 assigned=240
transport: canary vendor 'decodo_patchright'
2026-08-04 16:48:32,005 INFO vendor decodo_patchright: 50 prox(y/ies), sticky session re-minted -> session-cap1785876512w15
captured=0 skipped=240 failed=0
pending=5775 shard=20/24 assigned=240
transport: canary vendor 'decodo_patchright'
2026-08-04 16:48:32,882 INFO vendor decodo_patchright: 50 prox(y/ies), sticky session re-minted -> session-cap1785876512w20
pending=5775 shard=19/24 assigned=240
transport: canary vendor 'decodo_patchright'
2026-08-04 16:48:32,906 INFO vendor decodo_patchright: 50 prox(y/ies), sticky session re-minted -> session-cap1785876512w19
captured=0 skipped=240 failed=0
captured=0 skipped=240 failed=0
pending=5775 shard=21/24 assigned=240
transport: canary vendor 'decodo_patchright'
EXIT=0
2026-08-04 16:48:33,066 INFO vendor decodo_patchright: 50 prox(y/ies), sticky session re-minted -> session-cap1785876513w21
captured=0 skipped=240 failed=0
pending=5775 shard=17/24 assigned=240
transport: canary vendor 'decodo_patchright'
pending=5775 shard=13/24 assigned=241
transport: canary vendor 'decodo_patchright'
2026-08-04 16:48:33,341 INFO vendor decodo_patchright: 50 prox(y/ies), sticky session re-minted -> session-cap1785876513w13
2026-08-04 16:48:33,344 INFO vendor decodo_patchright: 50 prox(y/ies), sticky session re-minted -> session-cap1785876513w17
pending=5775 shard=22/24 assigned=240
transport: canary vendor 'decodo_patchright'
captured=0 skipped=241 failed=0
2026-08-04 16:48:33,361 INFO vendor decodo_patchright: 50 prox(y/ies), sticky session re-minted -> session-cap1785876513w22
captured=0 skipped=240 failed=0
pending=5775 shard=18/24 assigned=240
transport: canary vendor 'decodo_patchright'
captured=0 skipped=240 failed=0
2026-08-04 16:48:33,380 INFO vendor decodo_patchright: 50 prox(y/ies), sticky session re-minted -> session-cap1785876513w18
pending=5775 shard=14/24 assigned=241
transport: canary vendor 'decodo_patchright'
pending=5775 shard=23/24 assigned=240
transport: canary vendor 'decodo_patchright'
2026-08-04 16:48:33,436 INFO vendor decodo_patchright: 50 prox(y/ies), sticky session re-minted -> session-cap1785876513w14
2026-08-04 16:48:33,463 INFO vendor decodo_patchright: 50 prox(y/ies), sticky session re-minted -> session-cap1785876513w23
captured=0 skipped=241 failed=0
captured=0 skipped=240 failed=0
EXIT=0
EXIT=0
EXIT=0
EXIT=0
EXIT=0
EXIT=0
EXIT=0
EXIT=0
2026-08-04 16:49:09,194 WARNING challenge not cleared for contest_id=824724 -- bundle not written
captured=0 skipped=239 failed=1
EXIT=0
2026-08-04 17:16:24,609 ERROR BAN-SUSPECT: hard-stopping capture at contest_id=825478: NCAA fetch failed after rotating proxies: https://stats.ncaa.org/contests/825478/play_by_play: patchright: bm-verify not passed after 3 attempts (643-byte body)
BAN-SUSPECT: capture halted at contest_id=825478: NCAA fetch failed after rotating proxies: https://stats.ncaa.org/contests/825478/play_by_play: patchright: bm-verify not passed after 3 attempts (643-byte body)
EXIT=1
