pending=5947 shard=16/23 assigned=258
transport: canary vendor 'decodo_patchright'
pending=5947 shard=20/23 assigned=258
transport: canary vendor 'decodo_patchright'
2026-08-11 21:34:29,269 INFO vendor decodo_patchright: 50 prox(y/ies), sticky session re-minted -> session-cap1786498469w20
2026-08-11 21:34:29,257 INFO vendor decodo_patchright: 50 prox(y/ies), sticky session re-minted -> session-cap1786498469w16
captured=0 skipped=258 failed=0
pending=5947 shard=12/23 assigned=259
transport: canary vendor 'decodo_patchright'
2026-08-11 21:34:29,280 INFO vendor decodo_patchright: 50 prox(y/ies), sticky session re-minted -> session-cap1786498469w12
pending=5947 shard=17/23 assigned=258
transport: canary vendor 'decodo_patchright'
2026-08-11 21:34:29,286 INFO vendor decodo_patchright: 50 prox(y/ies), sticky session re-minted -> session-cap1786498469w17
pending=5947 shard=21/23 assigned=258
transport: canary vendor 'decodo_patchright'
2026-08-11 21:34:29,280 INFO vendor decodo_patchright: 50 prox(y/ies), sticky session re-minted -> session-cap1786498469w21
captured=0 skipped=258 failed=0
captured=0 skipped=259 failed=0
captured=0 skipped=258 failed=0
captured=0 skipped=258 failed=0
pending=5947 shard=22/23 assigned=258
transport: canary vendor 'decodo_patchright'
pending=5947 shard=15/23 assigned=258
transport: canary vendor 'decodo_patchright'
2026-08-11 21:34:29,331 INFO vendor decodo_patchright: 50 prox(y/ies), sticky session re-minted -> session-cap1786498469w15
pending=5947 shard=14/23 assigned=258
transport: canary vendor 'decodo_patchright'
2026-08-11 21:34:29,333 INFO vendor decodo_patchright: 50 prox(y/ies), sticky session re-minted -> session-cap1786498469w14
pending=5947 shard=11/23 assigned=259
transport: canary vendor 'decodo_patchright'
2026-08-11 21:34:29,321 INFO vendor decodo_patchright: 50 prox(y/ies), sticky session re-minted -> session-cap1786498469w22
captured=0 skipped=258 failed=0
captured=0 skipped=258 failed=0
captured=0 skipped=258 failed=0
2026-08-11 21:34:29,344 INFO vendor decodo_patchright: 50 prox(y/ies), sticky session re-minted -> session-cap1786498469w11
captured=0 skipped=259 failed=0
pending=5947 shard=18/23 assigned=258
transport: canary vendor 'decodo_patchright'
pending=5947 shard=19/23 assigned=258
transport: canary vendor 'decodo_patchright'
2026-08-11 21:34:29,396 INFO vendor decodo_patchright: 50 prox(y/ies), sticky session re-minted -> session-cap1786498469w18
captured=0 skipped=258 failed=0
2026-08-11 21:34:29,403 INFO vendor decodo_patchright: 50 prox(y/ies), sticky session re-minted -> session-cap1786498469w19
captured=0 skipped=258 failed=0
EXIT=0
EXIT=0
EXIT=0
EXIT=0
EXIT=0
EXIT=0
EXIT=0
EXIT=0
EXIT=0
EXIT=0
EXIT=0
