pending=5950 shard=15/24 assigned=248
transport: canary vendor 'decodo_patchright'
pending=5950 shard=17/24 assigned=248
transport: canary vendor 'decodo_patchright'
2026-08-03 07:28:47,330 INFO vendor decodo_patchright: 50 prox(y/ies), sticky session re-minted -> session-cap1785756527w15
2026-08-03 07:28:47,328 INFO vendor decodo_patchright: 50 prox(y/ies), sticky session re-minted -> session-cap1785756527w17
captured=0 skipped=248 failed=0
captured=0 skipped=248 failed=0
pending=5950 shard=18/24 assigned=248
transport: canary vendor 'decodo_patchright'
pending=5950 shard=16/24 assigned=248
transport: canary vendor 'decodo_patchright'
2026-08-03 07:28:47,376 INFO vendor decodo_patchright: 50 prox(y/ies), sticky session re-minted -> session-cap1785756527w18
2026-08-03 07:28:47,387 INFO vendor decodo_patchright: 50 prox(y/ies), sticky session re-minted -> session-cap1785756527w16
pending=5950 shard=13/24 assigned=248
transport: canary vendor 'decodo_patchright'
captured=0 skipped=248 failed=0
pending=5950 shard=22/24 assigned=247
transport: canary vendor 'decodo_patchright'
2026-08-03 07:28:47,406 INFO vendor decodo_patchright: 50 prox(y/ies), sticky session re-minted -> session-cap1785756527w13
2026-08-03 07:28:47,426 INFO vendor decodo_patchright: 50 prox(y/ies), sticky session re-minted -> session-cap1785756527w22
captured=0 skipped=248 failed=0
pending=5950 shard=21/24 assigned=248
transport: canary vendor 'decodo_patchright'
2026-08-03 07:28:47,502 INFO vendor decodo_patchright: 50 prox(y/ies), sticky session re-minted -> session-cap1785756527w21
captured=0 skipped=248 failed=0
pending=5950 shard=23/24 assigned=247
transport: canary vendor 'decodo_patchright'
2026-08-03 07:28:47,554 INFO vendor decodo_patchright: 50 prox(y/ies), sticky session re-minted -> session-cap1785756527w23
captured=0 skipped=247 failed=0
pending=5950 shard=14/24 assigned=248
transport: canary vendor 'decodo_patchright'
2026-08-03 07:28:47,676 INFO vendor decodo_patchright: 50 prox(y/ies), sticky session re-minted -> session-cap1785756527w14
pending=5950 shard=20/24 assigned=248
transport: canary vendor 'decodo_patchright'
captured=0 skipped=248 failed=0
pending=5950 shard=19/24 assigned=248
transport: canary vendor 'decodo_patchright'
2026-08-03 07:28:47,808 INFO vendor decodo_patchright: 50 prox(y/ies), sticky session re-minted -> session-cap1785756527w19
2026-08-03 07:28:47,809 INFO vendor decodo_patchright: 50 prox(y/ies), sticky session re-minted -> session-cap1785756527w20
captured=0 skipped=248 failed=0
captured=0 skipped=248 failed=0
EXIT=0
EXIT=0
EXIT=0
EXIT=0
EXIT=0
EXIT=0
EXIT=0
EXIT=0
EXIT=0
2026-08-03 07:58:16,397 ERROR BAN-SUSPECT: hard-stopping capture at contest_id=255058: NCAA fetch failed after rotating proxies: https://stats.ncaa.org/contests/255058/play_by_play: patchright: bm-verify not passed after 3 attempts (643-byte body)
BAN-SUSPECT: capture halted at contest_id=255058: NCAA fetch failed after rotating proxies: https://stats.ncaa.org/contests/255058/play_by_play: patchright: bm-verify not passed after 3 attempts (643-byte body)
EXIT=1
2026-08-03 07:59:25,270 ERROR BAN-SUSPECT: hard-stopping capture at contest_id=241423: NCAA fetch failed after rotating proxies: https://stats.ncaa.org/contests/241423/play_by_play: patchright: bm-verify not passed after 3 attempts (643-byte body)
BAN-SUSPECT: capture halted at contest_id=241423: NCAA fetch failed after rotating proxies: https://stats.ncaa.org/contests/241423/play_by_play: patchright: bm-verify not passed after 3 attempts (643-byte body)
EXIT=1
