pending=5972 shard=11/24 assigned=249
transport: canary vendor 'decodo_patchright'
2026-08-02 20:43:41,382 INFO vendor decodo_patchright: 50 prox(y/ies), sticky session re-minted -> session-cap1785717821w11
pending=5972 shard=15/24 assigned=249
transport: canary vendor 'decodo_patchright'
pending=5972 shard=21/24 assigned=248
transport: canary vendor 'decodo_patchright'
2026-08-02 20:43:41,447 INFO vendor decodo_patchright: 50 prox(y/ies), sticky session re-minted -> session-cap1785717821w21
pending=5972 shard=4/24 assigned=249
transport: canary vendor 'decodo_patchright'
2026-08-02 20:43:41,437 INFO vendor decodo_patchright: 50 prox(y/ies), sticky session re-minted -> session-cap1785717821w4
pending=5972 shard=5/24 assigned=249
transport: canary vendor 'decodo_patchright'
2026-08-02 20:43:41,439 INFO vendor decodo_patchright: 50 prox(y/ies), sticky session re-minted -> session-cap1785717821w15
pending=5972 shard=2/24 assigned=249
transport: canary vendor 'decodo_patchright'
2026-08-02 20:43:41,436 INFO vendor decodo_patchright: 50 prox(y/ies), sticky session re-minted -> session-cap1785717821w2
pending=5972 shard=14/24 assigned=249
transport: canary vendor 'decodo_patchright'
pending=5972 shard=1/24 assigned=249
transport: canary vendor 'decodo_patchright'
2026-08-02 20:43:41,447 INFO vendor decodo_patchright: 50 prox(y/ies), sticky session re-minted -> session-cap1785717821w1
captured=0 skipped=249 failed=0
2026-08-02 20:43:41,478 INFO vendor decodo_patchright: 50 prox(y/ies), sticky session re-minted -> session-cap1785717821w14
pending=5972 shard=6/24 assigned=249
transport: canary vendor 'decodo_patchright'
2026-08-02 20:43:41,458 INFO vendor decodo_patchright: 50 prox(y/ies), sticky session re-minted -> session-cap1785717821w6
captured=0 skipped=249 failed=0
captured=0 skipped=249 failed=0
captured=0 skipped=249 failed=0
captured=0 skipped=249 failed=0
captured=0 skipped=248 failed=0
captured=0 skipped=249 failed=0
pending=5972 shard=0/24 assigned=249
transport: canary vendor 'decodo_patchright'
pending=5972 shard=12/24 assigned=249
transport: canary vendor 'decodo_patchright'
pending=5972 shard=9/24 assigned=249
transport: canary vendor 'decodo_patchright'
2026-08-02 20:43:41,667 INFO vendor decodo_patchright: 50 prox(y/ies), sticky session re-minted -> session-cap1785717821w9
pending=5972 shard=7/24 assigned=249
transport: canary vendor 'decodo_patchright'
2026-08-02 20:43:41,667 INFO vendor decodo_patchright: 50 prox(y/ies), sticky session re-minted -> session-cap1785717821w7
captured=0 skipped=249 failed=0
captured=0 skipped=249 failed=0
2026-08-02 20:43:41,753 INFO vendor decodo_patchright: 50 prox(y/ies), sticky session re-minted -> session-cap1785717821w5
2026-08-02 20:43:41,763 INFO vendor decodo_patchright: 50 prox(y/ies), sticky session re-minted -> session-cap1785717821w0
2026-08-02 20:43:41,771 INFO vendor decodo_patchright: 50 prox(y/ies), sticky session re-minted -> session-cap1785717821w12
captured=0 skipped=249 failed=0
captured=0 skipped=249 failed=0
pending=5972 shard=16/24 assigned=249
transport: canary vendor 'decodo_patchright'
pending=5972 shard=8/24 assigned=249
transport: canary vendor 'decodo_patchright'
2026-08-02 20:43:41,868 INFO vendor decodo_patchright: 50 prox(y/ies), sticky session re-minted -> session-cap1785717821w16
pending=5972 shard=17/24 assigned=249
transport: canary vendor 'decodo_patchright'
2026-08-02 20:43:41,880 INFO vendor decodo_patchright: 50 prox(y/ies), sticky session re-minted -> session-cap1785717821w17
captured=0 skipped=249 failed=0
2026-08-02 20:43:41,936 INFO vendor decodo_patchright: 50 prox(y/ies), sticky session re-minted -> session-cap1785717821w8
captured=0 skipped=249 failed=0
captured=0 skipped=249 failed=0
pending=5972 shard=19/24 assigned=249
transport: canary vendor 'decodo_patchright'
2026-08-02 20:43:42,135 INFO vendor decodo_patchright: 50 prox(y/ies), sticky session re-minted -> session-cap1785717822w19
pending=5972 shard=18/24 assigned=249
transport: canary vendor 'decodo_patchright'
2026-08-02 20:43:42,160 INFO vendor decodo_patchright: 50 prox(y/ies), sticky session re-minted -> session-cap1785717822w18
pending=5972 shard=13/24 assigned=249
transport: canary vendor 'decodo_patchright'
captured=0 skipped=249 failed=0
2026-08-02 20:43:42,185 INFO vendor decodo_patchright: 50 prox(y/ies), sticky session re-minted -> session-cap1785717822w13
captured=0 skipped=249 failed=0
pending=5972 shard=23/24 assigned=248
transport: canary vendor 'decodo_patchright'
pending=5972 shard=10/24 assigned=249
transport: canary vendor 'decodo_patchright'
2026-08-02 20:43:42,212 INFO vendor decodo_patchright: 50 prox(y/ies), sticky session re-minted -> session-cap1785717822w10
captured=0 skipped=249 failed=0
pending=5972 shard=3/24 assigned=249
transport: canary vendor 'decodo_patchright'
captured=0 skipped=249 failed=0
2026-08-02 20:43:42,248 INFO vendor decodo_patchright: 50 prox(y/ies), sticky session re-minted -> session-cap1785717822w3
captured=0 skipped=249 failed=0
2026-08-02 20:43:42,280 INFO vendor decodo_patchright: 50 prox(y/ies), sticky session re-minted -> session-cap1785717822w23
captured=0 skipped=248 failed=0
pending=5972 shard=22/24 assigned=248
transport: canary vendor 'decodo_patchright'
2026-08-02 20:43:42,352 INFO vendor decodo_patchright: 50 prox(y/ies), sticky session re-minted -> session-cap1785717822w22
EXIT=0
EXIT=0
pending=5972 shard=20/24 assigned=248
transport: canary vendor 'decodo_patchright'
captured=0 skipped=248 failed=0
2026-08-02 20:43:42,395 INFO vendor decodo_patchright: 50 prox(y/ies), sticky session re-minted -> session-cap1785717822w20
EXIT=0
captured=0 skipped=248 failed=0
EXIT=0
EXIT=0
EXIT=0
EXIT=0
EXIT=0
EXIT=0
EXIT=0
EXIT=0
EXIT=0
EXIT=0
EXIT=0
EXIT=0
EXIT=0
EXIT=0
EXIT=0
EXIT=0
EXIT=0
EXIT=0
EXIT=0
2026-08-02 20:44:15,420 WARNING challenge not cleared for contest_id=191814 -- bundle not written
captured=0 skipped=248 failed=1
EXIT=0
2026-08-02 21:11:14,498 ERROR BAN-SUSPECT: hard-stopping capture at contest_id=186306: NCAA fetch failed after rotating proxies: https://stats.ncaa.org/contests/186306/play_by_play: patchright: bm-verify not passed after 3 attempts (643-byte body)
BAN-SUSPECT: capture halted at contest_id=186306: NCAA fetch failed after rotating proxies: https://stats.ncaa.org/contests/186306/play_by_play: patchright: bm-verify not passed after 3 attempts (643-byte body)
EXIT=1
