pending=5972 shard=5/24 assigned=249
transport: canary vendor 'decodo_patchright'
2026-08-02 19:40:06,029 INFO vendor decodo_patchright: 50 prox(y/ies), sticky session re-minted -> session-cap1785714006w5
pending=5972 shard=3/24 assigned=249
transport: canary vendor 'decodo_patchright'
2026-08-02 19:40:06,809 INFO vendor decodo_patchright: 50 prox(y/ies), sticky session re-minted -> session-cap1785714006w3
captured=0 skipped=249 failed=0
pending=5972 shard=15/24 assigned=249
transport: canary vendor 'decodo_patchright'
2026-08-02 19:40:07,947 INFO vendor decodo_patchright: 50 prox(y/ies), sticky session re-minted -> session-cap1785714007w15
pending=5972 shard=9/24 assigned=249
transport: canary vendor 'decodo_patchright'
2026-08-02 19:40:08,028 INFO vendor decodo_patchright: 50 prox(y/ies), sticky session re-minted -> session-cap1785714008w9
captured=0 skipped=249 failed=0
pending=5972 shard=6/24 assigned=249
transport: canary vendor 'decodo_patchright'
2026-08-02 19:40:08,042 INFO vendor decodo_patchright: 50 prox(y/ies), sticky session re-minted -> session-cap1785714008w6
captured=0 skipped=249 failed=0
pending=5972 shard=16/24 assigned=249
transport: canary vendor 'decodo_patchright'
2026-08-02 19:40:09,187 INFO vendor decodo_patchright: 50 prox(y/ies), sticky session re-minted -> session-cap1785714009w16
pending=5972 shard=0/24 assigned=249
transport: canary vendor 'decodo_patchright'
captured=0 skipped=249 failed=0
EXIT=0
2026-08-02 19:40:09,573 INFO vendor decodo_patchright: 50 prox(y/ies), sticky session re-minted -> session-cap1785714009w0
captured=0 skipped=249 failed=0
EXIT=0
pending=5972 shard=4/24 assigned=249
transport: canary vendor 'decodo_patchright'
pending=5972 shard=14/24 assigned=249
transport: canary vendor 'decodo_patchright'
2026-08-02 19:40:11,515 INFO vendor decodo_patchright: 50 prox(y/ies), sticky session re-minted -> session-cap1785714011w4
EXIT=0
captured=0 skipped=249 failed=0
pending=5972 shard=7/24 assigned=249
transport: canary vendor 'decodo_patchright'
pending=5972 shard=13/24 assigned=249
transport: canary vendor 'decodo_patchright'
2026-08-02 19:40:11,954 INFO vendor decodo_patchright: 50 prox(y/ies), sticky session re-minted -> session-cap1785714011w14
captured=0 skipped=249 failed=0
2026-08-02 19:40:12,012 INFO vendor decodo_patchright: 50 prox(y/ies), sticky session re-minted -> session-cap1785714012w13
captured=0 skipped=249 failed=0
pending=5972 shard=8/24 assigned=249
transport: canary vendor 'decodo_patchright'
2026-08-02 19:40:12,170 INFO vendor decodo_patchright: 50 prox(y/ies), sticky session re-minted -> session-cap1785714012w7
captured=0 skipped=249 failed=0
2026-08-02 19:40:12,189 INFO vendor decodo_patchright: 50 prox(y/ies), sticky session re-minted -> session-cap1785714012w8
captured=0 skipped=249 failed=0
pending=5972 shard=12/24 assigned=249
transport: canary vendor 'decodo_patchright'
2026-08-02 19:40:12,285 INFO vendor decodo_patchright: 50 prox(y/ies), sticky session re-minted -> session-cap1785714012w12
captured=0 skipped=249 failed=0
pending=5972 shard=10/24 assigned=249
transport: canary vendor 'decodo_patchright'
2026-08-02 19:40:12,397 INFO vendor decodo_patchright: 50 prox(y/ies), sticky session re-minted -> session-cap1785714012w10
captured=0 skipped=249 failed=0
pending=5972 shard=1/24 assigned=249
transport: canary vendor 'decodo_patchright'
2026-08-02 19:40:12,399 INFO vendor decodo_patchright: 50 prox(y/ies), sticky session re-minted -> session-cap1785714012w1
captured=0 skipped=249 failed=0
EXIT=0
pending=5972 shard=17/24 assigned=249
transport: canary vendor 'decodo_patchright'
2026-08-02 19:40:13,027 INFO vendor decodo_patchright: 50 prox(y/ies), sticky session re-minted -> session-cap1785714013w17
captured=0 skipped=249 failed=0
EXIT=0
EXIT=0
EXIT=0
EXIT=0
EXIT=0
EXIT=0
EXIT=0
EXIT=0
EXIT=0
EXIT=0
2026-08-02 19:40:42,018 WARNING challenge not cleared for contest_id=191814 -- bundle not written
captured=0 skipped=248 failed=1
EXIT=0
2026-08-02 20:12:07,860 ERROR BAN-SUSPECT: hard-stopping capture at contest_id=186306: NCAA fetch failed after rotating proxies: https://stats.ncaa.org/contests/186306/play_by_play: patchright: bm-verify not passed after 3 attempts (643-byte body)
BAN-SUSPECT: capture halted at contest_id=186306: NCAA fetch failed after rotating proxies: https://stats.ncaa.org/contests/186306/play_by_play: patchright: bm-verify not passed after 3 attempts (643-byte body)
EXIT=1
