pending=5950 shard=2/24 assigned=248
transport: canary vendor 'decodo_patchright'
2026-08-03 06:30:14,540 INFO vendor decodo_patchright: 50 prox(y/ies), sticky session re-minted -> session-cap1785753014w2
captured=0 skipped=248 failed=0
pending=5950 shard=8/24 assigned=248
transport: canary vendor 'decodo_patchright'
2026-08-03 06:30:15,507 INFO vendor decodo_patchright: 50 prox(y/ies), sticky session re-minted -> session-cap1785753015w8
captured=0 skipped=248 failed=0
pending=5950 shard=6/24 assigned=248
transport: canary vendor 'decodo_patchright'
2026-08-03 06:30:15,927 INFO vendor decodo_patchright: 50 prox(y/ies), sticky session re-minted -> session-cap1785753015w6
captured=0 skipped=248 failed=0
pending=5950 shard=22/24 assigned=247
transport: canary vendor 'decodo_patchright'
2026-08-03 06:30:16,496 INFO vendor decodo_patchright: 50 prox(y/ies), sticky session re-minted -> session-cap1785753016w22
pending=5950 shard=20/24 assigned=248
transport: canary vendor 'decodo_patchright'
2026-08-03 06:30:16,732 INFO vendor decodo_patchright: 50 prox(y/ies), sticky session re-minted -> session-cap1785753016w20
captured=0 skipped=248 failed=0
EXIT=0
pending=5950 shard=14/24 assigned=248
transport: canary vendor 'decodo_patchright'
2026-08-03 06:30:16,804 INFO vendor decodo_patchright: 50 prox(y/ies), sticky session re-minted -> session-cap1785753016w14
pending=5950 shard=18/24 assigned=248
transport: canary vendor 'decodo_patchright'
EXIT=0
2026-08-03 06:30:16,808 INFO vendor decodo_patchright: 50 prox(y/ies), sticky session re-minted -> session-cap1785753016w18
captured=0 skipped=248 failed=0
pending=5950 shard=17/24 assigned=248
transport: canary vendor 'decodo_patchright'
pending=5950 shard=7/24 assigned=248
transport: canary vendor 'decodo_patchright'
pending=5950 shard=19/24 assigned=248
transport: canary vendor 'decodo_patchright'
2026-08-03 06:30:16,880 INFO vendor decodo_patchright: 50 prox(y/ies), sticky session re-minted -> session-cap1785753016w7
EXIT=0
captured=0 skipped=248 failed=0
2026-08-03 06:30:16,919 INFO vendor decodo_patchright: 50 prox(y/ies), sticky session re-minted -> session-cap1785753016w17
2026-08-03 06:30:16,933 INFO vendor decodo_patchright: 50 prox(y/ies), sticky session re-minted -> session-cap1785753016w19
pending=5950 shard=12/24 assigned=248
transport: canary vendor 'decodo_patchright'
captured=0 skipped=248 failed=0
captured=0 skipped=248 failed=0
2026-08-03 06:30:16,976 INFO vendor decodo_patchright: 50 prox(y/ies), sticky session re-minted -> session-cap1785753016w12
pending=5950 shard=23/24 assigned=247
transport: canary vendor 'decodo_patchright'
2026-08-03 06:30:16,995 INFO vendor decodo_patchright: 50 prox(y/ies), sticky session re-minted -> session-cap1785753016w23
captured=0 skipped=247 failed=0
captured=0 skipped=248 failed=0
pending=5950 shard=9/24 assigned=248
transport: canary vendor 'decodo_patchright'
2026-08-03 06:30:16,997 INFO vendor decodo_patchright: 50 prox(y/ies), sticky session re-minted -> session-cap1785753016w9
captured=0 skipped=248 failed=0
pending=5950 shard=15/24 assigned=248
transport: canary vendor 'decodo_patchright'
2026-08-03 06:30:17,117 INFO vendor decodo_patchright: 50 prox(y/ies), sticky session re-minted -> session-cap1785753017w15
pending=5950 shard=13/24 assigned=248
transport: canary vendor 'decodo_patchright'
captured=0 skipped=248 failed=0
2026-08-03 06:30:17,137 INFO vendor decodo_patchright: 50 prox(y/ies), sticky session re-minted -> session-cap1785753017w13
captured=0 skipped=248 failed=0
pending=5950 shard=5/24 assigned=248
transport: canary vendor 'decodo_patchright'
pending=5950 shard=11/24 assigned=248
transport: canary vendor 'decodo_patchright'
2026-08-03 06:30:17,245 INFO vendor decodo_patchright: 50 prox(y/ies), sticky session re-minted -> session-cap1785753017w5
captured=0 skipped=248 failed=0
2026-08-03 06:30:17,261 INFO vendor decodo_patchright: 50 prox(y/ies), sticky session re-minted -> session-cap1785753017w11
captured=0 skipped=248 failed=0
pending=5950 shard=16/24 assigned=248
transport: canary vendor 'decodo_patchright'
2026-08-03 06:30:17,309 INFO vendor decodo_patchright: 50 prox(y/ies), sticky session re-minted -> session-cap1785753017w16
captured=0 skipped=248 failed=0
EXIT=0
pending=5950 shard=21/24 assigned=248
transport: canary vendor 'decodo_patchright'
2026-08-03 06:30:17,395 INFO vendor decodo_patchright: 50 prox(y/ies), sticky session re-minted -> session-cap1785753017w21
captured=0 skipped=248 failed=0
EXIT=0
pending=5950 shard=10/24 assigned=248
transport: canary vendor 'decodo_patchright'
2026-08-03 06:30:17,543 INFO vendor decodo_patchright: 50 prox(y/ies), sticky session re-minted -> session-cap1785753017w10
captured=0 skipped=248 failed=0
EXIT=0
EXIT=0
EXIT=0
EXIT=0
EXIT=0
EXIT=0
EXIT=0
EXIT=0
EXIT=0
EXIT=0
EXIT=0
EXIT=0
EXIT=0
2026-08-03 06:57:41,321 ERROR BAN-SUSPECT: hard-stopping capture at contest_id=255058: NCAA fetch failed after rotating proxies: https://stats.ncaa.org/contests/255058/play_by_play: patchright: bm-verify not passed after 3 attempts (412-byte body)
BAN-SUSPECT: capture halted at contest_id=255058: NCAA fetch failed after rotating proxies: https://stats.ncaa.org/contests/255058/play_by_play: patchright: bm-verify not passed after 3 attempts (412-byte body)
EXIT=1
2026-08-03 06:58:22,638 ERROR BAN-SUSPECT: hard-stopping capture at contest_id=241423: NCAA fetch failed after rotating proxies: https://stats.ncaa.org/contests/241423/play_by_play: patchright: bm-verify not passed after 3 attempts (643-byte body)
BAN-SUSPECT: capture halted at contest_id=241423: NCAA fetch failed after rotating proxies: https://stats.ncaa.org/contests/241423/play_by_play: patchright: bm-verify not passed after 3 attempts (643-byte body)
EXIT=1
