pending=6042 shard=14/24 assigned=252
transport: canary vendor 'decodo_patchright'
pending=6042 shard=19/24 assigned=251
transport: canary vendor 'decodo_patchright'
pending=6042 shard=23/24 assigned=251
transport: canary vendor 'decodo_patchright'
pending=6042 shard=15/24 assigned=252
transport: canary vendor 'decodo_patchright'
pending=6042 shard=13/24 assigned=252
transport: canary vendor 'decodo_patchright'
pending=6042 shard=8/24 assigned=252
transport: canary vendor 'decodo_patchright'
pending=6042 shard=21/24 assigned=251
transport: canary vendor 'decodo_patchright'
pending=6042 shard=17/24 assigned=252
transport: canary vendor 'decodo_patchright'
pending=6042 shard=18/24 assigned=251
transport: canary vendor 'decodo_patchright'
pending=6042 shard=16/24 assigned=252
transport: canary vendor 'decodo_patchright'
pending=6042 shard=22/24 assigned=251
transport: canary vendor 'decodo_patchright'
pending=6042 shard=20/24 assigned=251
transport: canary vendor 'decodo_patchright'
2026-08-02 07:39:53,851 INFO vendor decodo_patchright: 50 prox(y/ies), sticky session re-minted -> session-cap1785670793w14
2026-08-02 07:39:53,851 INFO vendor decodo_patchright: 50 prox(y/ies), sticky session re-minted -> session-cap1785670793w19
2026-08-02 07:39:53,913 INFO vendor decodo_patchright: 50 prox(y/ies), sticky session re-minted -> session-cap1785670793w17
2026-08-02 07:39:54,592 INFO vendor decodo_patchright: 50 prox(y/ies), sticky session re-minted -> session-cap1785670794w23
2026-08-02 07:39:54,943 INFO vendor decodo_patchright: 50 prox(y/ies), sticky session re-minted -> session-cap1785670794w22
2026-08-02 07:39:56,351 INFO vendor decodo_patchright: 50 prox(y/ies), sticky session re-minted -> session-cap1785670796w13
2026-08-02 07:39:56,857 INFO vendor decodo_patchright: 50 prox(y/ies), sticky session re-minted -> session-cap1785670796w8
2026-08-02 07:39:57,556 INFO vendor decodo_patchright: 50 prox(y/ies), sticky session re-minted -> session-cap1785670797w15
2026-08-02 07:39:58,457 INFO vendor decodo_patchright: 50 prox(y/ies), sticky session re-minted -> session-cap1785670798w20
2026-08-02 07:39:58,469 INFO vendor decodo_patchright: 50 prox(y/ies), sticky session re-minted -> session-cap1785670798w18
2026-08-02 07:39:58,529 INFO vendor decodo_patchright: 50 prox(y/ies), sticky session re-minted -> session-cap1785670798w16
2026-08-02 07:39:59,147 INFO vendor decodo_patchright: 50 prox(y/ies), sticky session re-minted -> session-cap1785670799w21
2026-08-02 08:47:58,382 WARNING challenge not cleared for contest_id=1612605 -- bundle not written
captured=252 skipped=0 failed=0
EXIT=0
captured=251 skipped=0 failed=0
EXIT=0
captured=252 skipped=0 failed=0
EXIT=0
captured=251 skipped=0 failed=0
EXIT=0
captured=250 skipped=0 failed=1
EXIT=0
captured=252 skipped=0 failed=0
EXIT=0
captured=251 skipped=0 failed=0
EXIT=0
captured=252 skipped=0 failed=0
EXIT=0
captured=252 skipped=0 failed=0
EXIT=0
captured=251 skipped=0 failed=0
EXIT=0
captured=251 skipped=0 failed=0
EXIT=0
captured=252 skipped=0 failed=0
EXIT=0
