pending=6222 shard=21/24 assigned=259
transport: canary vendor 'decodo_patchright'
pending=6222 shard=17/24 assigned=259
transport: canary vendor 'decodo_patchright'
pending=6222 shard=22/24 assigned=259
transport: canary vendor 'decodo_patchright'
pending=6222 shard=19/24 assigned=259
transport: canary vendor 'decodo_patchright'
pending=6222 shard=20/24 assigned=259
transport: canary vendor 'decodo_patchright'
pending=6222 shard=18/24 assigned=259
transport: canary vendor 'decodo_patchright'
pending=6222 shard=23/24 assigned=259
transport: canary vendor 'decodo_patchright'
2026-08-01 22:45:33,010 INFO vendor decodo_patchright: 50 prox(y/ies), sticky session re-minted -> session-cap1785638733w21
2026-08-01 22:45:33,253 INFO vendor decodo_patchright: 50 prox(y/ies), sticky session re-minted -> session-cap1785638733w22
2026-08-01 22:45:33,523 INFO vendor decodo_patchright: 50 prox(y/ies), sticky session re-minted -> session-cap1785638733w19
2026-08-01 22:45:34,190 INFO vendor decodo_patchright: 50 prox(y/ies), sticky session re-minted -> session-cap1785638734w23
2026-08-01 22:45:34,181 INFO vendor decodo_patchright: 50 prox(y/ies), sticky session re-minted -> session-cap1785638734w20
2026-08-01 22:45:34,271 INFO vendor decodo_patchright: 50 prox(y/ies), sticky session re-minted -> session-cap1785638734w17
2026-08-01 22:45:34,514 INFO vendor decodo_patchright: 50 prox(y/ies), sticky session re-minted -> session-cap1785638734w18
captured=169 skipped=90 failed=0
EXIT=0
captured=169 skipped=90 failed=0
EXIT=0
captured=169 skipped=90 failed=0
EXIT=0
captured=168 skipped=91 failed=0
EXIT=0
captured=170 skipped=89 failed=0
captured=168 skipped=91 failed=0
EXIT=0
EXIT=0
captured=170 skipped=89 failed=0
EXIT=0
