pending=5950 shard=1/24 assigned=248
transport: canary vendor 'decodo_patchright'
2026-08-03 08:29:47,075 INFO vendor decodo_patchright: 50 prox(y/ies), sticky session re-minted -> session-cap1785760187w1
captured=0 skipped=248 failed=0
pending=5950 shard=9/24 assigned=248
transport: canary vendor 'decodo_patchright'
2026-08-03 08:29:47,385 INFO vendor decodo_patchright: 50 prox(y/ies), sticky session re-minted -> session-cap1785760187w9
captured=0 skipped=248 failed=0
EXIT=0
EXIT=0
pending=5950 shard=10/24 assigned=248
transport: canary vendor 'decodo_patchright'
pending=5950 shard=2/24 assigned=248
transport: canary vendor 'decodo_patchright'
2026-08-03 08:29:48,922 INFO vendor decodo_patchright: 50 prox(y/ies), sticky session re-minted -> session-cap1785760188w2
captured=0 skipped=248 failed=0
2026-08-03 08:29:49,018 INFO vendor decodo_patchright: 50 prox(y/ies), sticky session re-minted -> session-cap1785760189w10
captured=0 skipped=248 failed=0
pending=5950 shard=4/24 assigned=248
transport: canary vendor 'decodo_patchright'
2026-08-03 08:29:49,093 INFO vendor decodo_patchright: 50 prox(y/ies), sticky session re-minted -> session-cap1785760189w4
captured=0 skipped=248 failed=0
pending=5950 shard=5/24 assigned=248
transport: canary vendor 'decodo_patchright'
2026-08-03 08:29:49,142 INFO vendor decodo_patchright: 50 prox(y/ies), sticky session re-minted -> session-cap1785760189w5
captured=0 skipped=248 failed=0
pending=5950 shard=7/24 assigned=248
transport: canary vendor 'decodo_patchright'
2026-08-03 08:29:49,209 INFO vendor decodo_patchright: 50 prox(y/ies), sticky session re-minted -> session-cap1785760189w7
pending=5950 shard=6/24 assigned=248
transport: canary vendor 'decodo_patchright'
2026-08-03 08:29:49,220 INFO vendor decodo_patchright: 50 prox(y/ies), sticky session re-minted -> session-cap1785760189w6
captured=0 skipped=248 failed=0
captured=0 skipped=248 failed=0
pending=5950 shard=3/24 assigned=248
transport: canary vendor 'decodo_patchright'
pending=5950 shard=8/24 assigned=248
transport: canary vendor 'decodo_patchright'
2026-08-03 08:29:49,245 INFO vendor decodo_patchright: 50 prox(y/ies), sticky session re-minted -> session-cap1785760189w8
captured=0 skipped=248 failed=0
pending=5950 shard=12/24 assigned=248
transport: canary vendor 'decodo_patchright'
2026-08-03 08:29:49,434 INFO vendor decodo_patchright: 50 prox(y/ies), sticky session re-minted -> session-cap1785760189w3
captured=0 skipped=248 failed=0
2026-08-03 08:29:49,490 INFO vendor decodo_patchright: 50 prox(y/ies), sticky session re-minted -> session-cap1785760189w12
captured=0 skipped=248 failed=0
EXIT=0
EXIT=0
EXIT=0
EXIT=0
EXIT=0
EXIT=0
pending=5950 shard=0/24 assigned=248
transport: canary vendor 'decodo_patchright'
2026-08-03 08:29:50,060 INFO vendor decodo_patchright: 50 prox(y/ies), sticky session re-minted -> session-cap1785760190w0
EXIT=0
EXIT=0
EXIT=0
2026-08-03 08:30:21,427 WARNING challenge not cleared for contest_id=255413 -- bundle not written
captured=0 skipped=247 failed=1
EXIT=0
