pending=5972 shard=5/24 assigned=249
transport: canary vendor 'decodo_patchright'
pending=5972 shard=1/24 assigned=249
transport: canary vendor 'decodo_patchright'
pending=5972 shard=6/24 assigned=249
transport: canary vendor 'decodo_patchright'
pending=5972 shard=0/24 assigned=249
transport: canary vendor 'decodo_patchright'
pending=5972 shard=4/24 assigned=249
transport: canary vendor 'decodo_patchright'
pending=5972 shard=8/24 assigned=249
transport: canary vendor 'decodo_patchright'
pending=5972 shard=7/24 assigned=249
transport: canary vendor 'decodo_patchright'
pending=5972 shard=11/24 assigned=249
transport: canary vendor 'decodo_patchright'
pending=5972 shard=2/24 assigned=249
transport: canary vendor 'decodo_patchright'
pending=5972 shard=10/24 assigned=249
transport: canary vendor 'decodo_patchright'
pending=5972 shard=9/24 assigned=249
transport: canary vendor 'decodo_patchright'
pending=5972 shard=13/24 assigned=249
transport: canary vendor 'decodo_patchright'
pending=5972 shard=16/24 assigned=249
transport: canary vendor 'decodo_patchright'
pending=5972 shard=3/24 assigned=249
transport: canary vendor 'decodo_patchright'
2026-08-02 18:42:46,442 INFO vendor decodo_patchright: 50 prox(y/ies), sticky session re-minted -> session-cap1785710566w10
2026-08-02 18:42:46,430 INFO vendor decodo_patchright: 50 prox(y/ies), sticky session re-minted -> session-cap1785710566w11
2026-08-02 18:42:46,441 INFO vendor decodo_patchright: 50 prox(y/ies), sticky session re-minted -> session-cap1785710566w8
2026-08-02 18:42:46,471 INFO vendor decodo_patchright: 50 prox(y/ies), sticky session re-minted -> session-cap1785710566w13
2026-08-02 18:42:46,492 INFO vendor decodo_patchright: 50 prox(y/ies), sticky session re-minted -> session-cap1785710566w16
captured=0 skipped=249 failed=0
2026-08-02 18:42:46,464 INFO vendor decodo_patchright: 50 prox(y/ies), sticky session re-minted -> session-cap1785710566w4
2026-08-02 18:42:46,497 INFO vendor decodo_patchright: 50 prox(y/ies), sticky session re-minted -> session-cap1785710566w1
2026-08-02 18:42:46,465 INFO vendor decodo_patchright: 50 prox(y/ies), sticky session re-minted -> session-cap1785710566w5
captured=0 skipped=249 failed=0
captured=0 skipped=249 failed=0
2026-08-02 18:42:46,491 INFO vendor decodo_patchright: 50 prox(y/ies), sticky session re-minted -> session-cap1785710566w6
captured=0 skipped=249 failed=0
captured=0 skipped=249 failed=0
captured=0 skipped=249 failed=0
captured=0 skipped=249 failed=0
captured=0 skipped=249 failed=0
2026-08-02 18:42:46,813 INFO vendor decodo_patchright: 50 prox(y/ies), sticky session re-minted -> session-cap1785710566w3
captured=0 skipped=249 failed=0
2026-08-02 18:42:46,833 INFO vendor decodo_patchright: 50 prox(y/ies), sticky session re-minted -> session-cap1785710566w7
captured=0 skipped=249 failed=0
2026-08-02 18:42:46,932 INFO vendor decodo_patchright: 50 prox(y/ies), sticky session re-minted -> session-cap1785710566w9
captured=0 skipped=249 failed=0
2026-08-02 18:42:47,203 INFO vendor decodo_patchright: 50 prox(y/ies), sticky session re-minted -> session-cap1785710567w2
captured=0 skipped=249 failed=0
2026-08-02 18:42:47,288 INFO vendor decodo_patchright: 50 prox(y/ies), sticky session re-minted -> session-cap1785710567w0
captured=0 skipped=249 failed=0
EXIT=0
EXIT=0
EXIT=0
EXIT=0
EXIT=0
EXIT=0
EXIT=0
EXIT=0
EXIT=0
EXIT=0
EXIT=0
EXIT=0
EXIT=0
2026-08-02 19:09:44,950 ERROR BAN-SUSPECT: hard-stopping capture at contest_id=186306: NCAA fetch failed after rotating proxies: https://stats.ncaa.org/contests/186306/play_by_play: patchright: bm-verify not passed after 3 attempts (643-byte body)
BAN-SUSPECT: capture halted at contest_id=186306: NCAA fetch failed after rotating proxies: https://stats.ncaa.org/contests/186306/play_by_play: patchright: bm-verify not passed after 3 attempts (643-byte body)
EXIT=1
