pending=5950 shard=2/24 assigned=248
transport: canary vendor 'decodo_patchright'
2026-08-03 09:26:31,208 INFO vendor decodo_patchright: 50 prox(y/ies), sticky session re-minted -> session-cap1785763591w2
captured=0 skipped=248 failed=0
pending=5950 shard=18/24 assigned=248
transport: canary vendor 'decodo_patchright'
2026-08-03 09:26:31,337 INFO vendor decodo_patchright: 50 prox(y/ies), sticky session re-minted -> session-cap1785763591w18
pending=5950 shard=9/24 assigned=248
transport: canary vendor 'decodo_patchright'
2026-08-03 09:26:31,736 INFO vendor decodo_patchright: 50 prox(y/ies), sticky session re-minted -> session-cap1785763591w9
captured=0 skipped=248 failed=0
pending=5950 shard=4/24 assigned=248
transport: canary vendor 'decodo_patchright'
EXIT=0
pending=5950 shard=17/24 assigned=248
transport: canary vendor 'decodo_patchright'
2026-08-03 09:26:32,214 INFO vendor decodo_patchright: 50 prox(y/ies), sticky session re-minted -> session-cap1785763592w4
captured=0 skipped=248 failed=0
pending=5950 shard=12/24 assigned=248
transport: canary vendor 'decodo_patchright'
2026-08-03 09:26:32,223 INFO vendor decodo_patchright: 50 prox(y/ies), sticky session re-minted -> session-cap1785763592w12
captured=0 skipped=248 failed=0
2026-08-03 09:26:32,259 INFO vendor decodo_patchright: 50 prox(y/ies), sticky session re-minted -> session-cap1785763592w17
captured=0 skipped=248 failed=0
EXIT=0
EXIT=0
pending=5950 shard=0/24 assigned=248
transport: canary vendor 'decodo_patchright'
2026-08-03 09:26:33,270 INFO vendor decodo_patchright: 50 prox(y/ies), sticky session re-minted -> session-cap1785763593w0
EXIT=0
pending=5950 shard=8/24 assigned=248
transport: canary vendor 'decodo_patchright'
2026-08-03 09:26:33,328 INFO vendor decodo_patchright: 50 prox(y/ies), sticky session re-minted -> session-cap1785763593w8
captured=0 skipped=248 failed=0
pending=5950 shard=3/24 assigned=248
transport: canary vendor 'decodo_patchright'
2026-08-03 09:26:33,399 INFO vendor decodo_patchright: 50 prox(y/ies), sticky session re-minted -> session-cap1785763593w3
captured=0 skipped=248 failed=0
EXIT=0
pending=5950 shard=19/24 assigned=248
transport: canary vendor 'decodo_patchright'
2026-08-03 09:26:33,462 INFO vendor decodo_patchright: 50 prox(y/ies), sticky session re-minted -> session-cap1785763593w19
captured=0 skipped=248 failed=0
pending=5950 shard=15/24 assigned=248
transport: canary vendor 'decodo_patchright'
pending=5950 shard=7/24 assigned=248
transport: canary vendor 'decodo_patchright'
2026-08-03 09:26:33,504 INFO vendor decodo_patchright: 50 prox(y/ies), sticky session re-minted -> session-cap1785763593w7
captured=0 skipped=248 failed=0
pending=5950 shard=16/24 assigned=248
transport: canary vendor 'decodo_patchright'
2026-08-03 09:26:33,550 INFO vendor decodo_patchright: 50 prox(y/ies), sticky session re-minted -> session-cap1785763593w16
2026-08-03 09:26:33,531 INFO vendor decodo_patchright: 50 prox(y/ies), sticky session re-minted -> session-cap1785763593w15
captured=0 skipped=248 failed=0
captured=0 skipped=248 failed=0
pending=5950 shard=11/24 assigned=248
transport: canary vendor 'decodo_patchright'
2026-08-03 09:26:33,567 INFO vendor decodo_patchright: 50 prox(y/ies), sticky session re-minted -> session-cap1785763593w11
captured=0 skipped=248 failed=0
pending=5950 shard=10/24 assigned=248
transport: canary vendor 'decodo_patchright'
2026-08-03 09:26:33,616 INFO vendor decodo_patchright: 50 prox(y/ies), sticky session re-minted -> session-cap1785763593w10
captured=0 skipped=248 failed=0
pending=5950 shard=21/24 assigned=248
transport: canary vendor 'decodo_patchright'
2026-08-03 09:26:33,739 INFO vendor decodo_patchright: 50 prox(y/ies), sticky session re-minted -> session-cap1785763593w21
captured=0 skipped=248 failed=0
pending=5950 shard=14/24 assigned=248
transport: canary vendor 'decodo_patchright'
2026-08-03 09:26:33,929 INFO vendor decodo_patchright: 50 prox(y/ies), sticky session re-minted -> session-cap1785763593w14
captured=0 skipped=248 failed=0
pending=5950 shard=5/24 assigned=248
transport: canary vendor 'decodo_patchright'
2026-08-03 09:26:34,050 INFO vendor decodo_patchright: 50 prox(y/ies), sticky session re-minted -> session-cap1785763594w5
captured=0 skipped=248 failed=0
pending=5950 shard=13/24 assigned=248
transport: canary vendor 'decodo_patchright'
2026-08-03 09:26:34,108 INFO vendor decodo_patchright: 50 prox(y/ies), sticky session re-minted -> session-cap1785763594w13
pending=5950 shard=20/24 assigned=248
transport: canary vendor 'decodo_patchright'
2026-08-03 09:26:34,120 INFO vendor decodo_patchright: 50 prox(y/ies), sticky session re-minted -> session-cap1785763594w20
captured=0 skipped=248 failed=0
captured=0 skipped=248 failed=0
EXIT=0
pending=5950 shard=6/24 assigned=248
transport: canary vendor 'decodo_patchright'
EXIT=0
pending=5950 shard=1/24 assigned=248
transport: canary vendor 'decodo_patchright'
2026-08-03 09:26:34,243 INFO vendor decodo_patchright: 50 prox(y/ies), sticky session re-minted -> session-cap1785763594w1
2026-08-03 09:26:34,235 INFO vendor decodo_patchright: 50 prox(y/ies), sticky session re-minted -> session-cap1785763594w6
EXIT=0
captured=0 skipped=248 failed=0
captured=0 skipped=248 failed=0
EXIT=0
EXIT=0
EXIT=0
EXIT=0
EXIT=0
EXIT=0
EXIT=0
EXIT=0
EXIT=0
EXIT=0
EXIT=0
EXIT=0
2026-08-03 09:27:05,950 WARNING challenge not cleared for contest_id=255413 -- bundle not written
captured=0 skipped=247 failed=1
EXIT=0
2026-08-03 09:52:53,198 ERROR BAN-SUSPECT: hard-stopping capture at contest_id=255058: NCAA fetch failed after rotating proxies: https://stats.ncaa.org/contests/255058/play_by_play: patchright: bm-verify not passed after 3 attempts (643-byte body)
BAN-SUSPECT: capture halted at contest_id=255058: NCAA fetch failed after rotating proxies: https://stats.ncaa.org/contests/255058/play_by_play: patchright: bm-verify not passed after 3 attempts (643-byte body)
EXIT=1
