pending=5932 shard=9/24 assigned=247
transport: canary vendor 'decodo_patchright'
2026-08-03 16:09:23,083 INFO vendor decodo_patchright: 50 prox(y/ies), sticky session re-minted -> session-cap1785787763w9
pending=5932 shard=2/24 assigned=248
transport: canary vendor 'decodo_patchright'
2026-08-03 16:09:24,758 INFO vendor decodo_patchright: 50 prox(y/ies), sticky session re-minted -> session-cap1785787764w2
pending=5932 shard=6/24 assigned=247
transport: canary vendor 'decodo_patchright'
2026-08-03 16:09:25,453 INFO vendor decodo_patchright: 50 prox(y/ies), sticky session re-minted -> session-cap1785787765w6
pending=5932 shard=7/24 assigned=247
transport: canary vendor 'decodo_patchright'
pending=5932 shard=18/24 assigned=247
transport: canary vendor 'decodo_patchright'
2026-08-03 16:09:25,978 INFO vendor decodo_patchright: 50 prox(y/ies), sticky session re-minted -> session-cap1785787765w7
2026-08-03 16:09:26,140 INFO vendor decodo_patchright: 50 prox(y/ies), sticky session re-minted -> session-cap1785787766w18
pending=5932 shard=10/24 assigned=247
transport: canary vendor 'decodo_patchright'
2026-08-03 16:09:26,302 INFO vendor decodo_patchright: 50 prox(y/ies), sticky session re-minted -> session-cap1785787766w10
pending=5932 shard=8/24 assigned=247
transport: canary vendor 'decodo_patchright'
2026-08-03 16:09:26,898 INFO vendor decodo_patchright: 50 prox(y/ies), sticky session re-minted -> session-cap1785787766w8
pending=5932 shard=17/24 assigned=247
transport: canary vendor 'decodo_patchright'
2026-08-03 16:09:26,944 INFO vendor decodo_patchright: 50 prox(y/ies), sticky session re-minted -> session-cap1785787766w17
pending=5932 shard=13/24 assigned=247
transport: canary vendor 'decodo_patchright'
pending=5932 shard=11/24 assigned=247
transport: canary vendor 'decodo_patchright'
pending=5932 shard=16/24 assigned=247
transport: canary vendor 'decodo_patchright'
pending=5932 shard=14/24 assigned=247
transport: canary vendor 'decodo_patchright'
2026-08-03 16:09:27,468 INFO vendor decodo_patchright: 50 prox(y/ies), sticky session re-minted -> session-cap1785787767w13
pending=5932 shard=15/24 assigned=247
transport: canary vendor 'decodo_patchright'
2026-08-03 16:09:27,708 INFO vendor decodo_patchright: 50 prox(y/ies), sticky session re-minted -> session-cap1785787767w11
2026-08-03 16:09:27,703 INFO vendor decodo_patchright: 50 prox(y/ies), sticky session re-minted -> session-cap1785787767w15
pending=5932 shard=4/24 assigned=247
transport: canary vendor 'decodo_patchright'
pending=5932 shard=20/24 assigned=247
transport: canary vendor 'decodo_patchright'
2026-08-03 16:09:27,811 INFO vendor decodo_patchright: 50 prox(y/ies), sticky session re-minted -> session-cap1785787767w16
pending=5932 shard=22/24 assigned=247
transport: canary vendor 'decodo_patchright'
pending=5932 shard=21/24 assigned=247
transport: canary vendor 'decodo_patchright'
pending=5932 shard=5/24 assigned=247
transport: canary vendor 'decodo_patchright'
2026-08-03 16:09:28,099 INFO vendor decodo_patchright: 50 prox(y/ies), sticky session re-minted -> session-cap1785787768w5
2026-08-03 16:09:28,094 INFO vendor decodo_patchright: 50 prox(y/ies), sticky session re-minted -> session-cap1785787768w14
2026-08-03 16:09:28,094 INFO vendor decodo_patchright: 50 prox(y/ies), sticky session re-minted -> session-cap1785787768w22
2026-08-03 16:09:28,098 INFO vendor decodo_patchright: 50 prox(y/ies), sticky session re-minted -> session-cap1785787768w4
2026-08-03 16:09:28,189 INFO vendor decodo_patchright: 50 prox(y/ies), sticky session re-minted -> session-cap1785787768w20
2026-08-03 16:09:28,246 INFO vendor decodo_patchright: 50 prox(y/ies), sticky session re-minted -> session-cap1785787768w21
pending=5932 shard=23/24 assigned=247
transport: canary vendor 'decodo_patchright'
pending=5932 shard=19/24 assigned=247
transport: canary vendor 'decodo_patchright'
2026-08-03 16:09:28,364 INFO vendor decodo_patchright: 50 prox(y/ies), sticky session re-minted -> session-cap1785787768w23
2026-08-03 16:09:28,366 INFO vendor decodo_patchright: 50 prox(y/ies), sticky session re-minted -> session-cap1785787768w19
pending=5932 shard=12/24 assigned=247
transport: canary vendor 'decodo_patchright'
2026-08-03 16:09:28,549 INFO vendor decodo_patchright: 50 prox(y/ies), sticky session re-minted -> session-cap1785787768w12
2026-08-03 16:17:58,909 WARNING challenge not cleared for contest_id=515770 -- bundle not written
2026-08-03 16:46:05,160 WARNING challenge not cleared for contest_id=519177 -- bundle not written
2026-08-03 17:23:10,631 WARNING challenge not cleared for contest_id=523527 -- bundle not written
2026-08-03 17:31:22,891 WARNING challenge not cleared for contest_id=525116 -- bundle not written
2026-08-03 18:22:19,614 WARNING challenge not cleared for contest_id=530749 -- bundle not written
captured=246 skipped=0 failed=1
EXIT=0
captured=246 skipped=0 failed=1
EXIT=0
captured=247 skipped=0 failed=0
EXIT=0
captured=247 skipped=0 failed=0
EXIT=0
captured=247 skipped=0 failed=0
EXIT=0
captured=245 skipped=0 failed=2
EXIT=0
captured=247 skipped=0 failed=0
EXIT=0
captured=247 skipped=0 failed=0
EXIT=0
captured=247 skipped=0 failed=0
EXIT=0
captured=247 skipped=0 failed=0
EXIT=0
captured=247 skipped=0 failed=0
EXIT=0
captured=247 skipped=0 failed=0
EXIT=0
captured=247 skipped=0 failed=0
EXIT=0
captured=247 skipped=0 failed=0
EXIT=0
captured=247 skipped=0 failed=0
EXIT=0
captured=247 skipped=0 failed=0
EXIT=0
captured=248 skipped=0 failed=0
EXIT=0
captured=247 skipped=0 failed=0
EXIT=0
captured=246 skipped=0 failed=1
EXIT=0
captured=247 skipped=0 failed=0
EXIT=0
captured=247 skipped=0 failed=0
EXIT=0
