pending=5950 shard=23/24 assigned=247
transport: canary vendor 'decodo_patchright'
2026-08-03 11:21:18,701 INFO vendor decodo_patchright: 50 prox(y/ies), sticky session re-minted -> session-cap1785770478w23
captured=0 skipped=247 failed=0
pending=5950 shard=16/24 assigned=248
transport: canary vendor 'decodo_patchright'
2026-08-03 11:21:18,756 INFO vendor decodo_patchright: 50 prox(y/ies), sticky session re-minted -> session-cap1785770478w16
captured=0 skipped=248 failed=0
pending=5950 shard=17/24 assigned=248
transport: canary vendor 'decodo_patchright'
2026-08-03 11:21:19,500 INFO vendor decodo_patchright: 50 prox(y/ies), sticky session re-minted -> session-cap1785770479w17
captured=0 skipped=248 failed=0
pending=5950 shard=22/24 assigned=247
transport: canary vendor 'decodo_patchright'
pending=5950 shard=14/24 assigned=248
transport: canary vendor 'decodo_patchright'
2026-08-03 11:21:19,546 INFO vendor decodo_patchright: 50 prox(y/ies), sticky session re-minted -> session-cap1785770479w14
2026-08-03 11:21:19,584 INFO vendor decodo_patchright: 50 prox(y/ies), sticky session re-minted -> session-cap1785770479w22
captured=0 skipped=248 failed=0
EXIT=0
EXIT=0
pending=5950 shard=11/24 assigned=248
transport: canary vendor 'decodo_patchright'
2026-08-03 11:21:19,815 INFO vendor decodo_patchright: 50 prox(y/ies), sticky session re-minted -> session-cap1785770479w11
captured=0 skipped=248 failed=0
pending=5950 shard=15/24 assigned=248
transport: canary vendor 'decodo_patchright'
2026-08-03 11:21:19,865 INFO vendor decodo_patchright: 50 prox(y/ies), sticky session re-minted -> session-cap1785770479w15
captured=0 skipped=248 failed=0
pending=5950 shard=20/24 assigned=248
transport: canary vendor 'decodo_patchright'
2026-08-03 11:21:19,977 INFO vendor decodo_patchright: 50 prox(y/ies), sticky session re-minted -> session-cap1785770479w20
pending=5950 shard=21/24 assigned=248
transport: canary vendor 'decodo_patchright'
captured=0 skipped=248 failed=0
2026-08-03 11:21:19,996 INFO vendor decodo_patchright: 50 prox(y/ies), sticky session re-minted -> session-cap1785770479w21
captured=0 skipped=248 failed=0
pending=5950 shard=10/24 assigned=248
transport: canary vendor 'decodo_patchright'
2026-08-03 11:21:20,055 INFO vendor decodo_patchright: 50 prox(y/ies), sticky session re-minted -> session-cap1785770480w10
captured=0 skipped=248 failed=0
pending=5950 shard=13/24 assigned=248
transport: canary vendor 'decodo_patchright'
2026-08-03 11:21:20,081 INFO vendor decodo_patchright: 50 prox(y/ies), sticky session re-minted -> session-cap1785770480w13
captured=0 skipped=248 failed=0
EXIT=0
pending=5950 shard=12/24 assigned=248
transport: canary vendor 'decodo_patchright'
2026-08-03 11:21:20,211 INFO vendor decodo_patchright: 50 prox(y/ies), sticky session re-minted -> session-cap1785770480w12
captured=0 skipped=248 failed=0
pending=5950 shard=8/24 assigned=248
transport: canary vendor 'decodo_patchright'
2026-08-03 11:21:20,238 INFO vendor decodo_patchright: 50 prox(y/ies), sticky session re-minted -> session-cap1785770480w8
captured=0 skipped=248 failed=0
EXIT=0
pending=5950 shard=18/24 assigned=248
transport: canary vendor 'decodo_patchright'
pending=5950 shard=19/24 assigned=248
transport: canary vendor 'decodo_patchright'
2026-08-03 11:21:20,322 INFO vendor decodo_patchright: 50 prox(y/ies), sticky session re-minted -> session-cap1785770480w18
2026-08-03 11:21:20,322 INFO vendor decodo_patchright: 50 prox(y/ies), sticky session re-minted -> session-cap1785770480w19
captured=0 skipped=248 failed=0
EXIT=0
EXIT=0
EXIT=0
EXIT=0
EXIT=0
EXIT=0
EXIT=0
EXIT=0
EXIT=0
2026-08-03 11:47:31,694 ERROR BAN-SUSPECT: hard-stopping capture at contest_id=255058: NCAA fetch failed after rotating proxies: https://stats.ncaa.org/contests/255058/play_by_play: patchright: bm-verify not passed after 3 attempts (643-byte body)
BAN-SUSPECT: capture halted at contest_id=255058: NCAA fetch failed after rotating proxies: https://stats.ncaa.org/contests/255058/play_by_play: patchright: bm-verify not passed after 3 attempts (643-byte body)
EXIT=1
2026-08-03 11:48:08,924 ERROR BAN-SUSPECT: hard-stopping capture at contest_id=241423: NCAA fetch failed after rotating proxies: https://stats.ncaa.org/contests/241423/play_by_play: patchright: bm-verify not passed after 3 attempts (643-byte body)
BAN-SUSPECT: capture halted at contest_id=241423: NCAA fetch failed after rotating proxies: https://stats.ncaa.org/contests/241423/play_by_play: patchright: bm-verify not passed after 3 attempts (643-byte body)
EXIT=1
