pending=5950 shard=13/24 assigned=248
transport: canary vendor 'decodo_patchright'
2026-08-03 15:11:12,321 INFO vendor decodo_patchright: 50 prox(y/ies), sticky session re-minted -> session-cap1785784272w13
captured=0 skipped=248 failed=0
pending=5950 shard=11/24 assigned=248
transport: canary vendor 'decodo_patchright'
2026-08-03 15:11:12,553 INFO vendor decodo_patchright: 50 prox(y/ies), sticky session re-minted -> session-cap1785784272w11
captured=0 skipped=248 failed=0
pending=5950 shard=17/24 assigned=248
transport: canary vendor 'decodo_patchright'
pending=5950 shard=14/24 assigned=248
transport: canary vendor 'decodo_patchright'
2026-08-03 15:11:12,553 INFO vendor decodo_patchright: 50 prox(y/ies), sticky session re-minted -> session-cap1785784272w14
captured=0 skipped=248 failed=0
2026-08-03 15:11:12,643 INFO vendor decodo_patchright: 50 prox(y/ies), sticky session re-minted -> session-cap1785784272w17
captured=0 skipped=248 failed=0
EXIT=0
EXIT=0
pending=5950 shard=20/24 assigned=248
transport: canary vendor 'decodo_patchright'
pending=5950 shard=6/24 assigned=248
transport: canary vendor 'decodo_patchright'
2026-08-03 15:11:13,770 INFO vendor decodo_patchright: 50 prox(y/ies), sticky session re-minted -> session-cap1785784273w6
pending=5950 shard=16/24 assigned=248
transport: canary vendor 'decodo_patchright'
2026-08-03 15:11:13,800 INFO vendor decodo_patchright: 50 prox(y/ies), sticky session re-minted -> session-cap1785784273w16
captured=0 skipped=248 failed=0
2026-08-03 15:11:13,779 INFO vendor decodo_patchright: 50 prox(y/ies), sticky session re-minted -> session-cap1785784273w20
captured=0 skipped=248 failed=0
pending=5950 shard=12/24 assigned=248
transport: canary vendor 'decodo_patchright'
captured=0 skipped=248 failed=0
2026-08-03 15:11:14,003 INFO vendor decodo_patchright: 50 prox(y/ies), sticky session re-minted -> session-cap1785784274w12
pending=5950 shard=4/24 assigned=248
transport: canary vendor 'decodo_patchright'
2026-08-03 15:11:14,036 INFO vendor decodo_patchright: 50 prox(y/ies), sticky session re-minted -> session-cap1785784274w4
captured=0 skipped=248 failed=0
captured=0 skipped=248 failed=0
pending=5950 shard=9/24 assigned=248
transport: canary vendor 'decodo_patchright'
pending=5950 shard=10/24 assigned=248
transport: canary vendor 'decodo_patchright'
pending=5950 shard=21/24 assigned=248
transport: canary vendor 'decodo_patchright'
pending=5950 shard=18/24 assigned=248
transport: canary vendor 'decodo_patchright'
2026-08-03 15:11:14,117 INFO vendor decodo_patchright: 50 prox(y/ies), sticky session re-minted -> session-cap1785784274w9
2026-08-03 15:11:14,126 INFO vendor decodo_patchright: 50 prox(y/ies), sticky session re-minted -> session-cap1785784274w10
captured=0 skipped=248 failed=0
2026-08-03 15:11:14,155 INFO vendor decodo_patchright: 50 prox(y/ies), sticky session re-minted -> session-cap1785784274w21
2026-08-03 15:11:14,143 INFO vendor decodo_patchright: 50 prox(y/ies), sticky session re-minted -> session-cap1785784274w18
captured=0 skipped=248 failed=0
captured=0 skipped=248 failed=0
pending=5950 shard=22/24 assigned=247
transport: canary vendor 'decodo_patchright'
2026-08-03 15:11:14,277 INFO vendor decodo_patchright: 50 prox(y/ies), sticky session re-minted -> session-cap1785784274w22
pending=5950 shard=7/24 assigned=248
transport: canary vendor 'decodo_patchright'
pending=5950 shard=5/24 assigned=248
transport: canary vendor 'decodo_patchright'
2026-08-03 15:11:14,400 INFO vendor decodo_patchright: 50 prox(y/ies), sticky session re-minted -> session-cap1785784274w7
captured=0 skipped=248 failed=0
2026-08-03 15:11:14,408 INFO vendor decodo_patchright: 50 prox(y/ies), sticky session re-minted -> session-cap1785784274w5
captured=0 skipped=248 failed=0
pending=5950 shard=23/24 assigned=247
transport: canary vendor 'decodo_patchright'
pending=5950 shard=19/24 assigned=248
transport: canary vendor 'decodo_patchright'
2026-08-03 15:11:14,438 INFO vendor decodo_patchright: 50 prox(y/ies), sticky session re-minted -> session-cap1785784274w23
2026-08-03 15:11:14,454 INFO vendor decodo_patchright: 50 prox(y/ies), sticky session re-minted -> session-cap1785784274w19
captured=0 skipped=248 failed=0
captured=0 skipped=247 failed=0
pending=5950 shard=15/24 assigned=248
transport: canary vendor 'decodo_patchright'
2026-08-03 15:11:14,463 INFO vendor decodo_patchright: 50 prox(y/ies), sticky session re-minted -> session-cap1785784274w15
EXIT=0
pending=5950 shard=3/24 assigned=248
transport: canary vendor 'decodo_patchright'
captured=0 skipped=248 failed=0
2026-08-03 15:11:14,499 INFO vendor decodo_patchright: 50 prox(y/ies), sticky session re-minted -> session-cap1785784274w3
captured=0 skipped=248 failed=0
EXIT=0
pending=5950 shard=8/24 assigned=248
transport: canary vendor 'decodo_patchright'
2026-08-03 15:11:14,595 INFO vendor decodo_patchright: 50 prox(y/ies), sticky session re-minted -> session-cap1785784274w8
captured=0 skipped=248 failed=0
EXIT=0
EXIT=0
EXIT=0
EXIT=0
EXIT=0
EXIT=0
EXIT=0
EXIT=0
EXIT=0
EXIT=0
EXIT=0
EXIT=0
EXIT=0
EXIT=0
EXIT=0
2026-08-03 15:38:16,466 ERROR BAN-SUSPECT: hard-stopping capture at contest_id=255058: NCAA fetch failed after rotating proxies: https://stats.ncaa.org/contests/255058/play_by_play: patchright: bm-verify not passed after 3 attempts (643-byte body)
BAN-SUSPECT: capture halted at contest_id=255058: NCAA fetch failed after rotating proxies: https://stats.ncaa.org/contests/255058/play_by_play: patchright: bm-verify not passed after 3 attempts (643-byte body)
EXIT=1
2026-08-03 15:39:03,221 ERROR BAN-SUSPECT: hard-stopping capture at contest_id=241423: NCAA fetch failed after rotating proxies: https://stats.ncaa.org/contests/241423/play_by_play: patchright: bm-verify not passed after 3 attempts (643-byte body)
BAN-SUSPECT: capture halted at contest_id=241423: NCAA fetch failed after rotating proxies: https://stats.ncaa.org/contests/241423/play_by_play: patchright: bm-verify not passed after 3 attempts (643-byte body)
EXIT=1
