pending=5972 shard=7/24 assigned=249
transport: canary vendor 'decodo_patchright'
2026-08-03 01:34:33,508 INFO vendor decodo_patchright: 50 prox(y/ies), sticky session re-minted -> session-cap1785735273w7
captured=0 skipped=249 failed=0
pending=5972 shard=0/24 assigned=249
transport: canary vendor 'decodo_patchright'
2026-08-03 01:34:33,879 INFO vendor decodo_patchright: 50 prox(y/ies), sticky session re-minted -> session-cap1785735273w0
captured=0 skipped=249 failed=0
pending=5972 shard=6/24 assigned=249
transport: canary vendor 'decodo_patchright'
2026-08-03 01:34:34,256 INFO vendor decodo_patchright: 50 prox(y/ies), sticky session re-minted -> session-cap1785735274w6
captured=0 skipped=249 failed=0
pending=5972 shard=10/24 assigned=249
transport: canary vendor 'decodo_patchright'
2026-08-03 01:34:34,326 INFO vendor decodo_patchright: 50 prox(y/ies), sticky session re-minted -> session-cap1785735274w10
captured=0 skipped=249 failed=0
pending=5972 shard=1/24 assigned=249
transport: canary vendor 'decodo_patchright'
2026-08-03 01:34:34,475 INFO vendor decodo_patchright: 50 prox(y/ies), sticky session re-minted -> session-cap1785735274w1
captured=0 skipped=249 failed=0
pending=5972 shard=3/24 assigned=249
transport: canary vendor 'decodo_patchright'
2026-08-03 01:34:35,339 INFO vendor decodo_patchright: 50 prox(y/ies), sticky session re-minted -> session-cap1785735275w3
EXIT=0
captured=0 skipped=249 failed=0
EXIT=0
pending=5972 shard=4/24 assigned=249
transport: canary vendor 'decodo_patchright'
2026-08-03 01:34:35,461 INFO vendor decodo_patchright: 50 prox(y/ies), sticky session re-minted -> session-cap1785735275w4
captured=0 skipped=249 failed=0
EXIT=0
EXIT=0
EXIT=0
EXIT=0
EXIT=0
pending=5972 shard=2/24 assigned=249
transport: canary vendor 'decodo_patchright'
2026-08-03 01:34:36,582 INFO vendor decodo_patchright: 50 prox(y/ies), sticky session re-minted -> session-cap1785735276w2
captured=0 skipped=249 failed=0
pending=5972 shard=9/24 assigned=249
transport: canary vendor 'decodo_patchright'
2026-08-03 01:34:36,626 INFO vendor decodo_patchright: 50 prox(y/ies), sticky session re-minted -> session-cap1785735276w9
pending=5972 shard=11/24 assigned=249
transport: canary vendor 'decodo_patchright'
pending=5972 shard=5/24 assigned=249
transport: canary vendor 'decodo_patchright'
2026-08-03 01:34:36,626 INFO vendor decodo_patchright: 50 prox(y/ies), sticky session re-minted -> session-cap1785735276w5
captured=0 skipped=249 failed=0
2026-08-03 01:34:36,633 INFO vendor decodo_patchright: 50 prox(y/ies), sticky session re-minted -> session-cap1785735276w11
captured=0 skipped=249 failed=0
pending=5972 shard=14/24 assigned=249
transport: canary vendor 'decodo_patchright'
2026-08-03 01:34:36,830 INFO vendor decodo_patchright: 50 prox(y/ies), sticky session re-minted -> session-cap1785735276w14
captured=0 skipped=249 failed=0
pending=5972 shard=8/24 assigned=249
transport: canary vendor 'decodo_patchright'
2026-08-03 01:34:36,932 INFO vendor decodo_patchright: 50 prox(y/ies), sticky session re-minted -> session-cap1785735276w8
captured=0 skipped=249 failed=0
EXIT=0
EXIT=0
EXIT=0
EXIT=0
EXIT=0
2026-08-03 02:01:12,480 ERROR BAN-SUSPECT: hard-stopping capture at contest_id=186306: NCAA fetch failed after rotating proxies: https://stats.ncaa.org/contests/186306/play_by_play: patchright: bm-verify not passed after 3 attempts (643-byte body)
BAN-SUSPECT: capture halted at contest_id=186306: NCAA fetch failed after rotating proxies: https://stats.ncaa.org/contests/186306/play_by_play: patchright: bm-verify not passed after 3 attempts (643-byte body)
EXIT=1
