pending=5950 shard=1/24 assigned=248
transport: canary vendor 'decodo_patchright'
2026-08-03 06:30:14,093 INFO vendor decodo_patchright: 50 prox(y/ies), sticky session re-minted -> session-cap1785753014w1
captured=0 skipped=248 failed=0
pending=5950 shard=0/24 assigned=248
transport: canary vendor 'decodo_patchright'
pending=5950 shard=3/24 assigned=248
transport: canary vendor 'decodo_patchright'
2026-08-03 06:30:14,315 INFO vendor decodo_patchright: 50 prox(y/ies), sticky session re-minted -> session-cap1785753014w0
2026-08-03 06:30:14,332 INFO vendor decodo_patchright: 50 prox(y/ies), sticky session re-minted -> session-cap1785753014w3
captured=0 skipped=248 failed=0
pending=5950 shard=4/24 assigned=248
transport: canary vendor 'decodo_patchright'
2026-08-03 06:30:14,741 INFO vendor decodo_patchright: 50 prox(y/ies), sticky session re-minted -> session-cap1785753014w4
captured=0 skipped=248 failed=0
EXIT=0
EXIT=0
EXIT=0
2026-08-03 06:30:54,604 WARNING challenge not cleared for contest_id=255413 -- bundle not written
captured=0 skipped=247 failed=1
EXIT=0
