pending=5972 shard=15/24 assigned=249
transport: canary vendor 'decodo_patchright'
pending=5972 shard=16/24 assigned=249
transport: canary vendor 'decodo_patchright'
pending=5972 shard=18/24 assigned=249
transport: canary vendor 'decodo_patchright'
pending=5972 shard=17/24 assigned=249
transport: canary vendor 'decodo_patchright'
pending=5972 shard=13/24 assigned=249
transport: canary vendor 'decodo_patchright'
2026-08-02 23:37:05,179 INFO vendor decodo_patchright: 50 prox(y/ies), sticky session re-minted -> session-cap1785728225w13
pending=5972 shard=20/24 assigned=248
transport: canary vendor 'decodo_patchright'
pending=5972 shard=21/24 assigned=248
transport: canary vendor 'decodo_patchright'
2026-08-02 23:37:05,179 INFO vendor decodo_patchright: 50 prox(y/ies), sticky session re-minted -> session-cap1785728225w21
2026-08-02 23:37:05,179 INFO vendor decodo_patchright: 50 prox(y/ies), sticky session re-minted -> session-cap1785728225w20
2026-08-02 23:37:05,179 INFO vendor decodo_patchright: 50 prox(y/ies), sticky session re-minted -> session-cap1785728225w15
2026-08-02 23:37:05,179 INFO vendor decodo_patchright: 50 prox(y/ies), sticky session re-minted -> session-cap1785728225w18
2026-08-02 23:37:05,186 INFO vendor decodo_patchright: 50 prox(y/ies), sticky session re-minted -> session-cap1785728225w17
2026-08-02 23:37:05,179 INFO vendor decodo_patchright: 50 prox(y/ies), sticky session re-minted -> session-cap1785728225w16
captured=0 skipped=249 failed=0
captured=0 skipped=249 failed=0
captured=0 skipped=249 failed=0
captured=0 skipped=249 failed=0
captured=0 skipped=248 failed=0
captured=0 skipped=248 failed=0
pending=5972 shard=22/24 assigned=248
transport: canary vendor 'decodo_patchright'
2026-08-02 23:37:05,351 INFO vendor decodo_patchright: 50 prox(y/ies), sticky session re-minted -> session-cap1785728225w22
captured=0 skipped=248 failed=0
pending=5972 shard=23/24 assigned=248
transport: canary vendor 'decodo_patchright'
2026-08-02 23:37:05,518 INFO vendor decodo_patchright: 50 prox(y/ies), sticky session re-minted -> session-cap1785728225w23
pending=5972 shard=9/24 assigned=249
transport: canary vendor 'decodo_patchright'
pending=5972 shard=19/24 assigned=249
transport: canary vendor 'decodo_patchright'
2026-08-02 23:37:05,531 INFO vendor decodo_patchright: 50 prox(y/ies), sticky session re-minted -> session-cap1785728225w19
captured=0 skipped=249 failed=0
2026-08-02 23:37:05,552 INFO vendor decodo_patchright: 50 prox(y/ies), sticky session re-minted -> session-cap1785728225w9
captured=0 skipped=248 failed=0
captured=0 skipped=249 failed=0
pending=5972 shard=14/24 assigned=249
transport: canary vendor 'decodo_patchright'
2026-08-02 23:37:05,775 INFO vendor decodo_patchright: 50 prox(y/ies), sticky session re-minted -> session-cap1785728225w14
captured=0 skipped=249 failed=0
EXIT=0
EXIT=0
EXIT=0
EXIT=0
EXIT=0
EXIT=0
EXIT=0
EXIT=0
EXIT=0
EXIT=0
EXIT=0
2026-08-02 23:38:06,151 WARNING challenge not cleared for contest_id=191814 -- bundle not written
captured=0 skipped=248 failed=1
EXIT=0
