pending=5950 shard=8/23 assigned=259
transport: canary vendor 'decodo_patchright'
2026-08-11 21:32:27,871 INFO vendor decodo_patchright: 50 prox(y/ies), sticky session re-minted -> session-cap1786498347w8
captured=0 skipped=259 failed=0
pending=5950 shard=10/23 assigned=259
transport: canary vendor 'decodo_patchright'
2026-08-11 21:32:27,999 INFO vendor decodo_patchright: 50 prox(y/ies), sticky session re-minted -> session-cap1786498347w10
pending=5950 shard=12/23 assigned=259
transport: canary vendor 'decodo_patchright'
captured=0 skipped=259 failed=0
pending=5950 shard=19/23 assigned=258
transport: canary vendor 'decodo_patchright'
pending=5950 shard=16/23 assigned=258
transport: canary vendor 'decodo_patchright'
2026-08-11 21:32:28,250 INFO vendor decodo_patchright: 50 prox(y/ies), sticky session re-minted -> session-cap1786498348w12
captured=0 skipped=259 failed=0
2026-08-11 21:32:28,308 INFO vendor decodo_patchright: 50 prox(y/ies), sticky session re-minted -> session-cap1786498348w19
captured=0 skipped=258 failed=0
2026-08-11 21:32:28,384 INFO vendor decodo_patchright: 50 prox(y/ies), sticky session re-minted -> session-cap1786498348w16
captured=0 skipped=258 failed=0
EXIT=0
pending=5950 shard=13/23 assigned=259
transport: canary vendor 'decodo_patchright'
2026-08-11 21:32:28,982 INFO vendor decodo_patchright: 50 prox(y/ies), sticky session re-minted -> session-cap1786498348w13
captured=0 skipped=259 failed=0
pending=5950 shard=20/23 assigned=258
transport: canary vendor 'decodo_patchright'
pending=5950 shard=14/23 assigned=259
transport: canary vendor 'decodo_patchright'
EXIT=0
2026-08-11 21:32:29,098 INFO vendor decodo_patchright: 50 prox(y/ies), sticky session re-minted -> session-cap1786498349w14
2026-08-11 21:32:29,097 INFO vendor decodo_patchright: 50 prox(y/ies), sticky session re-minted -> session-cap1786498349w20
EXIT=0
captured=0 skipped=259 failed=0
captured=0 skipped=258 failed=0
EXIT=0
pending=5950 shard=15/23 assigned=259
transport: canary vendor 'decodo_patchright'
2026-08-11 21:32:29,202 INFO vendor decodo_patchright: 50 prox(y/ies), sticky session re-minted -> session-cap1786498349w15
EXIT=0
captured=0 skipped=259 failed=0
pending=5950 shard=22/23 assigned=258
transport: canary vendor 'decodo_patchright'
2026-08-11 21:32:29,237 INFO vendor decodo_patchright: 50 prox(y/ies), sticky session re-minted -> session-cap1786498349w22
captured=0 skipped=258 failed=0
pending=5950 shard=18/23 assigned=258
transport: canary vendor 'decodo_patchright'
2026-08-11 21:32:29,291 INFO vendor decodo_patchright: 50 prox(y/ies), sticky session re-minted -> session-cap1786498349w18
captured=0 skipped=258 failed=0
pending=5950 shard=11/23 assigned=259
transport: canary vendor 'decodo_patchright'
2026-08-11 21:32:29,334 INFO vendor decodo_patchright: 50 prox(y/ies), sticky session re-minted -> session-cap1786498349w11
captured=0 skipped=259 failed=0
pending=5950 shard=9/23 assigned=259
transport: canary vendor 'decodo_patchright'
2026-08-11 21:32:29,363 INFO vendor decodo_patchright: 50 prox(y/ies), sticky session re-minted -> session-cap1786498349w9
captured=0 skipped=259 failed=0
pending=5950 shard=17/23 assigned=258
transport: canary vendor 'decodo_patchright'
2026-08-11 21:32:29,402 INFO vendor decodo_patchright: 50 prox(y/ies), sticky session re-minted -> session-cap1786498349w17
captured=0 skipped=258 failed=0
pending=5950 shard=21/23 assigned=258
transport: canary vendor 'decodo_patchright'
2026-08-11 21:32:29,480 INFO vendor decodo_patchright: 50 prox(y/ies), sticky session re-minted -> session-cap1786498349w21
captured=0 skipped=258 failed=0
EXIT=0
EXIT=0
EXIT=0
EXIT=0
EXIT=0
EXIT=0
EXIT=0
EXIT=0
EXIT=0
EXIT=0
