pending=5950 shard=0/24 assigned=248
transport: canary vendor 'decodo_patchright'
pending=5950 shard=2/24 assigned=248
transport: canary vendor 'decodo_patchright'
pending=5950 shard=3/24 assigned=248
transport: canary vendor 'decodo_patchright'
2026-08-03 05:32:35,333 INFO vendor decodo_patchright: 50 prox(y/ies), sticky session re-minted -> session-cap1785749555w3
2026-08-03 05:32:35,328 INFO vendor decodo_patchright: 50 prox(y/ies), sticky session re-minted -> session-cap1785749555w0
2026-08-03 05:32:35,338 INFO vendor decodo_patchright: 50 prox(y/ies), sticky session re-minted -> session-cap1785749555w2
pending=5950 shard=1/24 assigned=248
transport: canary vendor 'decodo_patchright'
2026-08-03 05:32:35,359 INFO vendor decodo_patchright: 50 prox(y/ies), sticky session re-minted -> session-cap1785749555w1
captured=0 skipped=248 failed=0
captured=0 skipped=248 failed=0
captured=0 skipped=248 failed=0
EXIT=0
EXIT=0
EXIT=0
2026-08-03 05:33:14,352 WARNING challenge not cleared for contest_id=255413 -- bundle not written
captured=0 skipped=247 failed=1
EXIT=0
