pending=5775 shard=1/24 assigned=241
transport: canary vendor 'decodo_patchright'
2026-08-04 13:54:40,057 INFO vendor decodo_patchright: 50 prox(y/ies), sticky session re-minted -> session-cap1785866080w1
pending=5775 shard=4/24 assigned=241
transport: canary vendor 'decodo_patchright'
2026-08-04 13:54:40,482 INFO vendor decodo_patchright: 50 prox(y/ies), sticky session re-minted -> session-cap1785866080w4
captured=0 skipped=241 failed=0
pending=5775 shard=5/24 assigned=241
transport: canary vendor 'decodo_patchright'
2026-08-04 13:54:40,525 INFO vendor decodo_patchright: 50 prox(y/ies), sticky session re-minted -> session-cap1785866080w5
captured=0 skipped=241 failed=0
pending=5775 shard=3/24 assigned=241
transport: canary vendor 'decodo_patchright'
2026-08-04 13:54:40,590 INFO vendor decodo_patchright: 50 prox(y/ies), sticky session re-minted -> session-cap1785866080w3
captured=0 skipped=241 failed=0
pending=5775 shard=6/24 assigned=241
transport: canary vendor 'decodo_patchright'
pending=5775 shard=2/24 assigned=241
transport: canary vendor 'decodo_patchright'
2026-08-04 13:54:41,069 INFO vendor decodo_patchright: 50 prox(y/ies), sticky session re-minted -> session-cap1785866081w2
captured=0 skipped=241 failed=0
2026-08-04 13:54:41,073 INFO vendor decodo_patchright: 50 prox(y/ies), sticky session re-minted -> session-cap1785866081w6
captured=0 skipped=241 failed=0
EXIT=0
EXIT=0
EXIT=0
EXIT=0
pending=5775 shard=0/24 assigned=241
transport: canary vendor 'decodo_patchright'
EXIT=0
2026-08-04 13:54:42,824 INFO vendor decodo_patchright: 50 prox(y/ies), sticky session re-minted -> session-cap1785866082w0
captured=0 skipped=241 failed=0
EXIT=0
2026-08-04 13:55:17,856 WARNING challenge not cleared for contest_id=825520 -- bundle not written
captured=0 skipped=240 failed=1
EXIT=0
