pending=5950 shard=2/24 assigned=248
transport: canary vendor 'decodo_patchright'
2026-08-03 12:18:29,530 INFO vendor decodo_patchright: 50 prox(y/ies), sticky session re-minted -> session-cap1785773909w2
captured=0 skipped=248 failed=0
pending=5950 shard=3/24 assigned=248
transport: canary vendor 'decodo_patchright'
2026-08-03 12:18:29,848 INFO vendor decodo_patchright: 50 prox(y/ies), sticky session re-minted -> session-cap1785773909w3
captured=0 skipped=248 failed=0
pending=5950 shard=9/24 assigned=248
transport: canary vendor 'decodo_patchright'
2026-08-03 12:18:30,222 INFO vendor decodo_patchright: 50 prox(y/ies), sticky session re-minted -> session-cap1785773910w9
captured=0 skipped=248 failed=0
pending=5950 shard=1/24 assigned=248
transport: canary vendor 'decodo_patchright'
2026-08-03 12:18:30,674 INFO vendor decodo_patchright: 50 prox(y/ies), sticky session re-minted -> session-cap1785773910w1
captured=0 skipped=248 failed=0
pending=5950 shard=10/24 assigned=248
transport: canary vendor 'decodo_patchright'
2026-08-03 12:18:30,753 INFO vendor decodo_patchright: 50 prox(y/ies), sticky session re-minted -> session-cap1785773910w10
pending=5950 shard=4/24 assigned=248
transport: canary vendor 'decodo_patchright'
2026-08-03 12:18:30,769 INFO vendor decodo_patchright: 50 prox(y/ies), sticky session re-minted -> session-cap1785773910w4
captured=0 skipped=248 failed=0
captured=0 skipped=248 failed=0
pending=5950 shard=5/24 assigned=248
transport: canary vendor 'decodo_patchright'
2026-08-03 12:18:30,806 INFO vendor decodo_patchright: 50 prox(y/ies), sticky session re-minted -> session-cap1785773910w5
captured=0 skipped=248 failed=0
pending=5950 shard=0/24 assigned=248
transport: canary vendor 'decodo_patchright'
pending=5950 shard=7/24 assigned=248
transport: canary vendor 'decodo_patchright'
2026-08-03 12:18:30,867 INFO vendor decodo_patchright: 50 prox(y/ies), sticky session re-minted -> session-cap1785773910w7
2026-08-03 12:18:30,837 INFO vendor decodo_patchright: 50 prox(y/ies), sticky session re-minted -> session-cap1785773910w0
captured=0 skipped=248 failed=0
EXIT=0
EXIT=0
EXIT=0
EXIT=0
EXIT=0
pending=5950 shard=13/24 assigned=248
transport: canary vendor 'decodo_patchright'
pending=5950 shard=23/24 assigned=247
transport: canary vendor 'decodo_patchright'
2026-08-03 12:18:31,868 INFO vendor decodo_patchright: 50 prox(y/ies), sticky session re-minted -> session-cap1785773911w13
2026-08-03 12:18:31,877 INFO vendor decodo_patchright: 50 prox(y/ies), sticky session re-minted -> session-cap1785773911w23
captured=0 skipped=248 failed=0
pending=5950 shard=6/24 assigned=248
transport: canary vendor 'decodo_patchright'
pending=5950 shard=16/24 assigned=248
transport: canary vendor 'decodo_patchright'
captured=0 skipped=247 failed=0
2026-08-03 12:18:31,916 INFO vendor decodo_patchright: 50 prox(y/ies), sticky session re-minted -> session-cap1785773911w16
2026-08-03 12:18:31,912 INFO vendor decodo_patchright: 50 prox(y/ies), sticky session re-minted -> session-cap1785773911w6
captured=0 skipped=248 failed=0
captured=0 skipped=248 failed=0
pending=5950 shard=17/24 assigned=248
transport: canary vendor 'decodo_patchright'
2026-08-03 12:18:31,967 INFO vendor decodo_patchright: 50 prox(y/ies), sticky session re-minted -> session-cap1785773911w17
EXIT=0
captured=0 skipped=248 failed=0
pending=5950 shard=18/24 assigned=248
transport: canary vendor 'decodo_patchright'
2026-08-03 12:18:32,026 INFO vendor decodo_patchright: 50 prox(y/ies), sticky session re-minted -> session-cap1785773912w18
pending=5950 shard=8/24 assigned=248
transport: canary vendor 'decodo_patchright'
EXIT=0
pending=5950 shard=14/24 assigned=248
transport: canary vendor 'decodo_patchright'
2026-08-03 12:18:32,047 INFO vendor decodo_patchright: 50 prox(y/ies), sticky session re-minted -> session-cap1785773912w8
2026-08-03 12:18:32,064 INFO vendor decodo_patchright: 50 prox(y/ies), sticky session re-minted -> session-cap1785773912w14
captured=0 skipped=248 failed=0
pending=5950 shard=12/24 assigned=248
transport: canary vendor 'decodo_patchright'
captured=0 skipped=248 failed=0
EXIT=0
2026-08-03 12:18:32,077 INFO vendor decodo_patchright: 50 prox(y/ies), sticky session re-minted -> session-cap1785773912w12
pending=5950 shard=20/24 assigned=248
transport: canary vendor 'decodo_patchright'
captured=0 skipped=248 failed=0
2026-08-03 12:18:32,117 INFO vendor decodo_patchright: 50 prox(y/ies), sticky session re-minted -> session-cap1785773912w20
pending=5950 shard=15/24 assigned=248
transport: canary vendor 'decodo_patchright'
captured=0 skipped=248 failed=0
2026-08-03 12:18:32,141 INFO vendor decodo_patchright: 50 prox(y/ies), sticky session re-minted -> session-cap1785773912w15
captured=0 skipped=248 failed=0
pending=5950 shard=22/24 assigned=247
transport: canary vendor 'decodo_patchright'
2026-08-03 12:18:32,174 INFO vendor decodo_patchright: 50 prox(y/ies), sticky session re-minted -> session-cap1785773912w22
pending=5950 shard=11/24 assigned=248
transport: canary vendor 'decodo_patchright'
2026-08-03 12:18:32,277 INFO vendor decodo_patchright: 50 prox(y/ies), sticky session re-minted -> session-cap1785773912w11
captured=0 skipped=248 failed=0
pending=5950 shard=21/24 assigned=248
transport: canary vendor 'decodo_patchright'
2026-08-03 12:18:32,350 INFO vendor decodo_patchright: 50 prox(y/ies), sticky session re-minted -> session-cap1785773912w21
captured=0 skipped=248 failed=0
pending=5950 shard=19/24 assigned=248
transport: canary vendor 'decodo_patchright'
2026-08-03 12:18:32,407 INFO vendor decodo_patchright: 50 prox(y/ies), sticky session re-minted -> session-cap1785773912w19
captured=0 skipped=248 failed=0
EXIT=0
EXIT=0
EXIT=0
EXIT=0
EXIT=0
EXIT=0
EXIT=0
EXIT=0
EXIT=0
EXIT=0
EXIT=0
EXIT=0
EXIT=0
2026-08-03 12:19:09,711 WARNING challenge not cleared for contest_id=255413 -- bundle not written
captured=0 skipped=247 failed=1
EXIT=0
2026-08-03 12:44:59,111 ERROR BAN-SUSPECT: hard-stopping capture at contest_id=255058: NCAA fetch failed after rotating proxies: https://stats.ncaa.org/contests/255058/play_by_play: patchright: bm-verify not passed after 3 attempts (643-byte body)
BAN-SUSPECT: capture halted at contest_id=255058: NCAA fetch failed after rotating proxies: https://stats.ncaa.org/contests/255058/play_by_play: patchright: bm-verify not passed after 3 attempts (643-byte body)
EXIT=1
2026-08-03 12:45:21,651 ERROR BAN-SUSPECT: hard-stopping capture at contest_id=241423: NCAA fetch failed after rotating proxies: https://stats.ncaa.org/contests/241423/play_by_play: patchright: bm-verify not passed after 3 attempts (643-byte body)
BAN-SUSPECT: capture halted at contest_id=241423: NCAA fetch failed after rotating proxies: https://stats.ncaa.org/contests/241423/play_by_play: patchright: bm-verify not passed after 3 attempts (643-byte body)
EXIT=1
