pending=6222 shard=2/24 assigned=260
transport: canary vendor 'decodo_patchright'
pending=6222 shard=0/24 assigned=260
transport: canary vendor 'decodo_patchright'
pending=6222 shard=3/24 assigned=260
transport: canary vendor 'decodo_patchright'
pending=6222 shard=8/24 assigned=259
transport: canary vendor 'decodo_patchright'
pending=6222 shard=13/24 assigned=259
transport: canary vendor 'decodo_patchright'
pending=6222 shard=1/24 assigned=260
transport: canary vendor 'decodo_patchright'
pending=6222 shard=12/24 assigned=259
transport: canary vendor 'decodo_patchright'
pending=6222 shard=9/24 assigned=259
transport: canary vendor 'decodo_patchright'
pending=6222 shard=11/24 assigned=259
transport: canary vendor 'decodo_patchright'
pending=6222 shard=4/24 assigned=260
transport: canary vendor 'decodo_patchright'
pending=6222 shard=10/24 assigned=259
transport: canary vendor 'decodo_patchright'
pending=6222 shard=16/24 assigned=259
transport: canary vendor 'decodo_patchright'
pending=6222 shard=7/24 assigned=259
transport: canary vendor 'decodo_patchright'
pending=6222 shard=15/24 assigned=259
transport: canary vendor 'decodo_patchright'
pending=6222 shard=14/24 assigned=259
transport: canary vendor 'decodo_patchright'
pending=6222 shard=5/24 assigned=260
transport: canary vendor 'decodo_patchright'
pending=6222 shard=6/24 assigned=259
transport: canary vendor 'decodo_patchright'
2026-08-01 22:45:29,739 INFO vendor decodo_patchright: 50 prox(y/ies), sticky session re-minted -> session-cap1785638729w1
2026-08-01 22:45:30,201 INFO vendor decodo_patchright: 50 prox(y/ies), sticky session re-minted -> session-cap1785638730w2
2026-08-01 22:45:30,213 INFO vendor decodo_patchright: 50 prox(y/ies), sticky session re-minted -> session-cap1785638730w13
2026-08-01 22:45:30,810 INFO vendor decodo_patchright: 50 prox(y/ies), sticky session re-minted -> session-cap1785638730w0
2026-08-01 22:45:31,619 INFO vendor decodo_patchright: 50 prox(y/ies), sticky session re-minted -> session-cap1785638731w11
2026-08-01 22:45:32,111 INFO vendor decodo_patchright: 50 prox(y/ies), sticky session re-minted -> session-cap1785638732w9
2026-08-01 22:45:32,120 INFO vendor decodo_patchright: 50 prox(y/ies), sticky session re-minted -> session-cap1785638732w15
2026-08-01 22:45:32,178 INFO vendor decodo_patchright: 50 prox(y/ies), sticky session re-minted -> session-cap1785638732w3
2026-08-01 22:45:32,342 INFO vendor decodo_patchright: 50 prox(y/ies), sticky session re-minted -> session-cap1785638732w8
2026-08-01 22:45:32,434 INFO vendor decodo_patchright: 50 prox(y/ies), sticky session re-minted -> session-cap1785638732w4
2026-08-01 22:45:32,958 INFO vendor decodo_patchright: 50 prox(y/ies), sticky session re-minted -> session-cap1785638732w14
2026-08-01 22:45:33,232 INFO vendor decodo_patchright: 50 prox(y/ies), sticky session re-minted -> session-cap1785638733w16
2026-08-01 22:45:33,294 INFO vendor decodo_patchright: 50 prox(y/ies), sticky session re-minted -> session-cap1785638733w12
2026-08-01 22:45:33,665 INFO vendor decodo_patchright: 50 prox(y/ies), sticky session re-minted -> session-cap1785638733w5
2026-08-01 22:45:34,112 INFO vendor decodo_patchright: 50 prox(y/ies), sticky session re-minted -> session-cap1785638734w6
2026-08-01 22:45:34,259 INFO vendor decodo_patchright: 50 prox(y/ies), sticky session re-minted -> session-cap1785638734w10
2026-08-01 22:45:34,588 INFO vendor decodo_patchright: 50 prox(y/ies), sticky session re-minted -> session-cap1785638734w7
2026-08-01 22:46:08,437 WARNING challenge not cleared for contest_id=2336004 -- bundle not written
captured=167 skipped=92 failed=0
EXIT=0
captured=168 skipped=91 failed=0
captured=169 skipped=90 failed=0
EXIT=0
EXIT=0
captured=169 skipped=90 failed=0
EXIT=0
captured=168 skipped=92 failed=0
EXIT=0
captured=168 skipped=91 failed=0
EXIT=0
captured=168 skipped=92 failed=0
captured=170 skipped=90 failed=0
EXIT=0
EXIT=0
captured=169 skipped=90 failed=0
EXIT=0
captured=169 skipped=91 failed=0
EXIT=0
captured=169 skipped=90 failed=0
EXIT=0
captured=170 skipped=89 failed=0
EXIT=0
captured=172 skipped=88 failed=0
EXIT=0
captured=169 skipped=89 failed=1
EXIT=0
captured=171 skipped=88 failed=0
EXIT=0
captured=172 skipped=88 failed=0
EXIT=0
captured=171 skipped=88 failed=0
EXIT=0
