pending=5814 shard=11/23 assigned=253
transport: canary vendor 'decodo_patchright'
2026-08-11 21:48:22,853 INFO vendor decodo_patchright: 50 prox(y/ies), sticky session re-minted -> session-cap1786499302w11
pending=5814 shard=3/23 assigned=253
transport: canary vendor 'decodo_patchright'
2026-08-11 21:48:22,864 INFO vendor decodo_patchright: 50 prox(y/ies), sticky session re-minted -> session-cap1786499302w3
captured=0 skipped=253 failed=0
captured=0 skipped=253 failed=0
pending=5814 shard=1/23 assigned=253
transport: canary vendor 'decodo_patchright'
2026-08-11 21:48:24,261 INFO vendor decodo_patchright: 50 prox(y/ies), sticky session re-minted -> session-cap1786499304w1
pending=5814 shard=13/23 assigned=253
transport: canary vendor 'decodo_patchright'
2026-08-11 21:48:24,451 INFO vendor decodo_patchright: 50 prox(y/ies), sticky session re-minted -> session-cap1786499304w13
captured=0 skipped=253 failed=0
pending=5814 shard=4/23 assigned=253
transport: canary vendor 'decodo_patchright'
2026-08-11 21:48:24,542 INFO vendor decodo_patchright: 50 prox(y/ies), sticky session re-minted -> session-cap1786499304w4
captured=0 skipped=253 failed=0
pending=5814 shard=9/23 assigned=253
transport: canary vendor 'decodo_patchright'
2026-08-11 21:48:24,952 INFO vendor decodo_patchright: 50 prox(y/ies), sticky session re-minted -> session-cap1786499304w9
captured=0 skipped=253 failed=0
pending=5814 shard=8/23 assigned=253
transport: canary vendor 'decodo_patchright'
2026-08-11 21:48:25,477 INFO vendor decodo_patchright: 50 prox(y/ies), sticky session re-minted -> session-cap1786499305w8
captured=0 skipped=253 failed=0
EXIT=0
pending=5814 shard=5/23 assigned=253
transport: canary vendor 'decodo_patchright'
2026-08-11 21:48:25,785 INFO vendor decodo_patchright: 50 prox(y/ies), sticky session re-minted -> session-cap1786499305w5
captured=0 skipped=253 failed=0
EXIT=0
EXIT=0
pending=5814 shard=20/23 assigned=252
transport: canary vendor 'decodo_patchright'
2026-08-11 21:48:25,928 INFO vendor decodo_patchright: 50 prox(y/ies), sticky session re-minted -> session-cap1786499305w20
captured=0 skipped=252 failed=0
pending=5814 shard=7/23 assigned=253
transport: canary vendor 'decodo_patchright'
2026-08-11 21:48:26,236 INFO vendor decodo_patchright: 50 prox(y/ies), sticky session re-minted -> session-cap1786499306w7
pending=5814 shard=0/23 assigned=253
transport: canary vendor 'decodo_patchright'
2026-08-11 21:48:26,380 INFO vendor decodo_patchright: 50 prox(y/ies), sticky session re-minted -> session-cap1786499306w0
captured=0 skipped=253 failed=0
EXIT=0
EXIT=0
EXIT=0
EXIT=0
pending=5814 shard=16/23 assigned=253
transport: canary vendor 'decodo_patchright'
2026-08-11 21:48:26,778 INFO vendor decodo_patchright: 50 prox(y/ies), sticky session re-minted -> session-cap1786499306w16
captured=0 skipped=253 failed=0
pending=5814 shard=2/23 assigned=253
transport: canary vendor 'decodo_patchright'
2026-08-11 21:48:26,815 INFO vendor decodo_patchright: 50 prox(y/ies), sticky session re-minted -> session-cap1786499306w2
captured=0 skipped=253 failed=0
pending=5814 shard=15/23 assigned=253
transport: canary vendor 'decodo_patchright'
2026-08-11 21:48:26,854 INFO vendor decodo_patchright: 50 prox(y/ies), sticky session re-minted -> session-cap1786499306w15
captured=0 skipped=253 failed=0
EXIT=0
pending=5814 shard=18/23 assigned=252
transport: canary vendor 'decodo_patchright'
2026-08-11 21:48:27,103 INFO vendor decodo_patchright: 50 prox(y/ies), sticky session re-minted -> session-cap1786499307w18
pending=5814 shard=14/23 assigned=253
transport: canary vendor 'decodo_patchright'
captured=0 skipped=252 failed=0
EXIT=0
2026-08-11 21:48:27,142 INFO vendor decodo_patchright: 50 prox(y/ies), sticky session re-minted -> session-cap1786499307w14
pending=5814 shard=12/23 assigned=253
transport: canary vendor 'decodo_patchright'
2026-08-11 21:48:27,212 INFO vendor decodo_patchright: 50 prox(y/ies), sticky session re-minted -> session-cap1786499307w12
captured=0 skipped=253 failed=0
pending=5814 shard=21/23 assigned=252
transport: canary vendor 'decodo_patchright'
pending=5814 shard=19/23 assigned=252
transport: canary vendor 'decodo_patchright'
2026-08-11 21:48:27,268 INFO vendor decodo_patchright: 50 prox(y/ies), sticky session re-minted -> session-cap1786499307w19
2026-08-11 21:48:27,269 INFO vendor decodo_patchright: 50 prox(y/ies), sticky session re-minted -> session-cap1786499307w21
captured=0 skipped=252 failed=0
captured=0 skipped=252 failed=0
pending=5814 shard=17/23 assigned=253
transport: canary vendor 'decodo_patchright'
2026-08-11 21:48:27,365 INFO vendor decodo_patchright: 50 prox(y/ies), sticky session re-minted -> session-cap1786499307w17
captured=0 skipped=253 failed=0
pending=5814 shard=6/23 assigned=253
transport: canary vendor 'decodo_patchright'
pending=5814 shard=10/23 assigned=253
transport: canary vendor 'decodo_patchright'
2026-08-11 21:48:27,398 INFO vendor decodo_patchright: 50 prox(y/ies), sticky session re-minted -> session-cap1786499307w6
captured=0 skipped=253 failed=0
2026-08-11 21:48:27,421 INFO vendor decodo_patchright: 50 prox(y/ies), sticky session re-minted -> session-cap1786499307w10
captured=0 skipped=253 failed=0
EXIT=0
EXIT=0
EXIT=0
EXIT=0
EXIT=0
EXIT=0
EXIT=0
EXIT=0
EXIT=0
EXIT=0
2026-08-11 21:49:00,062 WARNING challenge not cleared for contest_id=743579 -- bundle not written
2026-08-11 21:49:01,745 WARNING challenge not cleared for contest_id=743119 -- bundle not written
2026-08-11 21:49:02,018 WARNING challenge not cleared for contest_id=739795 -- bundle not written
captured=0 skipped=252 failed=1
EXIT=0
2026-08-11 21:49:31,399 WARNING challenge not cleared for contest_id=748387 -- bundle not written
captured=0 skipped=251 failed=2
EXIT=0
2026-08-11 21:49:33,063 WARNING challenge not cleared for contest_id=751314 -- bundle not written
captured=0 skipped=251 failed=2
EXIT=0
