pending=5932 shard=2/23 assigned=258
transport: canary vendor 'decodo_patchright'
2026-08-11 21:33:24,902 INFO vendor decodo_patchright: 50 prox(y/ies), sticky session re-minted -> session-cap1786498404w2
captured=0 skipped=258 failed=0
pending=5932 shard=3/23 assigned=258
transport: canary vendor 'decodo_patchright'
2026-08-11 21:33:25,047 INFO vendor decodo_patchright: 50 prox(y/ies), sticky session re-minted -> session-cap1786498405w3
captured=0 skipped=258 failed=0
pending=5932 shard=0/23 assigned=258
transport: canary vendor 'decodo_patchright'
2026-08-11 21:33:25,344 INFO vendor decodo_patchright: 50 prox(y/ies), sticky session re-minted -> session-cap1786498405w0
captured=0 skipped=258 failed=0
pending=5932 shard=1/23 assigned=258
transport: canary vendor 'decodo_patchright'
2026-08-11 21:33:25,662 INFO vendor decodo_patchright: 50 prox(y/ies), sticky session re-minted -> session-cap1786498405w1
pending=5932 shard=5/23 assigned=258
transport: canary vendor 'decodo_patchright'
2026-08-11 21:33:26,282 INFO vendor decodo_patchright: 50 prox(y/ies), sticky session re-minted -> session-cap1786498406w5
captured=0 skipped=258 failed=0
EXIT=0
pending=5932 shard=6/23 assigned=258
transport: canary vendor 'decodo_patchright'
2026-08-11 21:33:27,278 INFO vendor decodo_patchright: 50 prox(y/ies), sticky session re-minted -> session-cap1786498407w6
captured=0 skipped=258 failed=0
EXIT=0
EXIT=0
EXIT=0
pending=5932 shard=4/23 assigned=258
transport: canary vendor 'decodo_patchright'
2026-08-11 21:33:28,118 INFO vendor decodo_patchright: 50 prox(y/ies), sticky session re-minted -> session-cap1786498408w4
EXIT=0
2026-08-11 21:34:00,094 WARNING challenge not cleared for contest_id=519177 -- bundle not written
captured=0 skipped=257 failed=1
EXIT=0
2026-08-11 21:34:04,754 WARNING challenge not cleared for contest_id=525116 -- bundle not written
captured=0 skipped=257 failed=1
EXIT=0
