pending=5972 shard=2/24 assigned=249
transport: canary vendor 'decodo_patchright'
pending=5972 shard=0/24 assigned=249
transport: canary vendor 'decodo_patchright'
pending=5972 shard=1/24 assigned=249
transport: canary vendor 'decodo_patchright'
pending=5972 shard=3/24 assigned=249
transport: canary vendor 'decodo_patchright'
2026-08-02 22:39:10,874 INFO vendor decodo_patchright: 50 prox(y/ies), sticky session re-minted -> session-cap1785724750w0
captured=0 skipped=249 failed=0
2026-08-02 22:39:10,904 INFO vendor decodo_patchright: 50 prox(y/ies), sticky session re-minted -> session-cap1785724750w2
captured=0 skipped=249 failed=0
pending=5972 shard=6/24 assigned=249
transport: canary vendor 'decodo_patchright'
2026-08-02 22:39:11,120 INFO vendor decodo_patchright: 50 prox(y/ies), sticky session re-minted -> session-cap1785724751w1
captured=0 skipped=249 failed=0
pending=5972 shard=7/24 assigned=249
transport: canary vendor 'decodo_patchright'
2026-08-02 22:39:11,188 INFO vendor decodo_patchright: 50 prox(y/ies), sticky session re-minted -> session-cap1785724751w7
2026-08-02 22:39:11,182 INFO vendor decodo_patchright: 50 prox(y/ies), sticky session re-minted -> session-cap1785724751w3
2026-08-02 22:39:11,179 INFO vendor decodo_patchright: 50 prox(y/ies), sticky session re-minted -> session-cap1785724751w6
captured=0 skipped=249 failed=0
captured=0 skipped=249 failed=0
captured=0 skipped=249 failed=0
pending=5972 shard=12/24 assigned=249
transport: canary vendor 'decodo_patchright'
2026-08-02 22:39:11,250 INFO vendor decodo_patchright: 50 prox(y/ies), sticky session re-minted -> session-cap1785724751w12
captured=0 skipped=249 failed=0
pending=5972 shard=9/24 assigned=249
transport: canary vendor 'decodo_patchright'
pending=5972 shard=8/24 assigned=249
transport: canary vendor 'decodo_patchright'
2026-08-02 22:39:11,531 INFO vendor decodo_patchright: 50 prox(y/ies), sticky session re-minted -> session-cap1785724751w8
2026-08-02 22:39:11,547 INFO vendor decodo_patchright: 50 prox(y/ies), sticky session re-minted -> session-cap1785724751w9
captured=0 skipped=249 failed=0
captured=0 skipped=249 failed=0
EXIT=0
pending=5972 shard=5/24 assigned=249
transport: canary vendor 'decodo_patchright'
2026-08-02 22:39:11,815 INFO vendor decodo_patchright: 50 prox(y/ies), sticky session re-minted -> session-cap1785724751w5
EXIT=0
pending=5972 shard=4/24 assigned=249
transport: canary vendor 'decodo_patchright'
2026-08-02 22:39:11,933 INFO vendor decodo_patchright: 50 prox(y/ies), sticky session re-minted -> session-cap1785724751w4
captured=0 skipped=249 failed=0
EXIT=0
EXIT=0
EXIT=0
EXIT=0
EXIT=0
EXIT=0
EXIT=0
EXIT=0
2026-08-02 23:06:41,861 ERROR BAN-SUSPECT: hard-stopping capture at contest_id=186306: NCAA fetch failed after rotating proxies: https://stats.ncaa.org/contests/186306/play_by_play: patchright: bm-verify not passed after 3 attempts (643-byte body)
BAN-SUSPECT: capture halted at contest_id=186306: NCAA fetch failed after rotating proxies: https://stats.ncaa.org/contests/186306/play_by_play: patchright: bm-verify not passed after 3 attempts (643-byte body)
EXIT=1
