pending=5972 shard=5/24 assigned=249
transport: canary vendor 'decodo_patchright'
pending=5972 shard=4/24 assigned=249
transport: canary vendor 'decodo_patchright'
2026-08-02 21:41:40,521 INFO vendor decodo_patchright: 50 prox(y/ies), sticky session re-minted -> session-cap1785721300w4
2026-08-02 21:41:40,516 INFO vendor decodo_patchright: 50 prox(y/ies), sticky session re-minted -> session-cap1785721300w5
captured=0 skipped=249 failed=0
pending=5972 shard=1/24 assigned=249
transport: canary vendor 'decodo_patchright'
2026-08-02 21:41:41,332 INFO vendor decodo_patchright: 50 prox(y/ies), sticky session re-minted -> session-cap1785721301w1
captured=0 skipped=249 failed=0
pending=5972 shard=11/24 assigned=249
transport: canary vendor 'decodo_patchright'
2026-08-02 21:41:41,594 INFO vendor decodo_patchright: 50 prox(y/ies), sticky session re-minted -> session-cap1785721301w11
captured=0 skipped=249 failed=0
pending=5972 shard=0/24 assigned=249
transport: canary vendor 'decodo_patchright'
2026-08-02 21:41:42,253 INFO vendor decodo_patchright: 50 prox(y/ies), sticky session re-minted -> session-cap1785721302w0
captured=0 skipped=249 failed=0
pending=5972 shard=3/24 assigned=249
transport: canary vendor 'decodo_patchright'
2026-08-02 21:41:42,725 INFO vendor decodo_patchright: 50 prox(y/ies), sticky session re-minted -> session-cap1785721302w3
captured=0 skipped=249 failed=0
pending=5972 shard=9/24 assigned=249
transport: canary vendor 'decodo_patchright'
2026-08-02 21:41:42,734 INFO vendor decodo_patchright: 50 prox(y/ies), sticky session re-minted -> session-cap1785721302w9
captured=0 skipped=249 failed=0
EXIT=0
pending=5972 shard=2/24 assigned=249
transport: canary vendor 'decodo_patchright'
2026-08-02 21:41:42,860 INFO vendor decodo_patchright: 50 prox(y/ies), sticky session re-minted -> session-cap1785721302w2
captured=0 skipped=249 failed=0
EXIT=0
EXIT=0
EXIT=0
EXIT=0
EXIT=0
EXIT=0
pending=5972 shard=8/24 assigned=249
transport: canary vendor 'decodo_patchright'
2026-08-02 21:41:44,204 INFO vendor decodo_patchright: 50 prox(y/ies), sticky session re-minted -> session-cap1785721304w8
captured=0 skipped=249 failed=0
pending=5972 shard=7/24 assigned=249
transport: canary vendor 'decodo_patchright'
2026-08-02 21:41:44,457 INFO vendor decodo_patchright: 50 prox(y/ies), sticky session re-minted -> session-cap1785721304w7
pending=5972 shard=6/24 assigned=249
transport: canary vendor 'decodo_patchright'
captured=0 skipped=249 failed=0
2026-08-02 21:41:44,495 INFO vendor decodo_patchright: 50 prox(y/ies), sticky session re-minted -> session-cap1785721304w6
captured=0 skipped=249 failed=0
EXIT=0
EXIT=0
EXIT=0
2026-08-02 22:08:37,043 ERROR BAN-SUSPECT: hard-stopping capture at contest_id=186306: NCAA fetch failed after rotating proxies: https://stats.ncaa.org/contests/186306/play_by_play: patchright: bm-verify not passed after 3 attempts (643-byte body)
BAN-SUSPECT: capture halted at contest_id=186306: NCAA fetch failed after rotating proxies: https://stats.ncaa.org/contests/186306/play_by_play: patchright: bm-verify not passed after 3 attempts (643-byte body)
EXIT=1
