pending=5814 shard=17/24 assigned=242
transport: canary vendor 'decodo_patchright'
2026-08-04 02:14:17,033 INFO vendor decodo_patchright: 50 prox(y/ies), sticky session re-minted -> session-cap1785824057w17
captured=0 skipped=242 failed=0
pending=5814 shard=8/24 assigned=242
transport: canary vendor 'decodo_patchright'
2026-08-04 02:14:17,115 INFO vendor decodo_patchright: 50 prox(y/ies), sticky session re-minted -> session-cap1785824057w8
captured=0 skipped=242 failed=0
pending=5814 shard=12/24 assigned=242
transport: canary vendor 'decodo_patchright'
2026-08-04 02:14:17,173 INFO vendor decodo_patchright: 50 prox(y/ies), sticky session re-minted -> session-cap1785824057w12
captured=0 skipped=242 failed=0
pending=5814 shard=20/24 assigned=242
transport: canary vendor 'decodo_patchright'
2026-08-04 02:14:17,423 INFO vendor decodo_patchright: 50 prox(y/ies), sticky session re-minted -> session-cap1785824057w20
captured=0 skipped=242 failed=0
pending=5814 shard=7/24 assigned=242
transport: canary vendor 'decodo_patchright'
pending=5814 shard=11/24 assigned=242
transport: canary vendor 'decodo_patchright'
2026-08-04 02:14:17,721 INFO vendor decodo_patchright: 50 prox(y/ies), sticky session re-minted -> session-cap1785824057w11
captured=0 skipped=242 failed=0
2026-08-04 02:14:17,718 INFO vendor decodo_patchright: 50 prox(y/ies), sticky session re-minted -> session-cap1785824057w7
captured=0 skipped=242 failed=0
EXIT=0
pending=5814 shard=5/24 assigned=243
transport: canary vendor 'decodo_patchright'
2026-08-04 02:14:18,396 INFO vendor decodo_patchright: 50 prox(y/ies), sticky session re-minted -> session-cap1785824058w5
EXIT=0
EXIT=0
EXIT=0
pending=5814 shard=9/24 assigned=242
transport: canary vendor 'decodo_patchright'
2026-08-04 02:14:18,635 INFO vendor decodo_patchright: 50 prox(y/ies), sticky session re-minted -> session-cap1785824058w9
captured=0 skipped=242 failed=0
EXIT=0
pending=5814 shard=6/24 assigned=242
transport: canary vendor 'decodo_patchright'
pending=5814 shard=21/24 assigned=242
transport: canary vendor 'decodo_patchright'
2026-08-04 02:14:18,881 INFO vendor decodo_patchright: 50 prox(y/ies), sticky session re-minted -> session-cap1785824058w21
captured=0 skipped=242 failed=0
2026-08-04 02:14:18,916 INFO vendor decodo_patchright: 50 prox(y/ies), sticky session re-minted -> session-cap1785824058w6
captured=0 skipped=242 failed=0
pending=5814 shard=10/24 assigned=242
transport: canary vendor 'decodo_patchright'
pending=5814 shard=0/24 assigned=243
transport: canary vendor 'decodo_patchright'
2026-08-04 02:14:18,943 INFO vendor decodo_patchright: 50 prox(y/ies), sticky session re-minted -> session-cap1785824058w0
2026-08-04 02:14:18,944 INFO vendor decodo_patchright: 50 prox(y/ies), sticky session re-minted -> session-cap1785824058w10
captured=0 skipped=242 failed=0
captured=0 skipped=243 failed=0
pending=5814 shard=14/24 assigned=242
transport: canary vendor 'decodo_patchright'
2026-08-04 02:14:18,973 INFO vendor decodo_patchright: 50 prox(y/ies), sticky session re-minted -> session-cap1785824058w14
captured=0 skipped=242 failed=0
EXIT=0
pending=5814 shard=23/24 assigned=242
transport: canary vendor 'decodo_patchright'
2026-08-04 02:14:19,050 INFO vendor decodo_patchright: 50 prox(y/ies), sticky session re-minted -> session-cap1785824059w23
pending=5814 shard=18/24 assigned=242
transport: canary vendor 'decodo_patchright'
2026-08-04 02:14:19,056 INFO vendor decodo_patchright: 50 prox(y/ies), sticky session re-minted -> session-cap1785824059w18
pending=5814 shard=3/24 assigned=243
transport: canary vendor 'decodo_patchright'
captured=0 skipped=242 failed=0
2026-08-04 02:14:19,073 INFO vendor decodo_patchright: 50 prox(y/ies), sticky session re-minted -> session-cap1785824059w3
captured=0 skipped=243 failed=0
captured=0 skipped=242 failed=0
pending=5814 shard=2/24 assigned=243
transport: canary vendor 'decodo_patchright'
2026-08-04 02:14:19,119 INFO vendor decodo_patchright: 50 prox(y/ies), sticky session re-minted -> session-cap1785824059w2
captured=0 skipped=243 failed=0
pending=5814 shard=1/24 assigned=243
transport: canary vendor 'decodo_patchright'
pending=5814 shard=22/24 assigned=242
transport: canary vendor 'decodo_patchright'
2026-08-04 02:14:19,174 INFO vendor decodo_patchright: 50 prox(y/ies), sticky session re-minted -> session-cap1785824059w22
2026-08-04 02:14:19,179 INFO vendor decodo_patchright: 50 prox(y/ies), sticky session re-minted -> session-cap1785824059w1
captured=0 skipped=243 failed=0
captured=0 skipped=242 failed=0
pending=5814 shard=13/24 assigned=242
transport: canary vendor 'decodo_patchright'
2026-08-04 02:14:19,217 INFO vendor decodo_patchright: 50 prox(y/ies), sticky session re-minted -> session-cap1785824059w13
EXIT=0
pending=5814 shard=4/24 assigned=243
transport: canary vendor 'decodo_patchright'
2026-08-04 02:14:19,319 INFO vendor decodo_patchright: 50 prox(y/ies), sticky session re-minted -> session-cap1785824059w4
pending=5814 shard=16/24 assigned=242
transport: canary vendor 'decodo_patchright'
pending=5814 shard=19/24 assigned=242
transport: canary vendor 'decodo_patchright'
2026-08-04 02:14:19,351 INFO vendor decodo_patchright: 50 prox(y/ies), sticky session re-minted -> session-cap1785824059w19
2026-08-04 02:14:19,358 INFO vendor decodo_patchright: 50 prox(y/ies), sticky session re-minted -> session-cap1785824059w16
pending=5814 shard=15/24 assigned=242
transport: canary vendor 'decodo_patchright'
captured=0 skipped=242 failed=0
2026-08-04 02:14:19,392 INFO vendor decodo_patchright: 50 prox(y/ies), sticky session re-minted -> session-cap1785824059w15
EXIT=0
EXIT=0
EXIT=0
EXIT=0
EXIT=0
EXIT=0
EXIT=0
EXIT=0
EXIT=0
EXIT=0
EXIT=0
EXIT=0
2026-08-04 02:14:53,754 WARNING challenge not cleared for contest_id=748387 -- bundle not written
2026-08-04 02:14:53,838 WARNING challenge not cleared for contest_id=743579 -- bundle not written
captured=0 skipped=241 failed=1
captured=0 skipped=242 failed=1
EXIT=0
EXIT=0
2026-08-04 02:14:58,532 WARNING challenge not cleared for contest_id=743119 -- bundle not written
captured=0 skipped=241 failed=1
EXIT=0
2026-08-04 02:15:48,380 WARNING challenge not cleared for contest_id=739795 -- bundle not written
captured=0 skipped=242 failed=1
EXIT=0
2026-08-04 02:42:04,083 ERROR BAN-SUSPECT: hard-stopping capture at contest_id=739967: NCAA fetch failed after rotating proxies: https://stats.ncaa.org/contests/739967/play_by_play: patchright: bm-verify not passed after 3 attempts (643-byte body)
BAN-SUSPECT: capture halted at contest_id=739967: NCAA fetch failed after rotating proxies: https://stats.ncaa.org/contests/739967/play_by_play: patchright: bm-verify not passed after 3 attempts (643-byte body)
EXIT=1
