pending=5932 shard=17/23 assigned=258
transport: canary vendor 'decodo_patchright'
2026-08-11 21:33:26,948 INFO vendor decodo_patchright: 50 prox(y/ies), sticky session re-minted -> session-cap1786498406w17
captured=0 skipped=258 failed=0
pending=5932 shard=13/23 assigned=258
transport: canary vendor 'decodo_patchright'
2026-08-11 21:33:26,996 INFO vendor decodo_patchright: 50 prox(y/ies), sticky session re-minted -> session-cap1786498406w13
captured=0 skipped=258 failed=0
EXIT=0
EXIT=0
pending=5932 shard=14/23 assigned=258
transport: canary vendor 'decodo_patchright'
2026-08-11 21:33:28,112 INFO vendor decodo_patchright: 50 prox(y/ies), sticky session re-minted -> session-cap1786498408w14
pending=5932 shard=20/23 assigned=258
transport: canary vendor 'decodo_patchright'
captured=0 skipped=258 failed=0
pending=5932 shard=8/23 assigned=258
transport: canary vendor 'decodo_patchright'
2026-08-11 21:33:28,230 INFO vendor decodo_patchright: 50 prox(y/ies), sticky session re-minted -> session-cap1786498408w20
captured=0 skipped=258 failed=0
2026-08-11 21:33:28,260 INFO vendor decodo_patchright: 50 prox(y/ies), sticky session re-minted -> session-cap1786498408w8
pending=5932 shard=12/23 assigned=258
transport: canary vendor 'decodo_patchright'
pending=5932 shard=22/23 assigned=257
transport: canary vendor 'decodo_patchright'
2026-08-11 21:33:28,315 INFO vendor decodo_patchright: 50 prox(y/ies), sticky session re-minted -> session-cap1786498408w12
2026-08-11 21:33:28,319 INFO vendor decodo_patchright: 50 prox(y/ies), sticky session re-minted -> session-cap1786498408w22
captured=0 skipped=257 failed=0
captured=0 skipped=258 failed=0
pending=5932 shard=11/23 assigned=258
transport: canary vendor 'decodo_patchright'
2026-08-11 21:33:28,554 INFO vendor decodo_patchright: 50 prox(y/ies), sticky session re-minted -> session-cap1786498408w11
captured=0 skipped=258 failed=0
pending=5932 shard=16/23 assigned=258
transport: canary vendor 'decodo_patchright'
EXIT=0
2026-08-11 21:33:28,654 INFO vendor decodo_patchright: 50 prox(y/ies), sticky session re-minted -> session-cap1786498408w16
pending=5932 shard=7/23 assigned=258
transport: canary vendor 'decodo_patchright'
pending=5932 shard=10/23 assigned=258
transport: canary vendor 'decodo_patchright'
2026-08-11 21:33:28,657 INFO vendor decodo_patchright: 50 prox(y/ies), sticky session re-minted -> session-cap1786498408w10
captured=0 skipped=258 failed=0
captured=0 skipped=258 failed=0
2026-08-11 21:33:28,682 INFO vendor decodo_patchright: 50 prox(y/ies), sticky session re-minted -> session-cap1786498408w7
pending=5932 shard=19/23 assigned=258
transport: canary vendor 'decodo_patchright'
2026-08-11 21:33:28,717 INFO vendor decodo_patchright: 50 prox(y/ies), sticky session re-minted -> session-cap1786498408w19
captured=0 skipped=258 failed=0
EXIT=0
pending=5932 shard=21/23 assigned=257
transport: canary vendor 'decodo_patchright'
2026-08-11 21:33:28,823 INFO vendor decodo_patchright: 50 prox(y/ies), sticky session re-minted -> session-cap1786498408w21
pending=5932 shard=15/23 assigned=258
transport: canary vendor 'decodo_patchright'
2026-08-11 21:33:28,873 INFO vendor decodo_patchright: 50 prox(y/ies), sticky session re-minted -> session-cap1786498408w15
captured=0 skipped=258 failed=0
pending=5932 shard=18/23 assigned=258
transport: canary vendor 'decodo_patchright'
2026-08-11 21:33:28,906 INFO vendor decodo_patchright: 50 prox(y/ies), sticky session re-minted -> session-cap1786498408w18
captured=0 skipped=258 failed=0
pending=5932 shard=9/23 assigned=258
transport: canary vendor 'decodo_patchright'
2026-08-11 21:33:28,941 INFO vendor decodo_patchright: 50 prox(y/ies), sticky session re-minted -> session-cap1786498408w9
captured=0 skipped=258 failed=0
EXIT=0
EXIT=0
EXIT=0
EXIT=0
EXIT=0
EXIT=0
EXIT=0
EXIT=0
EXIT=0
2026-08-11 21:34:02,896 WARNING challenge not cleared for contest_id=515770 -- bundle not written
captured=0 skipped=257 failed=1
EXIT=0
2026-08-11 21:34:03,884 WARNING challenge not cleared for contest_id=523527 -- bundle not written
captured=0 skipped=257 failed=1
EXIT=0
2026-08-11 21:34:05,116 WARNING challenge not cleared for contest_id=530749 -- bundle not written
captured=0 skipped=256 failed=1
EXIT=0
