pending=5775 shard=2/24 assigned=241
transport: canary vendor 'decodo_patchright'
2026-08-04 20:41:53,085 INFO vendor decodo_patchright: 50 prox(y/ies), sticky session re-minted -> session-cap1785890513w2
captured=0 skipped=241 failed=0
pending=5775 shard=0/24 assigned=241
transport: canary vendor 'decodo_patchright'
2026-08-04 20:41:53,224 INFO vendor decodo_patchright: 50 prox(y/ies), sticky session re-minted -> session-cap1785890513w0
captured=0 skipped=241 failed=0
pending=5775 shard=4/24 assigned=241
transport: canary vendor 'decodo_patchright'
2026-08-04 20:41:54,032 INFO vendor decodo_patchright: 50 prox(y/ies), sticky session re-minted -> session-cap1785890514w4
captured=0 skipped=241 failed=0
pending=5775 shard=5/24 assigned=241
transport: canary vendor 'decodo_patchright'
2026-08-04 20:41:54,096 INFO vendor decodo_patchright: 50 prox(y/ies), sticky session re-minted -> session-cap1785890514w5
captured=0 skipped=241 failed=0
pending=5775 shard=3/24 assigned=241
transport: canary vendor 'decodo_patchright'
2026-08-04 20:41:54,243 INFO vendor decodo_patchright: 50 prox(y/ies), sticky session re-minted -> session-cap1785890514w3
captured=0 skipped=241 failed=0
EXIT=0
EXIT=0
pending=5775 shard=8/24 assigned=241
transport: canary vendor 'decodo_patchright'
2026-08-04 20:41:54,792 INFO vendor decodo_patchright: 50 prox(y/ies), sticky session re-minted -> session-cap1785890514w8
pending=5775 shard=1/24 assigned=241
transport: canary vendor 'decodo_patchright'
2026-08-04 20:41:54,791 INFO vendor decodo_patchright: 50 prox(y/ies), sticky session re-minted -> session-cap1785890514w1
pending=5775 shard=11/24 assigned=241
transport: canary vendor 'decodo_patchright'
2026-08-04 20:41:54,925 INFO vendor decodo_patchright: 50 prox(y/ies), sticky session re-minted -> session-cap1785890514w11
EXIT=0
pending=5775 shard=7/24 assigned=241
transport: canary vendor 'decodo_patchright'
EXIT=0
EXIT=0
pending=5775 shard=12/24 assigned=241
transport: canary vendor 'decodo_patchright'
2026-08-04 20:41:55,039 INFO vendor decodo_patchright: 50 prox(y/ies), sticky session re-minted -> session-cap1785890515w12
2026-08-04 20:41:55,068 INFO vendor decodo_patchright: 50 prox(y/ies), sticky session re-minted -> session-cap1785890515w7
captured=0 skipped=241 failed=0
pending=5775 shard=9/24 assigned=241
transport: canary vendor 'decodo_patchright'
2026-08-04 20:41:55,846 INFO vendor decodo_patchright: 50 prox(y/ies), sticky session re-minted -> session-cap1785890515w9
captured=0 skipped=241 failed=0
pending=5775 shard=19/24 assigned=240
transport: canary vendor 'decodo_patchright'
pending=5775 shard=22/24 assigned=240
transport: canary vendor 'decodo_patchright'
2026-08-04 20:41:55,859 INFO vendor decodo_patchright: 50 prox(y/ies), sticky session re-minted -> session-cap1785890515w22
2026-08-04 20:41:55,865 INFO vendor decodo_patchright: 50 prox(y/ies), sticky session re-minted -> session-cap1785890515w19
captured=0 skipped=240 failed=0
captured=0 skipped=240 failed=0
pending=5775 shard=14/24 assigned=241
transport: canary vendor 'decodo_patchright'
EXIT=0
pending=5775 shard=10/24 assigned=241
transport: canary vendor 'decodo_patchright'
2026-08-04 20:41:55,924 INFO vendor decodo_patchright: 50 prox(y/ies), sticky session re-minted -> session-cap1785890515w10
2026-08-04 20:41:55,911 INFO vendor decodo_patchright: 50 prox(y/ies), sticky session re-minted -> session-cap1785890515w14
captured=0 skipped=241 failed=0
captured=0 skipped=241 failed=0
pending=5775 shard=15/24 assigned=240
transport: canary vendor 'decodo_patchright'
pending=5775 shard=16/24 assigned=240
transport: canary vendor 'decodo_patchright'
2026-08-04 20:41:55,999 INFO vendor decodo_patchright: 50 prox(y/ies), sticky session re-minted -> session-cap1785890515w16
2026-08-04 20:41:55,995 INFO vendor decodo_patchright: 50 prox(y/ies), sticky session re-minted -> session-cap1785890515w15
captured=0 skipped=240 failed=0
pending=5775 shard=13/24 assigned=241
transport: canary vendor 'decodo_patchright'
captured=0 skipped=240 failed=0
2026-08-04 20:41:56,038 INFO vendor decodo_patchright: 50 prox(y/ies), sticky session re-minted -> session-cap1785890516w13
captured=0 skipped=241 failed=0
pending=5775 shard=21/24 assigned=240
transport: canary vendor 'decodo_patchright'
2026-08-04 20:41:56,119 INFO vendor decodo_patchright: 50 prox(y/ies), sticky session re-minted -> session-cap1785890516w21
captured=0 skipped=240 failed=0
pending=5775 shard=6/24 assigned=241
transport: canary vendor 'decodo_patchright'
2026-08-04 20:41:56,146 INFO vendor decodo_patchright: 50 prox(y/ies), sticky session re-minted -> session-cap1785890516w6
captured=0 skipped=241 failed=0
pending=5775 shard=20/24 assigned=240
transport: canary vendor 'decodo_patchright'
2026-08-04 20:41:56,218 INFO vendor decodo_patchright: 50 prox(y/ies), sticky session re-minted -> session-cap1785890516w20
pending=5775 shard=17/24 assigned=240
transport: canary vendor 'decodo_patchright'
2026-08-04 20:41:56,319 INFO vendor decodo_patchright: 50 prox(y/ies), sticky session re-minted -> session-cap1785890516w17
captured=0 skipped=240 failed=0
captured=0 skipped=240 failed=0
pending=5775 shard=18/24 assigned=240
transport: canary vendor 'decodo_patchright'
2026-08-04 20:41:56,370 INFO vendor decodo_patchright: 50 prox(y/ies), sticky session re-minted -> session-cap1785890516w18
pending=5775 shard=23/24 assigned=240
transport: canary vendor 'decodo_patchright'
2026-08-04 20:41:56,579 INFO vendor decodo_patchright: 50 prox(y/ies), sticky session re-minted -> session-cap1785890516w23
captured=0 skipped=240 failed=0
EXIT=0
EXIT=0
EXIT=0
EXIT=0
EXIT=0
EXIT=0
EXIT=0
EXIT=0
EXIT=0
EXIT=0
EXIT=0
EXIT=0
EXIT=0
2026-08-04 20:42:28,335 WARNING challenge not cleared for contest_id=826397 -- bundle not written
captured=0 skipped=240 failed=1
EXIT=0
2026-08-04 20:42:29,781 WARNING challenge not cleared for contest_id=825520 -- bundle not written
captured=0 skipped=240 failed=1
EXIT=0
2026-08-04 20:42:30,417 WARNING challenge not cleared for contest_id=831283 -- bundle not written
captured=0 skipped=240 failed=1
EXIT=0
2026-08-04 20:42:33,229 WARNING challenge not cleared for contest_id=824724 -- bundle not written
captured=0 skipped=239 failed=1
EXIT=0
2026-08-04 21:09:10,100 ERROR BAN-SUSPECT: hard-stopping capture at contest_id=825478: NCAA fetch failed after rotating proxies: https://stats.ncaa.org/contests/825478/play_by_play: patchright: bm-verify not passed after 3 attempts (643-byte body)
BAN-SUSPECT: capture halted at contest_id=825478: NCAA fetch failed after rotating proxies: https://stats.ncaa.org/contests/825478/play_by_play: patchright: bm-verify not passed after 3 attempts (643-byte body)
EXIT=1
