pending=6300 shard=0/1 assigned=6300
2026-07-16 15:28:21,328 WARNING challenge not cleared for contest_id=6460633 -- bundle not written
2026-07-16 15:30:23,399 WARNING challenge not cleared for contest_id=6464612 -- bundle not written
2026-07-16 15:30:25,887 WARNING challenge not cleared for contest_id=6464613 -- bundle not written
2026-07-16 15:30:28,378 WARNING challenge not cleared for contest_id=6464614 -- bundle not written
2026-07-16 15:30:30,907 WARNING challenge not cleared for contest_id=6464615 -- bundle not written
2026-07-16 15:30:33,440 WARNING challenge not cleared for contest_id=6464616 -- bundle not written
2026-07-16 15:30:36,050 WARNING challenge not cleared for contest_id=6464617 -- bundle not written
2026-07-16 15:30:38,587 WARNING challenge not cleared for contest_id=6464618 -- bundle not written
2026-07-16 15:30:41,202 WARNING challenge not cleared for contest_id=6464619 -- bundle not written
2026-07-16 15:30:43,715 WARNING challenge not cleared for contest_id=6464620 -- bundle not written
2026-07-16 15:30:46,212 WARNING challenge not cleared for contest_id=6464621 -- bundle not written
2026-07-16 15:30:48,686 WARNING challenge not cleared for contest_id=6464653 -- bundle not written
2026-07-16 15:30:51,302 WARNING challenge not cleared for contest_id=6464655 -- bundle not written
2026-07-16 15:30:53,830 WARNING challenge not cleared for contest_id=6464657 -- bundle not written
2026-07-16 15:30:56,487 WARNING challenge not cleared for contest_id=6464660 -- bundle not written
2026-07-16 15:30:58,894 WARNING challenge not cleared for contest_id=6464664 -- bundle not written
2026-07-16 15:31:01,397 WARNING challenge not cleared for contest_id=6464667 -- bundle not written
2026-07-16 15:31:03,926 WARNING challenge not cleared for contest_id=6464669 -- bundle not written
2026-07-16 15:31:06,444 WARNING challenge not cleared for contest_id=6464671 -- bundle not written
2026-07-16 15:31:09,024 WARNING challenge not cleared for contest_id=6464674 -- bundle not written
2026-07-16 15:31:11,553 WARNING challenge not cleared for contest_id=6464675 -- bundle not written
2026-07-16 15:31:14,148 WARNING challenge not cleared for contest_id=6464677 -- bundle not written
2026-07-16 15:31:16,623 WARNING challenge not cleared for contest_id=6464726 -- bundle not written
2026-07-16 15:31:19,145 WARNING challenge not cleared for contest_id=6464740 -- bundle not written
2026-07-16 15:31:21,739 WARNING challenge not cleared for contest_id=6464747 -- bundle not written
2026-07-16 15:31:24,212 WARNING challenge not cleared for contest_id=6464750 -- bundle not written
2026-07-16 15:31:24,212 ERROR SOFT-BAN: capture halted after 25 consecutive challenge failures (last contest_id=6464750); the browser session is no longer clearing bm-verify. Cool down, then re-run to resume.
SOFT-BAN: capture halted after 25 consecutive challenge failures (last contest_id=6464750); the browser session is no longer clearing bm-verify. Cool down, then re-run to resume.
EXIT=1
