pending=5972 shard=5/24 assigned=249
transport: canary vendor 'decodo_patchright'
pending=5972 shard=10/24 assigned=249
transport: canary vendor 'decodo_patchright'
pending=5972 shard=8/24 assigned=249
transport: canary vendor 'decodo_patchright'
pending=5972 shard=12/24 assigned=249
transport: canary vendor 'decodo_patchright'
pending=5972 shard=0/24 assigned=249
transport: canary vendor 'decodo_patchright'
pending=5972 shard=2/24 assigned=249
transport: canary vendor 'decodo_patchright'
pending=5972 shard=1/24 assigned=249
transport: canary vendor 'decodo_patchright'
2026-08-02 23:37:05,179 INFO vendor decodo_patchright: 50 prox(y/ies), sticky session re-minted -> session-cap1785728225w12
2026-08-02 23:37:05,179 INFO vendor decodo_patchright: 50 prox(y/ies), sticky session re-minted -> session-cap1785728225w1
2026-08-02 23:37:05,180 INFO vendor decodo_patchright: 50 prox(y/ies), sticky session re-minted -> session-cap1785728225w0
2026-08-02 23:37:05,180 INFO vendor decodo_patchright: 50 prox(y/ies), sticky session re-minted -> session-cap1785728225w5
2026-08-02 23:37:05,179 INFO vendor decodo_patchright: 50 prox(y/ies), sticky session re-minted -> session-cap1785728225w10
captured=0 skipped=249 failed=0
2026-08-02 23:37:05,180 INFO vendor decodo_patchright: 50 prox(y/ies), sticky session re-minted -> session-cap1785728225w8
captured=0 skipped=249 failed=0
captured=0 skipped=249 failed=0
captured=0 skipped=249 failed=0
captured=0 skipped=249 failed=0
2026-08-02 23:37:05,203 INFO vendor decodo_patchright: 50 prox(y/ies), sticky session re-minted -> session-cap1785728225w2
captured=0 skipped=249 failed=0
pending=5972 shard=6/24 assigned=249
transport: canary vendor 'decodo_patchright'
pending=5972 shard=7/24 assigned=249
transport: canary vendor 'decodo_patchright'
2026-08-02 23:37:05,383 INFO vendor decodo_patchright: 50 prox(y/ies), sticky session re-minted -> session-cap1785728225w7
captured=0 skipped=249 failed=0
pending=5972 shard=4/24 assigned=249
transport: canary vendor 'decodo_patchright'
2026-08-02 23:37:05,385 INFO vendor decodo_patchright: 50 prox(y/ies), sticky session re-minted -> session-cap1785728225w6
captured=0 skipped=249 failed=0
2026-08-02 23:37:05,427 INFO vendor decodo_patchright: 50 prox(y/ies), sticky session re-minted -> session-cap1785728225w4
captured=0 skipped=249 failed=0
pending=5972 shard=3/24 assigned=249
transport: canary vendor 'decodo_patchright'
2026-08-02 23:37:05,465 INFO vendor decodo_patchright: 50 prox(y/ies), sticky session re-minted -> session-cap1785728225w3
captured=0 skipped=249 failed=0
pending=5972 shard=11/24 assigned=249
transport: canary vendor 'decodo_patchright'
2026-08-02 23:37:05,661 INFO vendor decodo_patchright: 50 prox(y/ies), sticky session re-minted -> session-cap1785728225w11
captured=0 skipped=249 failed=0
EXIT=0
EXIT=0
EXIT=0
EXIT=0
EXIT=0
EXIT=0
EXIT=0
EXIT=0
EXIT=0
EXIT=0
EXIT=0
2026-08-03 00:07:18,166 ERROR BAN-SUSPECT: hard-stopping capture at contest_id=186306: NCAA fetch failed after rotating proxies: https://stats.ncaa.org/contests/186306/play_by_play: patchright: bm-verify not passed after 3 attempts (643-byte body)
BAN-SUSPECT: capture halted at contest_id=186306: NCAA fetch failed after rotating proxies: https://stats.ncaa.org/contests/186306/play_by_play: patchright: bm-verify not passed after 3 attempts (643-byte body)
EXIT=1
