pending=5775 shard=0/23 assigned=252
transport: canary vendor 'decodo_patchright'
2026-08-11 21:49:53,336 INFO vendor decodo_patchright: 50 prox(y/ies), sticky session re-minted -> session-cap1786499393w0
pending=5775 shard=1/23 assigned=252
transport: canary vendor 'decodo_patchright'
2026-08-11 21:49:53,801 INFO vendor decodo_patchright: 50 prox(y/ies), sticky session re-minted -> session-cap1786499393w1
pending=5775 shard=12/23 assigned=251
transport: canary vendor 'decodo_patchright'
2026-08-11 21:49:56,099 INFO vendor decodo_patchright: 50 prox(y/ies), sticky session re-minted -> session-cap1786499396w12
pending=5775 shard=9/23 assigned=251
transport: canary vendor 'decodo_patchright'
2026-08-11 21:49:56,109 INFO vendor decodo_patchright: 50 prox(y/ies), sticky session re-minted -> session-cap1786499396w9
pending=5775 shard=10/23 assigned=251
transport: canary vendor 'decodo_patchright'
2026-08-11 21:49:56,128 INFO vendor decodo_patchright: 50 prox(y/ies), sticky session re-minted -> session-cap1786499396w10
pending=5775 shard=6/23 assigned=251
transport: canary vendor 'decodo_patchright'
2026-08-11 21:49:56,273 INFO vendor decodo_patchright: 50 prox(y/ies), sticky session re-minted -> session-cap1786499396w6
pending=5775 shard=7/23 assigned=251
transport: canary vendor 'decodo_patchright'
2026-08-11 21:49:56,744 INFO vendor decodo_patchright: 50 prox(y/ies), sticky session re-minted -> session-cap1786499396w7
pending=5775 shard=5/23 assigned=251
transport: canary vendor 'decodo_patchright'
2026-08-11 21:49:58,423 INFO vendor decodo_patchright: 50 prox(y/ies), sticky session re-minted -> session-cap1786499398w5
pending=5775 shard=15/23 assigned=251
transport: canary vendor 'decodo_patchright'
2026-08-11 21:49:58,711 INFO vendor decodo_patchright: 50 prox(y/ies), sticky session re-minted -> session-cap1786499398w15
pending=5775 shard=3/23 assigned=251
transport: canary vendor 'decodo_patchright'
2026-08-11 21:49:58,784 INFO vendor decodo_patchright: 50 prox(y/ies), sticky session re-minted -> session-cap1786499398w3
pending=5775 shard=22/23 assigned=251
transport: canary vendor 'decodo_patchright'
2026-08-11 21:49:58,792 INFO vendor decodo_patchright: 50 prox(y/ies), sticky session re-minted -> session-cap1786499398w22
pending=5775 shard=16/23 assigned=251
transport: canary vendor 'decodo_patchright'
2026-08-11 21:49:58,814 INFO vendor decodo_patchright: 50 prox(y/ies), sticky session re-minted -> session-cap1786499398w16
pending=5775 shard=14/23 assigned=251
transport: canary vendor 'decodo_patchright'
2026-08-11 21:49:58,787 INFO vendor decodo_patchright: 50 prox(y/ies), sticky session re-minted -> session-cap1786499398w14
pending=5775 shard=13/23 assigned=251
transport: canary vendor 'decodo_patchright'
2026-08-11 21:49:59,094 INFO vendor decodo_patchright: 50 prox(y/ies), sticky session re-minted -> session-cap1786499399w13
pending=5775 shard=8/23 assigned=251
transport: canary vendor 'decodo_patchright'
pending=5775 shard=17/23 assigned=251
transport: canary vendor 'decodo_patchright'
2026-08-11 21:49:59,353 INFO vendor decodo_patchright: 50 prox(y/ies), sticky session re-minted -> session-cap1786499399w17
2026-08-11 21:49:59,349 INFO vendor decodo_patchright: 50 prox(y/ies), sticky session re-minted -> session-cap1786499399w8
pending=5775 shard=21/23 assigned=251
transport: canary vendor 'decodo_patchright'
2026-08-11 21:49:59,423 INFO vendor decodo_patchright: 50 prox(y/ies), sticky session re-minted -> session-cap1786499399w21
pending=5775 shard=11/23 assigned=251
transport: canary vendor 'decodo_patchright'
2026-08-11 21:49:59,579 INFO vendor decodo_patchright: 50 prox(y/ies), sticky session re-minted -> session-cap1786499399w11
pending=5775 shard=19/23 assigned=251
transport: canary vendor 'decodo_patchright'
2026-08-11 21:49:59,587 INFO vendor decodo_patchright: 50 prox(y/ies), sticky session re-minted -> session-cap1786499399w19
pending=5775 shard=20/23 assigned=251
transport: canary vendor 'decodo_patchright'
2026-08-11 21:49:59,622 INFO vendor decodo_patchright: 50 prox(y/ies), sticky session re-minted -> session-cap1786499399w20
pending=5775 shard=18/23 assigned=251
transport: canary vendor 'decodo_patchright'
2026-08-11 21:49:59,696 INFO vendor decodo_patchright: 50 prox(y/ies), sticky session re-minted -> session-cap1786499399w18
2026-08-11 21:50:32,290 WARNING challenge not cleared for contest_id=824724 -- bundle not written
2026-08-11 21:50:35,083 WARNING challenge not cleared for contest_id=825520 -- bundle not written
2026-08-11 21:51:38,953 WARNING challenge not cleared for contest_id=826397 -- bundle not written
captured=7 skipped=245 failed=0
EXIT=0
captured=7 skipped=244 failed=0
EXIT=0
captured=7 skipped=244 failed=0
EXIT=0
captured=7 skipped=244 failed=0
EXIT=0
captured=7 skipped=244 failed=0
EXIT=0
2026-08-11 21:53:48,107 WARNING challenge not cleared for contest_id=831283 -- bundle not written
captured=7 skipped=244 failed=0
EXIT=0
captured=7 skipped=244 failed=0
EXIT=0
captured=7 skipped=245 failed=0
EXIT=0
captured=7 skipped=244 failed=0
EXIT=0
captured=8 skipped=243 failed=0
EXIT=0
captured=8 skipped=243 failed=0
EXIT=0
captured=7 skipped=243 failed=1
EXIT=0
captured=8 skipped=243 failed=0
captured=8 skipped=243 failed=0
EXIT=0
EXIT=0
captured=8 skipped=243 failed=0
EXIT=0
captured=8 skipped=243 failed=0
EXIT=0
captured=8 skipped=243 failed=0
EXIT=0
captured=8 skipped=243 failed=0
EXIT=0
captured=7 skipped=241 failed=3
EXIT=0
captured=8 skipped=243 failed=0
EXIT=0
EXIT=127
