pending=5775 shard=3/24 assigned=241
transport: canary vendor 'decodo_patchright'
2026-08-04 23:35:31,442 INFO vendor decodo_patchright: 50 prox(y/ies), sticky session re-minted -> session-cap1785900931w3
captured=0 skipped=241 failed=0
pending=5775 shard=8/24 assigned=241
transport: canary vendor 'decodo_patchright'
2026-08-04 23:35:31,573 INFO vendor decodo_patchright: 50 prox(y/ies), sticky session re-minted -> session-cap1785900931w8
pending=5775 shard=4/24 assigned=241
transport: canary vendor 'decodo_patchright'
2026-08-04 23:35:32,182 INFO vendor decodo_patchright: 50 prox(y/ies), sticky session re-minted -> session-cap1785900932w4
captured=0 skipped=241 failed=0
EXIT=0
EXIT=0
pending=5775 shard=5/24 assigned=241
transport: canary vendor 'decodo_patchright'
2026-08-04 23:35:33,479 INFO vendor decodo_patchright: 50 prox(y/ies), sticky session re-minted -> session-cap1785900933w5
captured=0 skipped=241 failed=0
pending=5775 shard=19/24 assigned=240
transport: canary vendor 'decodo_patchright'
2026-08-04 23:35:33,633 INFO vendor decodo_patchright: 50 prox(y/ies), sticky session re-minted -> session-cap1785900933w19
captured=0 skipped=240 failed=0
pending=5775 shard=2/24 assigned=241
transport: canary vendor 'decodo_patchright'
2026-08-04 23:35:33,740 INFO vendor decodo_patchright: 50 prox(y/ies), sticky session re-minted -> session-cap1785900933w2
captured=0 skipped=241 failed=0
EXIT=0
pending=5775 shard=1/24 assigned=241
transport: canary vendor 'decodo_patchright'
2026-08-04 23:35:34,183 INFO vendor decodo_patchright: 50 prox(y/ies), sticky session re-minted -> session-cap1785900934w1
pending=5775 shard=18/24 assigned=240
transport: canary vendor 'decodo_patchright'
2026-08-04 23:35:34,357 INFO vendor decodo_patchright: 50 prox(y/ies), sticky session re-minted -> session-cap1785900934w18
pending=5775 shard=6/24 assigned=241
transport: canary vendor 'decodo_patchright'
2026-08-04 23:35:34,462 INFO vendor decodo_patchright: 50 prox(y/ies), sticky session re-minted -> session-cap1785900934w6
captured=0 skipped=241 failed=0
EXIT=0
pending=5775 shard=15/24 assigned=240
transport: canary vendor 'decodo_patchright'
EXIT=0
2026-08-04 23:35:34,562 INFO vendor decodo_patchright: 50 prox(y/ies), sticky session re-minted -> session-cap1785900934w15
captured=0 skipped=240 failed=0
pending=5775 shard=16/24 assigned=240
transport: canary vendor 'decodo_patchright'
2026-08-04 23:35:34,598 INFO vendor decodo_patchright: 50 prox(y/ies), sticky session re-minted -> session-cap1785900934w16
captured=0 skipped=240 failed=0
pending=5775 shard=20/24 assigned=240
transport: canary vendor 'decodo_patchright'
2026-08-04 23:35:34,618 INFO vendor decodo_patchright: 50 prox(y/ies), sticky session re-minted -> session-cap1785900934w20
captured=0 skipped=240 failed=0
pending=5775 shard=9/24 assigned=241
transport: canary vendor 'decodo_patchright'
2026-08-04 23:35:34,671 INFO vendor decodo_patchright: 50 prox(y/ies), sticky session re-minted -> session-cap1785900934w9
captured=0 skipped=241 failed=0
pending=5775 shard=12/24 assigned=241
transport: canary vendor 'decodo_patchright'
2026-08-04 23:35:34,816 INFO vendor decodo_patchright: 50 prox(y/ies), sticky session re-minted -> session-cap1785900934w12
pending=5775 shard=0/24 assigned=241
transport: canary vendor 'decodo_patchright'
2026-08-04 23:35:34,837 INFO vendor decodo_patchright: 50 prox(y/ies), sticky session re-minted -> session-cap1785900934w0
captured=0 skipped=241 failed=0
pending=5775 shard=13/24 assigned=241
transport: canary vendor 'decodo_patchright'
captured=0 skipped=241 failed=0
2026-08-04 23:35:34,860 INFO vendor decodo_patchright: 50 prox(y/ies), sticky session re-minted -> session-cap1785900934w13
captured=0 skipped=241 failed=0
pending=5775 shard=7/24 assigned=241
transport: canary vendor 'decodo_patchright'
pending=5775 shard=10/24 assigned=241
transport: canary vendor 'decodo_patchright'
2026-08-04 23:35:34,958 INFO vendor decodo_patchright: 50 prox(y/ies), sticky session re-minted -> session-cap1785900934w7
pending=5775 shard=14/24 assigned=241
transport: canary vendor 'decodo_patchright'
2026-08-04 23:35:34,968 INFO vendor decodo_patchright: 50 prox(y/ies), sticky session re-minted -> session-cap1785900934w10
captured=0 skipped=241 failed=0
2026-08-04 23:35:34,965 INFO vendor decodo_patchright: 50 prox(y/ies), sticky session re-minted -> session-cap1785900934w14
captured=0 skipped=241 failed=0
pending=5775 shard=11/24 assigned=241
transport: canary vendor 'decodo_patchright'
2026-08-04 23:35:35,026 INFO vendor decodo_patchright: 50 prox(y/ies), sticky session re-minted -> session-cap1785900935w11
pending=5775 shard=17/24 assigned=240
transport: canary vendor 'decodo_patchright'
2026-08-04 23:35:35,151 INFO vendor decodo_patchright: 50 prox(y/ies), sticky session re-minted -> session-cap1785900935w17
captured=0 skipped=240 failed=0
EXIT=0
EXIT=0
EXIT=0
EXIT=0
EXIT=0
EXIT=0
EXIT=0
EXIT=0
EXIT=0
EXIT=0
EXIT=0
2026-08-04 23:36:08,512 WARNING challenge not cleared for contest_id=826397 -- bundle not written
captured=0 skipped=240 failed=1
EXIT=0
2026-08-04 23:36:09,504 WARNING challenge not cleared for contest_id=825520 -- bundle not written
2026-08-04 23:36:09,595 WARNING challenge not cleared for contest_id=824724 -- bundle not written
captured=0 skipped=240 failed=1
captured=0 skipped=239 failed=1
EXIT=0
EXIT=0
2026-08-04 23:36:11,503 WARNING challenge not cleared for contest_id=831283 -- bundle not written
captured=0 skipped=240 failed=1
EXIT=0
2026-08-05 00:04:04,401 ERROR BAN-SUSPECT: hard-stopping capture at contest_id=825478: NCAA fetch failed after rotating proxies: https://stats.ncaa.org/contests/825478/play_by_play: patchright: bm-verify not passed after 3 attempts (643-byte body)
BAN-SUSPECT: capture halted at contest_id=825478: NCAA fetch failed after rotating proxies: https://stats.ncaa.org/contests/825478/play_by_play: patchright: bm-verify not passed after 3 attempts (643-byte body)
EXIT=1
