pending=5971 shard=19/24 assigned=248
transport: canary vendor 'decodo_patchright'
pending=5971 shard=11/24 assigned=249
transport: canary vendor 'decodo_patchright'
pending=5971 shard=7/24 assigned=249
transport: canary vendor 'decodo_patchright'
pending=5971 shard=6/24 assigned=249
transport: canary vendor 'decodo_patchright'
pending=5971 shard=10/24 assigned=249
transport: canary vendor 'decodo_patchright'
pending=5971 shard=15/24 assigned=249
transport: canary vendor 'decodo_patchright'
pending=5971 shard=9/24 assigned=249
transport: canary vendor 'decodo_patchright'
pending=5971 shard=13/24 assigned=249
transport: canary vendor 'decodo_patchright'
pending=5971 shard=4/24 assigned=249
transport: canary vendor 'decodo_patchright'
pending=5971 shard=5/24 assigned=249
transport: canary vendor 'decodo_patchright'
pending=5971 shard=8/24 assigned=249
transport: canary vendor 'decodo_patchright'
pending=5971 shard=17/24 assigned=249
transport: canary vendor 'decodo_patchright'
pending=5971 shard=14/24 assigned=249
transport: canary vendor 'decodo_patchright'
pending=5971 shard=22/24 assigned=248
transport: canary vendor 'decodo_patchright'
pending=5971 shard=12/24 assigned=249
transport: canary vendor 'decodo_patchright'
pending=5971 shard=18/24 assigned=249
transport: canary vendor 'decodo_patchright'
pending=5971 shard=16/24 assigned=249
transport: canary vendor 'decodo_patchright'
pending=5971 shard=23/24 assigned=248
transport: canary vendor 'decodo_patchright'
pending=5971 shard=21/24 assigned=248
transport: canary vendor 'decodo_patchright'
pending=5971 shard=20/24 assigned=248
transport: canary vendor 'decodo_patchright'
2026-08-02 00:49:00,697 INFO vendor decodo_patchright: 50 prox(y/ies), sticky session re-minted -> session-cap1785646140w19
2026-08-02 00:49:01,643 INFO vendor decodo_patchright: 50 prox(y/ies), sticky session re-minted -> session-cap1785646141w6
2026-08-02 00:49:01,789 INFO vendor decodo_patchright: 50 prox(y/ies), sticky session re-minted -> session-cap1785646141w10
2026-08-02 00:49:01,872 INFO vendor decodo_patchright: 50 prox(y/ies), sticky session re-minted -> session-cap1785646141w7
2026-08-02 00:49:01,982 INFO vendor decodo_patchright: 50 prox(y/ies), sticky session re-minted -> session-cap1785646141w11
2026-08-02 00:49:02,113 INFO vendor decodo_patchright: 50 prox(y/ies), sticky session re-minted -> session-cap1785646142w9
2026-08-02 00:49:02,171 INFO vendor decodo_patchright: 50 prox(y/ies), sticky session re-minted -> session-cap1785646142w15
2026-08-02 00:49:02,807 INFO vendor decodo_patchright: 50 prox(y/ies), sticky session re-minted -> session-cap1785646142w5
2026-08-02 00:49:03,120 INFO vendor decodo_patchright: 50 prox(y/ies), sticky session re-minted -> session-cap1785646143w13
2026-08-02 00:49:04,028 INFO vendor decodo_patchright: 50 prox(y/ies), sticky session re-minted -> session-cap1785646144w12
2026-08-02 00:49:04,066 INFO vendor decodo_patchright: 50 prox(y/ies), sticky session re-minted -> session-cap1785646144w18
2026-08-02 00:49:04,132 INFO vendor decodo_patchright: 50 prox(y/ies), sticky session re-minted -> session-cap1785646144w16
2026-08-02 00:49:04,149 INFO vendor decodo_patchright: 50 prox(y/ies), sticky session re-minted -> session-cap1785646144w17
2026-08-02 00:49:04,153 INFO vendor decodo_patchright: 50 prox(y/ies), sticky session re-minted -> session-cap1785646144w4
2026-08-02 00:49:04,158 INFO vendor decodo_patchright: 50 prox(y/ies), sticky session re-minted -> session-cap1785646144w23
2026-08-02 00:49:04,254 INFO vendor decodo_patchright: 50 prox(y/ies), sticky session re-minted -> session-cap1785646144w14
2026-08-02 00:49:04,423 INFO vendor decodo_patchright: 50 prox(y/ies), sticky session re-minted -> session-cap1785646144w20
2026-08-02 00:49:04,459 INFO vendor decodo_patchright: 50 prox(y/ies), sticky session re-minted -> session-cap1785646144w8
2026-08-02 00:49:04,562 INFO vendor decodo_patchright: 50 prox(y/ies), sticky session re-minted -> session-cap1785646144w21
2026-08-02 00:49:04,987 INFO vendor decodo_patchright: 50 prox(y/ies), sticky session re-minted -> session-cap1785646144w22
2026-08-02 02:41:07,871 WARNING challenge not cleared for contest_id=2154223 -- bundle not written
captured=248 skipped=0 failed=0
EXIT=0
captured=249 skipped=0 failed=0
EXIT=0
captured=249 skipped=0 failed=0
captured=248 skipped=0 failed=0
EXIT=0
EXIT=0
captured=249 skipped=0 failed=0
EXIT=0
captured=248 skipped=0 failed=0
EXIT=0
captured=249 skipped=0 failed=0
EXIT=0
captured=249 skipped=0 failed=0
EXIT=0
captured=249 skipped=0 failed=0
EXIT=0
captured=249 skipped=0 failed=0
EXIT=0
captured=249 skipped=0 failed=0
EXIT=0
captured=249 skipped=0 failed=0
EXIT=0
captured=248 skipped=0 failed=0
EXIT=0
captured=249 skipped=0 failed=0
EXIT=0
captured=249 skipped=0 failed=0
EXIT=0
captured=249 skipped=0 failed=0
EXIT=0
2026-08-02 03:10:59,228 ERROR Error on reading from the event loop self pipe
loop: <ProactorEventLoop running=True closed=False debug=False>
Traceback (most recent call last):
  File "C:\Users\saiem\AppData\Roaming\uv\python\cpython-3.13.2-windows-x86_64-none\Lib\asyncio\proactor_events.py", line 792, in _loop_self_reading
    f.result()  # may raise
    ~~~~~~~~^^
  File "C:\Users\saiem\AppData\Roaming\uv\python\cpython-3.13.2-windows-x86_64-none\Lib\asyncio\windows_events.py", line 804, in _poll
    value = callback(transferred, key, ov)
  File "C:\Users\saiem\AppData\Roaming\uv\python\cpython-3.13.2-windows-x86_64-none\Lib\asyncio\windows_events.py", line 463, in finish_socket_func
    return ov.getresult()
           ~~~~~~~~~~~~^^
ConnectionAbortedError: [WinError 1236] The network connection was aborted by the local system
2026-08-02 03:10:59,227 ERROR Error on reading from the event loop self pipe
loop: <ProactorEventLoop running=True closed=False debug=False>
Traceback (most recent call last):
  File "C:\Users\saiem\AppData\Roaming\uv\python\cpython-3.13.2-windows-x86_64-none\Lib\asyncio\proactor_events.py", line 792, in _loop_self_reading
    f.result()  # may raise
    ~~~~~~~~^^
  File "C:\Users\saiem\AppData\Roaming\uv\python\cpython-3.13.2-windows-x86_64-none\Lib\asyncio\windows_events.py", line 804, in _poll
    value = callback(transferred, key, ov)
  File "C:\Users\saiem\AppData\Roaming\uv\python\cpython-3.13.2-windows-x86_64-none\Lib\asyncio\windows_events.py", line 463, in finish_socket_func
    return ov.getresult()
           ~~~~~~~~~~~~^^
ConnectionAbortedError: [WinError 1236] The network connection was aborted by the local system
2026-08-02 03:10:59,228 ERROR Error on reading from the event loop self pipe
loop: <ProactorEventLoop running=True closed=False debug=False>
Traceback (most recent call last):
  File "C:\Users\saiem\AppData\Roaming\uv\python\cpython-3.13.2-windows-x86_64-none\Lib\asyncio\proactor_events.py", line 792, in _loop_self_reading
    f.result()  # may raise
    ~~~~~~~~^^
  File "C:\Users\saiem\AppData\Roaming\uv\python\cpython-3.13.2-windows-x86_64-none\Lib\asyncio\windows_events.py", line 804, in _poll
    value = callback(transferred, key, ov)
  File "C:\Users\saiem\AppData\Roaming\uv\python\cpython-3.13.2-windows-x86_64-none\Lib\asyncio\windows_events.py", line 463, in finish_socket_func
    return ov.getresult()
           ~~~~~~~~~~~~^^
ConnectionAbortedError: [WinError 1236] The network connection was aborted by the local system
2026-08-02 03:10:59,228 ERROR Error on reading from the event loop self pipe
loop: <ProactorEventLoop running=True closed=False debug=False>
Traceback (most recent call last):
  File "C:\Users\saiem\AppData\Roaming\uv\python\cpython-3.13.2-windows-x86_64-none\Lib\asyncio\proactor_events.py", line 792, in _loop_self_reading
    f.result()  # may raise
    ~~~~~~~~^^
  File "C:\Users\saiem\AppData\Roaming\uv\python\cpython-3.13.2-windows-x86_64-none\Lib\asyncio\windows_events.py", line 804, in _poll
    value = callback(transferred, key, ov)
  File "C:\Users\saiem\AppData\Roaming\uv\python\cpython-3.13.2-windows-x86_64-none\Lib\asyncio\windows_events.py", line 463, in finish_socket_func
    return ov.getresult()
           ~~~~~~~~~~~~^^
ConnectionAbortedError: [WinError 1236] The network connection was aborted by the local system
2026-08-02 03:11:21,203 ERROR Error on reading from the event loop self pipe
loop: <ProactorEventLoop running=True closed=False debug=False>
Traceback (most recent call last):
  File "C:\Users\saiem\AppData\Roaming\uv\python\cpython-3.13.2-windows-x86_64-none\Lib\asyncio\proactor_events.py", line 801, in _loop_self_reading
    f = self._proactor.recv(self._ssock, 4096)
  File "C:\Users\saiem\AppData\Roaming\uv\python\cpython-3.13.2-windows-x86_64-none\Lib\asyncio\windows_events.py", line 488, in recv
    ov.WSARecv(conn.fileno(), nbytes, flags)
    ~~~~~~~~~~^^^^^^^^^^^^^^^^^^^^^^^^^^^^^^
ConnectionResetError: [WinError 10054] An existing connection was forcibly closed by the remote host
2026-08-02 03:11:21,204 ERROR Error on reading from the event loop self pipe
loop: <ProactorEventLoop running=True closed=False debug=False>
Traceback (most recent call last):
  File "C:\Users\saiem\AppData\Roaming\uv\python\cpython-3.13.2-windows-x86_64-none\Lib\asyncio\proactor_events.py", line 801, in _loop_self_reading
    f = self._proactor.recv(self._ssock, 4096)
  File "C:\Users\saiem\AppData\Roaming\uv\python\cpython-3.13.2-windows-x86_64-none\Lib\asyncio\windows_events.py", line 488, in recv
    ov.WSARecv(conn.fileno(), nbytes, flags)
    ~~~~~~~~~~^^^^^^^^^^^^^^^^^^^^^^^^^^^^^^
ConnectionResetError: [WinError 10054] An existing connection was forcibly closed by the remote host
2026-08-02 03:11:21,414 ERROR Error on reading from the event loop self pipe
loop: <ProactorEventLoop running=True closed=False debug=False>
Traceback (most recent call last):
  File "C:\Users\saiem\AppData\Roaming\uv\python\cpython-3.13.2-windows-x86_64-none\Lib\asyncio\proactor_events.py", line 801, in _loop_self_reading
    f = self._proactor.recv(self._ssock, 4096)
  File "C:\Users\saiem\AppData\Roaming\uv\python\cpython-3.13.2-windows-x86_64-none\Lib\asyncio\windows_events.py", line 488, in recv
    ov.WSARecv(conn.fileno(), nbytes, flags)
    ~~~~~~~~~~^^^^^^^^^^^^^^^^^^^^^^^^^^^^^^
ConnectionResetError: [WinError 10054] An existing connection was forcibly closed by the remote host
2026-08-02 03:11:21,415 ERROR Error on reading from the event loop self pipe
loop: <ProactorEventLoop running=True closed=False debug=False>
Traceback (most recent call last):
  File "C:\Users\saiem\AppData\Roaming\uv\python\cpython-3.13.2-windows-x86_64-none\Lib\asyncio\proactor_events.py", line 801, in _loop_self_reading
    f = self._proactor.recv(self._ssock, 4096)
  File "C:\Users\saiem\AppData\Roaming\uv\python\cpython-3.13.2-windows-x86_64-none\Lib\asyncio\windows_events.py", line 488, in recv
    ov.WSARecv(conn.fileno(), nbytes, flags)
    ~~~~~~~~~~^^^^^^^^^^^^^^^^^^^^^^^^^^^^^^
ConnectionResetError: [WinError 10054] An existing connection was forcibly closed by the remote host
2026-08-02 03:11:21,889 ERROR Error on reading from the event loop self pipe
loop: <ProactorEventLoop running=True closed=False debug=False>
Traceback (most recent call last):
  File "C:\Users\saiem\AppData\Roaming\uv\python\cpython-3.13.2-windows-x86_64-none\Lib\asyncio\proactor_events.py", line 801, in _loop_self_reading
    f = self._proactor.recv(self._ssock, 4096)
  File "C:\Users\saiem\AppData\Roaming\uv\python\cpython-3.13.2-windows-x86_64-none\Lib\asyncio\windows_events.py", line 488, in recv
    ov.WSARecv(conn.fileno(), nbytes, flags)
    ~~~~~~~~~~^^^^^^^^^^^^^^^^^^^^^^^^^^^^^^
ConnectionResetError: [WinError 10054] An existing connection was forcibly closed by the remote host
2026-08-02 03:11:21,890 ERROR Error on reading from the event loop self pipe
loop: <ProactorEventLoop running=True closed=False debug=False>
Traceback (most recent call last):
  File "C:\Users\saiem\AppData\Roaming\uv\python\cpython-3.13.2-windows-x86_64-none\Lib\asyncio\proactor_events.py", line 801, in _loop_self_reading
    f = self._proactor.recv(self._ssock, 4096)
  File "C:\Users\saiem\AppData\Roaming\uv\python\cpython-3.13.2-windows-x86_64-none\Lib\asyncio\windows_events.py", line 488, in recv
    ov.WSARecv(conn.fileno(), nbytes, flags)
    ~~~~~~~~~~^^^^^^^^^^^^^^^^^^^^^^^^^^^^^^
ConnectionResetError: [WinError 10054] An existing connection was forcibly closed by the remote host
2026-08-02 03:11:22,009 ERROR Error on reading from the event loop self pipe
loop: <ProactorEventLoop running=True closed=False debug=False>
Traceback (most recent call last):
  File "C:\Users\saiem\AppData\Roaming\uv\python\cpython-3.13.2-windows-x86_64-none\Lib\asyncio\proactor_events.py", line 801, in _loop_self_reading
    f = self._proactor.recv(self._ssock, 4096)
  File "C:\Users\saiem\AppData\Roaming\uv\python\cpython-3.13.2-windows-x86_64-none\Lib\asyncio\windows_events.py", line 488, in recv
    ov.WSARecv(conn.fileno(), nbytes, flags)
    ~~~~~~~~~~^^^^^^^^^^^^^^^^^^^^^^^^^^^^^^
ConnectionResetError: [WinError 10054] An existing connection was forcibly closed by the remote host
2026-08-02 03:11:22,010 ERROR Error on reading from the event loop self pipe
loop: <ProactorEventLoop running=True closed=False debug=False>
Traceback (most recent call last):
  File "C:\Users\saiem\AppData\Roaming\uv\python\cpython-3.13.2-windows-x86_64-none\Lib\asyncio\proactor_events.py", line 801, in _loop_self_reading
    f = self._proactor.recv(self._ssock, 4096)
  File "C:\Users\saiem\AppData\Roaming\uv\python\cpython-3.13.2-windows-x86_64-none\Lib\asyncio\windows_events.py", line 488, in recv
    ov.WSARecv(conn.fileno(), nbytes, flags)
    ~~~~~~~~~~^^^^^^^^^^^^^^^^^^^^^^^^^^^^^^
ConnectionResetError: [WinError 10054] An existing connection was forcibly closed by the remote host
captured=247 skipped=0 failed=1
captured=249 skipped=0 failed=0
EXIT=0
EXIT=0
captured=249 skipped=0 failed=0
EXIT=0
captured=249 skipped=0 failed=0
EXIT=0
