pending=5783 shard=14/24 assigned=241
transport: canary vendor 'decodo_patchright'
pending=5783 shard=12/24 assigned=241
transport: canary vendor 'decodo_patchright'
pending=5783 shard=13/24 assigned=241
transport: canary vendor 'decodo_patchright'
pending=5783 shard=15/24 assigned=241
transport: canary vendor 'decodo_patchright'
pending=5783 shard=22/24 assigned=241
transport: canary vendor 'decodo_patchright'
pending=5783 shard=6/24 assigned=241
transport: canary vendor 'decodo_patchright'
pending=5783 shard=19/24 assigned=241
transport: canary vendor 'decodo_patchright'
pending=5783 shard=9/24 assigned=241
transport: canary vendor 'decodo_patchright'
pending=5783 shard=16/24 assigned=241
transport: canary vendor 'decodo_patchright'
pending=5783 shard=17/24 assigned=241
transport: canary vendor 'decodo_patchright'
pending=5783 shard=8/24 assigned=241
transport: canary vendor 'decodo_patchright'
pending=5783 shard=21/24 assigned=241
transport: canary vendor 'decodo_patchright'
pending=5783 shard=20/24 assigned=241
transport: canary vendor 'decodo_patchright'
pending=5783 shard=11/24 assigned=241
transport: canary vendor 'decodo_patchright'
pending=5783 shard=23/24 assigned=240
transport: canary vendor 'decodo_patchright'
pending=5783 shard=18/24 assigned=241
transport: canary vendor 'decodo_patchright'
2026-08-02 05:22:31,188 INFO vendor decodo_patchright: 50 prox(y/ies), sticky session re-minted -> session-cap1785662551w14
2026-08-02 05:22:32,496 INFO vendor decodo_patchright: 50 prox(y/ies), sticky session re-minted -> session-cap1785662552w12
2026-08-02 05:22:32,895 INFO vendor decodo_patchright: 50 prox(y/ies), sticky session re-minted -> session-cap1785662552w16
2026-08-02 05:22:32,910 INFO vendor decodo_patchright: 50 prox(y/ies), sticky session re-minted -> session-cap1785662552w17
2026-08-02 05:22:33,035 INFO vendor decodo_patchright: 50 prox(y/ies), sticky session re-minted -> session-cap1785662553w21
2026-08-02 05:22:33,270 INFO vendor decodo_patchright: 50 prox(y/ies), sticky session re-minted -> session-cap1785662553w13
2026-08-02 05:22:33,623 INFO vendor decodo_patchright: 50 prox(y/ies), sticky session re-minted -> session-cap1785662553w15
2026-08-02 05:22:33,956 INFO vendor decodo_patchright: 50 prox(y/ies), sticky session re-minted -> session-cap1785662553w22
2026-08-02 05:22:33,937 INFO vendor decodo_patchright: 50 prox(y/ies), sticky session re-minted -> session-cap1785662553w8
2026-08-02 05:22:34,193 INFO vendor decodo_patchright: 50 prox(y/ies), sticky session re-minted -> session-cap1785662554w11
2026-08-02 05:22:34,229 INFO vendor decodo_patchright: 50 prox(y/ies), sticky session re-minted -> session-cap1785662554w18
2026-08-02 05:22:34,265 INFO vendor decodo_patchright: 50 prox(y/ies), sticky session re-minted -> session-cap1785662554w20
2026-08-02 05:22:34,285 INFO vendor decodo_patchright: 50 prox(y/ies), sticky session re-minted -> session-cap1785662554w9
2026-08-02 05:22:34,297 INFO vendor decodo_patchright: 50 prox(y/ies), sticky session re-minted -> session-cap1785662554w23
2026-08-02 05:22:34,602 INFO vendor decodo_patchright: 50 prox(y/ies), sticky session re-minted -> session-cap1785662554w19
2026-08-02 05:22:34,710 INFO vendor decodo_patchright: 50 prox(y/ies), sticky session re-minted -> session-cap1785662554w6
captured=241 skipped=0 failed=0
EXIT=0
captured=241 skipped=0 failed=0
EXIT=0
captured=241 skipped=0 failed=0
EXIT=0
captured=240 skipped=0 failed=0
EXIT=0
captured=241 skipped=0 failed=0
EXIT=0
captured=241 skipped=0 failed=0
EXIT=0
captured=241 skipped=0 failed=0
EXIT=0
captured=241 skipped=0 failed=0
EXIT=0
captured=241 skipped=0 failed=0
EXIT=0
captured=241 skipped=0 failed=0
EXIT=0
captured=241 skipped=0 failed=0
EXIT=0
captured=241 skipped=0 failed=0
EXIT=0
captured=241 skipped=0 failed=0
EXIT=0
captured=241 skipped=0 failed=0
EXIT=0
captured=241 skipped=0 failed=0
EXIT=0
captured=241 skipped=0 failed=0
EXIT=0
