pending=5950 shard=12/23 assigned=259
transport: canary vendor 'decodo_patchright'
2026-08-11 21:19:26,944 INFO vendor decodo_patchright: 50 prox(y/ies), sticky session re-minted -> session-cap1786497566w12
pending=5950 shard=4/23 assigned=259
transport: canary vendor 'decodo_patchright'
2026-08-11 21:19:26,942 INFO vendor decodo_patchright: 50 prox(y/ies), sticky session re-minted -> session-cap1786497566w4
pending=5950 shard=15/23 assigned=259
transport: canary vendor 'decodo_patchright'
2026-08-11 21:19:27,853 INFO vendor decodo_patchright: 50 prox(y/ies), sticky session re-minted -> session-cap1786497567w15
pending=5950 shard=5/23 assigned=259
transport: canary vendor 'decodo_patchright'
pending=5950 shard=0/23 assigned=259
transport: canary vendor 'decodo_patchright'
pending=5950 shard=6/23 assigned=259
transport: canary vendor 'decodo_patchright'
2026-08-11 21:19:30,220 INFO vendor decodo_patchright: 50 prox(y/ies), sticky session re-minted -> session-cap1786497570w5
2026-08-11 21:19:30,496 INFO vendor decodo_patchright: 50 prox(y/ies), sticky session re-minted -> session-cap1786497570w0
2026-08-11 21:19:30,550 INFO vendor decodo_patchright: 50 prox(y/ies), sticky session re-minted -> session-cap1786497570w6
pending=5950 shard=2/23 assigned=259
transport: canary vendor 'decodo_patchright'
2026-08-11 21:19:31,583 INFO vendor decodo_patchright: 50 prox(y/ies), sticky session re-minted -> session-cap1786497571w2
pending=5950 shard=9/23 assigned=259
transport: canary vendor 'decodo_patchright'
2026-08-11 21:19:31,604 INFO vendor decodo_patchright: 50 prox(y/ies), sticky session re-minted -> session-cap1786497571w9
pending=5950 shard=18/23 assigned=258
transport: canary vendor 'decodo_patchright'
pending=5950 shard=19/23 assigned=258
transport: canary vendor 'decodo_patchright'
2026-08-11 21:19:31,636 INFO vendor decodo_patchright: 50 prox(y/ies), sticky session re-minted -> session-cap1786497571w19
pending=5950 shard=22/23 assigned=258
transport: canary vendor 'decodo_patchright'
2026-08-11 21:19:31,680 INFO vendor decodo_patchright: 50 prox(y/ies), sticky session re-minted -> session-cap1786497571w22
pending=5950 shard=14/23 assigned=259
transport: canary vendor 'decodo_patchright'
pending=5950 shard=7/23 assigned=259
transport: canary vendor 'decodo_patchright'
pending=5950 shard=20/23 assigned=258
transport: canary vendor 'decodo_patchright'
2026-08-11 21:19:31,732 INFO vendor decodo_patchright: 50 prox(y/ies), sticky session re-minted -> session-cap1786497571w7
pending=5950 shard=3/23 assigned=259
transport: canary vendor 'decodo_patchright'
2026-08-11 21:19:31,756 INFO vendor decodo_patchright: 50 prox(y/ies), sticky session re-minted -> session-cap1786497571w20
pending=5950 shard=1/23 assigned=259
transport: canary vendor 'decodo_patchright'
2026-08-11 21:19:31,765 INFO vendor decodo_patchright: 50 prox(y/ies), sticky session re-minted -> session-cap1786497571w18
2026-08-11 21:19:31,759 INFO vendor decodo_patchright: 50 prox(y/ies), sticky session re-minted -> session-cap1786497571w14
2026-08-11 21:19:31,782 INFO vendor decodo_patchright: 50 prox(y/ies), sticky session re-minted -> session-cap1786497571w3
pending=5950 shard=13/23 assigned=259
transport: canary vendor 'decodo_patchright'
pending=5950 shard=11/23 assigned=259
transport: canary vendor 'decodo_patchright'
pending=5950 shard=17/23 assigned=258
transport: canary vendor 'decodo_patchright'
2026-08-11 21:19:32,005 INFO vendor decodo_patchright: 50 prox(y/ies), sticky session re-minted -> session-cap1786497572w1
pending=5950 shard=16/23 assigned=258
transport: canary vendor 'decodo_patchright'
pending=5950 shard=8/23 assigned=259
transport: canary vendor 'decodo_patchright'
2026-08-11 21:19:32,181 INFO vendor decodo_patchright: 50 prox(y/ies), sticky session re-minted -> session-cap1786497572w11
2026-08-11 21:19:32,239 INFO vendor decodo_patchright: 50 prox(y/ies), sticky session re-minted -> session-cap1786497572w13
pending=5950 shard=10/23 assigned=259
transport: canary vendor 'decodo_patchright'
2026-08-11 21:19:32,389 INFO vendor decodo_patchright: 50 prox(y/ies), sticky session re-minted -> session-cap1786497572w17
pending=5950 shard=21/23 assigned=258
transport: canary vendor 'decodo_patchright'
2026-08-11 21:19:32,542 INFO vendor decodo_patchright: 50 prox(y/ies), sticky session re-minted -> session-cap1786497572w8
2026-08-11 21:19:32,548 INFO vendor decodo_patchright: 50 prox(y/ies), sticky session re-minted -> session-cap1786497572w16
2026-08-11 21:19:32,563 INFO vendor decodo_patchright: 50 prox(y/ies), sticky session re-minted -> session-cap1786497572w21
2026-08-11 21:19:32,600 INFO vendor decodo_patchright: 50 prox(y/ies), sticky session re-minted -> session-cap1786497572w10
captured=7 skipped=252 failed=0
EXIT=0
captured=7 skipped=251 failed=0
EXIT=0
captured=7 skipped=251 failed=0
captured=7 skipped=252 failed=0
EXIT=0
EXIT=0
captured=7 skipped=252 failed=0
EXIT=0
captured=7 skipped=252 failed=0
captured=7 skipped=252 failed=0
EXIT=0
EXIT=0
captured=7 skipped=251 failed=0
EXIT=0
captured=7 skipped=251 failed=0
EXIT=0
captured=7 skipped=251 failed=0
EXIT=0
captured=8 skipped=251 failed=0
EXIT=0
captured=8 skipped=251 failed=0
EXIT=0
2026-08-11 21:23:55,071 WARNING challenge not cleared for contest_id=255413 -- bundle not written
captured=8 skipped=251 failed=0
captured=8 skipped=251 failed=0
EXIT=0
captured=8 skipped=251 failed=0
EXIT=0
EXIT=0
captured=8 skipped=251 failed=0
EXIT=0
captured=8 skipped=251 failed=0
EXIT=0
captured=8 skipped=251 failed=0
EXIT=0
captured=8 skipped=250 failed=1
EXIT=0
captured=7 skipped=251 failed=0
EXIT=0
captured=7 skipped=251 failed=0
EXIT=0
captured=8 skipped=251 failed=0
EXIT=0
captured=8 skipped=251 failed=0
EXIT=0
