pending=5950 shard=6/24 assigned=248
transport: canary vendor 'decodo_patchright'
2026-08-03 13:15:41,610 INFO vendor decodo_patchright: 50 prox(y/ies), sticky session re-minted -> session-cap1785777341w6
captured=0 skipped=248 failed=0
pending=5950 shard=1/24 assigned=248
transport: canary vendor 'decodo_patchright'
pending=5950 shard=5/24 assigned=248
transport: canary vendor 'decodo_patchright'
2026-08-03 13:15:41,665 INFO vendor decodo_patchright: 50 prox(y/ies), sticky session re-minted -> session-cap1785777341w5
captured=0 skipped=248 failed=0
pending=5950 shard=9/24 assigned=248
transport: canary vendor 'decodo_patchright'
2026-08-03 13:15:41,704 INFO vendor decodo_patchright: 50 prox(y/ies), sticky session re-minted -> session-cap1785777341w9
captured=0 skipped=248 failed=0
2026-08-03 13:15:41,748 INFO vendor decodo_patchright: 50 prox(y/ies), sticky session re-minted -> session-cap1785777341w1
captured=0 skipped=248 failed=0
pending=5950 shard=11/24 assigned=248
transport: canary vendor 'decodo_patchright'
2026-08-03 13:15:42,922 INFO vendor decodo_patchright: 50 prox(y/ies), sticky session re-minted -> session-cap1785777342w11
captured=0 skipped=248 failed=0
EXIT=0
EXIT=0
pending=5950 shard=8/24 assigned=248
transport: canary vendor 'decodo_patchright'
2026-08-03 13:15:43,153 INFO vendor decodo_patchright: 50 prox(y/ies), sticky session re-minted -> session-cap1785777343w8
captured=0 skipped=248 failed=0
EXIT=0
EXIT=0
pending=5950 shard=4/24 assigned=248
transport: canary vendor 'decodo_patchright'
2026-08-03 13:15:43,255 INFO vendor decodo_patchright: 50 prox(y/ies), sticky session re-minted -> session-cap1785777343w4
captured=0 skipped=248 failed=0
pending=5950 shard=0/24 assigned=248
transport: canary vendor 'decodo_patchright'
2026-08-03 13:15:43,391 INFO vendor decodo_patchright: 50 prox(y/ies), sticky session re-minted -> session-cap1785777343w0
pending=5950 shard=14/24 assigned=248
transport: canary vendor 'decodo_patchright'
pending=5950 shard=13/24 assigned=248
transport: canary vendor 'decodo_patchright'
pending=5950 shard=3/24 assigned=248
transport: canary vendor 'decodo_patchright'
2026-08-03 13:15:43,656 INFO vendor decodo_patchright: 50 prox(y/ies), sticky session re-minted -> session-cap1785777343w3
2026-08-03 13:15:43,645 INFO vendor decodo_patchright: 50 prox(y/ies), sticky session re-minted -> session-cap1785777343w14
captured=0 skipped=248 failed=0
2026-08-03 13:15:43,645 INFO vendor decodo_patchright: 50 prox(y/ies), sticky session re-minted -> session-cap1785777343w13
captured=0 skipped=248 failed=0
captured=0 skipped=248 failed=0
pending=5950 shard=7/24 assigned=248
transport: canary vendor 'decodo_patchright'
pending=5950 shard=2/24 assigned=248
transport: canary vendor 'decodo_patchright'
2026-08-03 13:15:43,814 INFO vendor decodo_patchright: 50 prox(y/ies), sticky session re-minted -> session-cap1785777343w7
pending=5950 shard=12/24 assigned=248
transport: canary vendor 'decodo_patchright'
2026-08-03 13:15:43,823 INFO vendor decodo_patchright: 50 prox(y/ies), sticky session re-minted -> session-cap1785777343w12
captured=0 skipped=248 failed=0
2026-08-03 13:15:43,836 INFO vendor decodo_patchright: 50 prox(y/ies), sticky session re-minted -> session-cap1785777343w2
captured=0 skipped=248 failed=0
captured=0 skipped=248 failed=0
pending=5950 shard=10/24 assigned=248
transport: canary vendor 'decodo_patchright'
2026-08-03 13:15:43,943 INFO vendor decodo_patchright: 50 prox(y/ies), sticky session re-minted -> session-cap1785777343w10
captured=0 skipped=248 failed=0
EXIT=0
pending=5950 shard=15/24 assigned=248
transport: canary vendor 'decodo_patchright'
2026-08-03 13:15:44,560 INFO vendor decodo_patchright: 50 prox(y/ies), sticky session re-minted -> session-cap1785777344w15
EXIT=0
captured=0 skipped=248 failed=0
EXIT=0
EXIT=0
EXIT=0
EXIT=0
EXIT=0
EXIT=0
pending=5950 shard=19/24 assigned=248
transport: canary vendor 'decodo_patchright'
2026-08-03 13:15:44,856 INFO vendor decodo_patchright: 50 prox(y/ies), sticky session re-minted -> session-cap1785777344w19
captured=0 skipped=248 failed=0
pending=5950 shard=17/24 assigned=248
transport: canary vendor 'decodo_patchright'
EXIT=0
2026-08-03 13:15:44,999 INFO vendor decodo_patchright: 50 prox(y/ies), sticky session re-minted -> session-cap1785777344w17
captured=0 skipped=248 failed=0
pending=5950 shard=16/24 assigned=248
transport: canary vendor 'decodo_patchright'
2026-08-03 13:15:45,037 INFO vendor decodo_patchright: 50 prox(y/ies), sticky session re-minted -> session-cap1785777345w16
captured=0 skipped=248 failed=0
EXIT=0
EXIT=0
pending=5950 shard=20/24 assigned=248
transport: canary vendor 'decodo_patchright'
2026-08-03 13:15:45,190 INFO vendor decodo_patchright: 50 prox(y/ies), sticky session re-minted -> session-cap1785777345w20
captured=0 skipped=248 failed=0
pending=5950 shard=18/24 assigned=248
transport: canary vendor 'decodo_patchright'
2026-08-03 13:15:45,287 INFO vendor decodo_patchright: 50 prox(y/ies), sticky session re-minted -> session-cap1785777345w18
EXIT=0
EXIT=0
EXIT=0
EXIT=0
2026-08-03 13:16:19,914 WARNING challenge not cleared for contest_id=255413 -- bundle not written
captured=0 skipped=247 failed=1
EXIT=0
2026-08-03 13:42:27,282 ERROR BAN-SUSPECT: hard-stopping capture at contest_id=255058: NCAA fetch failed after rotating proxies: https://stats.ncaa.org/contests/255058/play_by_play: patchright: bm-verify not passed after 3 attempts (643-byte body)
BAN-SUSPECT: capture halted at contest_id=255058: NCAA fetch failed after rotating proxies: https://stats.ncaa.org/contests/255058/play_by_play: patchright: bm-verify not passed after 3 attempts (643-byte body)
EXIT=1
