pending=5749 shard=5/24 assigned=240
transport: canary vendor 'decodo_patchright'
2026-08-05 06:24:57,394 INFO vendor decodo_patchright: 50 prox(y/ies), sticky session re-minted -> session-cap1785925497w5
captured=0 skipped=240 failed=0
pending=5749 shard=0/24 assigned=240
transport: canary vendor 'decodo_patchright'
pending=5749 shard=2/24 assigned=240
transport: canary vendor 'decodo_patchright'
2026-08-05 06:24:57,463 INFO vendor decodo_patchright: 50 prox(y/ies), sticky session re-minted -> session-cap1785925497w2
2026-08-05 06:24:57,467 INFO vendor decodo_patchright: 50 prox(y/ies), sticky session re-minted -> session-cap1785925497w0
captured=0 skipped=240 failed=0
captured=0 skipped=240 failed=0
pending=5749 shard=9/24 assigned=240
transport: canary vendor 'decodo_patchright'
2026-08-05 06:24:57,887 INFO vendor decodo_patchright: 50 prox(y/ies), sticky session re-minted -> session-cap1785925497w9
captured=0 skipped=240 failed=0
pending=5749 shard=8/24 assigned=240
transport: canary vendor 'decodo_patchright'
2026-08-05 06:24:59,326 INFO vendor decodo_patchright: 50 prox(y/ies), sticky session re-minted -> session-cap1785925499w8
captured=0 skipped=240 failed=0
pending=5749 shard=7/24 assigned=240
transport: canary vendor 'decodo_patchright'
2026-08-05 06:24:59,329 INFO vendor decodo_patchright: 50 prox(y/ies), sticky session re-minted -> session-cap1785925499w7
captured=0 skipped=240 failed=0
pending=5749 shard=6/24 assigned=240
transport: canary vendor 'decodo_patchright'
pending=5749 shard=3/24 assigned=240
transport: canary vendor 'decodo_patchright'
2026-08-05 06:24:59,443 INFO vendor decodo_patchright: 50 prox(y/ies), sticky session re-minted -> session-cap1785925499w3
2026-08-05 06:24:59,485 INFO vendor decodo_patchright: 50 prox(y/ies), sticky session re-minted -> session-cap1785925499w6
pending=5749 shard=1/24 assigned=240
transport: canary vendor 'decodo_patchright'
2026-08-05 06:24:59,531 INFO vendor decodo_patchright: 50 prox(y/ies), sticky session re-minted -> session-cap1785925499w1
captured=0 skipped=240 failed=0
pending=5749 shard=4/24 assigned=240
transport: canary vendor 'decodo_patchright'
2026-08-05 06:24:59,627 INFO vendor decodo_patchright: 50 prox(y/ies), sticky session re-minted -> session-cap1785925499w4
captured=0 skipped=240 failed=0
EXIT=0
EXIT=0
EXIT=0
EXIT=0
EXIT=0
EXIT=0
EXIT=0
EXIT=0
2026-08-05 06:25:32,804 WARNING challenge not cleared for contest_id=845922 -- bundle not written
captured=0 skipped=239 failed=1
EXIT=0
2026-08-05 06:25:34,821 WARNING challenge not cleared for contest_id=845911 -- bundle not written
2026-08-05 06:53:28,855 ERROR BAN-SUSPECT: hard-stopping capture at contest_id=848097: NCAA fetch failed after rotating proxies: https://stats.ncaa.org/contests/848097/play_by_play: patchright: bm-verify not passed after 3 attempts (643-byte body)
BAN-SUSPECT: capture halted at contest_id=848097: NCAA fetch failed after rotating proxies: https://stats.ncaa.org/contests/848097/play_by_play: patchright: bm-verify not passed after 3 attempts (643-byte body)
EXIT=1
