pending=5814 shard=6/24 assigned=242
transport: canary vendor 'decodo_patchright'
2026-08-03 21:20:15,066 INFO vendor decodo_patchright: 50 prox(y/ies), sticky session re-minted -> session-cap1785806415w6
pending=5814 shard=0/24 assigned=243
transport: canary vendor 'decodo_patchright'
2026-08-03 21:20:15,351 INFO vendor decodo_patchright: 50 prox(y/ies), sticky session re-minted -> session-cap1785806415w0
pending=5814 shard=9/24 assigned=242
transport: canary vendor 'decodo_patchright'
2026-08-03 21:20:15,747 INFO vendor decodo_patchright: 50 prox(y/ies), sticky session re-minted -> session-cap1785806415w9
pending=5814 shard=2/24 assigned=243
transport: canary vendor 'decodo_patchright'
2026-08-03 21:20:15,732 INFO vendor decodo_patchright: 50 prox(y/ies), sticky session re-minted -> session-cap1785806415w2
pending=5814 shard=1/24 assigned=243
transport: canary vendor 'decodo_patchright'
2026-08-03 21:20:16,291 INFO vendor decodo_patchright: 50 prox(y/ies), sticky session re-minted -> session-cap1785806416w1
pending=5814 shard=10/24 assigned=242
transport: canary vendor 'decodo_patchright'
2026-08-03 21:20:16,945 INFO vendor decodo_patchright: 50 prox(y/ies), sticky session re-minted -> session-cap1785806416w10
pending=5814 shard=4/24 assigned=243
transport: canary vendor 'decodo_patchright'
2026-08-03 21:20:17,158 INFO vendor decodo_patchright: 50 prox(y/ies), sticky session re-minted -> session-cap1785806417w4
pending=5814 shard=11/24 assigned=242
transport: canary vendor 'decodo_patchright'
pending=5814 shard=13/24 assigned=242
transport: canary vendor 'decodo_patchright'
pending=5814 shard=23/24 assigned=242
transport: canary vendor 'decodo_patchright'
pending=5814 shard=12/24 assigned=242
transport: canary vendor 'decodo_patchright'
2026-08-03 21:20:19,270 INFO vendor decodo_patchright: 50 prox(y/ies), sticky session re-minted -> session-cap1785806419w23
pending=5814 shard=3/24 assigned=243
transport: canary vendor 'decodo_patchright'
pending=5814 shard=16/24 assigned=242
transport: canary vendor 'decodo_patchright'
pending=5814 shard=5/24 assigned=243
transport: canary vendor 'decodo_patchright'
pending=5814 shard=21/24 assigned=242
transport: canary vendor 'decodo_patchright'
2026-08-03 21:20:19,364 INFO vendor decodo_patchright: 50 prox(y/ies), sticky session re-minted -> session-cap1785806419w13
pending=5814 shard=8/24 assigned=242
transport: canary vendor 'decodo_patchright'
2026-08-03 21:20:19,368 INFO vendor decodo_patchright: 50 prox(y/ies), sticky session re-minted -> session-cap1785806419w11
2026-08-03 21:20:19,365 INFO vendor decodo_patchright: 50 prox(y/ies), sticky session re-minted -> session-cap1785806419w12
2026-08-03 21:20:19,401 INFO vendor decodo_patchright: 50 prox(y/ies), sticky session re-minted -> session-cap1785806419w21
pending=5814 shard=20/24 assigned=242
transport: canary vendor 'decodo_patchright'
pending=5814 shard=7/24 assigned=242
transport: canary vendor 'decodo_patchright'
pending=5814 shard=19/24 assigned=242
transport: canary vendor 'decodo_patchright'
pending=5814 shard=14/24 assigned=242
transport: canary vendor 'decodo_patchright'
2026-08-03 21:20:19,447 INFO vendor decodo_patchright: 50 prox(y/ies), sticky session re-minted -> session-cap1785806419w3
2026-08-03 21:20:19,455 INFO vendor decodo_patchright: 50 prox(y/ies), sticky session re-minted -> session-cap1785806419w16
2026-08-03 21:20:19,455 INFO vendor decodo_patchright: 50 prox(y/ies), sticky session re-minted -> session-cap1785806419w7
2026-08-03 21:20:19,462 INFO vendor decodo_patchright: 50 prox(y/ies), sticky session re-minted -> session-cap1785806419w5
pending=5814 shard=18/24 assigned=242
transport: canary vendor 'decodo_patchright'
2026-08-03 21:20:19,466 INFO vendor decodo_patchright: 50 prox(y/ies), sticky session re-minted -> session-cap1785806419w19
pending=5814 shard=17/24 assigned=242
transport: canary vendor 'decodo_patchright'
2026-08-03 21:20:19,473 INFO vendor decodo_patchright: 50 prox(y/ies), sticky session re-minted -> session-cap1785806419w8
2026-08-03 21:20:19,464 INFO vendor decodo_patchright: 50 prox(y/ies), sticky session re-minted -> session-cap1785806419w20
2026-08-03 21:20:19,485 INFO vendor decodo_patchright: 50 prox(y/ies), sticky session re-minted -> session-cap1785806419w18
2026-08-03 21:20:19,496 INFO vendor decodo_patchright: 50 prox(y/ies), sticky session re-minted -> session-cap1785806419w17
2026-08-03 21:20:19,498 INFO vendor decodo_patchright: 50 prox(y/ies), sticky session re-minted -> session-cap1785806419w14
pending=5814 shard=15/24 assigned=242
transport: canary vendor 'decodo_patchright'
2026-08-03 21:20:19,639 INFO vendor decodo_patchright: 50 prox(y/ies), sticky session re-minted -> session-cap1785806419w15
2026-08-03 21:50:13,546 WARNING challenge not cleared for contest_id=739795 -- bundle not written
2026-08-03 22:20:53,209 ERROR BAN-SUSPECT: hard-stopping capture at contest_id=739967: NCAA fetch failed after rotating proxies: https://stats.ncaa.org/contests/739967/play_by_play: patchright: bm-verify not passed after 3 attempts (643-byte body)
BAN-SUSPECT: capture halted at contest_id=739967: NCAA fetch failed after rotating proxies: https://stats.ncaa.org/contests/739967/play_by_play: patchright: bm-verify not passed after 3 attempts (643-byte body)
EXIT=1
2026-08-03 22:21:16,010 WARNING challenge not cleared for contest_id=743119 -- bundle not written
2026-08-03 22:29:16,508 WARNING challenge not cleared for contest_id=743579 -- bundle not written
2026-08-03 23:01:04,012 WARNING challenge not cleared for contest_id=748387 -- bundle not written
captured=242 skipped=0 failed=0
EXIT=0
captured=242 skipped=0 failed=1
EXIT=0
captured=242 skipped=0 failed=0
EXIT=0
captured=242 skipped=0 failed=0
EXIT=0
captured=242 skipped=0 failed=0
EXIT=0
captured=242 skipped=0 failed=0
EXIT=0
captured=242 skipped=0 failed=0
EXIT=0
captured=243 skipped=0 failed=0
EXIT=0
captured=242 skipped=0 failed=0
EXIT=0
captured=242 skipped=0 failed=0
EXIT=0
captured=242 skipped=0 failed=0
EXIT=0
captured=243 skipped=0 failed=0
EXIT=0
captured=243 skipped=0 failed=0
EXIT=0
captured=242 skipped=0 failed=0
EXIT=0
captured=241 skipped=0 failed=1
EXIT=0
captured=243 skipped=0 failed=0
EXIT=0
captured=242 skipped=0 failed=0
EXIT=0
captured=242 skipped=0 failed=0
EXIT=0
captured=242 skipped=0 failed=0
EXIT=0
captured=242 skipped=0 failed=0
EXIT=0
captured=241 skipped=0 failed=1
EXIT=0
captured=242 skipped=0 failed=1
EXIT=0
