pending=5971 shard=0/24 assigned=249
transport: canary vendor 'decodo_patchright'
pending=5971 shard=3/24 assigned=249
transport: canary vendor 'decodo_patchright'
pending=5971 shard=2/24 assigned=249
transport: canary vendor 'decodo_patchright'
pending=5971 shard=1/24 assigned=249
transport: canary vendor 'decodo_patchright'
2026-08-02 00:49:00,860 INFO vendor decodo_patchright: 50 prox(y/ies), sticky session re-minted -> session-cap1785646140w0
2026-08-02 00:49:00,895 INFO vendor decodo_patchright: 50 prox(y/ies), sticky session re-minted -> session-cap1785646140w3
2026-08-02 00:49:01,808 INFO vendor decodo_patchright: 50 prox(y/ies), sticky session re-minted -> session-cap1785646141w1
2026-08-02 00:49:03,394 INFO vendor decodo_patchright: 50 prox(y/ies), sticky session re-minted -> session-cap1785646143w2
captured=249 skipped=0 failed=0
EXIT=0
captured=249 skipped=0 failed=0
EXIT=0
captured=249 skipped=0 failed=0
EXIT=0
2026-08-02 03:10:59,510 ERROR Error on reading from the event loop self pipe
loop: <ProactorEventLoop running=True closed=False debug=False>
Traceback (most recent call last):
  File "C:\Users\saiem\AppData\Roaming\uv\python\cpython-3.13.2-windows-x86_64-none\Lib\asyncio\proactor_events.py", line 792, in _loop_self_reading
    f.result()  # may raise
    ~~~~~~~~^^
  File "C:\Users\saiem\AppData\Roaming\uv\python\cpython-3.13.2-windows-x86_64-none\Lib\asyncio\windows_events.py", line 804, in _poll
    value = callback(transferred, key, ov)
  File "C:\Users\saiem\AppData\Roaming\uv\python\cpython-3.13.2-windows-x86_64-none\Lib\asyncio\windows_events.py", line 463, in finish_socket_func
    return ov.getresult()
           ~~~~~~~~~~~~^^
ConnectionAbortedError: [WinError 1236] The network connection was aborted by the local system
2026-08-02 03:11:00,041 ERROR Error on reading from the event loop self pipe
loop: <ProactorEventLoop running=True closed=False debug=False>
Traceback (most recent call last):
  File "C:\Users\saiem\AppData\Roaming\uv\python\cpython-3.13.2-windows-x86_64-none\Lib\asyncio\proactor_events.py", line 801, in _loop_self_reading
    f = self._proactor.recv(self._ssock, 4096)
  File "C:\Users\saiem\AppData\Roaming\uv\python\cpython-3.13.2-windows-x86_64-none\Lib\asyncio\windows_events.py", line 488, in recv
    ov.WSARecv(conn.fileno(), nbytes, flags)
    ~~~~~~~~~~^^^^^^^^^^^^^^^^^^^^^^^^^^^^^^
ConnectionResetError: [WinError 10054] An existing connection was forcibly closed by the remote host
2026-08-02 03:11:00,042 ERROR Error on reading from the event loop self pipe
loop: <ProactorEventLoop running=True closed=False debug=False>
Traceback (most recent call last):
  File "C:\Users\saiem\AppData\Roaming\uv\python\cpython-3.13.2-windows-x86_64-none\Lib\asyncio\proactor_events.py", line 801, in _loop_self_reading
    f = self._proactor.recv(self._ssock, 4096)
  File "C:\Users\saiem\AppData\Roaming\uv\python\cpython-3.13.2-windows-x86_64-none\Lib\asyncio\windows_events.py", line 488, in recv
    ov.WSARecv(conn.fileno(), nbytes, flags)
    ~~~~~~~~~~^^^^^^^^^^^^^^^^^^^^^^^^^^^^^^
ConnectionResetError: [WinError 10054] An existing connection was forcibly closed by the remote host
captured=249 skipped=0 failed=0
EXIT=0
