pending=5972 shard=0/8 assigned=747
transport: canary vendor 'decodo_patchright'
2026-08-11 19:47:40,109 INFO vendor decodo_patchright: 50 prox(y/ies), sticky session re-minted -> session-cap1786492060w0
captured=0 skipped=747 failed=0
pending=5972 shard=5/8 assigned=746
transport: canary vendor 'decodo_patchright'
2026-08-11 19:47:40,213 INFO vendor decodo_patchright: 50 prox(y/ies), sticky session re-minted -> session-cap1786492060w5
pending=5972 shard=1/8 assigned=747
transport: canary vendor 'decodo_patchright'
2026-08-11 19:47:40,228 INFO vendor decodo_patchright: 50 prox(y/ies), sticky session re-minted -> session-cap1786492060w1
pending=5972 shard=2/8 assigned=747
transport: canary vendor 'decodo_patchright'
2026-08-11 19:47:40,233 INFO vendor decodo_patchright: 50 prox(y/ies), sticky session re-minted -> session-cap1786492060w2
pending=5972 shard=6/8 assigned=746
transport: canary vendor 'decodo_patchright'
2026-08-11 19:47:40,237 INFO vendor decodo_patchright: 50 prox(y/ies), sticky session re-minted -> session-cap1786492060w6
pending=5972 shard=3/8 assigned=747
transport: canary vendor 'decodo_patchright'
2026-08-11 19:47:40,272 INFO vendor decodo_patchright: 50 prox(y/ies), sticky session re-minted -> session-cap1786492060w3
pending=5972 shard=4/8 assigned=746
transport: canary vendor 'decodo_patchright'
2026-08-11 19:47:40,271 INFO vendor decodo_patchright: 50 prox(y/ies), sticky session re-minted -> session-cap1786492060w4
captured=0 skipped=747 failed=0
pending=5972 shard=7/8 assigned=746
transport: canary vendor 'decodo_patchright'
captured=0 skipped=746 failed=0
captured=0 skipped=747 failed=0
2026-08-11 19:47:40,290 INFO vendor decodo_patchright: 50 prox(y/ies), sticky session re-minted -> session-cap1786492060w7
captured=0 skipped=746 failed=0
captured=0 skipped=747 failed=0
EXIT=0
EXIT=0
EXIT=0
EXIT=0
EXIT=0
EXIT=0
2026-08-11 19:48:15,601 WARNING challenge not cleared for contest_id=191814 -- bundle not written
captured=0 skipped=745 failed=1
EXIT=0
captured=104 skipped=642 failed=0
EXIT=0
