pending=5947 shard=8/23 assigned=259
transport: canary vendor 'decodo_patchright'
2026-08-11 21:34:25,659 INFO vendor decodo_patchright: 50 prox(y/ies), sticky session re-minted -> session-cap1786498465w8
captured=0 skipped=259 failed=0
pending=5947 shard=4/23 assigned=259
transport: canary vendor 'decodo_patchright'
2026-08-11 21:34:25,696 INFO vendor decodo_patchright: 50 prox(y/ies), sticky session re-minted -> session-cap1786498465w4
captured=0 skipped=259 failed=0
pending=5947 shard=2/23 assigned=259
transport: canary vendor 'decodo_patchright'
2026-08-11 21:34:26,455 INFO vendor decodo_patchright: 50 prox(y/ies), sticky session re-minted -> session-cap1786498466w2
captured=0 skipped=259 failed=0
pending=5947 shard=6/23 assigned=259
transport: canary vendor 'decodo_patchright'
2026-08-11 21:34:27,709 INFO vendor decodo_patchright: 50 prox(y/ies), sticky session re-minted -> session-cap1786498467w6
captured=0 skipped=259 failed=0
pending=5947 shard=1/23 assigned=259
transport: canary vendor 'decodo_patchright'
2026-08-11 21:34:27,759 INFO vendor decodo_patchright: 50 prox(y/ies), sticky session re-minted -> session-cap1786498467w1
pending=5947 shard=5/23 assigned=259
transport: canary vendor 'decodo_patchright'
2026-08-11 21:34:27,766 INFO vendor decodo_patchright: 50 prox(y/ies), sticky session re-minted -> session-cap1786498467w5
pending=5947 shard=3/23 assigned=259
transport: canary vendor 'decodo_patchright'
captured=0 skipped=259 failed=0
captured=0 skipped=259 failed=0
2026-08-11 21:34:27,781 INFO vendor decodo_patchright: 50 prox(y/ies), sticky session re-minted -> session-cap1786498467w3
captured=0 skipped=259 failed=0
pending=5947 shard=7/23 assigned=259
transport: canary vendor 'decodo_patchright'
2026-08-11 21:34:27,804 INFO vendor decodo_patchright: 50 prox(y/ies), sticky session re-minted -> session-cap1786498467w7
captured=0 skipped=259 failed=0
pending=5947 shard=9/23 assigned=259
transport: canary vendor 'decodo_patchright'
pending=5947 shard=0/23 assigned=259
transport: canary vendor 'decodo_patchright'
2026-08-11 21:34:27,873 INFO vendor decodo_patchright: 50 prox(y/ies), sticky session re-minted -> session-cap1786498467w9
2026-08-11 21:34:27,889 INFO vendor decodo_patchright: 50 prox(y/ies), sticky session re-minted -> session-cap1786498467w0
captured=0 skipped=259 failed=0
EXIT=0
EXIT=0
EXIT=0
EXIT=0
EXIT=0
EXIT=0
EXIT=0
EXIT=0
EXIT=0
pending=5947 shard=10/23 assigned=259
transport: canary vendor 'decodo_patchright'
2026-08-11 21:34:29,301 INFO vendor decodo_patchright: 50 prox(y/ies), sticky session re-minted -> session-cap1786498469w10
captured=0 skipped=259 failed=0
pending=5947 shard=13/23 assigned=258
transport: canary vendor 'decodo_patchright'
2026-08-11 21:34:29,356 INFO vendor decodo_patchright: 50 prox(y/ies), sticky session re-minted -> session-cap1786498469w13
captured=0 skipped=258 failed=0
EXIT=0
EXIT=0
2026-08-11 21:35:01,875 WARNING challenge not cleared for contest_id=717858 -- bundle not written
captured=0 skipped=258 failed=1
EXIT=0
