pending=5814 shard=11/24 assigned=242
transport: canary vendor 'decodo_patchright'
2026-08-04 07:05:54,210 INFO vendor decodo_patchright: 50 prox(y/ies), sticky session re-minted -> session-cap1785841554w11
captured=0 skipped=242 failed=0
pending=5814 shard=0/24 assigned=243
transport: canary vendor 'decodo_patchright'
2026-08-04 07:05:54,283 INFO vendor decodo_patchright: 50 prox(y/ies), sticky session re-minted -> session-cap1785841554w0
captured=0 skipped=243 failed=0
pending=5814 shard=3/24 assigned=243
transport: canary vendor 'decodo_patchright'
2026-08-04 07:05:54,788 INFO vendor decodo_patchright: 50 prox(y/ies), sticky session re-minted -> session-cap1785841554w3
captured=0 skipped=243 failed=0
EXIT=0
pending=5814 shard=8/24 assigned=242
transport: canary vendor 'decodo_patchright'
2026-08-04 07:05:55,569 INFO vendor decodo_patchright: 50 prox(y/ies), sticky session re-minted -> session-cap1785841555w8
captured=0 skipped=242 failed=0
EXIT=0
pending=5814 shard=14/24 assigned=242
transport: canary vendor 'decodo_patchright'
2026-08-04 07:05:56,429 INFO vendor decodo_patchright: 50 prox(y/ies), sticky session re-minted -> session-cap1785841556w14
pending=5814 shard=1/24 assigned=243
transport: canary vendor 'decodo_patchright'
2026-08-04 07:05:56,465 INFO vendor decodo_patchright: 50 prox(y/ies), sticky session re-minted -> session-cap1785841556w1
captured=0 skipped=242 failed=0
pending=5814 shard=2/24 assigned=243
transport: canary vendor 'decodo_patchright'
2026-08-04 07:05:56,486 INFO vendor decodo_patchright: 50 prox(y/ies), sticky session re-minted -> session-cap1785841556w2
captured=0 skipped=243 failed=0
pending=5814 shard=5/24 assigned=243
transport: canary vendor 'decodo_patchright'
2026-08-04 07:05:56,489 INFO vendor decodo_patchright: 50 prox(y/ies), sticky session re-minted -> session-cap1785841556w5
captured=0 skipped=243 failed=0
pending=5814 shard=23/24 assigned=242
transport: canary vendor 'decodo_patchright'
pending=5814 shard=20/24 assigned=242
transport: canary vendor 'decodo_patchright'
2026-08-04 07:05:56,643 INFO vendor decodo_patchright: 50 prox(y/ies), sticky session re-minted -> session-cap1785841556w23
pending=5814 shard=6/24 assigned=242
transport: canary vendor 'decodo_patchright'
captured=0 skipped=242 failed=0
pending=5814 shard=7/24 assigned=242
transport: canary vendor 'decodo_patchright'
pending=5814 shard=4/24 assigned=243
transport: canary vendor 'decodo_patchright'
pending=5814 shard=16/24 assigned=242
transport: canary vendor 'decodo_patchright'
2026-08-04 07:05:56,763 INFO vendor decodo_patchright: 50 prox(y/ies), sticky session re-minted -> session-cap1785841556w16
2026-08-04 07:05:56,745 INFO vendor decodo_patchright: 50 prox(y/ies), sticky session re-minted -> session-cap1785841556w20
captured=0 skipped=242 failed=0
EXIT=0
pending=5814 shard=10/24 assigned=242
transport: canary vendor 'decodo_patchright'
captured=0 skipped=242 failed=0
pending=5814 shard=15/24 assigned=242
transport: canary vendor 'decodo_patchright'
2026-08-04 07:05:56,833 INFO vendor decodo_patchright: 50 prox(y/ies), sticky session re-minted -> session-cap1785841556w6
captured=0 skipped=242 failed=0
pending=5814 shard=17/24 assigned=242
transport: canary vendor 'decodo_patchright'
2026-08-04 07:05:56,852 INFO vendor decodo_patchright: 50 prox(y/ies), sticky session re-minted -> session-cap1785841556w17
2026-08-04 07:05:56,834 INFO vendor decodo_patchright: 50 prox(y/ies), sticky session re-minted -> session-cap1785841556w10
captured=0 skipped=242 failed=0
2026-08-04 07:05:56,839 INFO vendor decodo_patchright: 50 prox(y/ies), sticky session re-minted -> session-cap1785841556w7
2026-08-04 07:05:56,836 INFO vendor decodo_patchright: 50 prox(y/ies), sticky session re-minted -> session-cap1785841556w4
2026-08-04 07:05:56,841 INFO vendor decodo_patchright: 50 prox(y/ies), sticky session re-minted -> session-cap1785841556w15
captured=0 skipped=242 failed=0
captured=0 skipped=242 failed=0
pending=5814 shard=21/24 assigned=242
transport: canary vendor 'decodo_patchright'
2026-08-04 07:05:56,933 INFO vendor decodo_patchright: 50 prox(y/ies), sticky session re-minted -> session-cap1785841556w21
captured=0 skipped=242 failed=0
pending=5814 shard=13/24 assigned=242
transport: canary vendor 'decodo_patchright'
2026-08-04 07:05:56,940 INFO vendor decodo_patchright: 50 prox(y/ies), sticky session re-minted -> session-cap1785841556w13
EXIT=0
pending=5814 shard=19/24 assigned=242
transport: canary vendor 'decodo_patchright'
2026-08-04 07:05:57,050 INFO vendor decodo_patchright: 50 prox(y/ies), sticky session re-minted -> session-cap1785841557w19
EXIT=0
EXIT=0
pending=5814 shard=9/24 assigned=242
transport: canary vendor 'decodo_patchright'
2026-08-04 07:05:57,186 INFO vendor decodo_patchright: 50 prox(y/ies), sticky session re-minted -> session-cap1785841557w9
captured=0 skipped=242 failed=0
pending=5814 shard=12/24 assigned=242
transport: canary vendor 'decodo_patchright'
EXIT=0
2026-08-04 07:05:57,275 INFO vendor decodo_patchright: 50 prox(y/ies), sticky session re-minted -> session-cap1785841557w12
captured=0 skipped=242 failed=0
pending=5814 shard=18/24 assigned=242
transport: canary vendor 'decodo_patchright'
2026-08-04 07:05:57,301 INFO vendor decodo_patchright: 50 prox(y/ies), sticky session re-minted -> session-cap1785841557w18
pending=5814 shard=22/24 assigned=242
transport: canary vendor 'decodo_patchright'
2026-08-04 07:05:57,297 INFO vendor decodo_patchright: 50 prox(y/ies), sticky session re-minted -> session-cap1785841557w22
captured=0 skipped=242 failed=0
captured=0 skipped=242 failed=0
EXIT=0
EXIT=0
EXIT=0
EXIT=0
EXIT=0
EXIT=0
EXIT=0
EXIT=0
EXIT=0
EXIT=0
EXIT=0
EXIT=0
2026-08-04 07:06:29,688 WARNING challenge not cleared for contest_id=743579 -- bundle not written
captured=0 skipped=242 failed=1
EXIT=0
2026-08-04 07:06:30,500 WARNING challenge not cleared for contest_id=743119 -- bundle not written
captured=0 skipped=241 failed=1
EXIT=0
2026-08-04 07:06:31,030 WARNING challenge not cleared for contest_id=748387 -- bundle not written
captured=0 skipped=241 failed=1
EXIT=0
2026-08-04 07:07:02,012 WARNING challenge not cleared for contest_id=739795 -- bundle not written
captured=0 skipped=242 failed=1
EXIT=0
2026-08-04 07:33:55,658 ERROR BAN-SUSPECT: hard-stopping capture at contest_id=739967: NCAA fetch failed after rotating proxies: https://stats.ncaa.org/contests/739967/play_by_play: patchright: bm-verify not passed after 3 attempts (643-byte body)
BAN-SUSPECT: capture halted at contest_id=739967: NCAA fetch failed after rotating proxies: https://stats.ncaa.org/contests/739967/play_by_play: patchright: bm-verify not passed after 3 attempts (643-byte body)
EXIT=1
