2026-08-01 16:50:00,571 INFO vendor decodo_patchright: 50 prox(y/ies), sticky session re-minted -> session-cap1785617400w0
2026-08-01 16:50:00,592 INFO ESPN crosswalk joined: 351/351 teams matched (season=2019)
node:events:487
      throw er; // Unhandled 'error' event
      ^

Error: EPIPE: broken pipe, write
    at Socket._write (node:internal/net:75:18)
    at writeOrBuffer (node:internal/streams/writable:570:12)
    at _write (node:internal/streams/writable:499:10)
    at Writable.write (node:internal/streams/writable:508:10)
    at PipeTransport.send (C:\Users\saiem\Documents\GitHub-Data\sdv-dev\sdv-py\.venv\Lib\site-packages\patchright\driver\package\lib\coreBundle.js:35762:25)
    at dispatcherConnection.onmessage (C:\Users\saiem\Documents\GitHub-Data\sdv-dev\sdv-py\.venv\Lib\site-packages\patchright\driver\package\lib\coreBundle.js:69458:59)
    at DispatcherConnection.sendCreate (C:\Users\saiem\Documents\GitHub-Data\sdv-dev\sdv-py\.venv\Lib\site-packages\patchright\driver\package\lib\coreBundle.js:24899:14)
    at new Dispatcher (C:\Users\saiem\Documents\GitHub-Data\sdv-dev\sdv-py\.venv\Lib\site-packages\patchright\driver\package\lib\coreBundle.js:24794:27)
    at new BrowserTypeDispatcher (C:\Users\saiem\Documents\GitHub-Data\sdv-dev\sdv-py\.venv\Lib\site-packages\patchright\driver\package\lib\coreBundle.js:55732:9)
    at new PlaywrightDispatcher (C:\Users\saiem\Documents\GitHub-Data\sdv-dev\sdv-py\.venv\Lib\site-packages\patchright\driver\package\lib\coreBundle.js:56446:26)
Emitted 'error' event on Socket instance at:
    at emitErrorNT (node:internal/streams/destroy:170:8)
    at emitErrorCloseNT (node:internal/streams/destroy:129:3)
    at process.processTicksAndRejections (node:internal/process/task_queues:90:21) {
  errno: -4047,
  syscall: 'write',
  code: 'EPIPE'
}

Node.js v24.16.0
