[07:43:06] finalize 2025: straggler capture
proxy creds loaded from /c/Users/saiem/.Renviron (values hidden)
log -> logs/capture_20260801_074307.log  (watch: tail -f logs/capture_20260801_074307.log)
pending=6296 shard=0/1 assigned=6296
transport: canary vendor 'decodo_patchright'
2026-08-01 07:43:09,936 INFO vendor decodo_patchright: 50 prox(y/ies), sticky session re-minted -> session-cap1785584589w0
2026-08-01 07:43:43,580 WARNING challenge not cleared for contest_id=6460633 -- bundle not written
2026-08-01 07:44:12,730 WARNING challenge not cleared for contest_id=6481323 -- bundle not written
2026-08-01 07:44:43,028 WARNING challenge not cleared for contest_id=6484874 -- bundle not written
captured=0 skipped=6293 failed=3
EXIT=0
[07:44:43] finalize 2025: 12-way parse
log -> logs/parse_20260801_074443.log  (watch: tail -f logs/parse_20260801_074443.log)
log -> logs/parse_20260801_074443.log  (watch: tail -f logs/parse_20260801_074443.log)
log -> logs/parse_20260801_074443.log  (watch: tail -f logs/parse_20260801_074443.log)
log -> logs/parse_20260801_074443.log  (watch: tail -f logs/parse_20260801_074443.log)
log -> logs/parse_20260801_074443.log  (watch: tail -f logs/parse_20260801_074443.log)
log -> logs/parse_20260801_074443.log  (watch: tail -f logs/parse_20260801_074443.log)
log -> logs/parse_20260801_074443.log  (watch: tail -f logs/parse_20260801_074443.log)
log -> logs/parse_20260801_074443.log  (watch: tail -f logs/parse_20260801_074443.log)
log -> logs/parse_20260801_074443.log  (watch: tail -f logs/parse_20260801_074443.log)
log -> logs/parse_20260801_074443.log  (watch: tail -f logs/parse_20260801_074443.log)
log -> logs/parse_20260801_074443.log  (watch: tail -f logs/parse_20260801_074443.log)
log -> logs/parse_20260801_074443.log  (watch: tail -f logs/parse_20260801_074443.log)
bundles=12590 pending=1505 shard=2/12 assigned=126
bundles=12590 pending=1505 shard=3/12 assigned=126
bundles=12590 pending=1505 shard=5/12 assigned=125
bundles=12590 pending=1505 shard=9/12 assigned=125
bundles=12590 pending=1505 shard=0/12 assigned=126
bundles=12590 pending=1505 shard=7/12 assigned=125
bundles=12590 pending=1505 shard=6/12 assigned=125
bundles=12590 pending=1505 shard=1/12 assigned=126
bundles=12590 pending=1505 shard=4/12 assigned=126
bundles=12590 pending=1505 shard=10/12 assigned=125
bundles=12590 pending=1505 shard=11/12 assigned=125
bundles=12590 pending=1505 shard=8/12 assigned=125
2026-08-01 07:44:49,739 INFO 5 starters not found for period 3; using estimate
2026-08-01 07:44:55,973 INFO 5 starters not found for period 3; using estimate
2026-08-01 07:45:09,215 INFO 5 starters not found for period 4; using estimate
2026-08-01 07:45:11,427 INFO 5 starters not found for period 3; using estimate
2026-08-01 07:45:17,080 INFO 5 starters not found for period 4; using estimate
2026-08-01 07:45:24,575 INFO 5 starters not found for period 3; using estimate
2026-08-01 07:45:59,982 INFO 5 starters not found for period 3; using estimate
2026-08-01 07:46:13,490 INFO 5 starters not found for period 4; using estimate
2026-08-01 07:46:29,864 INFO 5 starters not found for period 3; using estimate
parsed=125 failed=0
EXIT=0
2026-08-01 07:46:47,593 INFO 5 starters not found for period 4; using estimate
parsed=125 failed=0
EXIT=0
parsed=126 failed=0
EXIT=0
parsed=126 failed=0
EXIT=0
parsed=125 failed=0
EXIT=0
parsed=126 failed=0
parsed=125 failed=0
EXIT=0
EXIT=0
parsed=125 failed=0
parsed=126 failed=0
parsed=125 failed=0
parsed=126 failed=0
EXIT=0
parsed=125 failed=0
EXIT=0
EXIT=0
EXIT=0
EXIT=0
[07:46:52] 2025_FINALIZE_DONE raw=6293 json=12590
