seasons=2014 bundles=5946 pending=5946 force=True shard=2/6 assigned=991
2026-08-19 18:52:51,218 INFO ncaa_identity: contest_id=717524 teams 2274/2274 matched, players 5992/6389 matched
2026-08-19 18:52:51,796 INFO ncaa_identity: contest_id=717530 teams 2673/2673 matched, players 6853/7561 matched
2026-08-19 18:52:52,686 INFO ncaa_identity: contest_id=717536 teams 3032/3032 matched, players 6983/8581 matched
2026-08-19 18:52:56,198 INFO ncaa_identity: contest_id=717570 teams 2543/2543 matched, players 6397/7187 matched
2026-08-19 18:52:59,602 INFO ncaa_identity: contest_id=717602 teams 1241/2447 matched, players 3426/6890 matched
2026-08-19 18:53:00,306 INFO ncaa_identity: contest_id=717611 teams 1261/2418 matched, players 3249/6812 matched
2026-08-19 18:53:00,990 INFO ncaa_identity: contest_id=717618 teams 1271/2567 matched, players 2878/7189 matched
2026-08-19 18:53:01,802 INFO ncaa_identity: contest_id=717628 teams 1646/3240 matched, players 4664/9191 matched
2026-08-19 18:53:02,489 INFO ncaa_identity: contest_id=717641 teams 1511/2968 matched, players 4155/8352 matched
2026-08-19 18:53:04,588 INFO ncaa_identity: contest_id=717698 teams 1207/2335 matched, players 3405/6597 matched
2026-08-19 18:53:06,686 INFO ncaa_identity: contest_id=717725 teams 2943/2943 matched, players 7783/8266 matched
2026-08-19 18:53:07,971 INFO ncaa_identity: contest_id=717742 teams 2289/2289 matched, players 5896/6428 matched
2026-08-19 18:53:09,322 INFO ncaa_identity: contest_id=717789 teams 1331/2595 matched, players 3289/7291 matched
2026-08-19 18:53:09,841 INFO ncaa_identity: contest_id=717806 teams 2253/2253 matched, players 5391/6395 matched
2026-08-19 18:53:11,681 INFO ncaa_identity: contest_id=717878 teams 2630/2630 matched, players 7186/7375 matched
2026-08-19 18:53:12,978 INFO ncaa_identity: contest_id=717900 teams 1047/2024 matched, players 2837/5674 matched
2026-08-19 18:53:13,653 INFO ncaa_identity: contest_id=717909 teams 1084/2130 matched, players 3037/6017 matched
2026-08-19 18:53:14,216 INFO ncaa_identity: contest_id=717938 teams 2482/2482 matched, players 6944/6972 matched
2026-08-19 18:53:15,447 INFO ncaa_identity: contest_id=717952 teams 2414/2414 matched, players 6238/6804 matched
2026-08-19 18:53:16,786 INFO ncaa_identity: contest_id=717965 teams 1333/2704 matched, players 3809/7652 matched
2026-08-19 18:53:17,566 INFO ncaa_identity: contest_id=717971 teams 1624/3231 matched, players 4119/9134 matched
2026-08-19 18:53:18,517 INFO ncaa_identity: contest_id=717985 teams 1148/2333 matched, players 3305/6557 matched
2026-08-19 18:53:19,317 INFO ncaa_identity: contest_id=717997 teams 1248/2533 matched, players 3507/7146 matched
2026-08-19 18:53:20,053 INFO ncaa_identity: contest_id=718007 teams 2616/2616 matched, players 7348/7396 matched
2026-08-19 18:53:21,127 INFO ncaa_identity: contest_id=718013 teams 2837/2837 matched, players 7738/8038 matched
2026-08-19 18:53:23,173 INFO ncaa_identity: contest_id=718032 teams 2774/2774 matched, players 7759/7815 matched
2026-08-19 18:53:23,962 INFO ncaa_identity: contest_id=718038 teams 1524/3055 matched, players 4284/8588 matched
2026-08-19 18:53:24,489 INFO ncaa_identity: contest_id=718044 teams 2105/2105 matched, players 5644/5914 matched
22026-08-19 18:53:25,412 INFO ncaa_identity: contest_id=718043 teams 2457/2457 matched, players 6908/6935 matched2026-08-19 18:53:28,752 INFO ncaa_identity: contest_id=718107 teams 1416/2807 matched, players 3993/7892 matched
2026-08-19 18:53:29,457 INFO ncaa_identity: contest_id=718120 teams 813/1637 matched, players 233/435 matched
2026-08-19 18:53:31,457 INFO ncaa_identity: contest_id=718143 teams 2783/2783 matched, players 7417/7859 matched
2026-08-19 18:53:33,391 INFO ncaa_identity: contest_id=718168 teams 1343/2660 matched, players 3847/7530 matched
2026-08-19 18:53:34,351 INFO ncaa_identity: contest_id=718182 teams 1385/2621 matched, players 3517/7450 matched
2026-08-19 18:53:35,084 INFO ncaa_identity: contest_id=718196 teams 1281/2485 matched, players 3536/7007 matched
2026-08-19 18:53:35,919 INFO ncaa_identity: contest_id=718209 teams 2848/2848 matched, players 7844/8072 matched
2026-08-19 18:53:37,682 INFO ncaa_identity: contest_id=718223 teams 2668/2668 matched, players 7103/7490 matched
2026-08-19 18:53:39,318 INFO ncaa_identity: contest_id=718239 teams 1151/2200 matched, players 2792/6160 matched
2026-08-19 18:53:39,921 INFO ncaa_identity: contest_id=718268 teams 2384/2384 matched, players 6275/6716 matched
2026-08-19 18:53:41,360 INFO ncaa_identity: contest_id=718292 teams 2494/2494 matched, players 6354/7036 matched
2026-08-19 18:53:43,636 INFO ncaa_identity: contest_id=718329 teams 1279/2601 matched, players 3628/7316 matched
2026-08-19 18:53:45,761 INFO ncaa_identity: contest_id=718438 teams 2600/2600 matched, players 6710/7310 matched
2026-08-19 18:53:46,676 INFO ncaa_identity: contest_id=718508 teams 2378/2378 matched, players 6231/6680 matched
2026-08-19 18:53:47,384 INFO ncaa_identity: contest_id=718522 teams 2582/2582 matched, players 7051/7298 matched
2026-08-19 18:53:49,378 INFO ncaa_identity: contest_id=718561 teams 2738/2738 matched, players 7200/7699 matched
20262026-08-19 18:53:51,762 INFO ncaa_identity: contest_id=718592 teams 2199/2199 matched, players 5270/6201 matched
2026-08-19 18:53:52,516 INFO ncaa_identity: contest_id=718601 teams 2359/2359 matched, players 6276/6676 matc2026-2026-08-19 18:53:53,197 INFO ncaa_identity: contest_id=718631 teams 1340/2584 matched, players 3622/7258 matc2026-2026-08-19 18:53:54,082 INFO ncaa_identity: contest_id=718716 teams 1329/2603 matched, players 3675/7288 matc2026-08-19 18:53:55,170 INFO ncaa_identity: contest_id=718840 teams 1191/2363 matched, players 3350/6663 matched
2026-08-19 18:53:55,786 INFO ncaa_identity: contest_id=718850 teams 2104/2104 matched, players 5618/5921 matched
2026-08-19 18:53:56,696 INFO ncaa_identity: contest_id=718857 teams 2561/2561 matched, players 6943/7220 matched
2026-2026-08-19 18:53:57,996 INFO ncaa_identity: contest_id=718863 teams 1175/2363 matched, players 3317/6635 matc2026-2026-08-19 18:53:59,334 INFO ncaa_identity: contest_id=718882 teams 2397/2397 matched, players 6004/6681 matc2026-2026-08-19 18:54:00,803 INFO ncaa_identity: contest_id=718897 teams 2821/2821 matched, players 7259/7956 matched2026-08-19 18:54:02,130 INFO ncaa_identity: contest_id=718962 teams 2495/2495 matched, players 6649/6994 matched
2026-08-19 18:54:03,479 INFO ncaa_identity: contest_id=718976 teams 2491/2491 matched, players 6802/6978 matched
2026-08-19 18:54:04,291 INFO ncaa_identity: contest_id=718983 teams 2506/2506 matched, players 6584/7064 match20262026-08-19 18:54:05,001 INFO ncaa_identity: contest_id=718999 teams 1407/2776 matched, players 3870/7809 match20262026-08-19 18:54:05,743 INFO ncaa_identity: contest_id=719015 teams 2310/2310 matched, players 6428/6468 match20262026-08-19 18:54:06,391 INFO ncaa_identity: contest_id=719030 teams 2549/2549 matched, players 7003/7196 match2026-08-19 18:54:09,881 INFO ncaa_identity: contest_id=719094 teams 2643/2643 matched, players 7154/7437 matched
2026-08-19 18:54:11,687 INFO ncaa_identity: contest_id=719182 teams 1065/2164 matched, players 3030/6104 matched
2026-08-19 18:54:12,280 INFO ncaa_identity: contest_id=719202 teams 2093/2093 matched, players 5562/5864 matched
2026-08-19 18:54:12,940 INFO ncaa_identity: contest_id=719221 teams 1299/2649 matched, players 3690/7455 matched
2026-08-19 18:54:13,634 INFO ncaa_identity: contest_id=719234 teams 2581/2581 matched, players 6767/7278 matched
2026-08-19 18:54:15,028 INFO ncaa_identity: contest_id=719262 teams 2231/2231 matched, players 5822/6211 matched
2026-08-19 18:54:16,342 INFO ncaa_identity: contest_id=719328 teams 2454/2454 matched, players 6833/6855 matched
2026-08-19 18:54:16,959 INFO ncaa_identity: contest_id=719357 teams 2435/2435 matched, players 6544/6848 matched
2026-08-19 18:54:17,570 INFO ncaa_identity: contest_id=719369 teams 1210/2376 matched, players 3204/6660 matched202026-08-19 18:54:18,901 INFO ncaa_identity: contest_id=719386 teams 2688/2688 matched, players 7050/7633 matched202026-08-19 18:54:19,900 INFO ncaa_identity: contest_id=719405 teams 1296/2572 matched, players 3271/7267 matched202026-08-19 18:54:20,682 INFO ncaa_identity: contest_id=719441 teams 2892/2892 matched, players 8114/8147 matched202026-08-19 18:54:21,583 INFO ncaa_identity: contest_id=719449 teams 2717/2717 matched, players 7536/7629 matched2026-08-19 18:54:22,512 INFO ncaa_identity: contest_id=719477 teams 2747/2747 matched, players 6527/7727 matched
202026-08-19 18:54:24,589 INFO ncaa_identity: contest_id=719490 teams 2171/2171 matched, players 5566/6121 matched
2026-08-19 18:54:25,268 INFO ncaa_identity: contest_id=719501 teams 2411/2411 matched, players 6456/6759 matched202026-08-19 18:54:25,847 INFO ncaa_identity: contest_id=719517 teams 962/1894 matched, players 2696/5326 matched22026-08-19 18:54:28,576 INFO ncaa_identity: contest_id=719589 teams 2144/2144 matched, players 5908/6048 matched
2026-08-19 18:54:29,393 INFO ncaa_identity: contest_id=719606 teams 1294/2610 matched, players 3222/7306 matched
2026-08-19 18:54:29,995 INFO ncaa_identity: contest_id=719625 teams 2370/2370 matched, players 6106/6671 matched
2026-08-19 18:54:30,634 INFO ncaa_identity: contest_id=719649 teams 2252/2252 matched, players 6069/6317 matched
2026-08-19 18:54:31,549 INFO ncaa_identity: contest_id=719670 teams 3012/3012 matched, players 8380/8541 matched
20262026-08-19 18:54:32,309 INFO ncaa_identity: contest_id=719682 teams 2560/2560 matched, players 6823/7259 matc22026-08-19 18:54:33,723 INFO ncaa_identity: contest_id=719710 teams 2716/2716 matched, players 7425/7637 matched
2026-08-19 18:54:35,620 INFO ncaa_identity: contest_id=719770 teams 2214/2214 matched, players 5928/6239 matched
20262026-08-19 18:54:36,704 INFO ncaa_identity: contest_id=719831 teams 1117/2159 matched, players 3052/6086 match20262026-08-19 18:54:38,273 INFO ncaa_identity: contest_id=719896 teams 2521/2521 matched, players 7088/7100 match2026-08-19 18:54:40,962 INFO ncaa_identity: contest_id=719989 teams 1388/2594 matched, players 3729/7323 matched
20262026-08-19 18:54:42,909 INFO ncaa_identity: contest_id=720004 teams 2409/2409 matched, players 6546/6783 matched
2026-08-19 18:54:44,326 INFO ncaa_identity: contest_id=720034 teams 3129/3129 matched, players 8129/8879 matc2026-08-19 18:54:45,495 INFO ncaa_identity: contest_id=720060 teams 2429/2429 matched, players 5935/6823 matched
2026-2026-08-19 18:54:47,625 INFO ncaa_identity: contest_id=720087 teams 1246/2456 matched, players 3502/6951 matched
2026-08-19 18:54:48,336 INFO ncaa_identity: contest_id=720108 teams 2547/2547 matched, players 6193/7177 matc2026-08-19 18:54:49,244 INFO ncaa_identity: contest_id=720130 teams 1280/2650 matched, players 3692/7516 matched
2026-2026-08-19 18:54:51,423 INFO ncaa_identity: contest_id=720156 teams 2277/2277 matched, players 6013/6426 matched
2026-08-19 18:54:53,315 INFO ncaa_identity: contest_id=720210 teams 2672/2672 matched, players 6741/7526 matched
2026-08-19 18:54:54,122 INFO ncaa_identity: contest_id=720232 teams 2672/2672 matched, players 7516/7559 matc2026-2026-08-19 18:54:54,641 INFO ncaa_identity: contest_id=720247 teams 2160/2160 matched, players 5663/6070 matc2026-2026-08-19 18:54:55,927 INFO ncaa_identity: contest_id=720336 teams 1184/2312 matched, players 3245/6470 matc2026-2026-08-19 18:54:58,534 INFO ncaa_identity: contest_id=720375 teams 2752/2752 matched, players 7499/7765 matched
2026-08-19 18:54:59,839 INFO ncaa_identity: contest_id=720407 teams 1156/2251 matched, players 3217/6307 matched
2026-08-19 18:55:00,950 INFO ncaa_identity: contest_id=720429 teams 878/1738 matched, players 2439/4875 matched
2026-08-19 18:55:02,115 INFO ncaa_identity: contest_id=720443 teams 2103/2103 matched, players 5767/5969 matched
2026-08-19 18:55:03,325 INFO ncaa_identity: contest_id=720457 teams 2120/2120 matched, players 5807/5920 matched
2026-08-19 18:55:03,959 INFO ncaa_identity: contest_id=720463 teams 2571/2571 matched, players 6965/7244 matched
2026-08-19 18:55:04,791 INFO ncaa_identity: contest_id=720469 teams 3021/3021 matched, players 8525/8552 matched
2026-08-19 18:55:05,337 INFO ncaa_identity: contest_id=720478 teams 1902/1902 matched, players 5081/5292 matched
2026-08-19 18:55:05,409 INFO 5 starters not found for period 5; using estimate
2026-08-19 18:55:06,223 INFO ncaa_identity: contest_id=720488 teams 3209/3209 matched, players 8330/9125 matched
2026-08-19 18:55:07,610 INFO ncaa_identity: contest_id=720504 teams 2746/2746 matched, players 7311/7758 matched
2026-08-19 18:55:08,151 INFO2026-08-19 18:55:08,555 INFO ncaa_identity: contest_id=720540 teams 2606/2606 matched,2026-08-19 18:55:09,478 INFO2026-08-19 18:55:10,414 INFO ncaa_identity: contest_id=720574 teams 2274/2274 matched,2026-08-19 18:55:10,759 INFO2026-08-19 18:55:12,331 INFO ncaa_identity: contest_id=720611 teams 2326/2326 matched, players 6511/6570 matched
2026-08-19 18:55:15,590 INFO ncaa_identity: contest_id=720670 teams 2410/2410 matched, players 6674/6803 matched
2026-08-19 18:55:17,511 INFO ncaa_identity: contest_id=720745 teams 1015/2024 matched, players 2835/5708 matched
2026-08-19 18:55:18,790 INFO ncaa_identity: contest_id=720795 teams 2541/2541 matched, players 7149/7171 matched
2026-08-19 18:55:19,346 INFO ncaa_identity: contest_id=720808 teams 2409/2409 matched, players 6444/6768 matched
2026-08-19 18:55:19,990 INFO ncaa_identity: contest_id=720828 teams 2097/2097 matched, players 5462/5896 matched
2026-08-19 18:55:20,599 INFO ncaa_identity: contest_id=720842 teams 1261/2459 matched, players 3444/6916 matched
2026-08-19 18:55:21,777 INFO ncaa_identity: contest_id=720874 teams 2155/2155 matched, players 5666/6041 matched
2026-08-19 18:55:22,438 INFO ncaa_identity: contest_id=720885 teams 1202/2399 matched, players 3347/6741 matched
2026-08-19 18:55:23,135 INFO ncaa_identity: contest_id=720895 teams 2146/2146 matched, players 5854/6057 matched
2026-08-19 18:55:24,400 INFO ncaa_identity: contest_id=720923 teams 1224/2459 matched, players 3476/6887 matched
2026-08-19 18:55:25,696 INFO ncaa_identity: contest_id=720953 teams 1999/1999 matched, players 4981/5651 matched
2026-08-19 18:55:26,408 INFO ncaa_identity: contest_id=720966 teams 2340/2340 matched, players 6140/6592 matched
2026-08-19 18:55:26,979 INFO ncaa_identity: contest_id=720978 teams 2097/2097 matched, players 5523/5875 matched
2026-08-19 18:55:28,245 INFO ncaa_identity: contest_id=721010 teams 1068/2126 matched, players 2881/5934 matched
2026-08-19 18:55:29,510 INFO ncaa_identity: contest_id=721043 teams 2193/2193 matched, players 6032/6106 matched
2026-08-19 18:55:31,546 INFO ncaa_identity: contest_id=721082 teams 1329/2602 matched, players 3433/7336 matched
2026-08-19 18:55:32,261 INFO ncaa_identity: contest_id=721106 teams 1280/2525 matched, players 3566/7130 matched
2026-08-19 18:55:32,876 INFO ncaa_identity: contest_id=721135 teams 2624/2624 matched, players 6970/7418 matched
2026-08-19 18:55:34,796 INFO ncaa_identity: contest_id=721182 teams 1238/2363 matched, players 3347/6651 matched
2026-08-19 18:55:35,397 INFO ncaa_identity: contest_id=721203 teams 1051/2097 matched, players 2902/5894 matched
2026-08-19 18:55:39,231 INFO ncaa_identity: contest_id=721309 teams 1112/2217 matched, players 3113/6224 matched
2026-08-19 18:55:41,166 INFO ncaa_identity: contest_id=721381 teams 2359/2359 matched, players 6587/6668 matched
2026-08-19 18:55:41,760 INFO ncaa_identity: contest_id=721422 teams 2309/2309 matched, players 6032/6459 matched
2026-08-19 18:55:42,671 INFO ncaa_identity: contest_id=721457 teams 3123/3123 matched, players 1101/1218 matched
2026-08-19 18:55:43,323 INFO ncaa_identity: contest_id=721473 teams 2546/2546 matched, players 7080/7154 matched
2026-08-19 18:55:46,453 INFO ncaa_identity: contest_id=721570 teams 2504/2504 matched, players 6530/7037 matched
2026-08-19 18:55:50,162 INFO ncaa_identity: contest_id=721652 teams 2542/2542 matched, players 6792/7140 matched
2026-08-19 18:55:51,420 INFO ncaa_identity: contest_id=721687 teams 2253/2253 matched, players 5590/6307 matched
2026-08-19 18:55:52,831 INFO ncaa_identity: contest_id=721712 teams 3248/3248 matched, players 8871/9155 matched
2026-08-19 18:55:54,174 INFO ncaa_identity: contest_id=721840 teams 1203/2296 matched, players 3030/6418 matched
2026-08-19 18:55:54,778 INFO ncaa_identity: contest_id=721863 teams 2299/2299 matched, players 6172/6458 matched
2026-08-19 18:55:54,830 INFO 5 starters not found for period 3; using estimate
2026-08-19 18:55:55,493 INFO ncaa_identity: contest_id=721880 teams 2433/2433 matched, players 6765/6860 matched
2026-08-19 18:55:57,706 INFO ncaa_identity: contest_id=721935 teams 2460/2460 matched, players 6361/6936 matched
2026-08-19 18:55:58,291 INFO ncaa_identity: contest_id=721952 teams 1143/2236 matched, players 2806/6242 matched
2026-08-19 18:55:59,019 INFO ncaa_identity: contest_id=721965 teams 2257/2257 matched, players 6237/6386 matched
2026-08-19 18:55:59,624 INFO ncaa_identity: contest_id=721990 teams 1294/2524 matched, players 3522/7136 matched
2026-08-19 18:56:00,880 INFO ncaa_identity: contest_id=722017 teams 2381/2381 matched, players 6259/6689 matched
2026-08-19 18:56:02,117 INFO ncaa_identity: contest_id=722054 teams 0/2054 matched, players 0/5784 matched
2026-08-19 18:56:02,708 INFO ncaa_identity: contest_id=722074 teams 2484/2484 matched, players 5046/7001 matched
2026-08-19 18:56:04,765 INFO ncaa_identity: contest_id=722142 teams 2686/2686 matched, players 7358/7580 matched
2026-08-19 18:56:05,556 INFO ncaa_identity: contest_id=722170 teams 1121/2215 matched, players 2898/6223 matched
2026-08-19 18:56:07,931 INFO ncaa_identity: contest_id=722258 teams 2443/2443 matched, players 6683/6922 matched
2026-08-19 18:56:08,590 INFO ncaa_identity: contest_id=722269 teams 2258/2258 matched, players 5816/6365 matched
2026-08-19 18:56:09,171 INFO ncaa_identity: contest_id=722278 teams 2160/2160 matched, players 5851/6036 matched
2026-08-19 18:56:09,886 INFO ncaa_identity: contest_id=722297 teams 2381/2381 matched, players 6129/6710 matched
2026-08-19 18:56:10,492 INFO ncaa_identity: contest_id=722306 teams 2389/2389 matched, players 6652/6710 matched
2026-08-19 18:56:11,378 INFO ncaa_identity: contest_id=722316 teams 2273/2273 matched, players 5999/6365 matched
2026-08-19 18:56:13,500 INFO ncaa_identity: contest_id=722352 teams 1103/2178 matched, players 3103/6122 matched
2026-08-19 18:56:15,073 INFO ncaa_identity: contest_id=722440 teams 1288/2452 matched, players 3323/6972 matched
2026-08-19 18:56:15,796 INFO ncaa_identity: contest_id=722458 teams 2656/2656 matched, players 7199/7487 matched
2026-08-19 18:56:18,029 INFO 5 starters not found for period 3; using estimate
2026-08-19 18:56:18,717 INFO ncaa_identity: contest_id=722516 teams 2235/2235 matched, players 6076/6331 matched
2026-08-19 18:56:21,119 INFO ncaa_identity: contest_id=722542 teams 1311/2570 matched, players 3707/7190 matched
2026-08-19 18:56:24,715 INFO ncaa_identity: contest_id=722641 teams 2835/2835 matched, players 7399/8033 matched
2026-08-19 18:56:25,409 INFO ncaa_identity: contest_id=722656 teams 1242/2529 matched, players 3271/7050 matched
2026-08-19 18:56:28,033 INFO ncaa_identity: contest_id=722711 teams 1262/2484 matched, players 3516/6999 matched
2026-08-19 18:56:28,677 INFO ncaa_identity: contest_id=722732 teams 1947/1947 matched, players 5222/5446 matched
2026-08-19 18:56:30,979 INFO ncaa_identity: contest_id=722772 teams 2273/2273 matched, players 6385/6391 matched
2026-08-19 18:56:32,267 INFO ncaa_identity: contest_id=722795 teams 2261/2261 matched, players 5951/6392 matched
2026-08-19 18:56:33,550 INFO ncaa_identity: contest_id=722818 teams 1125/2191 matched, players 3140/6209 matched
2026-08-19 18:56:34,106 INFO ncaa_identity: contest_id=722859 teams 1090/2154 matched, players 3074/6091 matched
2026-08-19 18:56:35,477 INFO ncaa_identity: contest_id=722887 teams 2354/2354 matched, players 5985/6586 matched
2026-08-19 18:56:36,073 INFO ncaa_identity: contest_id=722894 teams 2268/2268 matched, players 5816/6421 matched
2026-08-19 18:56:36,786 INFO ncaa_identity: contest_id=722911 teams 2351/2351 matched, players 6338/6619 matched
2026-08-19 18:56:39,051 INFO ncaa_identity: contest_id=722989 teams 1264/2489 matched, players 3541/7048 matched
2026-08-19 18:56:39,729 INFO ncaa_identity: contest_id=723008 teams 2423/2423 matched, players 6798/6848 matched
2026-08-19 18:56:42,189 INFO ncaa_identity: contest_id=723044 teams 2460/2460 matched, players 6690/6907 matched
2026-08-19 18:56:43,490 INFO ncaa_identity: contest_id=723063 teams 2532/2532 matched, players 6746/7162 matched
2026-08-19 18:56:44,207 INFO ncaa_identity: contest_id=723072 teams 2540/2540 matched, players 6751/7133 matched
2026-08-19 18:56:45,534 INFO ncaa_identity: contest_id=723093 teams 2328/2328 matched, players 6532/6536 matched
2026-08-19 18:56:46,794 INFO ncaa_identity: contest_id=723114 teams 1131/2193 matched, players 3137/6193 matched
2026-08-19 18:56:47,549 INFO ncaa_identity: contest_id=723137 teams 1133/2192 matched, players 2615/6109 matched
2026-08-19 18:56:48,117 INFO ncaa_identity: contest_id=723166 teams 1189/2420 matched, players 3406/6821 matched
2026-08-19 18:56:49,950 INFO ncaa_identity: contest_id=723203 teams 2200/2200 matched, players 3253/6149 matched
2026-08-19 18:56:51,108 INFO ncaa_identity: contest_id=723235 teams 1960/1960 matched, players 5217/5505 matched
2026-08-19 18:56:53,681 INFO ncaa_identity: contest_id=723262 teams 2440/2440 matched, players 6785/6904 matched
2026-08-19 18:56:54,292 INFO ncaa_identity: contest_id=723270 teams 1151/2252 matched, players 2838/6310 matched
2026-08-19 18:56:55,675 INFO ncaa_identity: contest_id=723299 teams 2414/2414 matched, players 6478/6810 matched
2026-08-19 18:56:56,300 INFO ncaa_identity: contest_id=723313 teams 2123/2123 matched, players 5491/5979 matched
2026-08-19 18:56:57,441 INFO ncaa_identity: contest_id=723325 teams 1309/2546 matched, players 3646/7181 matched
2026-08-19 18:56:58,142 INFO ncaa_identity: contest_id=723331 teams 2007/2007 matched, players 4943/5625 matched
2026-08-19 18:56:59,512 INFO ncaa_identity: contest_id=723344 teams 2721/2721 matched, players 6961/7680 matched
2026-08-19 18:57:00,087 INFO ncaa_identity: contest_id=723352 teams 1213/2234 matched, players 3012/6268 matched
2026-08-19 18:57:01,295 INFO ncaa_identity: contest_id=723373 teams 2156/2156 matched, players 5776/6067 matched
2026-08-19 18:57:04,027 INFO ncaa_identity: contest_id=723397 teams 2672/2672 matched, players 6564/7581 matched
2026-08-19 18:57:06,494 INFO ncaa_identity: contest_id=723426 teams 1168/2191 matched, players 3116/6147 matched
2026-08-19 18:57:07,207 INFO ncaa_identity: contest_id=723433 teams 1102/2203 matched, players 2943/6182 matched
2026-08-19 18:57:08,471 INFO ncaa_identity: contest_id=723468 teams 2577/2577 matched, players 6572/7289 matched
2026-08-19 18:57:10,920 INFO ncaa_identity: contest_id=723502 teams 2477/2477 matched, players 6543/7007 matched
2026-08-19 18:57:11,708 INFO ncaa_identity: contest_id=723527 teams 2463/2463 matched, players 5657/6966 matched
2026-08-19 18:57:13,030 INFO ncaa_identity: contest_id=723569 teams 2645/2645 matched, players 7024/7463 matched
2026-08-19 18:57:16,240 INFO ncaa_identity: contest_id=723609 teams 2110/2110 matched, players 5632/5897 matched
2026-08-19 18:57:16,846 INFO ncaa_identity: contest_id=723622 teams 1165/2342 matched, players 3261/6625 matched
2026-08-19 18:57:17,540 INFO ncaa_identity: contest_id=723634 teams 1128/2266 matched, players 3169/6392 matched
2026-08-19 18:57:18,296 INFO ncaa_identity: contest_id=723646 teams 1547/3023 matched, players 3401/8584 matched
2026-08-19 18:57:19,639 INFO ncaa_identity: contest_id=723696 teams 2290/2290 matched, players 6202/6471 matched
2026-08-19 18:57:20,268 INFO ncaa_identity: contest_id=723704 teams 2041/2041 matched, players 720/724 matched
2026-08-19 18:57:21,548 INFO ncaa_identity: contest_id=723719 teams 2307/2307 matched, players 6437/6451 matched
2026-08-19 18:57:22,250 INFO ncaa_identity: contest_id=723736 teams 1234/2467 matched, players 3088/6863 matched
2026-08-19 18:57:24,058 INFO ncaa_identity: contest_id=723776 teams 2364/2364 matched, players 6539/6653 matched
2026-08-19 18:57:24,605 INFO ncaa_identity: contest_id=723786 teams 2202/2202 matched, players 5614/6184 matched
2026-08-19 18:57:25,829 INFO ncaa_identity: contest_id=723804 teams 2254/2254 matched, players 6245/6328 matched
2026-08-19 18:57:27,127 INFO ncaa_identity: contest_id=723822 teams 2381/2381 matched, players 6599/6685 matched
2026-08-19 18:57:27,711 INFO ncaa_identity: contest_id=723830 teams 2643/2643 matched, players 6959/7439 matched
2026-08-19 18:57:28,411 INFO ncaa_identity: contest_id=723838 teams 2234/2234 matched, players 6030/6314 matched
2026-08-19 18:57:29,826 INFO ncaa_identity: contest_id=723853 teams 2297/2297 matched, players 6357/6489 matched
2026-08-19 18:57:31,116 INFO ncaa_identity: contest_id=723889 teams 2619/2619 matched, players 6689/7370 matched
2026-08-19 18:57:31,778 INFO ncaa_identity: contest_id=723919 teams 2546/2546 matched, players 7003/7168 matched
2026-08-19 18:57:33,074 INFO ncaa_identity: contest_id=723978 teams 1295/2591 matched, players 3686/7319 matched
2026-08-19 18:57:33,731 INFO ncaa_identity: contest_id=724012 teams 2714/2714 matched, players 7089/7662 matched
2026-08-19 18:57:37,606 INFO ncaa_identity: contest_id=724092 teams 1987/1987 matched, players 5288/5586 matched
2026-08-19 18:57:38,237 INFO ncaa_identity: contest_id=724104 teams 2788/2788 matched, players 6667/7889 matched
2026-08-19 18:57:38,952 INFO ncaa_identity: contest_id=724122 teams 2335/2335 matched, players 6434/6560 matched
2026-08-19 18:57:39,561 INFO ncaa_identity: contest_id=724137 teams 2433/2433 matched, players 6638/6879 matched
2026-08-19 18:57:40,798 INFO ncaa_identity: contest_id=724157 teams 2262/2262 matched, players 5847/6380 matched
2026-08-19 18:57:41,982 INFO ncaa_identity: contest_id=724179 teams 2479/2479 m2026-08-19 18:57:44,157 INFO ncaa_identity: contest_id=724412 teams 2173/2173 matched, players 5790/6152 matched
2026-08-19 18:57:44,965 INFO ncaa_identity: contest_id=724423 teams 3069/3069 matched, players 8394/8693 matched
2026-08-19 18:57:47,237 INFO ncaa_identity: contest_id=724465 teams 2306/2306 matched, players 5324/6497 matched
2026-08-19 18:57:49,630 INFO ncaa_identity: contest_id=724542 teams 2366/2366 matched, players 6344/6669 matched
2026-08-19 18:57:51,800 INFO ncaa_identity: contest_id=724611 teams 2726/2726 matched, players 7654/7696 matched
2026-08-19 18:57:52,548 INFO 5 starters not found for period 3; using estimate
2026-08-19 18:57:54,659 INFO ncaa_identity: contest_id=724675 teams 2683/2683 matched, players 7508/7617 matched
2026-08-19 18:57:57,184 INFO ncaa_identity: contest_id=724724 teams 2200/2200 matched, players 5782/6138 matched
2026-08-19 18:57:59,199 INFO ncaa_identity: contest_id=724836 teams 2528/2528 matched, players 6631/7116 matched
2026-08-19 18:57:59,874 INFO ncaa_identity: contest_id=724848 teams 2548/2548 matched, players 6710/7135 matched
2026-08-19 18:58:06,598 INFO ncaa_identity: contest_id=725016 teams 2155/2155 matched, players 986/988 matched
2026-08-19 18:58:07,450 INFO ncaa_identity: contest_id=725063 teams 2422/2422 matched, players 6377/6861 matched
2026-08-19 18:58:09,487 INFO ncaa_identity: contest_id=725103 teams 2492/2492 matched, players 6971/7077 matched
2026-08-19 18:58:12,029 INFO ncaa_identity: contest_id=725169 teams 2316/2316 matched, players 4789/6527 matched
2026-08-19 18:58:12,661 INFO ncaa_identity: contest_id=725191 teams 2861/2861 matched, players 7886/8091 matched
2026-08-19 18:58:13,202 INFO ncaa_identity: contest_id=725206 teams 2136/2136 matched, players 5524/5977 matched
2026-08-19 18:58:14,506 INFO ncaa_identity: contest_id=725227 teams 2133/2133 matched, players 5765/5996 matched
2026-08-19 18:58:15,246 INFO ncaa_identity: contest_id=725236 teams 2345/2345 matched, players 6107/6599 matched
2026-08-19 18:58:15,765 INFO ncaa_identity: contest_id=725246 teams 2264/2264 matched, players 5883/6406 matched
2026-08-19 18:58:16,432 INFO ncaa_identity: contest_id=725266 teams 2399/2399 matched, players 6318/6739 matched
2026-08-19 18:58:17,027 INFO ncaa_identity: contest_id=725283 teams 2440/2440 matched, players 6776/6911 matched
2026-08-19 18:58:17,560 INFO ncaa_identity: contest_id=725295 teams 2245/2245 matched, players 6078/6369 matched
2026-08-19 18:58:20,248 INFO ncaa_identity: contest_id=725370 teams 2379/2379 matched, players 6214/6715 matched
2026-08-19 18:58:24,555 INFO ncaa_identity: contest_id=725566 teams 2109/2109 matched, players 4755/5922 matched
2026-08-19 18:58:25,773 INFO ncaa_identity: contest_id=725591 teams 2140/2140 matched, players 5703/5944 matched
2026-08-19 18:58:27,901 INFO ncaa_identity: contest_id=725664 teams 2214/2214 matched, players 5865/6217 matched
2026-08-19 18:58:28,537 INFO ncaa_identity: contest_id=725709 teams 2011/2011 matched, players 5149/5684 matched
2026-08-19 18:58:29,690 INFO ncaa_identity: contest_id=725733 teams 1944/1944 matched, players 5097/5463 matched
2026-08-19 18:58:30,259 INFO ncaa_identity: contest_id=725750 teams 2008/2008 matched, players 5153/5677 matched
2026-08-19 18:58:30,802 INFO ncaa_identity: contest_id=725775 teams 2130/2130 matched, players 5682/5986 matched
2026-08-19 18:58:34,759 INFO ncaa_identity: contest_id=725913 teams 2130/2130 matched, players 5551/5967 matched
2026-08-19 18:58:37,532 INFO ncaa_identity: contest_id=725952 teams 2497/2497 matched, players 6967/7027 matched
2026-08-19 18:58:41,761 INFO ncaa_identity: contest_id=726087 teams 2328/2328 matched, players 6247/6605 matched
2026-08-19 18:58:43,138 INFO ncaa_identity: contest_id=726143 teams 1187/2426 matched, players 3273/6818 matched
2026-08-19 18:58:43,889 INFO ncaa_identity: contest_id=726155 teams 2697/2697 matched, players 7120/7577 matched
2026-08-19 18:58:46,912 INFO ncaa_identity: contest_id=726225 teams 2096/2096 matched, players 5866/5877 matched
2026-08-19 18:58:47,469 INFO ncaa_identity: contest_id=726242 teams 2389/2389 matched, players 6529/6775 matched
2026-08-19 18:58:48,180 INFO ncaa_identity: contest_id=726251 teams 2558/2558 matched, players 6579/7227 matched
2026-08-19 18:58:50,741 INFO ncaa_identity: contest_id=726298 teams 2525/2525 matched, players 7020/7168 matched
2026-08-19 18:58:52,769 INFO ncaa_identity: contest_id=726338 teams 2241/2241 matched, players 5432/6332 matched
2026-08-19 18:58:53,856 INFO ncaa_identity: contest_id=726359 teams 1980/1980 matched, players 5135/5591 matched
2026-08-19 18:58:55,779 INFO ncaa_identity: contest_id=726388 teams 1934/1934 matched, players 5031/5437 matched
2026-08-19 18:58:57,147 INFO ncaa_identity: contest_id=726536 teams 2304/2304 matched, players 5319/6441 matched
2026-08-19 18:58:58,952 INFO ncaa_identity: contest_id=726604 teams 2209/2209 matched, players 5893/6236 matched
2026-08-19 18:58:59,545 INFO ncaa_identity: contest_id=726624 teams 2162/2162 matched, players 5043/6060 matched
2026-08-19 18:59:00,511 INFO ncaa_identity: contest_id=726633 teams 2868/2868 matched, players 7626/8101 matched
2026-08-19 18:59:01,999 INFO ncaa_identity: contest_id=726659 teams 2560/2560 matched, players 6828/7188 matched
2026-08-19 18:59:02,464 INFO ncaa_identity: contest_id=726703 teams 1798/1798 matched, players 4601/5071 matched
2026-08-19 18:59:08,048 INFO ncaa_identity: contest_id=726859 teams 2538/2538 matched, players 6702/7192 matched
2026-08-19 18:59:08,802 INFO ncaa_identity: contest_id=726872 teams 2626/2626 matched, players 7259/7429 matched
2026-08-19 18:59:10,136 INFO ncaa_identity: contest_id=726969 teams 2483/2483 matched, players 6835/7050 matched
2026-08-19 18:59:11,420 INFO ncaa_identity: contest_id=726983 teams 2190/2190 matched, players 5672/6172 matched
2026-08-19 18:59:11,944 INFO ncaa_identity: contest_id=726991 teams 2136/2136 matched, players 5431/6011 matched
2026-08-19 18:59:13,276 INFO ncaa_identity: contest_id=727011 teams 2712/2712 matched, players 6215/7669 matched
2026-08-19 18:59:14,419 INFO ncaa_identity: contest_id=727028 teams 2049/2049 matched, players 5453/5761 matched
2026-08-19 18:59:14,957 INFO ncaa_identity: contest_id=727035 teams 2069/2069 matched, players 5321/5823 matched
2026-08-19 18:59:16,829 INFO ncaa_identity: contest_id=727142 teams 2156/2156 matched, players 5807/6071 matched
2026-08-19 18:59:17,594 INFO ncaa_identity: contest_id=727197 teams 2463/2463 matched, players 5673/6898 matched
2026-08-19 18:59:19,430 INFO ncaa_identity: contest_id=727255 teams 2270/2270 matched, players 5949/6354 matched
2026-08-19 18:59:21,353 INFO ncaa_identity: contest_id=727304 teams 2004/2004 matched, players 799/801 matched
2026-08-19 18:59:22,109 INFO ncaa_identity: contest_id=727314 teams 2511/2511 matched, players 6540/7110 matched
2026-08-19 18:59:23,395 INFO ncaa_identity: contest_id=727354 teams 2609/2609 matched, players 6284/7294 matched
2026-08-19 18:59:24,760 INFO ncaa_identity: contest_id=727372 teams 3000/3000 matched, players 7831/8460 matched
2026-08-19 18:59:25,549 INFO ncaa_identity: contest_id=727385 teams 2611/2611 matched, players 6936/7391 matched
2026-08-19 18:59:26,171 INFO ncaa_identity: contest_id=727395 teams 2064/2064 matched, players 715/720 matched
2026-08-19 18:59:27,452 INFO ncaa_identity: contest_id=727430 teams 2572/2572 matched, players 7124/7246 matched
2026-08-19 18:59:28,769 INFO ncaa_identity: contest_id=727448 teams 2498/2498 matched, players 6780/7028 matched
2026-08-19 18:59:31,892 INFO ncaa_identity: contest_id=727622 teams 2099/2099 matched, players 5300/5910 matched
2026-08-19 18:59:33,119 INFO ncaa_identity: contest_id=727651 teams 2323/2323 matched, players 5964/6449 matched
2026-08-19 18:59:33,801 INFO ncaa_identity: contest_id=727657 teams 1190/2392 matched, players 3401/6693 matched
2026-08-19 18:59:35,073 INFO ncaa_identity: contest_id=727673 teams 2793/2793 matched, players 7425/7881 matched
2026-08-19 18:59:35,688 INFO ncaa_identity: contest_id=727697 teams 2031/2031 matched, players 5631/5694 matched
2026-08-19 18:59:36,233 INFO ncaa_identity: contest_id=727708 teams 2442/2442 matched, players 6270/6826 matched
2026-08-19 18:59:36,834 INFO ncaa_identity: contest_id=727717 teams 2045/2045 matched, players 5655/5721 matched
2026-08-19 18:59:42,649 INFO ncaa_identity: contest_id=727918 teams 2376/2376 matched, players 6228/6677 matched
2026-08-19 18:59:45,306 INFO ncaa_identity: contest_id=728012 teams 2346/2346 matched, players 5978/6575 matched
2026-08-19 18:59:45,835 INFO ncaa_identity: contest_id=728018 teams 2292/2292 matched, players 6047/6497 matched
2026-08-19 18:59:46,463 INFO ncaa_identity: contest_id=728029 teams 2159/2159 matched, players 5497/6077 matched
2026-08-19 18:59:47,041 INFO ncaa_identity: contest_id=728042 teams 2487/2487 matched, players 6554/7045 matched
2026-08-19 18:59:48,277 INFO ncaa_identity: contest_id=728059 teams 2101/2101 matched, players 5751/5866 matched
2026-08-19 18:59:49,033 INFO ncaa_identity: contest_id=728065 teams 2692/2692 matched, players 6553/7602 matched
2026-08-19 18:59:49,853 INFO ncaa_identity: contest_id=728073 teams 2336/2336 matched, players 5742/6570 matched
2026-08-19 18:59:51,815 INFO ncaa_identity: contest_id=728179 teams 2349/2349 matched, players 6052/6602 matched
2026-08-19 18:59:52,426 INFO ncaa_identity: contest_id=728222 teams 2452/2452 matched, players 6115/6872 matched
2026-08-19 18:59:53,098 INFO ncaa_identity: contest_id=728243 teams 2188/2188 matched, players 5727/6172 matched
2026-08-19 18:59:54,438 INFO ncaa_identity: contest_id=728270 teams 2298/2298 matched, players 5991/6415 matched
2026-08-19 18:59:56,448 INFO ncaa_identity: contest_id=728309 teams 2420/2420 matched, players 6550/682026-08-19 12026-08-19 18:59:57,901 INFO ncaa_identity: contest_id=728331 teams 2857/2857 matched, players 7770/802026-08-19 12026-08-19 19:00:02,256 INFO ncaa_identity: contest_id=728415 teams 2180/2180 matched, players 5731/602026-08-19 12026-08-19 19:00:04,178 INFO ncaa_identity: contest_id=728459 teams 2281/2281 matched, players 6324/642026-08-19 12026-08-19 19:00:07,068 INFO ncaa_identity: contest_id=728523 teams 2138/2138 matched, players 5465/6031 matched
2026-08-19 19:00:07,739 INFO ncaa_identity: contest_id=728591 teams 3007/3007 matched, players 7935/8514 matched
2026-08-19 19:00:10,764 INFO ncaa_identity: contest_id=728739 teams 2330/2330 matched, players 5193/6542 matched
2026-08-19 19:00:11,399 INFO ncaa_identity: contest_id=728748 teams 2079/2079 matched, players 5813/5822 matched
2026-08-19 19:00:11,969 INFO ncaa_identity: contest_id=728760 teams 1996/1996 matched, players 4864/5608 matched
2026-08-19 19:00:15,767 INFO ncaa_identity: contest_id=728886 teams 2214/2214 matched, players 6148/6213 matched
2026-08-19 19:00:17,733 INFO ncaa_identity: contest_id=728926 teams 2806/2806 matched, players 7500/7936 matched
2026-08-19 19:00:19,011 INFO ncaa_identity: contest_id=728954 teams 2297/2297 matched, players 5913/6474 matched
2026-08-19 19:00:21,342 INFO ncaa_identity: contest_id=729044 teams 1309/2639 matched, players 3494/7463 matched
2026-08-19 19:00:25,079 INFO ncaa_identity: contest_id=729111 teams 1566/1566 matched, players 3973/4382 matched
2026-08-19 19:00:25,655 INFO ncaa_identity: contest_id=729160 teams 1109/2197 matched, players 3206/6216 matched
2026-08-19 19:00:26,369 INFO ncaa_identity: contest_id=729208 teams 2295/2295 matched, players 6428/642026-08-19 19:00:27,614 INFO ncaa_identity: contest_id=729031 teams 2104/2104 matched, players 5680/5919 matched
2026-08-19 19:00:28,887 INFO ncaa_identity: contest_id=729067 teams 2444/2444 matched, players 6633/6908 matched
2026-08-19 19:00:30,483 INFO ncaa_identity: contest_id=729087 teams 2350/2350 matched, players 6105/6622 matched
2026-08-19 19:00:31,339 INFO ncaa_identity: contest_id=729096 teams 2396/2396 matched, players 6503/6790 matched
2026-08-19 12026-08-19 19:00:33,876 INFO ncaa_identity: contest_id=729411 teams 2499/2499 matched, players 6752/7083 matched
2026-08-19 19:00:35,392 INFO ncaa_identity: contest_id=729446 teams 2173/2173 matched, players 5414/612026-08-19 12026-08-19 19:00:36,327 INFO ncaa_identity: contest_id=729454 teams 2730/2730 matched, players 6177/772026-08-19 12026-08-19 19:00:38,302 INFO ncaa_identity: contest_id=729498 teams 1075/2059 matched, players 2978/5834 matche2026-08-19 19:00:39,609 INFO ncaa_identity: contest_id=729517 teams 2224/2224 matched, players 5967/6251 matched
2022026-08-19 19:00:40,305 INFO ncaa_identity: contest_id=729537 teams 2262/2262 matched, players 5711/6377 matche2026-08-19 19:00:47,661 INFO ncaa_identity: contest_id=729805 teams 2246/2246 matched, players 6170/6285 matched
2026-08-19 19:00:53,400 INFO ncaa_identity: contest_id=729989 teams 2035/2035 matched, players 5352/5690 matched
2026-08-19 19:00:55,676 INFO ncaa_identity: contest_id=730102 teams 2016/2016 matched, players 5502/5691 matched
2026-08-19 19:00:56,352 INFO ncaa_identity: contest_id=730110 teams 2335/2335 matched, players 6235/6589 matched
2026-08-19 19:00:56,906 INFO ncaa_identity: contest_id=730117 teams 2394/2394 matched, players 6694/6719 matched
2026-08-19 19:00:57,714 INFO ncaa_identity: contest_id=730126 teams 2491/2491 matched, players 6431/6991 matched
2026-08-19 19:01:00,019 INFO ncaa_identity: contest_id=730160 teams 1840/1840 matched, players 4949/5152 matched
2026-08-19 19:01:01,930 INFO 5 starters not found for period 3; using estimate
2026-08-19 19:01:04,284 INFO ncaa_identity: contest_id=730310 teams 2333/2333 matched, players 5958/6544 matched
2026-08-19 19:01:06,289 INFO ncaa_identity: contest_id=730361 teams 2147/2147 matched, players 5628/6066 matched
2026-08-19 19:01:06,835 INFO ncaa_identity: contest_id=730372 teams 1870/1870 matched, players 4958/5263 matched
2026-08-19 19:01:07,489 INFO ncaa_identity: contest_id=730385 teams 2280/2280 matched, players 6192/6439 matched
2026-08-19 19:01:10,096 INFO ncaa_identity: contest_id=730440 teams 2516/2516 matched, players 6640/7085 matched
2026-08-19 19:01:11,951 INFO ncaa_identity: contest_id=730478 teams 2208/2208 matched, players 5335/6193 matched
2026-08-19 19:01:12,526 INFO ncaa_identity: contest_id=730486 teams 2292/2292 matched, players 5555/6431 matched
2026-08-19 19:01:13,369 INFO ncaa_identity: contest_id=730499 teams 2717/2717 matched, players 6994/7647 matched
2026-08-19 19:01:13,962 INFO ncaa_identity: contest_id=730516 teams 0/2361 matched, players 0/6624 matched
2026-08-19 19:01:14,560 INFO ncaa_identity: contest_id=730530 teams 2123/2123 matched, players 5744/5968 matched
2026-08-19 19:01:15,103 INFO ncaa_identity: contest_id=730538 teams 2236/2236 matched, players 5866/6238 matched
2026-08-19 19:01:18,452 INFO ncaa_identity: contest_id=730714 teams 1190/2374 matched, players 3369/6722 matched
2026-08-19 19:01:19,188 INFO ncaa_identity: contest_id=730758 teams 2259/2259 matched, players 5996/6391 matched
2026-08-19 19:01:20,297 INFO ncaa_identity: contest_id=730785 teams 2303/2303 mat2026-08-19 19:01:21,780 INFO ncaa_identity: contest_id=730779 teams 2275/2275 matched, players 6092/6409 matched
2026-08-19 19:01:22,376 INFO ncaa_identity: contest_id=730787 teams 2535/2535 matched, players 6739/7171 matched
2026-08-19 19:01:24,393 INFO ncaa_identity: contest_id=730836 teams 2394/2394 matched, players 6608/6715 matched
2026-08-19 19:01:24,990 INFO ncaa_identity: contest_id=730842 teams 2360/2360 matched, players 6599/6638 matched
2026-08-19 19:01:25,803 INFO ncaa_identity: contest_id=730890 teams 2476/2476 matched, players 6833/6835 matched
2026-08-19 19:01:29,035 INFO ncaa_identity: contest_id=730979 teams 1994/1994 matched, players 5598/5630 matched
2026-08-19 19:01:29,708 INFO ncaa_identity: contest_id=730992 teams 2732/2732 matched, players 7190/7751 matched
2026-08-19 19:01:30,329 INFO ncaa_identity: contest_id=731007 teams 2119/2119 matched, players 5467/5973 matched
2026-08-19 19:01:30,930 INFO ncaa_identity: contest_id=731023 teams 2712/2712 matched, players 7415/7696 matched2026-08-19 19:01:35,192 INFO 5 starters not found for period 3; using estimate
2026-08-19 19:01:35,823 INFO ncaa_identity: contest_id=731247 teams 2314/2314 matched, players 6041/6515 matched
2026-08-19 19:01:42,132 INFO ncaa_identity: contest_id=731453 teams 2444/2444 matched, players 6414/6933 matched
2026-08-19 19:01:42,836 INFO ncaa_identity: contest_id=731475 teams 2193/2193 matched, players 5667/6118 matched
2026-08-19 19:01:43,977 INFO ncaa_identity: contest_id=731500 teams 2503/2503 matched, players 6321/7050 matched
2026-08-19 19:01:45,166 INFO ncaa_identity: contest_id=731531 teams 1856/1856 matched, players 5178/5183 matched
2026-08-19 19:01:45,852 INFO ncaa_identity: contest_id=731545 teams 2480/2480 matched, players 6949/7015 matched
2026-08-19 19:01:46,900 INFO ncaa_identity: contest_id=731570 teams 2059/2059 matched, players 5608/5797 matched
2026-08-19 19:01:48,898 INFO ncaa_identity: contest_id=731619 teams 2195/2195 matched, players 5617/6159 matched
2026-08-19 19:01:50,815 INFO ncaa_identity: contest_id=731646 teams 2463/2463 matched, players 6285/6939 matched
2026-08-19 19:01:52,558 INFO ncaa_identity: contest_id=731795 teams 1121/2213 matched, players 3094/6288 matched
2026-08-19 19:01:54,336 INFO ncaa_identity: contest_id=731864 teams 2732/2732 matched, players 7499/7734 matched
2026-08-19 19:01:55,034 INFO ncaa_identity: contest_id=731873 teams 2300/2300 matched, players 6033/6497 matched
2026-08-19 19:01:57,199 INFO ncaa_identity: contest_id=731900 teams 2773/2773 matched, players 7484/7820 matched
2026-08-19 19:01:59,683 INFO 5 starters not found for period 3; using estimate
2026-08-19 19:02:00,782 INFO ncaa_identity: contest_id=732037 teams 2265/2265 matched, players 6306/6345 matched
2026-08-19 19:02:01,907 INFO ncaa_identity: contest_id=732056 teams 1952/1952 matched, players 5389/5515 matched
2026-08-19 19:02:05,694 INFO ncaa_identity: contest_id=732151 teams 2209/2209 matched, players 6014/6230 matched
2026-08-19 19:02:06,989 INFO ncaa_identity: contest_id=732166 teams 2678/2678 matched, players 6861/7560 matched
2026-08-19 19:02:10,547 INFO ncaa_identity: contest_id=732212 teams 2502/2502 matched, players 6583/7028 matched
2026-08-19 19:02:11,984 INFO ncaa_identity: contest_id=732235 teams 1229/2461 matched, players 3503/6938 matched
2026-08-19 19:02:12,764 INFO ncaa_identity: contest_id=732280 teams 3091/3091 matched, players 8694/8756 matched
2026-08-19 19:02:13,381 INFO ncaa_identity: contest_id=732301 teams 2565/2565 matched, players 6793/7279 matched
2026-08-19 19:02:15,787 INFO ncaa_identity: contest_id=732393 teams 2432/2432 matched, players 6761/6872 matched
2026-08-19 19:02:16,866 INFO ncaa_identity: contest_id=732408 teams 2251/2251 matched, players 6322/6346 matched
2026-08-19 19:02:18,081 INFO ncaa_identity: contest_id=732425 teams 2373/2373 matched, players 6494/6703 matched
2026-08-19 19:02:19,171 INFO ncaa_identity: contest_id=732439 teams 2536/2536 matched, players 6492/7176 matched
2026-08-19 19:02:19,669 INFO ncaa_identity: contest_id=732445 teams 2037/2037 matched, players 5215/5755 matched
2026-08-19 19:02:22,606 INFO ncaa_identity: contest_id=732479 teams 2210/2210 matched, players 5925/6181 matched
2026-08-19 19:02:24,927 INFO ncaa_identity: contest_id=732506 teams 2048/2048 matched, players 5543/5742 matched
2026-08-19 19:02:26,723 INFO ncaa_identity: contest_id=732614 teams 2191/2191 matched, players 5920/6132 matched
2026-08-19 19:02:27,932 INFO ncaa_identity: contest_id=732660 teams 2406/2406 matched, players 6612/6773 matched
2026-08-19 19:02:29,781 INFO ncaa_identity: contest_id=732678 teams 2578/2578 matched, players 7269/7274 matched
2026-08-19 19:02:30,440 INFO ncaa_identity: contest_id=732705 teams 2618/2618 matched, players 6872/7380 matched
2026-08-19 19:02:31,560 INFO ncaa_identity: contest_id=732717 teams 2512/2512 matched, players 6097/7132 matched
2026-08-19 19:02:37,771 INFO ncaa_identity: contest_id=732824 teams 2057/2057 matched, players 4883/5810 matched
2026-08-19 19:02:39,504 INFO ncaa_identity: contest_id=732854 teams 2390/2390 matched, players 6314/6737 matched
2026-08-19 19:02:40,784 INFO ncaa_identity: contest_id=732866 teams 2338/2338 matched, players 5738/6576 matched
2026-08-19 19:02:45,257 INFO ncaa_identity: contest_id=732934 teams 2014/2014 matched, players 769/797 matched
2026-08-19 19:02:48,347 INFO ncaa_identity: contest_id=733029 teams 2150/2150 matched, players 5603/6023 matched
2026-08-19 19:02:50,028 INFO ncaa_identity: contest_id=733047 teams 1795/1795 matched, players 613/697 matched
2026-08-19 19:02:51,666 INFO ncaa_identity: contest_id=733065 teams 2285/2285 matched, players 5600/6412 matched
2026-08-19 19:02:54,276 INFO ncaa_identity: contest_id=733089 teams 2393/2393 matched, players 5834/6747 matched
2026-08-19 19:02:54,861 INFO ncaa_identity: contest_id=733100 teams 2410/2410 matched, players 6761/6788 matched
2026-08-19 19:02:56,759 INFO ncaa_identity: contest_id=733150 teams 2149/2149 matched, players 5510/6058 matched
2026-08-19 19:02:58,630 INFO ncaa_identity: contest_id=733185 teams 2564/2564 matched, players 6648/7246 matched
2026-08-19 19:03:00,841 INFO ncaa_identity: contest_id=733224 teams 2046/2046 matched, players 5727/5769 matched
2026-08-19 19:03:02,791 INFO ncaa_identity: contest_id=733242 teams 2763/2763 matched, players 6529/7795 matched
2026-08-19 19:03:03,288 INFO ncaa_identity: contest_id=733248 teams 1780/1780 matched, players 4516/4982 matched
2026-08-19 19:03:04,807 INFO ncaa_identity: contest_id=733260 teams 2591/2591 matched, players 7074/7332 matched
2026-08-19 19:03:06,178 INFO ncaa_identity: contest_id=733272 teams 2359/2359 matched, players 6279/6587 matched
2026-08-19 19:03:06,837 INFO ncaa_identity: contest_id=733278 teams 2482/2482 matched, players 6831/6962 matched
2026-08-19 19:03:08,072 INFO ncaa_identity: contest_id=733292 teams 2488/2488 matched, players 6564/6966 matched
2026-08-19 19:03:09,259 INFO ncaa_identity: contest_id=733305 teams 2491/2491 matched, players 6587/7031 matched
2026-08-19 19:03:12,316 INFO ncaa_identity: contest_id=733335 teams 2231/2231 matched, players 6125/6260 matched
2026-08-19 19:03:15,830 INFO ncaa_identity: contest_id=733384 teams 2614/2614 matched, players 6953/7386 matched
2026-08-19 19:03:17,708 INFO ncaa_identity: contest_id=733422 teams 2146/2146 matched, players 5617/6006 matched
2026-08-19 19:03:18,778 INFO ncaa_identity: contest_id=733442 teams 2006/2006 matched, players 5021/5665 matched
2026-08-19 19:03:21,171 INFO ncaa_identity: contest_id=733499 teams 2538/2538 matched, players 7137/7179 matched
2026-08-19 19:03:24,138 INFO ncaa_identity: contest_id=733538 teams 2052/2052 matched, players 5725/5783 matched
2026-08-19 19:03:26,009 INFO ncaa_identity: contest_id=733560 teams 2677/2677 matched, players 7495/7508 matched
2026-08-19 19:03:26,740 INFO ncaa_identity: contest_id=733569 teams 2287/2287 matched, players 5919/6399 matched
2026-08-19 19:03:29,680 INFO ncaa_identity: contest_id=733606 teams 2585/2585 matched, players 6948/7318 matched
2026-08-19 19:03:30,340 INFO ncaa_identity: contest_id=733612 teams 2468/2468 matched, players 5969/6929 matched
2026-08-19 19:03:32,880 INFO ncaa_identity: contest_id=733640 teams 2348/2348 matched, players 6547/6619 matched
2026-08-19 19:03:33,409 INFO ncaa_identity: contest_id=733648 teams 2043/2043 matched, players 4860/5744 matched
2026-08-19 19:03:34,179 INFO ncaa_identity: contest_id=733655 teams 2596/2596 matched, players 7116/7366 matched
parsed=991 failed=0
ms 2127/2127 matched, players 5611/6030 matched
2026-08-19 19:03:25,275 INFO ncaa_identity: contest_id=733495 teams 1545/1545 matched, players 614/618 matched
2026-08-19 19:03:27,146 INFO ncaa_identity: contest_id=733521 teams 2157/2157 matched, players 5860/6126 matched
2026-08-19 19:03:27,780 INFO ncaa_identity: contest_id=733527 teams 2636/2636 matched, players 7317/7435 matched
2026-08-19 19:03:32,497 INFO ncaa_identity: contest_id=733579 teams 2413/2413 matched, players 6745/6747 matched
parsed=991 failed=0
 matched
2026-08-19 19:03:19,956 INFO ncaa_identity: contest_id=733374 teams 2120/2120 matched, players 5604/5974 matched
2026-08-19 19:03:21,172 INFO ncaa_identity: contest_id=733387 teams 2106/2106 matched, players 5512/5911 matched
2026-08-19 19:03:21,251 INFO 5 starters not found for period 3; using estimate
2026-08-19 19:03:21,251 INFO 5 starters not found for period 4; using estimate
2026-08-19 19:03:21,251 INFO 5 starters not found for period 4; using estimate
2026-08-19 19:03:23,867 INFO ncaa_identity: contest_id=733439 teams 2387/2387 matched, players 5675/6751 matched
2026-08-19 19:03:27,085 INFO ncaa_identity: contest_id=733502 teams 2293/2293 matched, players 6178/6463 matched
2026-08-19 19:03:28,091 INFO ncaa_identity: contest_id=733522 teams 2061/2061 matched, players 5762/5800 matched
2026-08-19 19:03:28,842 INFO ncaa_identity: contest_id=733528 teams 2611/2611 matched, players 7000/7380 matched
2026-08-19 19:03:30,113 INFO ncaa_identity: contest_id=733541 teams 2421/2421 matched, players 5396/6824 matched
2026-08-19 19:03:30,631 INFO ncaa_identity: contest_id=733551 teams 1822/1822 matched, players 4630/5093 matched
2026-08-19 19:03:31,907 INFO ncaa_identity: contest_id=733566 teams 2385/2385 matched, players 6280/6765 matched
2026-08-19 19:03:32,429 INFO ncaa_identity: contest_id=733574 teams 2063/2063 matched, players 5359/5803 matched
2026-08-19 19:03:32,984 INFO nc2026-08-19 19:03:35,160 INFO ncaa_identity: contest_id=733555 teams 2017/2017 match2026-08-19 19:03:39,720 INFO ncaa_identity: contest_id=733658 teams 2569/2569 matched, players 7173/7216 matched
parsed=991 failed=0
 matched
2026-08-19 19:03:39,875 INFO ncaa_identity: contest_id=733613 teams 2380/2380 matched, players 6282/6725 matched
2026-08-19 19:03:41,473 INFO ncaa_identity: contest_id=733631 teams 2542/2542 matched, players 7140/7159 matched
2026-08-19 19:03:42,545 INFO ncaa_identity: contest_id=733649 teams 2232/2232 matched, players 5951/6308 matched
parsed=991 failed=0
0/2110 matched, players 5765/5937 matched
2026-08-19 19:03:28,542 INFO ncaa_identity: contest_id=733576 teams 2407/2407 matched, players 6754/6772 matched
2026-08-19 19:03:29,698 INFO ncaa_identity: contest_id=733591 teams 2734/2734 matched, players 7317/7773 matched
2026-08-19 19:03:31,720 INFO ncaa_identity: contest_id=733611 teams 2083/2083 matched, players 5854/5883 matched
2026-08-19 19:03:32,341 INFO ncaa_identity: contest_id=733617 teams 2494/2494 matched, players 6368/7027 matched
2026-08-19 19:03:33,061 INFO ncaa_identity: contest_id=733623 teams 2541/2541 matched, players 7163/7191 matched
2026-08-19 19:03:34,334 INFO ncaa_identity: contest_id=733639 teams 2217/2217 matched, players 5843/6256 matched
2026-08-19 19:03:36,312 INFO ncaa_identity: contest_id=733660 teams 2534/2534 matched, players 7067/7135 matched
parsed=991 failed=0
iled=0
EXIT=0
