seasons=all bundles=99240 pending=5712 force=False shard=10/24 assigned=23822026-08-05 14:27:03,378 INFO ncaa_identity: contest_id=1107665 teams 1433/2664 matched, players 147/937 matched22026-08-05 14:27:04,368 INFO ncaa_identity: contest_id=1107668 teams 2390/2390 matched, players 497/1061 matched202026-08-05 14:27:05,665 INFO ncaa_identity: contest_id=1107692 teams 2138/2138 matched, players 366/877 match22022026-08-05 14:27:06,798 INFO ncaa_identity: contest_id=1107737 teams 2446/2446 matched, players 381/970 match22222026-08-05 14:27:07,941 INFO ncaa_identity: contest_id=1107762 teams 1169/2282 matched, players 75/795 matched22026-08-05 14:27:09,327 INFO ncaa_identity: contest_id=1107787 teams 1900/1900 matched, players 217/677 matched22026-08-05 14:27:10,285 INFO ncaa_identity: contest_id=1107811 teams 1301/2212 matched, players 198/958 matched22026-08-05 14:27:11,283 INFO ncaa_identity: contest_id=1107814 teams 1493/2365 matched, players 252/911 match20222026-08-05 14:27:12,495 INFO ncaa_identity: contest_id=1107838 teams 1071/2109 matched, players 108/736 matched222026-08-05 14:27:13,470 INFO ncaa_identity: contest_id=1107934 teams 1942/1942 matched, players 301/766 matched22026-08-05 14:27:14,621 INFO ncaa_identity: contest_id=1107977 teams 2358/2358 matched, players 404/966 matched222026-08-05 14:27:15,903 INFO ncaa_identity: contest_id=1108046 teams 1069/1922 matched, players 23/697 matched22026-08-05 14:27:16,944 INFO ncaa_identity: contest_id=1108093 teams 1999/1999 matched, players 253/737 matched
2026-08-05 14:27:17,936 INFO ncaa_identity: contest_id=1108168 teams 2206/2206 matched, players 187/726 matche2022026-08-05 14:27:19,252 INFO ncaa_identity: contest_id=1108223 teams 2612/2612 matched, players 497/1118 match20222026-08-05 14:27:20,364 INFO ncaa_identity: contest_id=1108279 teams 2231/2231 matched, players 275/814 matched220222026-08-05 14:27:20,617 INFO ncaa_identity: contest_id=1108377 teams 1432/2949 matched, players 101/1012026-22022026-08-05 14:27:21,883 INFO ncaa_identity: contest_id=1108428 teams 2198/2198 matched, players 324/852 m2026-0202026-08-05 14:27:22,895 INFO ncaa_identity: contest_id=1108490 teams 2106/2106 matched, players 426/925 m2026-0202026-08-05 14:27:23,983 INFO ncaa_identity: contest_id=1108535 teams 2078/2078 matched, players 290/790 2026-08202026-08-05 14:27:25,178 INFO ncaa_identity: contest_id=1108628 teams 1914/1914 matched, players 93/546 m2026202026-08-05 14:27:26,082 INFO ncaa_identity: contest_id=1108761 teams 2574/2574 matched, players 554/1161 ma202620222026-08-05 14:27:27,169 INFO ncaa_identity: contest_id=1108825 teams 1916/1916 matched, players 281/742 m2026-0202026-08-05 14:27:28,509 INFO ncaa_identity: contest_id=1108933 teams 2158/2158 matched, players 280/800 m202620202026-08-05 14:27:29,783 INFO ncaa_identity: contest_id=1108997 teams 1176/2276 matched, players 3250/64082026-020262026-08-05 14:27:31,160 INFO ncaa_identity: contest_id=1109107 teams 2020/2020 matched, players 267/753 match20262026-08-05 14:27:32,231 INFO ncaa_identity: contest_id=1109228 teams 1882/1882 matched, players 258/711 match20262026-08-05 14:27:33,254 INFO ncaa_identity: contest_id=1109271 teams 2056/2056 matched, players 361/853 match20262026-08-05 14:27:34,060 INFO ncaa_identity: contest_id=1109314 teams 1250/2400 matched, players 3428/6722 matc2026-2026-08-05 14:27:34,827 INFO ncaa_identity: contest_id=1109363 teams 1534/1534 matched, players 10/32026-08-2026-08-05 14:27:35,785 INFO ncaa_identity: contest_id=1109472 teams 1829/1829 matched, players 248/689 2026-08-02026-08-05 14:27:36,895 INFO ncaa_identity: contest_id=1109558 teams 906/1956 matched, players 21/680 mat2026-02026-02026-08-05 14:27:38,003 INFO ncaa_identity: contest_id=1109650 teams 2094/2094 matched, players 246/2026-02026-082026-08-05 14:27:39,252 INFO ncaa_identity: contest_id=1109679 teams 2338/2338 matched, players 308/872 ma20262022026-08-05 14:27:40,345 INFO ncaa_identity: contest_id=1109720 teams 1039/2038 matched, players 188/871 ma2026-08-05 14:27:41,333 INFO ncaa_identity: contest_id=1109752 teams 2336/2336 matched, players 342/904 matched
2026-08-05 14:27:42,270 INFO ncaa_identity: contest_id=1109813 teams 2084/2084 matched, players 171/630 matche2022026-08-05 14:27:43,242 INFO ncaa_identity: contest_id=1109868 teams 1928/1928 matched, players 337/795 matche2022026-08-05 14:27:44,504 INFO ncaa_identity: contest_id=1109911 teams 1902/1902 matched, players 275/731 matche20220262026-08-05 14:27:45,507 INFO ncaa_identity: contest_id=1109980 teams 2178/2178 matched, players 208/711 ma2022026-08-05 14:27:46,696 INFO ncaa_identity: contest_id=1110035 teams 2179/2179 matched, players 354/852 matche20220262026-08-05 14:27:48,340 INFO ncaa_identity: contest_id=1110146 teams 3163/3163 matched, players 772/1517 matc2026-2026-08-05 14:27:49,313 INFO ncaa_identity: contest_id=1110218 teams 1766/1766 matched, players 260/683 mat2026-02026-08-05 14:27:50,676 INFO ncaa_identity: contest_id=1110282 teams 842/1798 matched, players 154/683 matched
2026-08-05 14:27:51,636 INFO ncaa_identity: contest_id=1110351 teams 1974/1974 matched, players 124/611 matched
2026-08-05 14:27:52,125 INFO ncaa_identity: contest_id=1110410 teams 1298/2633 matched, players 3704/7369 matche2022026-08-05 14:27:53,265 INFO ncaa_identity: contest_id=1110524 teams 2051/2051 matched, players 225/723 matche2022026-08-05 14:27:54,255 INFO ncaa_identity: contest_id=1110593 teams 1794/1794 matched, players 75/506 matched202026-08-05 14:27:55,196 INFO ncaa_identity: contest_id=1110666 teams 1644/1644 matched, players 309/699 mat2026202026-08-05 14:27:56,306 INFO ncaa_identity: contest_id=1110721 teams 1914/1914 matched, players 37/513 matc202202026-08-05 14:27:57,359 INFO ncaa_identity: contest_id=1110771 teams 2078/2078 matched, players 163/671 match20202026-08-05 14:27:58,508 INFO ncaa_identity: contest_id=1110900 teams 2082/2082 matched, players 128/639 match20202026-08-05 14:27:59,655 INFO ncaa_identity: contest_id=1110962 teams 1039/2128 matched, players 203/931 matche2022026-08-05 14:28:00,949 INFO ncaa_identity: contest_id=1110986 teams 2009/2009 matched, players 216/705 matche2022026-08-05 14:28:01,922 INFO ncaa_identity: contest_id=1111078 teams 2110/2110 matched, players 240/750 matche2022026-08-05 14:28:02,758 INFO ncaa_identity: contest_id=1111196 teams 764/1818 matched, players 78/621 matched22026-08-05 14:28:04,004 INFO ncaa_identity: contest_id=1111355 teams 1889/1889 matched, players 233/688 matched22026-08-05 14:28:05,085 INFO ncaa_identity: contest_id=1111387 teams 2200/2200 matched, players 339/866 matched22026-08-05 14:28:06,293 INFO ncaa_identity: contest_id=1111465 teams 1872/1872 matched, players 363/807 matched22026-08-05 14:28:07,248 INFO ncaa_identity: contest_id=1111533 teams 1780/1780 matched, players 349/771 matched
2026-08-05 14:28:08,400 INFO ncaa_identity: contest_id=1111600 teams 1065/2232 matched, players 201/778 matched
2026-08-05 14:28:09,564 INFO ncaa_identity: contest_id=1111667 teams 2027/2027 matched, players 337/820 matched22026-08-05 14:28:10,804 INFO ncaa_identity: contest_id=1111784 teams 1107/2174 matched, players 152/883 matched22026-08-05 14:28:11,358 INFO ncaa_identity: contest_id=1111869 teams 0/2159 matched, players 0/6042 matched
202026-08-05 14:28:12,540 INFO ncaa_identity: contest_id=1111973 teams 2528/2528 matched, players 377/984 matched
2026-08-05 14:28:13,636 INFO ncaa_identity: contest_id=1112064 teams 2259/2259 matched, players 363/904 matched
2026-08-05 14:28:14,216 INFO ncaa_identity: contest_id=1112174 teams 1401/2761 matched, players 3446/7665 matched
2026-08-05 14:28:15,660 INFO ncaa_identity: contest_id=1112215 teams 2093/2093 matched, players 30/551 matched
2026-08-05 14:28:16,742 INFO ncaa_identity: contest_id=1112283 teams 2462/2462 matched, players 464/1048 matched
2026-08-05 14:28:17,890 INFO ncaa_identity: contest_id=1112360 teams 1736/1736 matched, players 130/555 matched
2026-08-05 14:28:19,090 INFO ncaa_identity: contest_id=1112385 teams 1855/1855 matched, players 177/629 matched
2026-08-05 14:28:20,048 INFO ncaa_identity: contest_id=1112443 teams 812/2053 matched, players 102/608 matched
2026-08-05 14:28:21,514 INFO ncaa_identity: contest_id=1112542 teams 806/2063 matched, players 180/868 matched
2026-08-05 14:28:22,476 INFO ncaa_identity: contest_id=1112593 teams 1710/1710 matched, players 243/653 matched
202026-08-05 14:28:23,437 INFO ncaa_identity: contest_id=1112596 teams 2292/2292 matched, players 495/1037 match2026-08-05 14:28:24,746 INFO ncaa_identity: contest_id=1112655 teams 1092/2129 matched, players 116/802 matched
2026-08-05 14:28:26,110 INFO ncaa_identity: contest_id=1112750 teams 2536/2536 matched, players 513/1114 matched
2026-08-05 14:28:27,543 INFO ncaa_identity: contest_id=1112790 teams 965/2090 matched, players 117/783 matched
2026-08-05 14:28:28,651 INFO ncaa_identity: contest_id=1112847 teams 1668/1668 matched, players 173/578 matched
2026-08-05 14:28:29,790 INFO ncaa_identity: contest_id=1112901 teams 1931/1931 matched, players 198/668 matched
2026-08-05 14:28:31,064 INFO ncaa_identity: contest_id=1112929 teams 2136/2136 matched, players 189/709 matched
2026-08-05 14:28:32,140 INFO ncaa_identity: contest_id=1112955 teams 2000/2000 matched, players 347/825 matched
2026-08-05 14:28:33,250 INFO ncaa_identity: contest_id=1112984 teams 2208/2208 matched, players 328/858 matched
2026-08-05 14:28:34,470 INFO ncaa_identity: contest_id=1113023 teams 1966/1966 matched, players 336/804 matched
2026-08-05 14:28:35,305 INFO ncaa_identity: contest_id=1113048 teams 1765/1765 matched, players 298/718 matched
2026-08-05 14:28:36,743 INFO ncaa_identity: contest_id=1113077 teams 2482/2482 matched, players 496/1084 matched
2026-08-05 14:28:37,864 INFO ncaa_identity: contest_id=1113111 teams 2196/2196 matched, players 226/759 matched
2026-08-05 14:28:38,966 INFO ncaa_identity: contest_id=1113139 teams 1692/1692 matched, players 233/639 matched
2026-08-05 14:28:40,356 INFO ncaa_identity: contest_id=1113187 teams 2398/2398 matched, players 282/863 matched
2026-08-05 14:28:41,454 INFO ncaa_identity: contest_id=1113231 teams 1992/1992 matched, players 230/712 matched
2026-08-05 14:28:42,775 INFO ncaa_identity: contest_id=1113330 teams 2408/2408 matched, players 481/1053 matched
2026-08-05 14:28:43,831 INFO ncaa_identity: contest_id=1113391 teams 1005/2033 matched, players 81/730 matched
2026-08-05 14:28:44,908 INFO ncaa_identity: contest_id=1113431 teams 2234/2234 matched, players 297/807 matched
2026-08-05 14:28:45,992 INFO ncaa_identity: contest_id=1113543 teams 1754/1754 matched, players 311/730 matched
2026-08-05 14:28:47,216 INFO ncaa_identity: contest_id=1113571 teams 1906/1906 matched, players 302/757 matched
2026-08-05 14:28:48,255 INFO ncaa_identity: contest_id=1113631 teams 930/1871 matched, players 49/661 matched
2026-08-05 14:28:49,565 INFO ncaa_identity: contest_id=1113664 teams 2408/2408 matched, players 392/967 matched
2026-08-05 14:28:50,653 INFO ncaa_identity: contest_id=1113712 teams 2530/2530 matched, players 489/1090 matched
2026-08-05 14:28:51,545 INFO ncaa_identity: contest_id=1113740 teams 681/1692 matched, players 103/695 matched
2026-08-05 14:28:52,834 INFO ncaa_identity: contest_id=1113785 teams 2358/2358 matched, players 322/889 matched
2026-08-05 14:28:54,144 INFO ncaa_identity: contest_id=1113944 teams 2634/2634 matched, players 453/1082 matched
2026-08-05 14:28:55,463 INFO ncaa_identity: contest_id=1114024 teams 2184/2184 matched, players 407/925 matched
2026-08-05 14:28:56,649 INFO ncaa_identity: contest_id=1114056 teams 2012/2012 matched, players 148/641 matched
2026-08-05 14:28:57,871 INFO ncaa_identity: contest_id=1114138 teams 1903/1903 matched, players 155/620 matched
2026-08-05 14:28:58,939 INFO ncaa_identity: contest_id=1114231 teams 940/2162 matched, players 149/793 matched
2026-08-05 14:29:00,000 INFO ncaa_identity: contest_id=1114283 teams 2096/2096 matched, players 197/708 matched
2026-08-05 14:29:00,092 INFO 5 starters not found for period 1; using estimate
2026-08-05 14:29:00,093 INFO 5 starters not found for period 1; using estimate
2026-08-05 14:29:00,093 INFO 5 starters not found for period 2; using estimate
2026-08-05 14:29:00,093 INFO 5 starters not found for period 2; using estimate
2026-08-05 14:29:00,967 INFO ncaa_identity: contest_id=1114391 teams 1966/1966 matched, players 637/3478 matched
2026-08-05 14:29:02,323 INFO ncaa_identity: contest_id=1114461 teams 1978/1978 matched, players 282/756 matched
2026-08-05 14:29:03,291 INFO ncaa_identity: contest_id=1114533 teams 1865/1865 matched, players 156/612 matched
2026-08-05 14:29:04,376 INFO ncaa_identity: contest_id=1114623 teams 1739/1739 matched, players 108/534 matched
2026-08-05 14:29:05,514 INFO ncaa_identity: contest_id=1114666 teams 1675/1675 matched, players 168/574 matched
2026-08-05 14:29:06,726 INFO ncaa_identity: contest_id=1114719 teams 2784/2784 matched, players 418/1085 matched
2026-08-05 14:29:07,754 INFO ncaa_identity: contest_id=1114797 teams 1802/1802 matched, players 303/732 matched
2026-08-05 14:29:08,992 INFO ncaa_identity: contest_id=1114893 teams 2089/2089 matched, players 364/862 matched
2026-08-05 14:29:09,927 INFO ncaa_identity: contest_id=1114997 teams 2174/2174 matched, players 284/808 matched
2026-08-05 14:29:11,129 INFO ncaa_identity: contest_id=1115084 teams 2374/2374 matched, players 452/1014 matched
2026-08-05 14:29:12,129 INFO ncaa_identity: contest_id=1115146 teams 2114/2114 matched, players 194/709 matched
2026-08-05 14:29:12,207 INFO 2026-08-05 14:29:12,771 INFO ncaa_identity: contest_id=1115406 teams 2256/2256 matched, pl2026-08-05 12026-08-05 2026-08-05 14:29:13,894 INFO ncaa_identity: contest_id=1115503 teams 1916/1916 matched, players 381/832026-08-05 2026-08-05 14:29:14,812 INFO ncaa_identity: contest_id=1115545 teams 1624/1624 matched, players 127/522026-08-05 2026-08-05 14:29:16,113 INFO ncaa_identity: contest_id=1115608 teams 2793/2793 matched, players 300/982026-08-05 2026-08-05 14:29:17,026 INFO ncaa_identity: contest_id=1115722 teams 1649/1649 matched, players 108/512026-08-05 2026-08-05 14:29:18,114 INFO ncaa_identity: contest_id=1115781 teams 1946/1946 matched, players 232/702026-08-05 2026-08-05 14:29:19,359 INFO ncaa_identity: contest_id=1115811 teams 2182/2182 matched, players 358/882026-08-05 2026-08-05 14:29:20,547 INFO ncaa_identity: contest_id=1115851 teams 1832/1832 matched, players 195/622026-08-05 2026-08-05 14:29:21,607 INFO ncaa_identity: contest_id=1115945 teams 1875/1875 matched, players 155/612026-08-05 2026-08-05 14:29:23,287 INFO ncaa_identity: contest_id=1116001 teams 2727/2727 matched, players 364/992026-08-05 2026-08-05 14:29:24,178 INFO ncaa_identity: contest_id=1116159 teams 1606/1606 matched, players 165/552026-08-05 2026-08-05 14:29:25,358 INFO ncaa_identity: contest_id=1116204 teams 1717/1717 matched, players 183/592026-08-05 2026-08-05 14:29:26,764 INFO ncaa_identity: contest_id=1116333 teams 2302/2302 matched, players 396/942026-08-05 2026-08-05 14:29:27,782 INFO ncaa_identity: contest_id=1116463 teams 2256/2256 matched, players 309/851 matched
2026-08-05 14:29:28,841 INFO ncaa_identity: contest_id=1116507 teams 2076/2076 matched, players 285/784 matched
2026-08-05 14:29:29,864 INFO ncaa_identity: contest_id=1116592 teams 1661/1661 matched, players 243/642 matched
2026-08-05 14:29:30,827 INFO ncaa_identity: contest_id=1116632 teams 2046/2046 matched, players 390/875 matched
2026-08-05 14:29:31,797 INFO ncaa_identity: contest_id=1116690 teams 1462/1462 matched, play2026-08-05 14:29:31,92026-08-05 14:29:32,518 INFO ncaa_identity: contest_id=1116828 teams 1282/1282 matched, play2026-08-05 14:29:33,2026-08-05 14:29:33,644 INFO ncaa_identity: contest_id=1116950 teams 1616/1616 matched, playe2026-08-05 14:29:34,2026-08-05 14:29:34,937 INFO ncaa_identity: contest_id=1117024 teams 1849/1849 matched, playe2026-08-05 14:29:35,2026-08-05 14:29:36,342 INFO ncaa_identity: contest_id=1117058 teams 2778/2778 matched, playe2026-08-05 14:29:37,02026-08-05 14:29:37,954 INFO ncaa_identity: contest_id=1117101 teams 1925/1925 matched, play2026-08-05 14:29:38,12026-08-05 14:29:39,094 INFO ncaa_identity: contest_id=1117165 teams 2460/2460 matched, play2026-08-05 14:29:39,692026-08-05 14:29:40,245 INFO ncaa_identity: contest_id=1117276 teams 1674/1674 matched, pla2026-08-05 14:29:40,782026-08-05 14:29:41,835 INFO ncaa_identity: contest_id=1117336 teams 1824/1824 matched, pla2026-08-05 14:29:42,052026-08-05 14:29:43,139 INFO ncaa_identity: contest_id=1117407 teams 2126/2126 matched, pla2026-08-05 14:29:43,552026-08-05 14:29:44,630 INFO ncaa_identity: contest_id=1117529 teams 2265/2265 matched, pla2026-08-05 14:29:44,852026-08-05 14:29:45,688 INFO ncaa_identity: contest_id=1117589 teams 1915/1915 matched, play2026-08-05 14:29:45,92026-08-05 14:29:46,858 INFO ncaa_identity: contest_id=1117651 teams 1742/1742 matched, play2026-08-05 14:29:47,02026-08-05 14:29:47,958 INFO ncaa_identity: contest_id=1117720 teams 1838/1838 matched, play2026-08-05 14:29:48,2026-08-05 14:29:49,462 INFO ncaa_identity: contest_id=1117771 teams 2158/2158 matched, players 402/916 matched
2026-08-05 14:29:50,612 INFO ncaa_identity: contest_id=1117898 teams 1911/1911 matched, players 289/700 matched
2026-08-05 14:29:51,743 INFO ncaa_identity: contest_id=1117965 teams 1585/1585 matched, playe2026-08-05 14:29:52,2026-08-05 14:29:52,982 INFO ncaa_identity: contest_id=1118044 teams 1905/1905 matched, player2026-08-05 14:29:532026-08-05 14:29:54,205 INFO ncaa_identity: contest_id=1118106 teams 1756/1756 matched, player2026-08-05 14:29:542026-08-05 14:29:55,385 INFO ncaa_identity: contest_id=1118144 teams 1587/1587 matched, player2026-08-05 14:29:552026-08-05 14:29:56,512 INFO ncaa_identity: contest_id=1118197 teams 1951/1951 matched, player2026-08-05 14:29:562026-08-05 14:29:57,579 INFO ncaa_identity: contest_id=1118316 teams 2264/2264 matched, players 2026-08-05 14:29:2026-08-05 14:29:58,662 INFO ncaa_identity: contest_id=1118379 teams 1645/1645 matched, players2026-08-05 14:29:52026-08-05 14:29:59,992 INFO ncaa_identity: contest_id=1118475 teams 2166/2166 matched, players2026-08-05 14:30:02026-08-05 14:30:01,037 INFO ncaa_identity: contest_id=1118624 teams 2188/2188 matched, players2026-08-05 14:30:02026-08-05 14:30:02,489 INFO ncaa_identity: contest_id=1118706 teams 2110/2110 matched, players2026-08-05 14:30:02026-08-05 14:30:03,468 INFO ncaa_identity: contest_id=1118783 teams 922/1768 matched, players 2026-08-05 14:30:2026-08-05 14:30:04,764 INFO ncaa_identity: contest_id=1118812 teams 2413/2413 matched, players 2026-08-05 14:30:02026-08-05 14:30:05,958 INFO ncaa_identity: contest_id=1118878 teams 1509/1509 matched, players2026-08-05 14:30:02026-08-05 14:30:07,176 INFO ncaa_identity: contest_id=1118959 teams 2349/2349 matched, players2026-08-05 14:30:02026-08-05 14:30:08,205 INFO ncaa_identity: contest_id=1118999 teams 2168/2168 matched, players2026-08-05 14:30:09,229 INFO ncaa_identity: contest_id=1119101 teams 1852/1852 matched, players 286/729 matched
2026-08-05 14:30:10,291 INFO ncaa_identity: contest_id=1119149 teams 1954/1954 matched, players 263/734 matched
2026-08-05 14:30:2026-08-05 14:30:11,243 INFO ncaa_identity: contest_id=1119163 teams 1686/1686 matched, players 2026-08-05 14:30:12,679 INFO ncaa_identity: contest_id=1119342 teams 2490/2490 matched, players 398/996 matched
2026-08-05 14:30:13,475 INFO ncaa_identity: contest_id=1119386 teams 1313/1313 matc2026-08-05 14:30:13,507 INFO 2026-08-05 14:30:142026-08-05 14:30:14,921 INFO ncaa_identity: contest_id=1119394 teams 2109/2109 matched, player2026-08-05 14:30:152026-08-05 14:30:16,377 INFO ncaa_identity: contest_id=1119537 teams 2178/2178 matched, player2026-08-05 14:30:162026-08-05 14:30:17,285 INFO ncaa_identity: contest_id=1119563 te2026-08-05 14:30:17,300 INFO 2026-08-05 14:30:182026-08-05 14:30:18,609 INFO ncaa_identity: contest_id=1119671 teams 1916/1916 matched, player2026-08-05 14:30:192026-08-05 14:30:19,864 INFO ncaa_identity: contest_id=1119709 teams 1894/1894 matched, playe2026-08-05 14:30:20,2026-08-05 14:30:20,998 INFO ncaa_identity: contest_id=1119733 teams 1782/1782 matched, playe2026-08-05 14:30:21,2026-08-05 14:30:22,399 INFO ncaa_identity: contest_id=1119924 te2026-08-05 14:30:22,570 INFO ncaa_identity: cont2026-08-05 14:30:23,191 INFO ncaa_identity: contest_id=1119960 te2026-08-05 14:30:23,783 INF2026-08-05 14:30:24,167 INFO ncaa_identity: contest_id=1120014 teams 2338/2338 matched2026-08-05 14:30:25,005 INFO2026-08-05 14:30:252026-08-05 14:30:25,381 INFO ncaa_identity: contest_id=1120067 tea2026-08-05 14:30:25,981 INFO2026-08-05 14:30:262026-08-05 14:30:26,705 INFO ncaa_identity: contest_id=1120207 tea2026-08-05 14:30:27,337 INFO2026-08-05 14:30:28,006 INFO ncaa_identity: contest_id=1120364 teams 2836/2836 matched2026-08-05 14:30:28,395 INFO2026-08-05 14:30:29,249 INFO ncaa_identity: contest_id=1120403 teams 2053/2053 matche2026-08-05 14:30:29,642 INFO2026-08-05 14:30:32026-08-05 14:30:30,281 INFO ncaa_identity: contest_id=1120409 team2026-08-05 14:30:30,575 INFO2026-08-05 14:30:31,482 INFO ncaa_identity: contest_id=1120569 teams 2006/2006 matche2026-08-05 14:30:31,995 INFO2026-08-05 14:30:32026-08-05 14:30:32,562 INFO ncaa_identity: contest_id=1120596 team2026-08-05 14:30:32,833 INFO2026-08-05 14:30:33,894 INFO ncaa_identity: contest_id=1120755 teams 2100/2100 matche2026-08-05 14:30:34,080 INFO2026-08-05 14:30:34,818 INFO ncaa_identity: contest_id=1120809 teams 1980/1980 match2026-08-05 14:30:35,602 INFO 2026-08-05 14:30:36,012 INFO ncaa_identity: contest_id=1120880 teams 1809/1809 match2026-08-05 14:30:36,552 INFO 2026-08-05 14:30:37,549 INFO ncaa_identity: contest_id=1120991 teams 2202/2202 match2026-08-05 14:30:38,110 INFO n2026-08-05 14:30:38,661 INFO ncaa_identity: contest_id=1121093 teams 1987/1987 matc2026-08-05 14:30:39,507 INFO n2026-08-05 14:30:40,061 INFO ncaa_identity: contest_id=1121212 teams 1916/1916 matc2026-08-05 14:30:40,402 INFO n2026-08-05 14:30:40,905 INFO ncaa_identity: contest_id=1121264 teams 1758/1758 matc2026-08-05 14:30:41,503 INFO n2026-08-05 14:30:42,077 INFO ncaa_identity: contest_id=1121353 teams 1850/1850 mat2026-08-05 14:30:42,832 INFO nc2026-08-05 14:30:43,051 INFO ncaa_identity: contest_id=1121400 teams 986/1786 matc2026-08-05 14:30:44,018 INFO n2026-08-05 14:30:44,364 INFO ncaa_identity: contest_id=1121424 teams 2232/2232 matc2026-08-05 14:30:45,082 INFO n2026-08-05 14:30:45,515 INFO ncaa_identity: contest_id=1121494 teams 1995/1995 matc2026-08-05 14:30:46,708 INFO ncaa_identity: contest_id=1121238 teams 2288/2288 matched, players 449/992 matched
2026-08-05 14:30:48,120 INFO ncaa_identity: contest_id=1121320 teams 1852/1852 matched, players 146/572 matched
2026-08-05 14:30:48,986 INFO n2026-08-05 14:30:49,087 INFO ncaa_identity: contest_id=1121741 teams 1840/1840 matc2026-08-05 14:30:50,367 INFO ncaa_identity: contest_id=1121412 teams 2227/2227 matched, players 339/873 matched
2026-08-05 14:30:51,473 INFO ncaa_identity: contest_id=1121463 teams 2140/2140 matched, players 145/653 matched
2026-08-05 14:30:52,886 INFO ncaa_identity: contest_id=1121530 teams 1684/1684 matched, players 233/638 matched
2026-08-05 14:30:53,857 INFO ncaa_identity: contest_id=1121632 teams 1573/1573 matched, players 178/559 matched
2026-08-05 14:30:55,087 INFO ncaa_identity: contest_id=1121698 teams 1876/1876 matched, players 418/859 matched
2026-08-05 14:30:56,613 INFO ncaa_identity: contest_id=1121770 teams 2112/2112 matched, players 337/842 matched
2026-08-05 14:30:57,430 INFO ncaa_identity: contest_id=1121799 teams 1443/1443 matched, players 140/490 matched
2026-08-05 14:30:58,601 INFO ncaa_identity: contest_id=1121855 teams 1130/2216 matched, players 177/830 matched
2026-08-05 14:30:59,867 INFO ncaa_identity: contest_id=1121930 teams 1998/1998 matched, players 229/713 matched
2026-08-05 14:31:00,969 INFO ncaa_identity: contest_id=1122034 teams 1600/1600 matched, players 214/599 matched
2026-08-05 14:31:02,013 INFO ncaa_identity: contest_id=1122071 teams 1673/1673 matched, players 259/661 matched
2026-08-05 14:31:03,486 INFO ncaa_identity: contest_id=1122099 teams 1864/1864 matched, players 263/713 matched
2026-08-05 14:31:04,671 INFO ncaa_identity: contest_id=1122178 teams 2030/2030 matched, players 248/738 matched
2026-08-05 14:31:05,840 INFO ncaa_identity: contest_id=1122231 teams 1718/1718 matched, players 322/729 matched
2026-08-05 14:31:06,975 INFO ncaa_identity: contest_id=1122259 teams 959/1781 matched, players 100/538 matched
2026-08-05 14:31:08,356 INFO ncaa_identity: contest_id=1122318 teams 2520/2520 matched, players 463/1061 matched
2026-08-05 14:31:09,460 INFO ncaa_identity: contest_id=1122363 teams 1879/1879 matched, players 277/728 matched
2026-08-05 14:31:10,888 INFO ncaa_identity: contest_id=1122415 teams 1774/1774 matched, players 155/589 matched
2026-08-05 14:31:11,961 INFO ncaa_identity: contest_id=1122460 teams 2245/2245 matched, players 242/787 matched
2026-08-05 14:31:13,441 INFO ncaa_identity: contest_id=1122500 teams 2248/2248 matched, players 286/904 matched
2026-08-05 14:31:14,543 INFO ncaa_identity: contest_id=1122534 teams 2124/2124 matched, players 438/940 matched
2026-08-05 14:31:15,684 INFO ncaa_identity: contest_id=1122595 teams 1956/1956 matched, players 334/799 matched
2026-08-05 14:31:16,637 INFO ncaa_identity: contest_id=1122644 teams 1888/1888 matched, players 245/700 matched
2026-08-05 14:31:17,969 INFO ncaa_identity: contest_id=1122675 teams 2088/2088 matched, players 359/857 matched
2026-08-05 14:31:19,061 INFO ncaa_identity: contest_id=1122707 teams 1917/1917 matched, players 195/661 matched
2026-08-05 14:31:20,097 INFO ncaa_identity: contest_id=1122754 teams 2192/2192 matched, players 309/836 matched
2026-08-05 14:31:21,393 INFO ncaa_identity: contest_id=1122797 teams 2329/2329 matched, players 368/926 matched
2026-08-05 14:31:22,529 INFO ncaa_identity: contest_id=1122831 teams 2108/2108 matched, players 358/851 matched
2026-08-05 14:31:23,446 INFO ncaa_identity: contest_id=1122864 teams 1898/1898 matched, players 132/597 matched
2026-08-05 14:31:24,838 INFO ncaa_identity: contest_id=1122889 teams 2216/2216 matched, players 324/856 matched
2026-08-05 14:31:26,120 INFO ncaa_identity: contest_id=1122914 teams 1586/1586 matched, players 184/567 matched
2026-08-05 14:31:27,221 INFO ncaa_identity: contest_id=1122939 teams 1942/1942 matched, players 246/714 matched
2026-08-05 14:31:28,554 INFO ncaa_identity: contest_id=1122973 teams 2200/2200 matched, players 366/891 matched
2026-08-05 14:31:29,361 INFO ncaa_identity: contest_id=1123013 teams 1996/1996 matched, players 267/710 matched
2026-08-05 14:31:30,108 INFO ncaa_identity: contest_id=1123075 teams 1702/1702 matched, players 157/571 matched
2026-08-05 14:31:31,025 INFO ncaa_identity: contest_id=1123106 teams 2126/2126 matched, players 396/902 matched
2026-08-05 14:31:31,534 INFO ncaa_identity: contest_id=1123134 teams 2179/2179 matched, players 204/735 matched
2026-08-05 14:31:32,039 INFO ncaa_identity: contest_id=1123168 teams 2110/2110 matched, players 131/651 matched
2026-08-05 14:31:32,690 INFO ncaa_identity: contest_id=1123193 teams 2538/2538 matched, players 196/816 matched
2026-08-05 14:31:33,289 INFO ncaa_identity: contest_id=1123225 teams 2377/2377 matched, players 502/1028 matched
parsed=238 failed=0
 ncaa_identity: contest_id=1123221 teams 1932/1932 matched, players 375/832 matc2026-08-05 14:31:30,597 INFO ncaa_identity: contest_id=1123185 teams 2136/2136 matched, players 209/725 matched
2026-08-05 14:31:31,166 INFO ncaa_identity: contest_id=1123215 teams 1914/1914 matched, players 272/732 matched
parsed=238 failed=0
 INFO ncaa_identity: contest_id=1123220 teams 1990/1990 matched, players 358/825 matched
parsed=238 failed=0
a2026-08-05 14:31:30,797 INFO ncaa_identity: contest_id=1123116 teams 16582026-08-05 14:31:30,896 INFO ncaa_identi2026-08-05 14:31:31,340 INFO ncaa_identity: contest_id=1123144 teams 19702026-08-05 14:31:31,579 INFO ncaa_identi2026-08-05 14:31:31,808 INFO ncaa_identity: contest_id=1123177 teams 2023/2023 matched, players 286/772 matched
2026-08-05 14:31:32,470 INFO ncaa_identity: contest_id=1123205 teams 2702/2702 matched, players 185/848 matched
parsed=238 failed=0
EXIT=0
