seasons=all bundles=64693 pending=5708 force=False shard=19/24 assigned=23822026-08-03 04:54:07,492 INFO ncaa_identity: contest_id=239550 teams 1278/2594 matched, players 3690/7303 matched22026-08-03 04:54:11,078 INFO ncaa_identity: contest_id=239644 teams 2644/2644 matched, players 935/940 matched202026-08-03 04:54:15,461 INFO ncaa_identity: contest_id=239828 teams 2517/2517 matched, players 6525/7085 matched
222026-08-03 04:54:28,548 INFO ncaa_identity: contest_id=240296 teams 1120/2214 matched, players 3077/6170 matched
2026-08-03 04:54:30,412 INFO ncaa_identity: contest_id=240368 teams 2369/2369 matched, players 6287/6691 matched
2026-08-03 04:54:32,473 INFO ncaa_identity: contest_id=240442 teams 2913/2913 matched, players 7925/8254 matched
2026-08-03 04:54:33,951 INFO ncaa_identity: contest_id=240498 teams 2605/2605 matched, players 6118/7346 matched
2026-08-03 04:54:34,947 INFO ncaa_identity: contest_id=240583 teams 1194/2314 matched, players 3269/6487 matche2026-08-03 04:54:37,329 INFO ncaa_identity: contest_id=240629 teams 3054/3054 matched, players 7680/8614 matched
2022026-08-03 04:54:39,253 INFO ncaa_identity: contest_id=240728 teams 1398/2764 2026-08-03 04:54:39,765 INFO2026-2022026-08-03 04:54:45,550 INFO ncaa_identity: contest_id=240996 teams 2296/2296 matched, players 5874/6448 matche2022026-08-03 04:54:51,574 INFO ncaa_identity: contest_id=241318 teams 2670/2670 matched, players 7404/7479 matche2022026-08-03 04:54:56,219 INFO ncaa_identity: contest_id=241418 teams 2044/2044 matched, players 5539/5743 matche2026-08-03 04:55:00,652 INFO ncaa_identity: contest_id=241510 teams 2457/2457 matched, players 6775/6919 matched
2026-08-03 04:55:02,327 INFO ncaa_identity: contest_id=241564 teams 2514/2514 matched, players 7016/7112 matched
2026-08-03 04:55:04,389 INFO ncaa_identity: contest_id=241653 teams 2720/2720 mat2026-08-03 04:55:04,807 INFO ncaa2026-08-03 04:55:11,469 INFO ncaa_identity: contest_id=241904 teams 2287/2287 matched, players 6387/6450 matched
2026-08-03 04:55:13,142 INFO ncaa_identity: contest_id=241929 teams 2154/2154 matched, players 5766/6054 matched
2026-08-03 04:55:20,199 INFO ncaa_identity: contest_id=242075 teams 2539/2539 matched, players 7107/7165 matched
2026-08-03 04:55:22,262 INFO ncaa_identity: contest_id=242148 teams 2601/2601 matched, players 6890/7374 matched
2026-08-03 04:55:24,650 INFO ncaa_identity: contest_id=242232 teams 1207/2405 matched, players 3354/6776 ma2026-082026-08-03 04:55:28,726 INFO ncaa_identity: contest_id=242389 teams 1048/2110 match2026-08-03 04:55:32,940 INFO ncaa_identity: contest_id=242532 teams 1483/2960 matched, players 4188/8319 matched
2026-08-03 04:55:39,439 INFO nc2026-08-03 04:55:40,579 INFO ncaa_identity: contest_id=242796 teams 1270/2426 match2026-08-03 04:55:41,137 INFO nc2026-08-03 04:55:42,764 INFO ncaa_identity: contest_id=242860 teams 2792/2792 match2026-08-03 04:55:43,492 INFO nc2026-08-03 04:55:44,683 INFO ncaa_identity: contest_id=242904 teams 1559/3126 match2026-08-03 04:55:47,359 INFO nc2026-08-03 04:55:52,230 INFO ncaa_identity: contest_id=243300 teams 2214/2214 match2026-08-03 04:55:55,713 INFO nc2026-08-03 04:56:01,687 INFO ncaa_identity: contest_id=243686 teams 1145/2272 matched, players 3160/6321 matched
2026-08-03 04:56:03,500 INFO ncaa_identity: contest_id=243746 teams 2485/2485 matched, players 6770/7012 matched
2026-08-03 04:56:09,889 INFO ncaa_identity: contest_id=243996 teams 1166/2413 matched, players 3431/6796 matched
2026-08-03 04:56:13,347 INFO ncaa_identity: contest_id=244190 teams 1018/2030 matched, players 2139/5638 matched
2026-08-03 04:56:15,115 INFO ncaa_identity: contest_id=244283 teams 2388/2388 matched, players 6512/6773 matched
2026-08-03 04:56:17,199 INFO ncaa_identity: contest_id=244364 teams 2407/2407 matched, players 6343/6773 matched
2026-08-03 04:56:19,540 INFO ncaa_identity: contest_id=244399 teams 2328/2328 matched, players 6438/6590 matched
2026-08-03 04:56:21,658 INFO ncaa_identity: contest_id=244459 teams 2357/2357 matched, players 6322/6590 matched
2026-08-03 04:56:23,630 INFO ncaa_identity: contest_id=244522 teams 1107/2190 match2026-08-03 04:56:23,718 INFO nc2026-08-03 04:56:26,552 INFO ncaa_identity: contest_id=244388 teams 2137/2137 matched, players 5612/6039 matched
2026-08-03 04:56:28,801 INFO ncaa_identity: contest_id=244429 teams 2225/2225 matched, players 5602/6280 matched
2022026-08-03 04:56:34,531 INFO ncaa_identity: contest_id=244578 teams 2193/2193 ma2026-08-03 04:56:36,868 INFO ncaa_2026-08-03 04:56:38,775 INFO ncaa_identity: contest_id=244693 teams 2089/2089 ma2026-08-03 04:56:43,661 INFO ncaa_2026-08-03 04:56:45,529 INFO ncaa_identity: contest_id=244906 teams 2241/2241 matched, players 5679/6354 matched
2026-08-03 04:56:48,395 INFO ncaa_identity: contest_id=245034 teams 2269/2269 matched, players 6325/6406 matched
2026-08-03 04:56:53,487 INFO ncaa_identity: contest_id=245224 teams 2412/2412 matched, players 5962/6829 matched
2026-08-03 04:56:54,800 INFO ncaa_identity: contest_id=245260 teams 2690/2690 ma2026-08-03 04:56:55,587 INFO 2026-2026-08-03 04:57:00,344 INFO ncaa_identity: contest_id=245317 teams 2226/2226 2026-08-03 04:57:04,196 INFO ncaa_identity: contest_id=245348 teams 2479/2479 matched, players 6654/6930 matched
2026-08-03 04:57:09,965 INFO ncaa_id2026-08-03 04:57:14,846 INFO ncaa_identity: contest_id=245421 teams 2262/2262 2026-08-03 04:57:19,376 INFO ncaa_id2026-08-03 04:57:23,718 INFO ncaa_identity: contest_id=245533 teams 2473/2473 matched, players 248/6736 matched
2026-08-03 04:57:24,915 INFO ncaa_identity: contest_id=245568 teams 2077/2077 matched, players 5305/5868 matched
2026-08-03 04:57:26,351 INFO ncaa_identity: contest_id=245661 teams 2381/2381 m2026-08-03 04:57:28,014 IN2026-08-03 04:57:32,294 INFO ncaa_identity: contest_id=246002 teams 2683/2683 matched, players 7510/7646 matched
2026-08-03 04:57:46,026 INFO ncaa_identity: contest_id=246253 teams 2291/2291 matched, players 6046/6478 matched
2026-08-03 04:57:52,790 INFO ncaa_identity: contest_id=246434 teams 1268/2540 matched, players 3510/7191 matched
2026-08-03 04:57:58,891 INFO ncaa_identity: contest_id=246772 teams 2009/2009 matched, players 5492/5652 matched
2026-08-03 04:58:01,955 INFO ncaa_identity: contest_id=246942 teams 1986/1986 matched, players 5428/5612 matched
2026-08-03 04:58:05,333 INFO ncaa_identity: contest_id=247144 teams 2263/2263 matched, players 6055/6385 matched
2026-08-03 04:58:06,869 INFO ncaa_identity: contest_id=247251 teams 2823/2823 matched, players 7670/7947 matched
2026-08-03 04:58:13,456 INFO ncaa_identity: contest_id=247528 teams 1186/2393 matched, players 3032/6722 matched
2026-08-03 04:58:19,117 INFO ncaa_identity: contest_id=247890 teams 2478/2478 matched, players 6782/6973 matched
2026-08-03 04:58:25,427 INFO ncaa_identity: contest_id=248202 teams 2257/2257 matched, players 5865/6379 matched
2026-08-03 04:58:28,015 INFO ncaa_identity: contest_id=248392 teams 1108/2206 matched, players 3088/6119 matched
2026-08-03 04:58:29,452 INFO ncaa_identity: contest_id=248466 teams 2364/2364 matched, players 6451/6657 matched
2026-08-03 04:58:35,884 INFO ncaa_identity: contest_id=248745 teams 2831/2831 matched, players 7564/8007 matched
2026-08-03 04:58:37,613 INFO ncaa_identity: contest_id=248846 teams 2271/2271 matched, players 853/887 matched
2026-08-03 04:58:42,485 INFO ncaa_identity: contest_id=249101 teams 2327/2327 matched, players 6042/6582 matched
2026-08-03 04:58:46,593 INFO ncaa_identity: contest_id=249303 teams 2495/2495 matched, players 6703/7047 matched
2026-08-03 04:58:49,431 INFO ncaa_identity: contest_id=249463 teams 2021/2021 matched, players 5421/5678 matched
2026-08-03 04:58:53,290 INFO ncaa_identity: contest_id=249587 teams 1287/2521 matched, players 3544/7070 matched
2026-082026-08-03 04:58:55,917 INFO ncaa_identity: contest_id=249571 teams 2225/2225 matched, players 6255/6283 ma2026-082026-08-03 04:59:01,169 INFO ncaa_identity: contest_id=249738 teams 2409/2409 matched, players 6508/6810 ma2026-08-03 04:59:03,805 INFO ncaa_identity: contest_id=250114 teams 2495/2495 matched, players 6875/7056 matched
2026-08-03 04:59:06,743 INFO ncaa_identity: contest_id=250306 teams 2182/2182 matched, players 5977/6160 matched
2026-08-03 04:59:09,292 INFO ncaa_identity: contest_id=250400 teams 1829/1829 matched, players 4785/5145 matched
2026-08-03 04:59:10,969 INFO ncaa_identity: contest_id=250510 teams 2859/2859 matched, players 7549/8156 matched
2026-082026-08-03 04:59:13,464 INFO ncaa_identity: contest_id=250351 teams 2319/2319 matched, players 6328/6541 ma2026-08-03 04:59:16,936 INFO ncaa_identity: contest_id=250787 teams 2083/2083 matched, pla2026-08-03 04:59:27,422 INFO ncaa_identity: contest_id=251063 teams 2426/2426 matched, players 6284/6839 matched
2026-08-03 04:59:46,144 INFO ncaa_identity: contest_id=251775 teams 2711/2711 matched, players 7042/7594 matched
2026-08-03 04:59:52,931 INFO ncaa_identity: contest_id=251905 teams 1085/2135 matched, players 3003/5925 matched
2026-08-03 04:59:54,502 INFO ncaa_identity: contest_id=251974 teams 2432/2432 matched, players 6669/6854 matched
2026-08-03 04:59:57,256 INFO ncaa_identity: contest_id=252218 teams 1994/1994 matched, players 4770/5577 matched
2026-08-03 05:00:02,928 INFO ncaa_identity: contest_id=252519 teams 2123/2123 matched, players 5194/5963 matched
2026-08-03 05:00:17,182 INFO ncaa_identity: contest_id=252976 teams 2356/2356 matched, players 6540/6601 matched
2026-08-03 05:00:18,179 INFO ncaa_identity: contest_id=253033 teams 1142/2290 matched, players 2925/6361 matched
2026-08-03 05:00:36,194 INFO ncaa_identity: contest_id=253613 teams 2106/2106 matched, players 5470/5920 matched
2026-08-03 05:00:41,965 INFO ncaa_identity: contest_id=253972 teams 2031/2031 matched, players 5658/5714 matched
2026-08-03 05:00:43,539 INFO ncaa_identity: contest_id=254016 teams 1880/1880 matched, players 5204/5277 matched
2026-08-03 05:00:45,038 INFO ncaa_identity: contest_id=254067 teams 2095/2095 matched, players 5498/5910 matched
2026-08-03 05:00:46,874 INFO ncaa_identity: contest_id=254174 teams 2330/2330 matched, players 5948/6577 matched
2026-08-03 05:01:09,194 INFO ncaa_identity: contest_id=254552 teams 2368/2368 matched, players 6398/6689 matched
2026-08-03 05:01:19,893 INFO ncaa_identity: contest_id=254674 teams 2078/2078 matched, players 5810/5831 matched
2026-08-03 05:01:25,715 INFO ncaa_identity: contest_id=254803 teams 1984/1984 matched, players 5048/5545 matched
2026-08-03 05:01:27,378 INFO ncaa_identity: contest_id=254855 teams 2201/2201 matched, players 5909/6221 matched
2026-08-03 05:01:29,119 INFO ncaa_identity: contest_id=254909 teams 2166/2166 matched, players 6098/6118 matched
2026-08-03 05:01:30,688 INFO ncaa_identity: contest_id=254962 teams 0/2357 matched, players 0/6639 matched
2026-08-03 05:01:34,483 INFO ncaa_identity: contest_id=255019 teams 2011/2011 matched, players 5215/5641 matched
2026-08-03 05:01:37,953 INFO ncaa_identity: contest_id=255063 teams 2264/2264 matched, players 5968/6319 matched
2026-08-03 05:01:43,814 INFO ncaa_identity: contest_id=255177 teams 2024/2024 matched, players 5323/5731 matched
2026-08-03 05:01:48,161 INFO ncaa_identity: contest_id=255203 teams 2365/2365 matched, players 6195/6662 matched
2026-08-03 05:01:59,266 INFO ncaa_identity: contest_id=255404 teams 2463/2463 matched, players 6273/6952 matched
2026-08-03 05:02:02,601 INFO ncaa_ide2026-08-03 05:02:05,167 INFO ncaa_identity: contest_id=255419 teams 2611/26112026-08-03 05:02:11,467 INFO ncaa_identity: contest_id=255671 teams 2156/2156 matched, players 5532/6073 matched
2026-08-03 05:02:14,908 INFO ncaa_identity: contest_id=255729 teams 2442/2442 matched, players 6879/6883 matched
2026-08-03 05:02:18,142 INFO ncaa_identity: contest_id=255788 teams 2348/2348 matched, players 6618/6623 matched
parsed=238 failed=0
7/5956 matched
parsed=238 failed=0
05:02:03,647 INFO ncaa_identity: contest_id=255518 teams 2416/2416 matched, players 6453/6779 matched
2026-08-03 05:02:05,147 INFO ncaa_identity: contest_id=255570 t2026-08-03 05:02:06,287 INFO ncaa_identity: contest2026-08-03 05:02:07,112 INFO ncaa_identity: contest_id=255642 t2026-08-03 05:02:11,643 INFO ncaa_identity: contest2026-08-03 05:02:15,868 INFO ncaa_identity: contest_id=255785 teams 2647/2647 matched, players 6519/7522 matched
parsed=238 failed=0
/1890 matched, players 4864/5332 matched
parsed=238 failed=0
t_id=255222 teams 2026-08-03 05:01:57,117 INFO ncaa_identity: co2026-08-03 05:01:58,036 INFO ncaa_identity: contest_id=255332 teams 2026-08-03 05:01:58,267 INFO ncaa_identity: co2026-08-03 05:01:59,637 INFO ncaa_iden2026-08-03 05:02:04,922 INFO ncaa_identity: contest_id=255493 teams 2225/2225 matched, players 5769/6262 matched
2026-08-03 05:02:09,978 INFO ncaa_identity: contest_id=255644 teams 2374/2374 matched, players 6670/6710 matched
2parsed=238 failed=0
3 INFO ncaa_identity: contest_id=255670 teams 1842/1842026-08-03 05:02:12,203 INFO ncaa_iden2026-08-03 05:02:18,482 INFO ncaa_identity: contest_id=255787 teams 2275/2275 matched, players 5646/6437 matched
parsed=238 failed=0
64 teams 22026-08-03 05:02:15,299 INFO ncaa_identity: contest_id=255780 teams 2802/2802 matched, players 6370/7918 matched
parsed=238 failed=0
yers 341/361 matched
parsed=238 failed=0
899 matched
2026-08-03 05:022026-08-03 05:02:17,274 INFO ncaa_identity: contest_id=255625 teams 2427/2427 matched, players 6214/6915 matched
2026-08-03 05:02:18,800 INFO ncaa_identity: contest_id=255660 teams 2356/2356 matched, players 600parsed=238 failed=0
08-03 05:02:20,962 INFO ncaa_identity: contest_id=255717 teams 2039/2039 matched, players 5685/5757 matched
2026-08-03 05:02:22,742 INFO ncaa_identity: contest_id=255778 teams 2785/2785 matched, players 7854/7902 matched
parsed=238 failed=0
arsed=237 failed=0

5681 teams 2529/2529 matched, players 6328/7138 matc2026-2026-08-03 05:02:16,335 INFO ncaa_identity: contest_id=255711 teams 2434/2434 matched, players 6472/6894 matcparse2026-08-03 05:02:parsed=238 failed=0
tity: contest_id=255740 teams 2326/2326 matched, players 6088/6547 matched
parsed=238 failed=0
8,196 INFO ncaa_identity: contest_id=255704 teams 2037/2037 matched, players 5648/5717 matched
2026-08-03 05:02:09,575 INFO ncaa_identity: contest_id=255732 teams 2391/2391 matched, players 6569/6753 matched
parsed=238 failed=0
 INFO ncaa_identity: contest_id=255578 teams 2224/2224 matched, players 6169/6222 matched
2026-08-03 05:02:12,556 INFO ncaa_identity: contest_id=255733 teams 2242/2242 matched, players 6240/6333 matched
2026-08-03 05:02:14,109 INFO ncaa_identity: contest_id=255766 teams 1885/1885 matched, players 5091/5331 matched
parsed=238 failed=0
d=255706 teams 2151/2151 matched, players 5939/6063 matched
2026-08-03 05:02:14,893 INFO ncaa_identity: contest_id=255734 teams 2075/2075 matched, players 5698/5852 matched
parsed=237 failed=0
/2443 matched, players 5290/6898 matched
2026-08-03 05:02:03,691 INFO ncaa_identity: contest_id=255507 teams 2040/2040 matched, players 5454/5708 matched
2026-08-03 05:02:10,448 INFO ncaa_identity: contest_id=255685 teams 2723/2723 matched, players 7484/7625 matched
2026-08-03 05:02:14,126 INFO ncaa_identity: contest_id=255743 teams 2726/2726 matched, players 7670/7678 matched
parsed=238 failed=0
11,040 INFO ncaa_identity: contest_id=255683 teams 2286/2286 matched, players 6412/6459 matched
2026-08-03 05:02:14,629 INFO ncaa_identity: contest_id=255741 teams 2242/2242 matched, players 6052/6343 matched
2026-08-03 05:02:16,054 INFO ncaa_identity: contest_id=255774 teams 2031/2031 matched, players 5625/5735 matched
parsed=238 failed=0
EXIT=0
