seasons=2011 bundles=5737 pending=5737 force=True shard=1/6 assigned=956
2026-08-19 18:25:35,118 INFO ncaa_identity: contest_id=844166 teams 2362/2362 matched, players 6284/6637 matched
2026-08-19 18:25:37,975 INFO ncaa_identity: contest_id=844190 teams 2404/2404 matched, players 5813/6811 matched
2026-08-19 18:25:38,919 INFO ncaa_identity: contest_id=844202 teams 2220/2220 matched, players 6124/6280 matched22026-08-19 18:25:40,733 INFO ncaa_identity: contest_id=844206 teams 1539/3023 matched, players 4299/8502 matched
2026-08-19 18:25:44,084 INFO ncaa_identity: contest_id=844229 teams 1183/2349 matched, players 3150/6621 matched
2026-08-19 18:25:47,316 INFO ncaa_identity: contest_id=844248 teams 1176/2337 matched, players 3339/6555 matched
2026-08-19 18:25:48,455 INFO ncaa_identity: contest_id=844256 teams 1581/3226 matched, players 4584/9141 matched
2026-08-19 18:25:50,366 INFO ncaa_identity: contest_id=844268 teams 635/1263 matched, players 172/333 matched
2026-08-19 18:25:51,358 INFO ncaa_identity: contest_id=844274 teams 1089/2293 matched, players 2931/6405 matched
2026-08-19 18:25:52,543 INFO ncaa_identity: contest_id=844280 teams 2560/2560 matched, players 7107/7260 matched
2026-08-19 18:25:54,707 INFO ncaa_identity: contest_id=844293 teams 1112/2201 matched, players 2657/6220 matched
2026-08-19 18:25:55,790 INFO 5 starters not found for period 3; using estimate
2026-08-19 18:25:58,261 INFO ncaa_identity: contest_id=844317 teams 2244/2244 matched, players 5770/6322 matched
2026-08-19 18:25:59,574 INFO ncaa_ide2026-08-19 18:26:00,255 INFO ncaa_identity: contest_id=844372 teams 2761/27612026-08-19 18:26:00,529 INFO ncaa_ide2026-08-19 18:26:01,040 INFO ncaa_identity: contest_id=844378 teams 976/1874 2026-08-19 18:26:01,555 INFO ncaa_2026-08-19 18:26:02,346 INFO ncaa_identity: contest_id=844384 teams 3334/3334 ma2026-08-19 18:26:03,616 INFO ncaa_2026-08-19 18:26:03,831 INFO ncaa_identity: contest_id=844390 teams 1516/2972 ma2026-08-19 18:26:05,024 INFO ncaa_identity: contest_id=844402 teams 1375/2760 matched, players 3906/7790 matched
2026-08-19 18:26:06,123 INFO ncaa_2026-08-19 18:26:07,290 INFO ncaa_identity: contest_id=844427 teams 1369/2617 ma2026-08-19 18:26:08,110 INFO ncaa_2026-08-19 18:26:11,691 INFO ncaa_identity: contest_id=844489 teams 2900/2900 matched, players 7843/8169 matched
2026-08-19 18:26:17,098 INFO ncaa_identity: contest_id=844517 teams 2271/2271 matched, players 5843/6361 matched
2026-08-19 18:26:18,073 INFO ncaa_identity: contest_id=844524 teams 2440/2440 matched, players 6571/6888 matched
2026-08-19 18:26:19,252 INFO ncaa_identity: contest_id=844537 teams 2494/2494 matched, players 6744/7034 matched
2026-08-19 18:26:20,374 INFO ncaa_identity: contest_id=844579 teams 2530/2530 matched, players 7058/7081 matched
2026-08-19 18:26:21,589 INFO ncaa_identity: contest_id=844589 teams 2410/2410 ma2026-08-19 18:26:23,272 INFO nca2026-08-19 18:26:23,476 INFO ncaa_identity: contest_id=844632 teams 1455/2875 matc2026-08-19 18:26:24,381 INFO nca2026-08-19 18:26:26,430 INFO ncaa_identity: contest_id=844668 teams 2226/2226 matched, players 5949/6239 matched
2026-08-19 18:26:27,454 INFO ncaa_identity: contest_id=844682 teams 1071/2128 matc2026-08-19 18:26:27,522 INFO nca2026-08-19 18:26:30,516 INFO ncaa_identity: contest_id=844761 teams 1545/3047 matched, players 4359/8579 matched
2026-08-19 18:26:31,896 INFO ncaa_identity: contest_id=844767 teams 1326/2685 matched, players 3412/7573 matched
2026-08-19 18:26:34,246 INFO ncaa_identity: contest_id=844805 teams 2200/2200 matched, players 5213/6192 matched
2026-08-19 18:26:35,213 INFO ncaa_identity: contest_id=844814 teams 2342/2342 matched, players 6569/6622 matched
2026-08-19 18:26:36,600 INFO ncaa_identity: contest_id=844821 teams 2741/2741 matc2026-08-19 18:26:38,847 INFO ncaa_identity: contest_id=844837 teams 1187/2299 matched, players 3297/6525 matched
2026-08-19 18:26:39,914 INFO ncaa_identity: contest_id=844861 teams 2354/2354 matched, players 6436/6679 matched
2026-08-19 18:26:43,044 INFO ncaa_identity: contest_id=844923 teams 1851/1851 matched, players 5033/5201 matched
2026-08-19 18:26:44,412 INFO nca2026-08-19 18:26:46,663 INFO ncaa_identity: contest_id=844958 teams 2834/2834 matched, players 7811/8000 matched
2026-08-19 18:26:49,271 INFO ncaa_identity: contest_id=844979 teams 2039/2039 matched, players 5721/5723 matched
2026-08-19 18:26:51,336 INFO ncaa_identity: contest_id=844995 teams 1244/2514 matched, players 3542/7061 matched
2026-08-19 18:26:53,361 INFO ncaa_identity: contest_id=845036 teams 1344/2654 matched, players 3809/7498 matched
2026-08-19 18:26:54,382 INFO ncaa_identity: contest_id=845045 teams 1265/2460 matched, players 3496/6882 matched
2026-08-19 18:26:55,358 INFO ncaa_identity: contest_id=845063 teams 2599/2599 matched, players 7004/7330 matched
2026-08-19 18:26:56,482 INFO ncaa_identity: contest_id=845071 teams 1968/1968 matched, players 5005/5529 matched
2026-08-19 18:27:00,735 INFO ncaa_identity: contest_id=845106 teams 2769/2769 matched, players 7767/7861 matched
2026-08-19 18:27:03,895 INFO ncaa_identity: contest_id=845180 teams 1462/2877 matched, players 4067/8129 matched
2026-08-19 18:27:04,955 INFO ncaa_identity: contest_id=845201 teams 2558/2558 matched, players 6853/7204 matched
2026-08-19 18:27:06,015 INFO ncaa_identity: contest_id=845232 teams 2263/2263 matched, players 6099/6330 matched
2026-08-19 18:27:07,049 INFO ncaa_identity: contest_id=845260 teams 1202/2397 matched, players 3412/6686 matched
2026-08-19 18:27:08,509 INFO ncaa_identity: contest_id=845269 teams 2896/2896 matched, players 7719/8199 matched
2026-08-19 18:27:13,465 INFO ncaa_identity: contest_id=845436 teams 1241/2376 matched, players 3046/6644 matched
2026-08-19 18:27:14,364 INFO ncaa_identity: contest_id=845454 teams 2597/2597 matched, players 6968/7348 matched
2026-08-19 18:27:16,568 INFO ncaa_identity: contest_id=845496 teams 3274/3272026-08-19 18:27:19,273 INFO ncaa_identity: contest_id=845573 teams 1313/2509 matched, players 3192/7080 matched
2026-08-19 18:27:21,106 INFO ncaa_identity: contest_id=845607 teams 2071/2071 matched, players 5781/5839 matched
2026-08-19 18:27:22,024 INFO ncaa_identity: contest_id=845618 teams 2857/2857 matched, players 7927/8064 matched
2026-08-19 18:27:22,951 INFO ncaa_iden2026-08-19 18:27:23,644 INFO ncaa_identity: contest_id=845639 teams 2192/2192026-08-19 18:27:24,729 INFO ncaa_id2026-08-19 18:27:25,479 INFO ncaa_identity: contest_id=845743 teams 1125/2221 2026-08-19 18:27:25,965 INFO ncaa_id2026-08-19 18:27:26,561 INFO ncaa_identity: contest_id=845772 teams 1175/2274 2026-08-19 18:27:27,786 INFO ncaa_id2026-08-19 18:27:28,125 INFO ncaa_identity: contest_id=845791 teams 2259/2259 2026-08-19 18:27:33,983 INFO ncaa_identity: contest_id=845850 teams 2413/2413 matched, players 6443/6810 matched
2026-08-19 18:27:36,014 INFO ncaa_identity: contest_id=845870 teams 1294/2502 matched, players 3178/7031 matched
2026-08-19 18:27:37,308 INFO ncaa_identity: contest_id=845878 teams 1443/2804 matched, players 3995/7887 matched
2026-08-19 18:27:38,379 INFO ncaa_identity: contest_id=845893 teams 1514/3053 matched, players 3785/8616 matched
2026-08-19 18:27:40,336 INFO ncaa_identity: contest_id=845926 teams 1213/2400 matched, players 3432/6779 matched
2026-08-19 18:27:41,250 INFO ncaa_identity: contest_id=845934 teams 2387/2387 matched, players 6557/6745 matched
2026-08-19 18:27:45,047 INFO ncaa_identity: contest_id=845988 teams 1017/1985 matched, players 2913/5611 matched
2026-08-19 18:27:46,000 INFO ncaa_identity: contest_id=846012 teams 2462/2462 matched, players 6851/6883 matched
2026-08-19 18:27:47,991 INFO ncaa_identity: contest_id=846067 teams 2395/2395 matched, players 6530/6752 matched
2026-08-19 18:27:49,024 INFO ncaa_identity: contest_id=846127 teams 2308/2308 matched, players 6146/6480 matched
2026-08-19 18:27:52,994 INFO ncaa_identity: contest_id=846214 teams 2576/2576 matched, players 7058/7264 matched
2026-2026-08-19 18:27:54,770 INFO ncaa_identity: contest_id=846224 teams 2194/2194 matched, players 5857/6141 matched
2026-08-19 18:27:56,678 INFO ncaa_identity: contest_id=846237 teams 2389/2389 matched, players 6416/6738 matched
2026-08-19 18:27:59,470 INFO ncaa_identity: contest_id=846269 teams 1236/2468 matched, players 3495/6914 matched
2026-08-19 18:28:01,401 INFO ncaa_identity: contest_id=846289 teams 1235/2450 matched, players 3523/6908 matched
2026-08-19 18:28:02,214 INFO ncaa_identity: contest_id=846296 teams 916/1795 matched, players 2569/5023 matched
2026-08-19 18:28:03,079 INFO ncaa_identity: contest_id=846302 teams 2210/2210 matched, players 6097/6245 matc2026-2026-08-19 18:28:04,297 INFO ncaa_identity: contest_id=846308 teams 2490/2490 matched, players 6830/7053 matc2026-08-19 18:28:05,437 INFO ncaa_identity: contest_id=846311 teams 2692/2692 matched, players 7083/7611 matched
2026-08-19 18:28:11,698 INFO ncaa_identity: contest_id=846385 teams 2093/2093 matched, players 5693/5855 matched
2026-08-19 18:28:13,848 INFO ncaa_identity: contest_id=846413 teams 2616/2616 matched, players 7331/7358 matched
2026-08-19 18:28:14,621 INFO ncaa_identity: contest_id=846428 teams 2029/2029 matched, players 5260/5697 matched
2026-08-19 18:28:15,561 INFO ncaa_identity: contest_id=846443 teams 2679/2679 matched, players 7151/7536 matched
2026-08-19 18:28:16,667 INFO ncaa_identity: contest_id=846459 teams 2789/2789 matched, players 7650/7899 matched
2026-08-19 18:28:18,686 INFO ncaa_identity: contest_id=846513 teams 1206/2485 matched, players 3170/6973 matched
2026-08-19 18:28:19,569 INFO ncaa_identity: contest_id=846537 teams 1193/2332 matched, players 3306/6509 matched
2026-08-19 18:28:21,437 INFO ncaa_identity: contest_id=846561 teams 2113/2113 matched, players 5627/5946 matched
2026-08-19 18:28:24,340 INFO ncaa_identity: contest_id=846620 teams 2384/2384 matched, players 6593/6665 matched
2026-2026-08-19 18:28:26,913 INFO ncaa_identity: contest_id=846650 teams 2399/2399 matched, players 6309/6715 mat2026-02026-08-19 18:28:29,834 INFO ncaa_identity: contest_id=846708 teams 2520/2520 matched, players 6664/7102 mat2026-02026-08-19 18:28:33,638 INFO ncaa_identity: contest_id=846788 teams 1770/1770 matched, players 4614/4946 matched
2026-08-19 18:28:34,612 INFO ncaa_identity: contest_id=846798 teams 2445/2445 matched, players 6690/6918 mat2026-08-19 18:28:37,064 INFO ncaa_identity: contest_id=846815 teams 2613/2613 matched, players 6168/7340 matched
2026-08-19 18:28:38,963 INFO ncaa_identity: contest_id=846861 teams 2459/2459 matched, players 6398/6956 matched
2026-02026-08-19 18:28:40,727 INFO ncaa_identity: contest_id=846901 teams 2074/2074 matched, players 5348/5821 matched
2026-08-19 18:28:41,605 INFO ncaa_identity: contest_id=846918 teams 2371/2371 matched, players 6603/6696 mat2026-02026-08-19 18:28:43,554 INFO ncaa_identity: contest_id=846948 teams 2340/2340 matched, players 6367/6621 mat2026-02026-08-19 18:28:44,633 INFO ncaa_identity: contest_id=846958 teams 2563/2563 matched, players 6750/7255 mat2026-08-19 18:28:46,712 INFO ncaa_identity: contest_id=847002 teams 2279/2279 matched, players 6328/6437 matched
2026-02026-08-19 18:28:51,414 INFO ncaa_identity: contest_id=847099 teams 2488/2488 matched, players 6501/7005 matched
2026-08-19 18:28:53,207 INFO ncaa_identity: contest_id=847120 teams 2527/2527 matched, players 6870/7094 matched
2026-08-19 18:28:56,257 INFO ncaa_identity: contest_id=847168 teams 1238/2430 matched, players 3415/6882 matched
2026-08-19 18:29:00,230 INFO ncaa_identity: contest_id=847259 teams 2578/2578 matched, players 7065/7310 matched
2026-08-19 18:29:01,119 INFO ncaa_identity: contest_id=847273 teams 0/2247 matched, players 0/6285 matched
2026-08-19 18:29:04,947 INFO ncaa_identity: contest_id=847341 teams 2265/2265 matched, players 6157/6414 matched
2026-08-19 18:29:05,977 INFO ncaa_identity: contest_id=847351 teams 2429/2429 matched, players 1035/1052 matched
2026-08-19 18:29:07,920 INFO ncaa_identity: contest_id=847453 teams 2407/2407 matched, players 6650/6804 matched
2026-08-19 18:29:09,651 INFO ncaa_identity: contest_id=847514 teams 2180/2180 matched, players 5856/6161 matched
2026-08-19 18:29:11,437 INFO ncaa_identity: contest_id=847548 teams 2665/2665 matched, players 7094/7501 matched
2026-08-19 18:29:12,370 INFO ncaa_identity: contest_id=847575 teams 2681/2681 matched, players 7494/7592 matched
2026-08-19 18:29:15,034 INFO ncaa_identity: contest_id=847636 teams 2189/2189 matched, players 5863/6166 matched
2026-08-19 18:29:16,819 INFO ncaa_identity: contest_id=847660 teams 2039/2039 matched, players 5340/5763 matched
2026-08-19 18:29:20,866 INFO ncaa_identity: contest_id=847746 teams 2263/2263 matched, players 5810/6377 matched
2026-08-19 18:29:21,630 INFO ncaa_identity: contest_id=847771 teams 1328/2556 matched, players 3655/7193 matched
2026-08-19 18:29:22,737 INFO ncaa_identity: contest_id=847786 teams 2650/2650 matched, players 6867/7439 matched
2026-08-19 18:29:26,364 INFO ncaa_identity: contest_id=847847 teams 1354/2686 matched, players 3739/7598 matched
2026-08-19 18:29:27,480 INFO ncaa_identity: contest_id=847874 teams 2899/2899 matched, players 7981/8224 matched
2026-08-19 18:29:32,079 INFO ncaa_identity: contest_id=847956 teams 2631/2631 matched, players 6949/7430 matched
2026-08-19 18:29:32,977 INFO ncaa_identity: contest_id=847976 teams 1281/2491 matched, players 2780/7005 matched
2026-08-19 18:29:36,623 INFO ncaa_identity: contest_id=848065 teams 2081/2081 matched, players 5486/5861 matched
2026-08-19 18:29:38,142 WARNING ncaa_parse: family=lineups contest_id=848097 team=CSUN SKIPPED (1 parse error(s)): Could not find parse time [MM:SS] from [54H05] in [<tr> <td>54H05</td> <td></td> <td align="center">31-33</td> <td>3I 3:54V01</td> </tr>]
2026-08-19 18:29:38,266 WARNING ncaa_parse: family=lineups contest_id=848097 team=Cal Lutheran SKIPPED (1 parse error(s)): Could not find parse time [MM:SS] from [54H05] in [<tr> <td>54H05</td> <td></td> <td align="center">31-33</td> <td>3I 3:54V01</td> </tr>]
2026-08-19 18:29:38,425 INFO ncaa_identity: contest_id=848097 teams 494/906 matched, players 99/236 matched
2026-08-19 18:29:40,229 INFO ncaa_identity: contest_id=848135 teams 2050/2050 matched, players 5423/5762 matched
2026-08-19 18:29:41,096 INFO ncaa_identity: contest_id=848151 teams 2455/2455 matched, players 6723/6951 matched
2026-08-19 18:29:43,053 INFO ncaa_identity: contest_id=848186 teams 2819/2819 matched, players 7930/7969 matched
2026-08-19 18:29:46,693 INFO ncaa_identity: contest_id=848265 teams 2275/2275 matched, players 5940/6372 matched
2026-08-19 18:29:48,846 INFO ncaa_identity: contest_id=848291 teams 2664/2664 matched, players 6948/7457 matched
2026-08-19 18:29:49,742 INFO ncaa_identity: contest_id=848318 teams 2411/2411 matched, players 6699/6778 matched
2026-08-19 18:29:50,705 INFO ncaa_identity: contest_id=848338 teams 1083/2165 matched, players 2961/6057 matched
2026-08-19 18:29:51,531 INFO ncaa_identity: contest_id=848374 teams 2405/2405 matched, players 6782/6789 matched
2026-08-19 18:29:52,384 INFO ncaa_identity: contest_id=848385 teams 1308/2689 matched, players 3746/7533 matched
2026-08-19 18:29:53,211 INFO ncaa_identity: contest_id=848430 teams 1664/1664 matched, players 421/439 matched
2026-08-19 18:29:54,978 INFO ncaa_identity: contest_id=848474 teams 2148/2148 matched, players 5260/6011 matched
2026-08-19 18:29:58,721 INFO ncaa_identity: contest_id=848524 teams 2499/2499 matched, players 6735/7053 matched
2026-08-19 18:29:59,744 INFO ncaa_identity: contest_id=848546 teams 1204/2372 matched, players 3308/6682 matched
2026-08-19 18:30:03,392 INFO ncaa_identity: contest_id=848635 teams 1984/1984 matched, players 5499/5519 matched
2026-08-19 18:30:04,535 INFO ncaa_identity: contest_id=848651 teams 2473/2473 matched, players 6587/6974 matched
2026-08-19 18:30:05,517 INFO ncaa_identity: contest_id=848671 teams 1507/2973 matched, players 3879/8357 matched
2026-08-19 18:30:07,782 INFO ncaa_identity: contest_id=848700 teams 2756/2756 matched, players 7729/7759 matched
2026-08-19 18:30:08,879 INFO ncaa_identity: contest_id=848729 teams 2417/2417 matched, players 6619/6803 matched
2026-08-19 18:30:10,671 INFO ncaa_identity: contest_id=848752 teams 1948/1948 matched, players 5132/5525 matched
2026-08-19 18:30:12,604 INFO ncaa_identity: contest_id=848785 teams 2770/2770 matched, players 7511/7814 matched
2026-08-19 18:30:15,735 INFO ncaa_identity: contest_id=848815 teams 2228/2228 matched, players 5805/6302 matched
2026-08-19 18:30:18,470 INFO ncaa_identity: contest_id=848856 teams 1161/2276 matched, players 462/814 matched
2026-08-19 18:30:20,272 INFO ncaa_identity: contest_id=848895 teams 1248/2459 matched, players 3579/6944 matched
2026-08-19 18:30:23,676 INFO ncaa_identity: contest_id=848954 teams 1517/1517 matched, players 359/413 matched
2026-08-19 18:30:25,505 INFO ncaa_identity: contest_id=848976 teams 1227/2443 matched, players 3128/6894 matched
2026-08-19 18:30:26,452 INFO ncaa_identity: contest_id=848991 teams 2346/2346 matched, players 6181/6588 matched
2026-08-19 18:30:27,364 INFO ncaa_identity: contest_id=849009 teams 1225/2472 matched, players 3428/6954 matched
2026-08-19 18:30:28,521 INFO ncaa_identity: contest_id=849017 teams 1382/2840 matched, players 3633/7988 matched
2026-08-19 18:30:29,528 INFO ncaa_identity: contest_id=849040 teams 2520/2520 matched, players 6482/7090 matched
2026-08-19 18:30:32,400 INFO ncaa_identity: contest_id=849111 teams 2460/2460 matched, players 6481/6945 matched
2026-08-19 18:30:34,119 INFO ncaa_identity: contest_id=849159 teams 2070/2070 matched, players 5533/5802 matched
2026-08-19 18:30:36,036 INFO ncaa_identity: contest_id=849181 teams 1853/1853 matched, players 5131/5177 matched
2026-08-19 18:30:37,098 INFO ncaa_identity: contest_id=849204 teams 1210/2431 matched, players 3404/6839 matched
2026-08-19 18:30:42,477 INFO ncaa_identity: contest_id=849284 teams 2348/2348 matched, players 6396/6618 matched
2026-08-19 18:30:44,386 INFO ncaa_identity: contest_id=849313 teams 1959/1959 matched, players 649/670 matched
2026-08-19 18:30:46,389 INFO ncaa_identity: contest_id=849339 teams 3028/3028 matched, players 7878/8512 matched
2026-08-19 18:30:47,166 INFO ncaa_identity: contest_id=849351 teams 2109/2109 matched, players 5919/5948 matched
2026-08-19 18:30:50,060 INFO ncaa_identity: contest_id=849417 teams 2296/2296 matched, players 6432/6442 matched
2026-08-19 18:30:56,619 INFO ncaa_identity: contest_id=849507 teams 1079/2185 matched, players 3027/6171 matched
2026-08-19 18:30:57,551 INFO ncaa_identity: contest_id=849518 teams 1366/2674 matched, players 3813/7582 matched
2026-08-19 18:30:59,420 INFO ncaa_identity: contest_id=849533 teams 1294/2558 matched, players 3612/7219 matched
2026-08-19 18:31:00,210 INFO ncaa_identity: contest_id=849539 teams 2048/2048 matched, players 5364/5754 matched
2026-08-19 18:31:01,078 INFO ncaa_identity: contest_id=849545 teams 2001/2001 matched, players 5158/5622 matched
2026-08-19 18:31:01,943 INFO ncaa_identity: contest_id=849552 teams 2358/2358 matched, players 6386/6642 matched
2026-08-19 18:31:07,636 INFO ncaa_identity: contest_id=849595 teams 2771/2771 matched, players 7426/7846 matched
2026-08-19 18:31:12,056 INFO ncaa_identity: contest_id=849627 teams 2760/2760 matched, players 7252/7794 matched
2026-08-19 18:31:14,866 INFO ncaa_identity: contest_id=849648 teams 2084/2084 matched, players 5593/5821 matched
2026-08-19 18:31:20,579 INFO ncaa_identity: contest_id=849686 teams 2472/2472 matched, players 6463/6996 matched
2026-08-19 18:31:22,121 INFO ncaa_identity: contest_id=849701 teams 2174/2174 matched, players 5860/6095 matched
2026-08-19 18:31:23,111 INFO ncaa_identity: contest_id=849707 teams 1197/2325 matched, players 3286/6534 matched
2026-08-19 18:31:24,112 INFO ncaa_identity: contest_id=849713 teams 2621/2621 matched, players 7351/7374 matched
2026-08-19 18:31:26,011 INFO 5 starters not found for period 3; using estimate
2026-08-19 18:31:27,763 INFO ncaa_identity: contest_id=849737 teams 2351/2351 matched, players 6613/6627 matched
2026-08-19 18:31:28,718 INFO ncaa_identity: contest_id=849744 teams 1336/2625 matched, players 3713/7366 matched
2026-08-19 18:31:30,683 INFO ncaa_identity: contest_id=849762 teams 1356/2698 matched, players 3637/7583 matched
2026-08-19 18:31:37,214 INFO ncaa_identity: contest_id=849828 teams 1178/2343 matched, players 3288/6573 matched
2026-08-19 18:31:38,175 INFO ncaa_identity: contest_id=849835 teams 2000/2000 matched, players 5477/5633 matched
2026-08-19 18:31:39,151 INFO ncaa_identity: contest_id=849846 teams 2700/2700 matched, players 6716/7620 matched
2026-08-19 18:31:41,293 INFO ncaa_identity: contest_id=849865 teams 2853/2853 matched, players 7551/8062 matched
2026-08-19 18:31:45,084 INFO ncaa_identity: contest_id=849925 teams 1464/2824 matched, players 3967/7971 matched
2026-08-19 18:31:46,840 INFO ncaa_identity: contest_id=849969 teams 2387/2387 matched, players 6201/6748 matched
2026-08-19 18:31:48,480 INFO ncaa_identity: contest_id=849995 teams 2329/2329 matched, players 6445/6570 matched
2026-08-19 18:31:51,222 INFO ncaa_identity: contest_id=850026 teams 2479/2479 matched, players 5952/6989 matched
2026-08-19 18:31:53,047 INFO ncaa_identity: contest_id=850048 teams 2489/2489 matched, players 6996/7039 matched
2026-08-19 18:31:54,960 INFO ncaa_identity: contest_id=850114 teams 2127/2127 matched, players 5792/5973 matched
2026-08-19 18:31:56,814 INFO ncaa_identity: contest_id=850189 teams 2321/2321 matched, players 6328/6536 matched
2026-08-19 18:31:58,806 INFO ncaa_identity: contest_id=850206 teams 2557/2557 matched, players 6977/7202 matched
2026-08-19 18:31:59,938 INFO ncaa_identity: contest_id=850219 teams 2720/2720 matched, players 6908/7637 matched
2026-08-19 18:32:01,578 INFO ncaa_identity: contest_id=850234 teams 2043/2043 matched, players 5493/5750 matched
2026-08-19 18:32:04,604 INFO ncaa_identity: contest_id=850267 teams 1017/1968 matched, players 2756/5515 matched
2026-08-19 18:32:06,760 INFO ncaa_identity: contest_id=850292 teams 2643/2643 matched, players 7039/7455 matched
2026-08-19 18:32:08,574 INFO ncaa_identity: contest_id=850314 teams 2414/2414 matched, players 6418/6763 matched
2026-08-19 18:32:09,507 INFO ncaa_identity: contest_id=850326 teams 2057/2057 matched, players 5449/5818 matched
2026-08-19 18:32:10,393 INFO ncaa_identity: contest_id=850339 teams 1396/2753 matched, players 3942/7782 matched
2026-08-19 18:32:11,356 INFO ncaa_identity: contest_id=850346 teams 2196/2196 matched, players 6161/6203 matched
2026-08-19 18:32:12,380 INFO ncaa_identity: contest_id=850368 teams 2873/2873 matched, players 7224/8142 matched
2026-08-19 18:32:13,117 INFO ncaa_identity: contest_id=850380 teams 2107/2107 matched, players 5642/5957 matched
2026-08-19 18:32:15,002 INFO ncaa_identity: contest_id=850423 teams 2867/2867 matched, players 7427/8139 matched
2026-08-19 18:32:16,004 INFO ncaa_identity: contest_id=850434 teams 2182/2182 matched, players 5797/6116 matched
2026-08-19 18:32:23,536 INFO ncaa_identity: contest_id=850591 teams 2094/2094 matched, players 866/868 matched
2026-08-19 18:32:24,674 INFO ncaa_identity: contest_id=850640 teams 2680/2680 matched, players 6784/7513 matched
2026-08-19 18:32:25,523 INFO ncaa_identity: contest_id=850658 teams 1247/2494 matched, players 3412/7065 matched
2026-08-19 18:32:26,498 INFO ncaa_identity: contest_id=850684 teams 2235/2235 matched, players 5805/6309 matched
2026-08-19 18:32:27,853 INFO ncaa_identity: contest_id=850716 teams 1503/1503 matched, players 406/407 matched
2026-08-19 18:32:28,718 INFO ncaa_identity: contest_id=850725 teams 2349/2349 matched, players 6125/6606 matched
2026-08-19 18:32:34,268 INFO ncaa_identity: contest_id=850856 teams 2347/2347 matched, players 6325/6635 matched
2026-08-19 18:32:40,479 INFO ncaa_identity: contest_id=850993 teams 2317/2317 matched, players 6415/6503 matched
2026-08-19 18:32:41,353 INFO ncaa_identity: contest_id=851010 teams 2646/2646 matched, players 7440/7491 matched
2026-08-19 18:32:43,732 INFO 5 starters not found for period 3; using estimate
2026-08-19 18:32:45,059 INFO ncaa_identity: contest_id=851056 teams 2435/2435 matched, players 6344/6859 matched
2026-08-19 18:32:46,896 INFO ncaa_identity: contest_id=851100 teams 2018/2018 matched, players 5555/5690 matched
2026-08-19 18:32:49,335 INFO ncaa_identity: contest_id=851154 teams 2255/2255 matched, players 5380/6371 matched
2026-08-19 18:32:52,040 INFO ncaa_identity: contest_id=851193 teams 1674/1674 matched, players 408/436 matched
2026-08-19 18:32:52,890 INFO ncaa_identity: contest_id=851211 teams 1947/1947 matched, players 5363/5448 matched
2026-08-19 18:32:53,881 INFO ncaa_identity: contest_id=851233 teams 979/2036 matched, players 2889/5730 matched
2026-08-19 18:32:55,610 INFO ncaa_identity: contest_id=851292 teams 1917/1917 matched, players 4937/5343 matched
2026-08-19 18:33:02,005 INFO ncaa_identity: contest_id=851422 teams 1161/2323 matched, players 3192/6525 matched
2026-08-19 18:33:03,147 INFO ncaa_identity: contest_id=851442 teams 2658/2658 matched, players 7385/7503 matched
2026-08-19 18:33:05,910 INFO ncaa_identity: contest_id=851499 teams 2251/2251 matched, players 6270/6336 matched
2026-08-19 18:33:06,670 INFO ncaa_identity: contest_id=851510 teams 1890/1890 matched, players 701/713 matched
2026-08-19 18:33:10,419 INFO ncaa_identity: contest_id=851576 teams 2108/2108 matched, players 5262/5968 matched
2026-08-19 18:33:12,237 INFO ncaa_identity: contest_id=851607 teams 2231/2231 matched, players 5926/6323 matched
2026-08-19 18:33:12,990 INFO ncaa_identity: contest_id=851633 teams 2254/2254 matched, players 6374/6377 matched
2026-08-19 18:33:13,763 INFO ncaa_identity: contest_id=851646 teams 2293/2293 matched, players 6224/6445 matched
2026-08-19 18:33:14,733 INFO ncaa_identity: contest_id=851665 teams 2267/2267 matched, players 6153/6379 matched
2026-08-19 18:33:15,603 INFO ncaa_identity: contest_id=851697 teams 2405/2405 matched, players 6429/6775 matched
2026-08-19 18:33:18,669 INFO ncaa_identity: contest_id=851773 teams 2508/2508 matched, players 6917/7060 matched
2026-08-19 18:33:22,728 INFO ncaa_identity: contest_id=851849 teams 2617/2617 matched, players 7048/7429 matched
2026-08-19 18:33:23,771 INFO ncaa_identity: contest_id=851858 teams 2167/2167 matched, players 5813/6136 matched
2026-08-19 18:33:25,701 INFO ncaa_identity: contest_id=851903 teams 2631/2631 matched, players 6831/7477 matched
2026-08-19 18:33:27,339 INFO ncaa_identity: contest_id=851951 teams 2097/2097 matched, playe2026-08-19 18:33:31,892 INFO ncaa_identity: contest_id=852061 teams 2135/2135 matched, players 5561/6018 matched
2026-08-19 18:33:32,726 INFO ncaa_identity: contest_id=852067 teams 2260/2260 matched, players 6121/6386 matched
2026-08-19 18:33:37,882 INFO ncaa_identity: contest_id=852221 teams 2540/2540 matched, players 6521/7122 matched
2026-08-19 18:33:39,615 INFO ncaa_identity: contest_id=852255 teams 2085/2085 matched, players 5715/5863 matched
2026-08-19 18:33:40,559 INFO ncaa_identity: contest_id=852269 teams 2290/2290 matched, players 5484/6438 matched
2026-08-19 18:33:41,416 INFO ncaa_identity: contest_id=852277 teams 2592/2592 matched, players 6767/7297 matched
2026-08-19 18:33:43,161 INFO ncaa_identity: contest_id=852299 teams 2457/2457 matched, players 6417/6937 matched
2026-08-19 18:33:45,278 INFO ncaa_identity: contest_id=852358 teams 2844/2844 matched, players 7197/8045 matched
2026-08-19 18:33:48,210 INFO ncaa_identity: contest_id=852387 teams 2455/2455 matched, players 6651/6935 matched
2026-08-19 18:33:50,856 INFO ncaa_identity: contest_id=852498 teams 2375/2375 matched, players 6310/6732 matched
2026-08-19 18:33:51,896 INFO ncaa_identity: contest_id=852510 teams 2233/2233 matched, players 6197/6295 matched
2026-08-19 18:34:00,984 INFO ncaa_identity: contest_id=852670 teams 2324/2324 matched, players 6022/6526 matched
2026-08-19 18:34:07,644 INFO ncaa_identity: contest_id=852826 teams 1829/1829 matched, players 757/759 matched
2026-08-19 18:34:09,456 INFO ncaa_identity: contest_id=852851 teams 2302/2302 matched, players 6149/6479 matched
2026-08-19 18:34:14,212 INFO ncaa_identity: contest_id=852971 teams 2431/2431 matched, players 6460/6815 matched
2026-08-19 18:34:16,374 INFO ncaa_identity: contest_id=853013 teams 2289/2289 matched, players 6148/6442 matched
2026-08-19 18:34:21,670 INFO ncaa_identity: contest_id=853076 teams 2277/2277 matched, players 5947/6425 matched
2026-08-19 18:34:22,627 INFO ncaa_identity: contest_id=853088 teams 2637/2637 matched, players 7178/7455 matched
2026-08-19 18:34:23,566 INFO ncaa_identity: contest_id=853104 teams 2513/2513 matched, players 6534/7082 matched
2026-08-19 18:34:24,698 INFO ncaa_identity: contest_id=853120 teams 2723/2723 matched, players 7223/7715 matched
2026-08-19 18:34:27,504 INFO ncaa_identity: contest_id=853232 teams 2164/2164 matched, players 724/755 matched
2026-08-19 18:34:29,326 INFO ncaa_identity: contest_id=853272 teams 1874/1874 matched, players 4984/5261 matched
2026-08-19 18:34:34,939 INFO ncaa_identity: contest_id=853384 teams 2643/2643 matched, players 6619/7477 matched
2026-08-19 18:34:37,458 INFO ncaa_identity: contest_id=853406 teams 2626/2626 matched, players 7148/7427 matched
2026-08-19 18:34:45,818 INFO ncaa_identity: contest_id=853537 teams 2016/2016 matched, players 4939/5666 matched
2026-08-19 18:34:47,082 INFO ncaa_identity: contest_id=853558 teams 2158/2158 matched, players 5891/6073 matched
2026-08-19 18:34:52,882 INFO ncaa_identity: contest_id=853644 teams 2047/2047 matched, players 5323/5755 matched
2026-08-19 18:35:01,097 INFO ncaa_identity: contest_id=853741 teams 1342/2650 matched, players 3250/7434 matched
2026-08-19 18:35:04,011 INFO ncaa_identity: contest_id=853774 teams 1964/1964 matched, players 5068/5483 matched
2026-08-19 18:35:09,574 INFO ncaa_identity: contest_id=853852 teams 3055/3055 matched, players 7896/8653 matched
2026-08-19 18:35:12,145 INFO ncaa_identity: contest_id=853901 teams 2097/2097 matched, players 5290/5914 matched
2026-08-19 18:35:13,637 INFO ncaa_identity: contest_id=853913 teams 2859/2859 matched, players 8105/8116 matched
2026-08-19 18:35:14,883 INFO ncaa_identity: contest_id=853922 teams 2832/2832 matched, players 7485/7996 matched
2026-08-19 18:35:18,588 INFO ncaa_identity: contest_id=853988 teams 2368/2368 matched, players 6126/6692 matched
2026-08-19 18:35:20,038 INFO ncaa_identity: contest_id=854004 teams 1796/1796 matched, players 4659/5088 matched
2026-08-19 18:35:22,753 INFO ncaa_identity: contest_id=854046 teams 2362/2362 matched, players 6644/6682 matched
2026-08-19 18:35:24,370 INFO ncaa_identity: contest_id=854056 teams 2244/2244 matched, players 5902/6358 matched
2026-08-19 18:35:28,034 INFO ncaa_identity: contest_id=854106 teams 2238/2238 matched, players 5864/6332 matched
2026-08-19 18:35:29,502 INFO ncaa_identity: contest_id=854136 teams 2501/2501 matched, players 6662/7024 matched
2026-08-19 18:35:38,396 INFO ncaa_identity: contest_id=854231 teams 2195/2195 matched, players 5674/6188 matched
2026-08-19 18:35:39,373 INFO ncaa_identity: contest_id=854283 teams 2257/2257 matched, players 5780/6364 matched
2026-08-19 18:35:40,765 INFO ncaa_identity: contest_id=854309 teams 2492/2492 matched, players 6340/7042 matched
2026-08-19 18:35:43,302 INFO ncaa_identity: contest_id=854345 teams 2381/2381 matched, players 6357/6707 matched
2026-08-19 18:35:44,467 INFO ncaa_identity: contest_id=854366 teams 2394/2394 matched, players 6503/6787 matched
2026-08-19 18:35:49,111 INFO ncaa_identity: contest_id=854470 teams 2612/2612 matched, players 6874/7431 matched
2026-08-19 18:35:55,211 INFO ncaa_identity: contest_id=854547 teams 2174/2174 matched, players 5888/6135 matched
2026-08-19 18:36:00,836 INFO ncaa_identity: contest_id=854596 teams 2099/2099 matched, players 5779/5913 matched
2026-08-19 18:36:03,625 INFO ncaa_identity: co2026-08-19 18:36:12,860 INFO ncaa_identity: contest_id=854628 teams 3123/3123 matched, players 8117/8862 matched
2026-08-19 18:36:14,449 INFO ncaa_identity: contest_id=854640 teams 2836/2836 matched, players 7825/8008 matched
2026-08-19 18:36:16,018 INFO ncaa_identity: contest_id=854667 teams 2497/2497 matched, players 6599/7032 matched
2026-08-19 18:36:17,679 INFO ncaa_identity: contest_id=854684 teams 1328/2687 matched, players 3805/7592 matched
2026-08-19 18:36:19,857 INFO ncaa_identity: contest_id=854697 teams 1195/2381 matched, players 3341/6670 matched
2026-08-19 18:36:23,444 INFO ncaa_identity: contest_id=854754 teams 2510/2510 matched, players 7027/7055 matched
2026-08-19 18:36:26,264 INFO ncaa_identity: contest_id=854788 teams 1262/1262 matched, players 384/391 matched
2026-08-19 18:36:27,448 INFO ncaa_identity: contest_id=854805 teams 2141/2141 matched, players 4926/6032 matched
2026-08-19 18:36:28,374 INFO ncaa_identity: contest_id=854821 teams 222026-08-19 18:36:30,333 INFO ncaa_identity: contest_id=854938 teams 2348/2348 matched, players 6505/6642 matched
2026-08-19 18:36:31,317 INFO ncaa_identity: 2026-08-19 18:36:31,347 INFO ncaa_identity: contest_id=854878 teams 122026-08-19 18:36:35,195 INFO ncaa_identity: contest_id=854998 teams 2397/2397 matched, players 6660/6717 matched
2026-08-19 18:36:36,457 INFO ncaa_identity: 2026-08-19 18:36:40,704 INFO ncaa_identity: contest_id=854995 teams 202026-08-19 18:36:41,245 INFO ncaa_identity: 2026-08-19 18:36:45,641 INFO ncaa_identity: contest_id=855110 teams 2018/2018 matched, players 5131/5728 matched
2026-08-19 18:36:47,995 INFO ncaa_identity: contest_id=855141 teams 232026-08-19 18:36:48,380 INFO ncaa_identity: 2026-08-19 18:36:55,581 INFO ncaa_identity: contest_id=855289 teams 2778/2778 matched, players 7258/7841 matched
2026-08-19 18:36:58,998 INFO ncaa_identity: contest_id=855345 teams 2177/2177 matched, players 5741/6136 matched
2026-08-19 18:37:00,055 INFO ncaa_identity: contest_id=855376 teams 2524/2524 matched, players 6287/7084 matched
2026-08-19 18:37:02,277 INFO ncaa_identity: contest_id=855399 teams 2263/2263 matched, players 5967/6356 matched
2026-08-19 18:37:04,339 INFO ncaa_identity: contest_id=855444 teams 2252/2252 matched, players 5539/6316 matched
2026-08-19 18:37:06,541 INFO 5 starters not found for period 5; using estimate
2026-08-19 18:37:07,974 INFO ncaa_identity: contest_id=855486 teams 3151/3151 matched, players 8554/89612026-08-192026-08-19 18:37:10,049 INFO ncaa_identity: contest_id=855519 teams 2246/2246 matched, players 6158/6367 matched
2026-08-19 18:37:13,672 INFO ncaa_identity: contest_id=855553 teams 1244/2419 matched, players 3469/6825 matched
2026-08-19 18:37:15,200 INFO ncaa_identity: contest_id=855569 teams 2385/2385 matched, players 6724/6749 matched
2026-08-19 18:37:18,157 INFO ncaa_identity: contest_id=855607 teams 2667/2667 matched, players 7114/7513 matched
2026-08-19 18:37:19,496 INFO ncaa_identity: contest_id=855613 teams 1226/2408 matched, players 3415/68012026-08-192026-08-19 18:37:22,499 INFO ncaa_identity: contest_id=855696 teams 2432/2432 matched, players 6196/68342026-08-19 18:37:27,918 INFO ncaa_identity: contest_id=855886 teams 2059/2059 matched, players 5593/5776 matched
2026-08-19 18:37:29,277 INFO ncaa_identity: contest_id=855913 teams 2296/2296 matched, players 5927/6495 matched
2026-08-19 18:37:30,682 INFO ncaa_identity: contest_id=855940 teams 2078/2078 matched, players 5073/5850 matched
2026-08-19 18:37:32,023 INFO ncaa_identity: contest_id=855992 teams 2562/2562 matched, players 6970/7257 matched
2026-08-19 18:37:36,349 INFO ncaa_identity: contest_id=856068 teams 2293/2293 matched, players 6192/6489 matched
2026-08-19 18:37:48,104 INFO ncaa_identity: contest_id=856184 teams 1039/2067 matched, players 2896/5872 matched
2026-08-19 18:37:53,258 INFO ncaa_identity: contest_id=856232 teams 2468/2468 matched, players 6879/6932 matched
2026-08-19 18:38:03,752 INFO ncaa_identity: contest_id=856331 teams 2067/2067 matched, players 5439/5827 matched
2026-08-19 18:38:08,145 INFO ncaa_identity: contest_id=856403 teams 1149/2274 matched, players 3218/6423 matched
2026-08-19 18:38:09,681 INFO ncaa_identity: contest_id=856420 teams 2348/2348 matched, players 5594/6583 matched
2026-08-19 18:38:16,997 INFO ncaa_identity: contest_id=856481 teams 2143/2143 matched, players 5740/6067 matched
2026-08-19 18:38:25,098 INFO ncaa_identity: contest_id=856605 teams 2166/2166 matched, players 5315/6091 matched
2026-08-19 18:38:29,737 INFO ncaa_identity: contest_id=856674 teams 2280/2280 matched, players 6085/6440 matched
2026-08-19 18:38:31,007 INFO ncaa_identity: contest_id=856704 teams 2525/2525 matched, players 6781/7144 matched
2026-08-19 18:38:32,553 INFO ncaa_identity: contest_id=856720 teams 2374/2374 matched, players 6166/6688 matched
2026-08-19 18:38:36,464 INFO ncaa_identity: contest_id=856797 teams 2669/2669 matched, players 6974/7570 matched
2026-08-19 18:38:47,291 INFO ncaa_identity: contest_id=856880 teams 2554/2554 matched, players 6672/7218 matched
2026-08-19 18:38:49,983 INFO ncaa_identity: contest_id=856937 teams 2464/2464 matched, players 6563/6910 matched
2026-08-19 18:38:51,242 INFO ncaa_identity: contest_id=856957 teams 2149/2149 matched, players 5894/5993 matched
2026-08-19 18:38:56,052 INFO ncaa_identity: contest_id=857017 teams 2231/2231 matched, players 6230/6286 matched
2026-08-19 18:39:05,786 INFO ncaa_identity: contest_id=857154 teams 2196/2196 matched, players 5704/6200 matched
2026-08-19 18:39:13,962 INFO ncaa_identity: contest_id=857223 teams 2831/2831 matched, players 7332/8009 matched
2026-08-19 18:39:15,543 INFO ncaa_identity: contest_id=857241 teams 2492/2492 matched, players 5931/7050 matched
2026-08-19 18:39:18,654 INFO ncaa_identity: contest_id=857275 teams 1122/2299 matched, players 3251/6460 matched
2026-08-19 18:39:21,795 INFO ncaa_identity: contest_id=857327 teams 785/1579 matched, players 174/409 matched
2026-08-19 18:39:22,893 INFO ncaa_identity: contest_id=857346 teams 1939/1939 matched, players 5428/5430 matched
2026-08-19 18:39:30,895 INFO ncaa_identity: contest_id=857464 teams 2507/2507 matched, players 6622/7045 matched
2026-08-19 18:39:39,538 INFO ncaa_identity: contest_id=857595 teams 2331/2331 matched, players 6100/6581 matched
2026-08-19 18:39:48,320 INFO ncaa_identity: contest_id=857684 teams 2011/2011 matched, players 5373/5683 matched
2026-08-19 18:39:54,444 INFO ncaa_identity: contest_id=857764 teams 2206/2206 matched, players 6049/6222 matched
2026-08-19 18:39:55,720 INFO ncaa_identity: contest_id=857774 teams 2225/2225 matched, players 5849/6276 matched
2026-08-19 18:39:57,254 INFO ncaa_identity: contest_id=857795 teams 2359/2359 matched, players 6112/6669 matched
2026-08-19 18:39:58,605 INFO ncaa_identity: contest_id=857816 teams 2423/2423 matched, players 6695/6847 matched
2026-08-19 18:40:02,314 INFO ncaa_identity: contest_id=857845 teams 1927/1927 matched, players 843/845 matched
2026-08-19 18:40:04,768 INFO ncaa_identity: contest_id=857879 teams 2225/2225 matched, players 6106/6246 matched
2026-08-19 18:40:10,887 INFO ncaa_identity: contest_id=857964 teams 2206/2206 matched, players 6200/6226 matched
2026-08-19 18:40:11,707 INFO ncaa_identity: contest_id=857984 teams 2329/2329 matched, players 5869/6564 matched
2026-08-19 18:40:13,141 INFO ncaa_identity: contest_id=858011 teams 1338/1338 matched, players 300/360 matched
2026-08-19 18:40:15,103 INFO ncaa_identity: contest_id=858068 teams 1050/2060 matched, players 2924/5779 matched
2026-08-19 18:40:17,795 INFO ncaa_identity: contest_id=858167 teams 2180/2180 matched, players 5852/6140 matched
2026-08-19 18:40:24,361 INFO ncaa_identity: contest_id=858245 teams 2129/2129 matched, players 5538/5977 matched
2026-08-19 18:40:27,192 INFO ncaa_identity: contest_id=858287 teams 2123/2123 matched, players 5925/6029 matched
2026-08-19 18:40:28,144 INFO ncaa_identity: contest_id=858296 teams 1095/2135 matched, players 3016/6041 matched
2026-08-19 18:40:28,902 INFO ncaa_identity: contest_id=858302 teams 2159/2159 matched, players 5646/6102 matched
2026-08-19 18:40:30,982 INFO ncaa_identity: contest_id=858317 teams 2899/2899 matched, players 7850/8179 matched
2026-08-19 18:40:31,822 INFO ncaa_identity: contest_id=858323 teams 2183/2183 matched, players 5689/6161 matched
2026-08-19 18:40:32,863 INFO ncaa_identity: contest_id=858355 teams 2185/2185 matched, players 5793/6148 matched
2026-08-19 18:40:34,751 INFO ncaa_identity: contest_id=858372 teams 2294/2294 matched, players 6088/6456 matched
2026-08-19 18:40:38,007 INFO ncaa_identity: contest_id=858469 teams 2167/2167 matched, players 5908/6080 matched
2026-08-19 18:40:41,103 INFO ncaa_identity: contest_id=858501 teams 2037/2037 matched, players 5691/5719 matched
2026-08-19 18:40:42,348 INFO ncaa_identity: contest_id=858509 teams 1296/2480 matched, players 3556/6992 matched
2026-08-19 18:40:43,703 INFO ncaa_identity: contest_id=858522 teams 2908/2908 matched, players 6855/8245 matched
2026-08-19 18:40:47,552 INFO ncaa_identity: contest_id=858594 teams 2335/2335 matched, players 6570/6603 matched
2026-08-19 18:40:50,323 INFO ncaa_identity: contest_id=858617 teams 2730/2730 matched, players 7091/7687 matched
2026-08-19 18:40:51,318 INFO ncaa_identity: contest_id=858623 teams 2426/2426 matched, players 6757/6844 matched
2026-08-19 18:40:52,183 INFO ncaa_identity: contest_id=858632 teams 2113/2113 matched, players 5041/5926 matched
2026-08-19 18:40:53,051 INFO ncaa_identity: contest_id=858649 teams 2495/2495 matched, players 6758/7018 matched
2026-08-19 18:40:54,239 INFO ncaa_identity: contest_id=858658 teams 2351/2351 matched, players 5903/6663 matched
2026-08-19 18:40:55,842 INFO ncaa_identity: contest_id=858679 teams 2320/2320 matched, players 6415/6489 matched
2026-08-19 18:40:56,681 INFO ncaa_identity: contest_id=858711 teams 2369/2369 matched, players 5779/6703 matched
2026-08-19 18:41:01,609 INFO ncaa_identity: contest_id=858783 teams 1863/1863 matched, players 4691/5243 matched
2026-08-19 18:41:02,707 INFO ncaa_identity: contest_id=858792 teams 2599/2599 matched, players 7145/7289 matched
2026-08-19 18:41:03,545 INFO ncaa_identity: contest_id=858808 teams 2435/2435 matched, players 6666/6853 matched
2026-08-19 18:41:04,451 INFO ncaa_identity: contest_id=858819 teams 2437/2437 matched, players 6146/6879 matched
2026-08-19 18:41:06,197 INFO ncaa_identity: contest_id=858862 teams 2000/2000 matched, players 5191/5623 matched
2026-08-19 18:41:12,546 INFO ncaa_identity: contest_id=858932 teams 2523/2523 matched, players 6645/7173 matched
2026-08-19 18:41:13,511 INFO ncaa_identity: contest_id=858938 teams 1707/1707 matched, players 4485/4810 matched
2026-08-19 18:41:14,386 INFO ncaa_identity: contest_id=858947 teams 2169/2169 matched, players 5689/6155 matched
2026-08-19 18:41:16,424 INFO ncaa_identity: contest_id=858964 teams 2709/2709 matched, players 7167/7630 matched
2026-08-19 18:41:18,569 INFO ncaa_identity: contest_id=858994 teams 2313/2313 matched, players 6499/6516 matched
2026-08-19 18:41:21,162 INFO ncaa_identity: contest_id=859022 teams 2077/2077 matched, players 4616/5839 matched
2026-08-19 18:41:22,872 INFO ncaa_identity: contest_id=859064 teams 2358/2358 matched, players 5895/6622 matched
2026-08-19 18:41:27,526 INFO ncaa_identity: contest_id=859141 teams 2719/2719 matched, players 7338/7715 matched
2026-08-19 18:41:30,802 INFO ncaa_identity: contest_id=859169 teams 1882/1882 matched, players 5058/5311 matched
2026-08-19 18:41:31,594 INFO ncaa_identity: contest_id=859175 teams 2093/2093 matched, players 5699/5877 matched
2026-08-19 18:41:32,616 INFO ncaa_identity: contest_id=859184 teams 2150/2150 matched, players 5240/6100 matched
2026-08-19 18:41:38,591 INFO ncaa_identity: contest_id=859234 teams 2242/2242 matched, players 6104/6320 matched
2026-08-19 18:41:40,528 INFO ncaa_identity: contest_id=859257 teams 2706/2706 matched, players 7535/7658 matched
2026-08-19 18:41:43,210 INFO ncaa_identity: contest_id=859298 teams 1983/1983 matched, players 5486/5551 matched
2026-08-19 18:41:45,677 INFO ncaa_identity: contest_id=859325 teams 2378/2378 matched, players 5803/6655 matched
2026-08-19 18:41:49,199 INFO ncaa_identity: contest_id=859356 teams 2662/2662 matched, players 7336/7554 matched
2026-08-19 18:41:50,067 INFO ncaa_identity: contest_id=859362 teams 2294/2294 matched, players 5922/6434 matched
2026-08-19 18:41:52,155 INFO ncaa_identity: contest_id=859378 teams 2979/2979 matched, players 7985/8458 matched
2026-08-19 18:41:52,999 INFO ncaa_identity: contest_id=859385 teams 2269/2269 matched, players 5981/6322 matched
2026-08-19 18:41:56,796 INFO ncaa_identity: contest_id=859418 teams 2395/2395 matched, players 6254/6705 matched
2026-08-19 18:42:00,780 INFO ncaa_identity: contest_id=859456 teams 2032/2032 matched, players 687/727 matched
2026-08-19 18:42:01,511 INFO ncaa_identity: contest_id=859465 teams 2100/2100 matched, players 5747/5941 matched
2026-08-19 18:42:02,044 INFO ncaa_identity: contest_id=859474 teams 2085/2085 matched, players 5834/5898 matched
2026-08-19 18:42:03,288 INFO ncaa_identity: contest_id=859489 teams 2459/2459 matched, players 5055/6922 matched
2026-08-19 18:42:12,029 INFO ncaa_identity: contest_id=859640 teams 2336/2336 matched, players 5681/6598 matched
2026-08-19 18:42:15,155 INFO ncaa_identity: contest_id=859675 teams 2279/2279 matched, players 5400/6411 matched
2026-08-19 18:42:19,173 INFO ncaa_identity: contest_id=859717 teams 2445/2445 matched, players 6351/6932 matched
2026-08-19 18:42:21,827 INFO ncaa_identity: contest_id=859748 teams 2336/2336 matched, players 6420/6526 matched
parsed=956 failed=0
NFO ncaa_identity: contest_id=859530 teams 2106/2106 matched, players 5484/5873 matched
2026-08-19 18:42:11,640 INFO ncaa_identity: contest_id=859544 teams 2095/2095 matched, players 4693/5815 matched
2026-08-19 18:42:12,979 INFO ncaa_identity: contest_id=859566 teams 3226/3226 matched, players 9090/9157 matched
2026-08-19 18:42:14,884 INFO ncaa_identity: contest_id=859609 teams 2465/2465 matched, players 6447/6979 matched
2026-08-19 18:42:17,591 INFO ncaa_identity: contest_id=859639 teams 1784/1784 matched, players 4542/5029 matched
2026-08-19 18:42:18,158 INFO ncaa_identity: contest_id=859647 teams 2051/2051 matched, players 5413/5781 matched
2026-08-19 18:42:22,312 INFO ncaa_identity: contest_id=859690 teams 2257/2257 matched, players 6054/6308 matched
2026-08-19 18:42:22,862 INFO ncaa_identity: contest_id=859698 teams 2016/2016 matched, players 5443/5696 matched
2026-08-19 18:42:25,156 INFO ncaa_identity: contest_id=859722 teams 2197/2197 matched, players 6167/6169 matched
2026-08-19 18:42:26,549 INFO ncaa_identity: contest_id=859740 teams 2328/2328 matched, players 6356/6533 matched
parsed=956 failed=0
4/5811 matched
2026-08-19 18:42:22,419 INFO ncaa_identity: contest_id=859706 teams 2029/2029 matched, players 5160/5725 matched
2026-08-19 18:42:25,892 INFO ncaa_identity: contest_id=859742 teams 2269/2269 matched, players 6276/6378 matched
2026-08-19 18:42:26,963 INFO ncaa_identity: contest_id=859755 teams 2074/2074 matched, players 5712/5851 matched
parsed=956 failed=0
149/2149 matched, players 6044/6075 matched
2026-08-19 18:42:24,292 INFO ncaa_identity: contest_id=859686 teams 2255/2255 matched, players 6303/6305 matched
2026-08-19 18:42:24,898 INFO ncaa_identity: contest_id=859695 teams 2133/2133 matched, players 5817/5960 matched
2026-08-19 18:42:25,556 INFO ncaa_identity: contest_id=859701 teams 2405/2405 matched, players 6382/6846 matched
2026-08-19 18:42:30,295 INFO ncaa_identity: contest_id=859756 teams 2325/2325 matched, players 6406/6504 matched
parsed=957 failed=0
_identity: contest_id=859697 teams 2293/2293 matched, players 6136/6435 matched
2026-08-19 18:42:27,852 INFO ncaa_identity: contest_id=859731 teams 2101/2101 matched, players 5488/5894 matched
parsed=956 failed=0
5141/5332 matched
2026-08-19 18:41:57,987 INFO ncaa_identity: contest_id=859388 teams 1893/1893 matched, players 795/799 matched
2026-08-19 18:41:59,423 INFO ncaa_identity: contest_id=859400 teams 2367/2367 matched, players 6320/6681 matched
2026-08-19 18:42:00,129 INFO ncaa_identity: contest_id=859407 teams 2129/2129 matched, players 5851/6011 matched
2026-08-19 18:42:00,732 INFO ncaa_identity: contest_id=859415 teams 2290/2290 matched, players 6121/6463 matched
2026-08-19 18:42:01,633 INFO ncaa_identity: contest_id=859421 teams 3185/3185 matched, players 8973/9040 matched
2026-08-19 18:42:02,112 INFO ncaa_identity: contest_id=859427 teams 2139/2139 matched, players 5810/6004 matched
2026-08-19 18:42:03,506 INFO ncaa_identity: contest_id=859439 teams 2809/2809 matched, players 6948/7896 matched
2026-08-19 18:42:08,337 INFO ncaa_identity: contest_id=859492 teams 2251/2251 matched, players 5990/6311 matched
2026-08-19 18:42:08,947 INFO ncaa_identity: contest_id=859498 teams 2271/2271 matched, players 5899/6365 matched
2026-08-19 18:42:09,560 INFO ncaa_identity: contest_id=859504 teams 2266/2266 matched, players 5650/6401 matched
2026-08-19 18:42:10,158 INFO ncaa_identity: contest_id=859516 teams 2581/2581 matched, players 7187/7282 matched
2026-08-19 18:42:10,711 INFO ncaa_identity: contest_id=859534 teams 2070/2070 matched, players 4892/5840 matched
2026-08-19 18:42:13,823 INFO ncaa_identity: contest_id=859607 teams 2320/2320 matched, players 6154/6562 matched
2026-08-19 18:42:14,535 INFO ncaa_identity: contest_id=859615 teams 2177/2177 matched, players 5897/6126 matched
2026-08-19 18:42:15,765 INFO ncaa_identity: contest_id=859631 teams 1853/1853 matched, players 4863/5177 matched
2026-08-19 18:42:16,383 INFO ncaa_identity: contest_id=859637 teams 2251/2251 matched, players 5810/6357 matched
2026-08-19 18:42:21,064 INFO ncaa_identity: contest_id=859687 teams 1969/1969 matched, players 5363/5560 matched
2026-08-19 18:42:21,678 INFO ncaa_identity: contest_id=859696 teams 2122/2122 matched, players 4977/5993 matched
2026-08-19 18:42:24,514 INFO ncaa_identity: contest_id=859720 teams 2263/2263 matched, players 5963/6409 matched
parsed=956 failed=0
EXIT=0
