seasons=all bundles=70620 pending=5927 force=False shard=20/24 assigned=24722026-08-03 18:34:37,964 INFO ncaa_identity: contest_id=514840 teams 2512/2512 matched, players 6102/7076 match2022026-08-03 18:34:40,333 INFO ncaa_identity: contest_id=514901 teams 1197/2312 matched, players 3256/6472 matche2026-08-03 18:34:46,455 INFO ncaa_identity: contest_id=515431 teams 1353/2642 matched, players 3353/7462 matched
2026-08-03 18:34:47,780 INFO ncaa_identity: contest_id=515564 teams 1376/2692 matched, players 3752/7584 matched
2026-08-03 18:34:49,854 INFO ncaa_identity: contest_id=515632 teams 1154/2304 matched, players 2972/6403 matched
2026-08-03 18:34:51,125 INFO ncaa_identity: contest_id=515689 teams 2663/2663 matched, players 7466/7534 matched
2026-08-03 18:34:52,558 INFO ncaa_identity: contest_id=515736 teams 1260/2601 matched, players 3671/7280 matched
2026-08-03 18:34:53,628 INFO ncaa_identity: contest_id=515821 teams 2360/2360 matched, players 6314/6615 matched
2026-08-03 18:34:55,050 INFO ncaa_identity: contest_id=515870 teams 2074/2074 matched, players 766/800 matched
2026-22026-08-03 18:34:58,789 INFO ncaa_identity: contest_id=516235 teams 2031/2031 matched, players 5388/5716 matched202026-08-03 18:35:02,377 INFO ncaa_identity: contest_id=516237 teams 2194/2194 matched, players 6038/6146 matched
2026-08-03 18:35:04,771 INFO ncaa_identity: contest_id=516382 teams 2508/2508 matched, players 6858/7135 m2026-08-03 18:35:09,357 INFO ncaa_identity: contest_id=516770 teams 2048/2048 matched, players 5256/5743 matched
2026-08-2026-08-03 18:35:12,960 INFO ncaa_identity: contest_id=516811 teams 1393/2801 matched, players 3957/7908 m2026-08-2026-08-03 18:35:17,288 INFO ncaa_identity: contest_id=517065 teams 2285/2285 matched, players 6356/6384 matched
2026-08-03 18:35:23,865 INFO ncaa_identity: contest_id=517431 teams 2143/2143 matched, players 5940/6004 matched
2026-08-03 18:35:25,866 INFO ncaa_identity: contest_id=517501 teams 2669/2669 matched, players 7242/7509 matched
2026-08-03 18:35:27,356 INFO ncaa_identity: contest_id=517574 teams 1622/3206 matched, players 4564/9060 matched
2026-08-03 18:35:28,658 INFO ncaa_identity: contest_id=517665 teams 1661/1661 matched, players 4457/4599 matched
2026-08-03 18:35:30,389 INFO ncaa_identity: contest_id=517809 teams 1130/2222 matched, players 3024/6210 matched
2026-08-03 18:35:31,816 INFO ncaa_identity: contest_id=517869 teams 1171/2297 matched, players 3259/6437 matched
2026-08-03 18:35:36,405 INFO ncaa_identity: contest_id=517871 teams 2085/2085 matched, players 5713/5856 match20262026-08-03 18:35:42,270 INFO ncaa_identity: contest_id=518120 teams 2840/2840 matched, players 7985/8081 matched
2026-08-03 18:35:45,423 INFO ncaa_identity: contest_id=518381 teams 1259/2441 matched, players 3415/6773 matched
2026-08-03 18:35:47,700 INFO ncaa_identity: contest_id=518553 teams 1745/1745 matched, players 4665/4848 matched
2026-08-03 18:35:51,913 INFO ncaa_identity: contest_id=518812 teams 1062/2078 matched, players 2948/5826 matched
2026-08-03 18:35:52,870 INFO ncaa_identity: contest_id=518915 teams 2633/2633 matched, players 7039/7388 matched
2026-08-03 18:35:53,596 INFO ncaa_identity: contest_id=518950 teams 1359/2712 matched, players 3833/7605 matched
2026-08-03 18:35:54,290 INFO ncaa_identity: contest_id=519006 teams 1067/2096 matched, players 2905/5785 matched
2026-08-03 18:35:57,644 INFO ncaa_identity: contest_id=519196 teams 2235/2235 matched, players 6284/6294 matched
2026-08-03 18:36:01,440 INFO ncaa_identity: contest_id=519398 teams 2304/2304 matched, players 6458/6502 matched
2026-08-03 18:36:02,685 INFO ncaa_identity: contest_id=519492 teams 1219/2379 matched, players 3040/6749 mat2026-02026-08-03 18:36:05,699 INFO ncaa_identity: contest_id=519618 teams 2773/2773 matched, players 7365/7804 matched
2026-08-03 18:36:06,596 INFO ncaa_identity: contest_id=519691 teams 1165/2225 matched, players 3055/6208 mat2026-02026-08-03 18:36:10,518 INFO ncaa_identity: contest_id=519881 teams 2368/2368 matched, players 5484/6675 ma2026-08-03 18:36:17,103 INFO ncaa_identity: contest_id=520193 teams 2417/2417 matched, players 6626/6785 matched
2026-08-03 18:36:24,229 INFO ncaa_identity: contest_id=520480 teams 2177/2177 matched, players 5643/6087 matched
2026-08-03 18:36:25,454 INFO ncaa_identity: contest_id=520506 teams 2174/2174 matched, players 5841/6140 matched
2026-08-03 18:36:26,915 INFO ncaa_identity: contest_id=520533 teams 2573/2573 matched,2026-08-03 18:36:27,382 INFO2026-08-03 18:36:33,364 INFO ncaa_identity: contest_id=520664 teams 2839/2839 matched, players 7897/8041 matched
2026-08-03 18:36:37,323 INFO ncaa_identity: contest_id=520818 teams 2220/2220 matched, players 5798/6253 matched
2026-08-03 18:36:38,627 INFO ncaa_identity: contest_id=520849 teams 2159/2159 matched, players 5977/6046 matched
2026-08-03 18:36:40,077 INFO ncaa_identity: contest_id=520881 teams 1209/2416 matched, players 3404/6841 matched
2026-08-03 18:36:42,932 INFO ncaa_identity: contest_id=520998 teams 2200/2200 matched, players 5891/6202 matched
2026-08-03 18:36:45,540 INFO ncaa_identity: contest_id=521128 teams 2369/2369 matched, players 6598/6660 matched
2026-08-03 18:36:50,422 INFO ncaa_identity: contest_id=521376 teams 2264/2264 matched, players 6072/6378 matched
2026-08-03 18:36:50,549 INFO 5 starters not found for period 3; using estimate
2026-08-03 18:36:51,948 INFO ncaa_identity: contest_id=521422 teams 2606/2606 matched, players 6888/7353 matched
2026-08-03 18:36:56,914 INFO ncaa_identity: contest_id=521782 teams 2258/2258 matched, players 5974/6351 matched
2026-08-03 18:36:58,386 INFO ncaa_identity: contest_id=521838 teams 2221/2221 matched, players 5897/6184 matched
2026-08-03 18:37:05,335 INFO ncaa_identity: contest_id=522272 teams 2104/2104 matched, players 5502/5929 matched
2026-08-03 18:37:09,969 INFO ncaa_identity: contest_id=522459 teams 2256/2256 matched, players 6144/6377 matched
2026-08-03 18:37:12,665 INFO ncaa_identity: contest_id=522555 teams 2504/2504 matched, players 6884/7068 matched
2026-08-03 18:37:14,922 INFO ncaa_identity: contest_id=522818 teams 2477/2477 matched, players 6977/6979 matched
2026-08-03 18:37:22,945 INFO ncaa_identity: contest_id=523249 teams 2151/2151 matched, players 5570/6071 matched
2026-08-03 18:37:24,358 INFO ncaa_identity: contest_id=523391 teams 2015/2015 matched, players 5384/5650 matched
2026-08-03 18:37:29,255 INFO ncaa_identity: contest_id=523622 teams 2418/2418 matched, players 6488/6789 matched
2026-08-03 18:37:30,909 INFO ncaa_identity: contest_id=523662 teams 1358/2741 matched, players 3800/7751 matched
2026-08-03 18:37:32,209 INFO ncaa_identity: contest_id=523863 teams 2148/2148 matched, players 6011/6070 matched
2026-08-03 18:37:37,725 INFO ncaa_identity: contest_id=524161 teams 2453/2453 matched, players 6740/6888 matched
2026-08-03 18:37:43,628 INFO ncaa_identity: contest_id=524458 teams 2747/2747 matched, players 7644/7714 matched
2026-08-03 18:37:48,614 INFO ncaa_identity: contest_id=524729 teams 1985/1985 matched, players 5270/5572 matched
2026-08-03 18:37:50,111 INFO ncaa_identity: contest_id=524771 teams 2415/2415 matched, players 6155/6808 matched
2026-08-03 18:37:53,213 INFO ncaa_identity: contest_id=525014 teams 2520/2520 matched, players 6042/7084 matched
2026-08-03 18:37:54,341 INFO ncaa_identity: contest_id=525055 teams 2131/2131 matched, players 5733/6002 matc2026-08-03 18:37:56,913 INFO ncaa_identity: contest_id=525494 teams 2120/2120 matched, players 4511/5901 matched
2026-08-03 18:37:59,505 INFO ncaa_identity: contest_id=525636 teams 2169/2169 matched, players 5687/6107 matched
2026-08-03 18:38:06,184 INFO ncaa_identity: contest_id=526042 teams 2306/2306 matched, players 6180/6470 matched
2026-08-03 18:38:07,623 INFO ncaa_identity: contest_id=526113 teams 2617/2617 matched, players 6539/7367 matched
2026-08-03 18:38:13,575 INFO ncaa_identity: contest_id=526433 teams 2033/2033 matched, players 5311/5732 matched
2026-08-03 18:38:16,151 INFO ncaa_identity: contest_id=526575 teams 2083/2083 matched, players 5528/5880 matched
2026-08-03 18:38:21,584 INFO ncaa_identity: contest_id=526841 teams 2380/2380 matched, players 6271/6668 matched
2026-08-03 18:38:28,381 INFO ncaa_identity: contest_id=527230 teams 2278/2278 matched, players 6191/6433 matched
2026-08-03 18:38:29,605 INFO ncaa_identity: contest_id=527327 teams 2131/2131 matched, players 5684/5992 matched
2026-08-03 18:38:34,738 INFO ncaa_identity: contest_id=527670 teams 2101/2101 matched, players 5775/5858 matched
2026-08-03 18:38:37,454 INFO ncaa_identity: contest_id=527827 teams 2373/2373 matched, players 6507/6754 matched
2026-08-03 18:38:41,454 INFO ncaa_identity: contest_id=527977 teams 2199/2199 matched, players 5710/6218 matched
2026-08-03 18:38:46,645 INFO ncaa_identity: contest_id=528383 teams 2427/2427 matched, players 6369/6867 matched
2026-08-03 18:38:51,571 INFO ncaa_identity: contest_id=528637 teams 1654/1654 matched, players 3867/4604 matched
2026-08-03 18:38:54,317 INFO ncaa_identity: contest_id=528841 teams 2538/2538 matched, players 6536/7192 matched
2026-08-03 18:38:56,780 INFO ncaa_identity: contest_id=528947 teams 1826/1826 matched, players 5020/5137 matched
2026-08-03 18:39:07,797 INFO ncaa_identity: contest_id=529547 teams 2400/2400 matched, players 6615/6751 matched
2026-08-03 18:39:11,729 INFO ncaa_identity: contest_id=529769 teams 2015/2015 matched, players 5243/5646 matched
2026-08-03 18:39:23,460 INFO ncaa_identity: contest_id=530172 teams 2245/2245 matched, players 5238/6347 matched
2026-08-03 18:39:28,424 INFO ncaa_identity: contest_id=530345 teams 1914/1914 matched, players 5251/5349 matched
2026-08-03 18:39:29,531 INFO ncaa_identity: contest_id=530402 teams 2171/2171 matched, players 5818/6044 matched
2026-08-03 18:39:31,195 INFO ncaa_identity: contest_id=530426 teams 2445/2445 matched, players 6569/6899 matched
2026-08-03 18:39:37,311 INFO ncaa_identity: contest_id=530594 teams 2265/2265 matched, players 5913/6387 matched
2026-08-03 18:39:39,333 INFO ncaa_identity: contest_id=530645 teams 1859/1859 matched, players 5001/5255 matched
2026-08-03 18:39:40,763 INFO ncaa_identity: contest_id=530673 teams 2250/2250 matched, players 5827/6325 matched
2026-08-03 18:39:41,839 INFO ncaa_identity: contest_id=530698 teams 2261/2261 matched, players 6279/6379 matched
2026-08-03 18:39:45,238 INFO ncaa_identity: contest_id=530803 teams 1850/1850 matched, players 4833/5167 matched
2026-08-03 18:39:48,797 INFO ncaa_identity: contest_id=530921 teams 2291/2291 matched, players 5463/6464 matched
parsed=247 failed=0
rs 6468/6589 matched
2026-08-03 18:39:39,205 INFO ncaa_identity: contest_id=530687 teams 2055/2055 matched, players 4865/5816 matched
2026-08-03 18:39:40,364 INFO ncaa_identity: contest_id=530712 teams 2063/2026-08-03 18:39:40,433 INFO ncaa_identit2026-08-03 18:39:43,056 INFO ncaa_identity: contest_id=530777 teams 2541/2026-08-03 18:39:45,068 INFO ncaa_identit2026-08-03 18:39:45,342 INFO ncaa_identity: contest_id=530880 teams 1986/2026-08-03 18:39:47,232 INFO ncaa_identity: contest_id=530744 teams 2540/2540 matched, players 6738/7184 matched
2026-08-03 18:39:48,312 INFO ncaa_identit2026-08-03 18:39:48,847 INFO ncaa_identity: contest_id=530962 teams 2541/2026-08-03 18:39:49,519 INFO ncaa_identitparsed=247 failed=0
teams 2126/2126 matched, players 5363/5975 matched
2026-08-03 18:39:52,265 INFO ncaa_identity: contest_id=530931 teams 2295/2295 matched, players 5892/6475 matched
2026-08-03 18:39:53,620 INFO ncaa_identity: contest_id=530985 teams 2387/2387 matched, players 6428/6747 matched
parsed=247 failed=0
0
d=247 failed=0
ntity: contest_id=530780 teams 2126/2126 matched, players 5685/6006 matched
2026-08-03 18:39:46,167 INFO ncaa_identity: contest_id=530837 teams 1804/1804 matched, players 4989/5059 matched
2026-08-03 18:39:47,591 INFO ncaa_identity: contest_id=530883 teams 2901/2901 matched, players 7326/8234 matched
2026-08-03 18:39:48,690 INFO ncaa_identity: contest_id=530910 teams 2649/2649 matc2026-08-03 18:39:49,851 INFO nca2026-08-03 18:39:50,858 INFO ncaa_identity: contest_id=530966 teams 2466/2466 matcparsed=247 failed=0
7 matched
2026-08-03 18:39:51,640 INFO ncaa_identity: contest_id=530992 teams 2209/2209 matched, players 5797/6237 matched20parsed=247 failed=0
 INFO ncaa_identity: contest_id=530911 teams 1732/1732 matched, players 4557/4825 matched
2026-08-03 18:39:53,317 INFO ncaa_identity: contest_id=530967 teams 2258/2258 matched, players 5791/6361 matched
parsed=247 failed=0
0
 INFO ncaa_2026-08-03 18:39:49,416 INFO ncaa_identity: contest_id=530899 teams 2836/2836 maparsed=247 failed=0
059 matched
2026-08-03 18:39:52,699 INFO ncaa_identity: contest_id=531011 teams 2010/2010 matched, players 5189/5638 matched
parsed=247 failed=0
670 INFO ncaa_identity: contest_id=530905 teams 2795/2795 matched, players 7835/7939 matched
2026-08-03 18:39:50,871 INFO ncaa_identity: contest_id=530933 teams 2427/2427 matched, players 6245/6850 matched
2026-08-03 18:39:53,276 INFO ncaa_identity: contest_id=531018 teams 2146/2146 matched, players 5459/6052 matched
parsed=247 failed=0
yers 6065/6575 matched
parsed=247 failed=0
/5992 matched
parsed=247 failed=0
O ncaa_identity: contest_id=530977 teams 2585/2585 matched, players 7234/7285 matched
2026-08-03 18:39:47,871 INFO ncaa_identity: contest_id=531005 teams 2147/2147 matched, players 6022/6092 matched
parsed=247 failed=0
,267 INFO ncaa_identity: contest_id=530636 teams 2459/2459 matched, players 6653/6923 matched
2026-08-03 18:39:43,829 INFO ncaa_identity: contest_id=530689 teams 2580/2580 matched, players 7017/7305 matched
2026-08-03 18:39:45,152 INFO ncaa_identity: contest_id=530714 teams 2637/2637 matched, players 6954/7451 matched
2026-08-03 18:39:46,234 INFO ncaa_2026-08-03 18:39:47,758 INFO ncaa_identity: contest_id=530923 teams 2582/2582 ma2026-08-03 18:39:48,552 INFO ncaa_2026-08-03 18:39:50,849 INFO ncaa_identity: contest_id=531008 teams 2269/2269 matched, players 5899/6408 matched
parsed=246 failed=0
530882 teams 2200/2200 matched, players 6166/6196 matched
2026-08-03 18:39:51,502 INFO ncaa_identity: contest_id=530938 teams 2222/2222 matched, players 6171/6200 matched
2026-08-03 18:39:52,216 INFO ncaa_identity: contest_id=530965 teams 2022/2022 matched, players 5216/5700 matched
2026-08-03 18:39:53,097 INFO ncaa_identity: contest_id=530991 teams 2524/2524 matched, players 6842/7075 matched
2026-08-03 18:39:53,561 INFO ncaa_identity: contest_id=531022 teams 1741/1741 matched, players 4724/4939 matched
parsed=247 failed=0
a_identity: contest_id=530680 teams 2103/2103 matched, players 5592/5935 matched
2026-08-03 18:39:43,090 INFO ncaa_identity: contest_id=530704 teams 2205/2205 matched, players 5671/6195 matched
2026-08-03 18:39:46,598 INFO ncaa_identity: contest_id=530816 teams 2332/2332 matched, players 6515/6517 matched
2026-08-03 18:39:49,932 INFO ncaa_identity: contest_id=530928 teams 2239/2239 matched, players 6103/6296 matched
parsed=247 failed=0
EXIT=0
