seasons=all bundles=93348 pending=5557 force=False shard=14/24 assigned=2312026-08-05 02:54:48,366 INFO ncaa_identity: contest_id=844260 teams 1523/2998 matched, players 3905/8446 matched
22026-08-05 02:54:52,469 INFO ncaa_identity: contest_id=844381 teams 1162/2229 matched, players 3199/6294 matched22026-08-05 02:54:54,137 INFO ncaa_identity: contest_id=844424 teams 1156/2287 matched, players 3243/6452 matche2026-08-05 02:54:59,823 INFO ncaa_identity: contest_id=844579 teams 2530/2530 matched, players 7058/7081 matched
2026-08-05 02:55:05,792 INFO ncaa_identity: contest_id=844829 teams 2183/2183 matched, players 5626/6164 matched
2026-08-05 02:55:07,306 INFO ncaa_identity: contest_id=844900 teams 2374/2374 matched, players 6499/6714 matched
2026-08-05 02:55:11,372 INFO ncaa_identity: contest_id=845071 teams 1968/1968 matched, players 5005/5529 matched
2026-08-05 02:55:12,999 INFO ncaa_identity: contest_id=845106 teams 2769/2769 matched, players 7767/7861 matched
2026-08-05 02:55:14,386 INFO ncaa_identity: contest_id=845201 teams 2558/2558 matched, players 6853/7204 matched
202026-08-05 02:55:17,423 INFO ncaa_identity: contest_id=845600 teams 1097/2109 matched, players 3024/5915 matched2026-08-05 02:55:22,002 INFO ncaa_identity: contest_id=845792 teams 2243/2243 matched, players 5515/6333 matched
2026-08-05 02:55:24,134 INFO ncaa_identity: contest_id=845870 teams 1260/2434 matched, players 3047/6758 matched
2026-08-05 02:55:25,315 INFO ncaa_identity: contest_id=845926 teams 1213/24002026-08-05 02:55:29,578 INFO ncaa_identity: contest_id=846227 teams 2227/2227 matched, players 5608/6278 matched
2026-08-05 02:55:34,975 INFO ncaa_identity: contest_id=846385 teams 2093/2093 matched, players 5693/5855 matched
2026-08-05 02:55:36,591 INFO ncaa_identity: contest_id=846443 teams 2679/2679 matched, players 7151/7536 matched
2026-08-05 02:55:37,785 INFO ncaa_identity: contest_id=846537 teams 1193/2332 matched, players 3306/6509 matched
2026-08-05 02:55:42,013 INFO ncaa_identity: contest_id=846711 teams 2625/2625 matched, players 7036/7395 matched
2026-08-05 02:55:45,133 INFO ncaa_identity: contest_id=846861 teams 2459/2459 matched, players 6398/6956 matched
2026-08-05 02:55:46,085 INFO ncaa_identity: contest_id=846922 teams 1168/2270 matched, players 3245/6375 matched
2026-08-05 02:55:47,268 INFO ncaa_identity: contest_id=847002 teams 2279/2279 matched, players 6328/6437 matched
2026-08-05 02:55:48,885 INFO ncaa_i2026-08-05 02:55:49,400 INFO ncaa_identity: contest_id=847089 teams 2367/2367 m2026-08-05 02:55:50,108 INFO ncaa_i2026-08-05 02:55:50,684 INFO ncaa_identity: contest_id=847135 teams 1976/1976 m2026-08-05 02:55:51,563 INFO ncaa_i2026-08-05 02:55:51,914 INFO ncaa_identity: contest_id=847231 teams 2202/2202 m20262026-08-05 02:55:52,413 INFO nc2022026-08-05 02:56:01,659 INFO ncaa_identity: contest_id=847771 teams 1292/2484 matched, players 3464/6937 matched
2026-08-05 02:56:06,321 INFO ncaa_identity: contest_id=847976 teams 1281/2491 matched, players 2780/7005 matched
2026-08-05 02:56:07,604 INFO ncaa_identity: contest_id=848065 teams 2081/2081 matched, players 5486/5861 matched
2026-08-05 02:56:14,508 INFO ncaa_identity: contest_id=848480 teams 2415/2415 matched, players 6715/6774 matched
2026-08-05 02:56:15,744 INFO ncaa_identity: contest_id=848546 teams 1204/2372 matched, players 3308/6682 matched
2026-08-05 02:56:18,877 INFO ncaa_identity: contest_id=848703 teams 2730/2730 matched, players 7640/7724 matched
2026-08-05 02:56:20,068 INFO ncaa_identity: contest_id=848782 teams 2394/2394 matched, players 6243/6739 matched
2026-08-05 02:56:21,508 INFO ncaa_identity: contest_id=848820 teams 2329/2329 matched, players 6316/6547 matched
2026-08-05 02:56:22,903 INFO ncaa_identity: contest_id=848895 teams 1248/2459 matched, players 3579/6944 matched2026-08-05 02:56:26,638 INFO ncaa_identity: contest_id=849181 teams 1853/1853 matched, players 5131/5177 matched
22026-08-05 02:56:27,897 INFO ncaa_identity: contest_id=849175 teams 1856/1856 matched, players 5108/5205 matched2026-08-05 02:56:33,524 INFO ncaa_identity: contest_id=849499 teams 2339/2339 matched, players 6090/6588 matched
2026-08-05 02:56:34,297 INFO ncaa_identity: contest_id=849533 teams 1253/2476 matched, players 3477/6924 matched
2026-08-05 02:56:36,086 INFO ncaa_identity: contest_id=849560 teams 2598/2598 matched, players 6900/7235 matched
2026-08-05 02:56:41,224 INFO ncaa_identity: contest_id=849643 teams 2372/2372 matched, players 6412/6655 mat2026-02026-08-05 02:56:43,724 INFO ncaa_identity: contest_id=849701 teams 2174/2174 matched, players 5860/6095 mat2026-022026-08-05 02:56:45,417 INFO ncaa_identity: contest_id=849699 teams 2095/20952026-08-05 02:56:46,037 INFO n2026-08-05 02:56:49,031 INFO ncaa_identity: contest_id=849850 teams 2329/2329 matche2026-08-05 02:56:49,576 INFO n2026-082026-08-05 02:57:02,468 INFO ncaa_identity: contest_id=850380 teams 2107/2107 matched, players 5642/5957 matched
2026-08-05 02:57:04,937 INFO ncaa_identity: contest_id=850543 teams 2321/2321 matched, players 5589/6525 matched
2026-08-05 02:57:06,533 INFO ncaa_identity: contest_id=850653 teams 1319/2599 matched, players 3766/7327 matched
2026-08-05 02:57:13,654 INFO ncaa_identity: contest_id=851046 teams 2228/2228 matched, players 6092/6322 matched
2026-08-05 02:57:24,571 INFO ncaa_identity: contest_id=851655 teams 2470/2470 matched, players 5709/6936 matched
2026-08-05 02:57:26,136 INFO ncaa_identity: contest_id=851773 teams 2508/2508 matched, players 6917/7060 matched
2026-08-05 02:57:31,711 INFO ncaa_identity: contest_id=852064 teams 2029/2029 matched, players 4690/5692 matched
2026-08-05 02:57:34,660 INFO ncaa_identity: contest_id=852252 teams 2406/2406 matched, players 6781/6804 matched
2026-08-05 02:57:36,277 INFO ncaa_identity: contest_id=852299 teams 2457/2457 matched, players 6417/6937 matched
2026-08-05 02:57:38,863 INFO ncaa_identity: contest_id=852500 teams 2225/2225 matched, players 5928/6263 matched
2026-08-05 02:57:42,937 INFO ncaa_identity: contest_id=852707 teams 2065/2065 matched, players 5779/5795 matched
2026-08-05 02:57:49,981 INFO ncaa_identity: contest_id=853096 teams 1078/2177 matched, players 3131/6167 matched
2026-08-05 02:57:54,198 INFO ncaa_identity: contest_id=853392 teams 1350/1350 matched, players 330/367 matched
2026-08-05 02:58:02,604 INFO ncaa_identity: contest_id=853843 teams 2018/2018 matched, players 5522/5699 matched
2026-08-05 02:58:06,200 INFO ncaa_identity: contest_id=854062 teams 1813/1813 matched, players 4548/5082 matched
2026-08-05 02:58:11,786 INFO ncaa_identity: contest_id=854419 teams 2082/2082 matched, players 5663/5868 matched
2026-08-05 02:58:14,565 INFO ncaa_identity: contest_id=854587 teams 2201/2201 matched, players 5762/6225 matched
2026-08-05 02:58:16,247 INFO ncaa_identity: contest_id=854624 teams 2554/2554 matched, players 6872/7230 matched
2026-08-05 02:58:17,326 INFO ncaa_identity: contest_id=854690 teams 2101/2101 matched, players 5866/5946 matched
2026-08-05 02:58:29,870 INFO ncaa_identity: contest_id=855427 teams 2277/2277 matched, players 5939/6437 matched
2026-08-05 02:58:31,407 INFO ncaa_identity: contest_id=855491 teams 2920/2920 matched, players 7780/8293 matched
2026-08-05 02:58:35,476 INFO ncaa_identity: contest_id=855731 teams 2496/2496 matched, players 6801/7043 matched
2026-08-05 02:58:36,787 INFO ncaa_identity: contest_id=855799 teams 2710/2710 matched, players 7043/7659 matched
2026-08-05 02:58:42,743 INFO ncaa_identity: contest_id=856175 teams 2373/2373 matched, players 6033/6694 matched
2026-08-05 02:58:45,497 INFO ncaa_identity: contest_id=856296 teams 2085/2085 matched, players 5823/5891 matched
2026-08-05 02:58:46,571 INFO ncaa_identity: contest_id=856401 teams 2284/2284 matched, players 5700/6402 matched
2026-08-05 02:58:49,521 INFO ncaa_identity: contest_id=856563 teams 2040/2040 matched, players 5464/5739 matched
2026-08-05 02:58:55,902 INFO ncaa_identity: contest_id=856957 teams 2149/2149 matched, players 5894/5993 matched
2026-08-05 02:58:57,620 INFO ncaa_identity: contest_id=857027 teams 3221/3221 matched, players 8857/9163 matched
2026-08-05 02:59:06,079 INFO ncaa_identity: contest_id=857579 teams 1925/1925 matched, players 5275/5410 matched
2026-08-05 02:59:07,323 INFO ncaa_identity: contest_id=857651 teams 2067/2067 matched, players 5297/5837 matched
2026-08-05 02:59:08,721 INFO ncaa_identity: contest_id=857743 teams 2101/2101 matched, players 5256/5950 matched
2026-08-05 02:59:14,401 INFO ncaa_identity: contest_id=857986 teams 2177/2177 matched, players 6027/6115 matched
2026-08-05 02:59:17,075 INFO ncaa_identity: contest_id=858183 teams 1997/1997 matched, players 4742/5623 matched
2026-08-05 02:59:18,905 INFO ncaa_identity: contest_id=858233 teams 2407/2407 matched, players 6433/6823 matched
2026-08-05 02:59:19,970 INFO ncaa_identity: contest_id=858287 teams 2123/2123 matched, players 5925/6029 matched
2026-08-05 02:59:20,981 INFO ncaa_identity: contest_id=858318 teams 2267/2267 matched, players 5550/6406 matched
2026-08-05 02:59:25,392 INFO ncaa_identity: contest_id=858544 teams 2108/2108 matched, players 5486/5941 matched
2026-08-05 02:59:26,619 INFO ncaa_identity: contest_id=858601 teams 2230/2230 matched, players 5999/6240 matched
2026-08-05 02:59:27,818 INFO ncaa_identity: contest_id=858632 teams 2113/2113 matched, players 5041/5926 matched
2026-08-05 02:59:28,966 INFO ncaa_identity: contest_id=858680 teams 2268/2268 matched, players 5989/6398 matched
2026-08-05 02:59:30,572 INFO ncaa_identity: contest_id=858764 teams 2215/2215 matched, players 5970/6244 matched
2026-08-05 02:59:43,880 INFO ncaa_identity: contest_id=859184 teams 2150/2150 matched, players 5240/6100 matched
2026-08-05 02:59:45,536 INFO ncaa_identity: contest_id=859218 teams 2540/2540 matched, players 6901/7172 matched
2026-08-05 02:59:46,811 INFO ncaa_identity: contest_id=859264 teams 2362/2362 matched, players 6346/6622 matched
2026-08-05 02:59:49,794 INFO ncaa_identity: contest_id=859348 teams 2418/2418 matched, players 6599/6762 matched
2026-08-05 02:59:57,243 INFO ncaa_identity: contest_id=859492 teams 2251/2251 matched, players 5990/6311 matched
2026-08-05 02:59:59,178 INFO ncaa_identity: contest_id=859538 teams 2885/2885 matched, players 7460/8157 matched
2026-08-05 03:00:03,569 INFO ncaa_identity: contest_id=859696 teams 2122/2122 matched, players 4977/5993 matched
parsed=232 failed=0
FO ncaa_identity: contest_id=859566 teams 3226/3226 matched, players 9090/9157 matched
2026-08-05 02:59:59,392 INFO ncaa_identity: contest_id=859649 teams 2128/2128 matched, players 5831/5979 matched
2026-08-05 03:00:00,207 INFO ncaa_identity: contest_id=859680 teams 2105/2105 matched, players 5874/5905 matched
parsed=231 failed=0
est_id=859624 teams 2641/2641 matched, players 6750/7497 matc20262parsed=231 failed=0
6 INFO ncaparsed=232 failed=0
d=859556 teams 2532/2532 matched, players 6781/7150 matpa2parsed=232 failed=0
3 INFO ncaa_identity: contest_id=859686 teams 2255/2255 matched, players 6303/6305 matched
parsparsed=231 failed=0
a_identity: contest_id=859652 teams 2270/2270 matched, players 6155/6384 matched
2026-08-05 03:00:00,930 INFO ncaa_identity: contest_id=859742 teams 2269/2269 matched, players 6276/6378 matched
parsed=232 failed=0
6357 matched
2026-08-05 03:00:02,754 INFO ncaa_identity: contest_id=859698 teams 2016/2016 matched, players 5443/5696 matched
2026-08-05 03:00:04,332 INFO ncaa_identity: contest_id=859755 teams 2074/2074 matched, players 5712/5851 matched
parsed=232 failed=0
layers 6136/6435 matched
2026-08-05 03:00:03,627 INFO ncaa_identity: contest_id=859722 teams 2197/2197 matched, players 6167/6169 matched
parsed=232 failed=0
6/2106 matched, players 5484/5873 matched
2026-08-05 02:59:58,070 INFO ncaa_identity: contest_id=859657 teams 2075/2075 matched, players 5620/5785 matched2026-08-05 02026-08-05 03:00:00,566 INFO ncaa_identity: contest_id=859534 teams 2070/2070 matched, players 4892/5842026-08-05 2026-08-05 03:00:03,624 INFO ncaa_identity: contest_id=859664 teams 2137/2137 matched, players 5041/6012 matched
2026-08-05 03:00:04,166 INFO ncaa_identity: contest_id=859695 teams 2133/2133 matched, players 5817/5960 matched
2026-08-05 03:00:04,938 INFO ncaa_identity: contest_id=859720 teams 2263/2263 matched, players 5963/6409 matched
parsed=232 failed=0
ncaa_identity: contest2026-08-05 02:59:55,655 INFO 5 starters not found for period 3;parsed=231 failed2026-08-05 02:59:59,533 INFO ncaa_identity: contest_id=859689 teams 2189/2189 matched, players 6058/6163 matched
2026-08-05 03:00:00,582 INFO ncaa_identity: contest_id=859717 teams 2445/2445 matched, players 6351/6932 matched
parsed=232 failed=0
ms 1784/1784 matched, players 4542/5029 matched
2026-08-05 03:00:00,985 INFO ncaa_identity: contest_id=859700 teams 2055/2055 matched, players 5474/5811 matched
parsed=231 failed=0
EXIT=0
