seasons=2012 bundles=5763 pending=5763 force=True shard=1/6 assigned=961
2026-08-19 18:42:36,519 INFO ncaa_identity: contest_id=820707 teams 2507/2507 matched, players 6770/7043 matched
2026-08-19 18:42:38,136 INFO ncaa_identity: contest_id=820721 teams 2444/2444 matched, players 6695/6873 matched
2026-08-19 18:42:40,157 INFO ncaa_identity: contest_id=820741 teams 2557/2557 matched, players 6887/7216 matched
2026-08-19 18:42:42,927 INFO ncaa_identity: contest_id=820769 teams 2618/2618 matched, players 7230/7395 matched
2026-08-19 18:42:43,773 INFO ncaa_identity: contest_id=820775 teams 2528/2528 matched, players 6732/7113 matched
2026-08-19 18:42:44,439 INFO ncaa_identity: contest_id=820784 teams 2386/2386 matched, players 5607/6758 matched22026-08-19 18:42:47,968 INFO ncaa_identity: contest_id=820826 teams 1208/2441 matched, players 3028/6850 matched22026-08-19 18:42:48,579 INFO ncaa_identity: contest_id=820836 teams 1186/2387 matched, players 3401/6753 matched22026-08-19 18:42:49,283 INFO ncaa_identity: contest_id=820850 teams 1320/2612 matched, players 3451/7363 matched22026-08-19 18:42:50,007 INFO ncaa_identity: contest_id=820860 teams 2009/2009 matched, players 725/784 matched
2026-08-19 18:42:51,551 INFO ncaa_identity: contest_id=820912 teams 2845/2845 matched, players 7899/8033 matched
2026-08-19 18:42:52,090 INFO ncaa_identity: contest_id=820920 teams 1119/2163 matched, players 3092/6079 matched
2026-08-19 18:42:52,858 INFO ncaa_identity: contest_id=820926 teams 1276/2524 matched, players 3594/7059 matched
2026-08-19 18:42:55,041 INFO ncaa_identity: contest_id=820955 teams 1398/2830 matched, players 4008/7984 matched
2026-08-19 18:42:56,408 INFO ncaa_identity: contest_id=820992 teams 1310/2595 matched, players 3638/7317 matched
2026-08-19 18:42:57,113 INFO ncaa_identity: contest_id=821026 teams 1270/2489 matched, players 3470/7008 matched
2026-08-19 18:42:57,692 INFO ncaa_identity: contest_id=821061 teams 2132/2132 matched, players 5554/5985 mat2026-02026-08-19 18:42:59,698 INFO ncaa_identity: contest_id=821080 teams 1468/2938 matched, players 4238/8312 match202622026-08-19 18:43:02,170 INFO ncaa_identity: contest_id=821100 teams 1126/2228 matched, players 385/802 matched
2026-08-19 18:43:02,820 INFO ncaa_identity: contest_id=821114 teams 1227/2420 matched, players 3187/6776 matched
2026-08-19 18:43:05,277 INFO ncaa_identity: contest_id=821140 teams 2815/2815 matched, players 7688/7974 matched
22026-08-19 18:43:05,917 INFO ncaa_identity: contest_id=821154 teams 2650/2650 matched, players 6280/7497 match2022026-08-19 18:43:08,618 INFO ncaa_identity: contest_id=821172 teams 2581/2581 matched, players 6591/7285 matched
2026-08-19 18:43:10,043 INFO ncaa_identity: contest_id=821185 teams 1416/2847 matched, players 4105/8043 matched
2026-08-19 18:43:10,781 INFO ncaa_identity: contest_id=821193 teams 1531/2997 matched, players 3998/8516 matched
2026-08-19 18:43:11,482 INFO ncaa_identity: contest_id=821207 teams 1157/2237 matched, players 3150/6271 matche2022026-08-19 18:43:13,384 INFO ncaa_identity: contest_id=821261 teams 2591/2591 matched, players 6478/7298 matche2026-08-19 18:43:15,212 INFO ncaa_identity: contest_id=821357 teams 1098/2186 matched, players 3102/6150 matched
2022026-08-19 18:43:16,164 INFO ncaa_identity: contest_id=821325 teams 2383/2383 matched, players 6646/6691 matche2026-08-19 18:43:16,988 INFO ncaa_identity: contest_id=821484 teams 2050/2050 matched, players 5476/5782 matched
2026-08-19 18:43:17,622 INFO ncaa_identity: contest_id=821494 teams 2465/2465 matched, players 6409/6941 matched
2026-08-19 18:43:19,109 INFO ncaa_identity: contest_id=821514 teams 1480/2889 matched, players 4184/8105 matched
2026-08-19 18:43:21,918 INFO ncaa_identity: contest_id=821574 teams 1506/2936 matched, players 4129/8271 matched
2026-08-19 18:43:22,446 INFO ncaa_identity: contest_id=821588 teams 1151/2241 matched, players 3232/6311 matched
2022026-08-19 18:43:23,677 INFO ncaa_identity: contest_id=821566 teams 1543/3025 matched, players 4343/8610 matche2026-08-19 18:43:24,587 INFO ncaa_identity: contest_id=821612 teams 2680/2680 matched, players 7179/7567 matched
2022026-08-19 18:43:26,486 INFO ncaa_identity: contest_id=821610 teams 2467/2467 matched, players 6792/6969 matche2022026-08-19 18:43:27,252 INFO ncaa_identity: contest_id=821616 teams 2521/2521 matched, players 6845/7114 matched
2026-08-19 18:43:27,831 INFO ncaa_identity: contest_id=821623 teams 2040/2040 matched, players 5495/5713 matc2026-08-19 18:43:29,931 INFO ncaa_identity: contest_id=821710 teams 1229/2455 matched, players 3408/6937 matched
2026-08-19 18:43:30,531 INFO ncaa_identity: contest_id=821740 teams 1065/2156 matched, players 2996/6015 matched
2022026-08-19 18:43:32,105 INFO ncaa_identity: contest_id=821703 teams 1326/2626 matched, players 3773/7390 matche2022026-08-19 18:43:33,395 INFO ncaa_identity: contest_id=821763 teams 1178/2295 matched, players 2857/6468 matche2022026-08-19 18:43:36,077 INFO ncaa_identity: contest_id=821928 teams 2604/2604 matched, players 7187/7332 matche2022026-08-19 18:43:36,829 INFO ncaa_identity: contest_id=821939 teams 2147/2147 matched, players 5893/6042 matche2022026-08-19 18:43:37,583 INFO ncaa_identity: contest_id=821952 teams 3262/3262 matched, players 8837/9255 matche2022026-08-19 18:43:40,299 INFO ncaa_identity: contest_id=822013 teams 1267/2460 matched, players 3580/6964 matched
2026-08-19 18:43:43,755 INFO ncaa_identity: contest_id=822191 teams 2282/2282 matched, players 5813/6391 matched
2026-08-19 18:43:44,432 INFO ncaa_identity: contest_id=822261 teams 2575/2575 matched, players 7116/7154 matched
2026-08-19 18:43:45,817 INFO ncaa_identity: contest_id=822318 teams 2295/2295 matched, players 5923/6474 matched
2026-08-19 18:43:47,267 INFO ncaa_identity: contest_id=822340 teams 2667/2667 matched, players 7275/7549 matched
2026-08-19 18:43:49,872 INFO ncaa_identity: contest_id=822392 teams 2856/2856 matched, players 917/1016 matched
2026-08-19 18:43:51,177 INFO ncaa_identity: contest_id=822407 teams 2362/2362 matched, players 6151/6652 matched
2026-08-19 18:43:51,601 INFO ncaa_identity: contest_id=822415 teams 1537/1537 matched, players 393/405 matched
2026-08-19 18:43:53,419 INFO ncaa_identity: contest_id=822443 teams 1126/2303 matched, players 2940/6452 matched
2026-08-19 18:43:54,077 INFO ncaa_identity: contest_id=822465 teams 2318/2318 matched, players 6343/6561 matched
2026-08-19 18:43:54,627 INFO ncaa_identity: contest_id=822475 teams 2314/2314 matched, players 6088/6486 matche2022026-08-19 18:43:58,992 INFO ncaa_identity: contest_id=822559 teams 2385/2385 matched, players 6191/6720 matched
2026-08-19 18:43:59,731 INFO ncaa_identity: contest_id=822575 teams 2541/2541 matched, players 6676/7145 matche2022026-08-19 18:44:02,428 INFO ncaa_identity: contest_id=822620 teams 2376/2376 matched, players 6115/6701 matche2022026-08-19 18:44:03,094 INFO ncaa_identity: contest_id=822665 teams 2523/2523 matched, players 6569/7155 matche2026-08-19 18:44:04,948 INFO ncaa_identity: contest_id=822807 teams 2511/2511 matched, players 6566/7122 matched
2022026-08-19 18:44:06,242 INFO ncaa_identity: contest_id=822790 teams 2253/2253 matched, players 5846/6320 matche2022026-08-19 18:44:06,768 INFO ncaa_identity: contest_id=822796 teams 2174/2174 matched, players 6063/6117 matche2022026-08-19 18:44:10,030 INFO ncaa_identity: contest_id=822833 teams 1184/2369 matched, players 3330/6679 matched
2026-08-19 18:44:10,819 INFO ncaa_identity: contest_id=822849 teams 1390/2683 matched, players 3485/7581 matche2022026-08-19 18:44:11,461 INFO ncaa_identity: contest_id=822857 teams 2891/2891 matched, players 7682/8208 matche2022026-08-19 18:44:12,849 INFO ncaa_identity: contest_id=822871 teams 2331/2331 matched, players 6442/6566 matche2022026-08-19 18:44:14,986 INFO ncaa_identity: contest_id=822894 teams 2606/2606 matched, players 6477/7302 matched
2026-08-19 18:44:18,794 INFO ncaa_identity: contest_id=822965 teams 2444/2444 matched, players 6850/6938 matched
2026-08-19 18:44:19,439 INFO ncaa_identity: contest_id=822977 teams 1819/1819 matched, players 423/581 matche2026-08-19 18:44:21,182 INFO ncaa_identity: contest_id=823068 teams 2268/2268 matched, players 5777/6393 matched
2022026-08-19 18:44:24,505 INFO ncaa_identity: contest_id=823078 teams 2034/2034 matched, players 5245/5714 matched
2026-08-19 18:44:25,150 INFO ncaa_identity: contest_id=823090 teams 2205/2205 matched, players 5935/6199 matched
2026-08-19 18:44:26,508 INFO ncaa_identity: contest_id=823113 teams 2473/2473 matched, players 6740/6940 matche2026-08-19 18:44:26,816 INFO ncaa_identity: contest_id=823207 teams 1395/2780 match2026-08-19 18:44:27,792 INFO ncaa_identity: contest_id=823132 teams 1125/2138 matched, players 2314/5993 matched
2026-08-19 18:44:28,974 INFO ncaa_identity: contest_id=823174 teams 2271/2271 matched, players 5594/6360 matched
2026-08-19 18:44:30,240 INFO ncaa_identity: contest_id=823269 teams 1909/1909 matched, players 615/695 matched
2026-08-19 18:44:30,928 INFO ncaa_identity: contest_id=823279 teams 2368/2368 matched, players 5265/6661 matched
2026-08-19 18:44:32,798 INFO ncaa2026-08-19 18:44:33,138 INFO ncaa_identity: contest_id=823406 teams 1075/2196 m2026-08-19 18:44:33,402 INFO ncaa_i2026-08-19 18:44:36,160 INFO ncaa_identity: contest_id=823460 teams 2739/2739 matched, players 7174/7765 matched
2026-08-19 18:44:37,536 INFO ncaa_identity: contest_id=823483 teams 2246/2246 matched, players 6305/6324 matched
2026-08-19 18:44:38,142 INFO ncaa_identity: contest_id=823516 teams 1302/2620 m2026-08-19 18:44:40,177 INFO ncaa_identity: contest_id=823508 teams 2300/2300 matched, players 6422/6478 matched
2026-08-19 18:44:42,793 INFO ncaa_identity: contest_id=823557 teams 2386/2386 matched, players 6586/6716 matched
2026-08-19 18:44:44,010 INFO ncaa_identity: contest_id=823608 teams 1037/2040 matched, players 2966/5813 matched
2026-08-19 18:44:44,662 INFO ncaa_identity: contest_id=823648 teams 2614/2614 matched, players 7062/7372 matched
2026-08-19 18:44:47,191 INFO ncaa_identity: contest_id=823708 teams 2393/2393 matched, players 6379/6770 matched
2026-08-19 18:44:49,670 INFO ncaa_identity: contest_id=823794 teams 1208/2244 matched, players 3260/6304 matched
2026-08-19 18:44:50,194 INFO ncaa_identity: contest_id=823827 teams 1980/1980 matched, players 5393/5568 matched
2026-08-19 18:44:52,755 INFO ncaa_identity: contest_id=823870 teams 1019/2063 matched, players 2670/5774 matched
2026-08-19 18:44:54,102 INFO ncaa_identity: contest_id=823891 teams 2508/2508 matched, players 6318/7095 matched
2026-08-19 18:44:54,680 INFO ncaa_identity: contest_id=823899 teams 2091/2091 matched, players 5482/5855 matched
2026-08-19 18:44:55,234 INFO ncaa_identity: contest_id=823921 teams 2126/2126 matched, players 5913/6007 matched
2026-08-19 18:44:55,884 INFO ncaa_identity: contest_id=823971 teams 2289/2289 matched, players 5987/6454 matched
2026-08-19 18:44:57,116 INFO ncaa_identity: contest_id=824020 teams 1267/2533 matched, players 3559/7151 matched
2026-08-19 18:44:57,703 INFO ncaa_identity: contest_id=824061 teams 2529/2529 matched, players 7047/7153 matched
2026-08-19 18:44:58,304 INFO ncaa_identity: contest_id=824081 teams 2364/2364 matched, players 6420/6615 matched
2026-08-19 18:44:58,990 INFO ncaa_identity: contest_id=824097 teams 2131/2131 matched, players 5896/5931 matched
2026-08-19 18:45:00,325 INFO ncaa_identity: contest_id=824140 teams 2459/2459 matched, players 6899/6910 matched
2026-08-19 18:45:02,631 INFO ncaa_identity: contest_id=824206 teams 2278/2278 matched, players 5688/6454 matched
2026-08-19 18:45:03,272 INFO ncaa_identity: contest_id=824214 teams 2185/2185 matched, players 5390/6108 matched
2026-08-19 18:45:04,537 INFO ncaa_identity: contest_id=824244 teams 2147/2147 matched, players 5586/6052 matched
2026-08-19 18:45:05,221 INFO ncaa_identity: contest_id=824259 teams 2772/2772 matched, players 7786/7830 matched
2026-08-19 18:45:09,074 INFO ncaa_identity: contest_id=824424 teams 1108/2144 matched, players 2980/6042 matched
2026-08-19 18:45:09,603 INFO ncaa_identity: contest_id=824477 teams 2203/2203 matched, players 6162/6210 matched
2026-08-19 18:45:10,908 INFO ncaa_identity: contest_id=824513 teams 2563/2563 matched, players 7254/7256 matched
2026-08-19 18:45:13,432 INFO ncaa_identity: contest_id=824556 teams 2098/2098 matched, players 5510/5858 matched
2026-08-19 18:45:14,784 INFO ncaa_identity: contest_id=824590 teams 1416/2823 matched, players 3954/7928 matched
2026-08-19 18:45:17,237 INFO ncaa_identity: contest_id=824646 teams 2645/2645 matched, players 6941/7512 matched
2026-08-19 18:45:18,543 INFO ncaa_identity: contest_id=824697 teams 1329/2731 matched, players 3935/7691 matched
2026-08-19 18:45:19,306 INFO ncaa_identity: contest_id=824731 teams 2709/2709 matched, players 7569/7656 matched
2026-08-19 18:45:21,192 INFO ncaa_identity: contest_id=824771 teams 2420/2420 matched, players 6372/6824 matched
2026-08-19 18:45:23,585 INFO ncaa_identity: contest_id=824826 teams 2265/2265 matched, players 5575/6399 matched
2026-08-19 18:45:24,731 INFO ncaa_identity: contest_id=824844 teams 1503/3026 matched, players 3779/8551 matched
2026-08-19 18:45:25,478 INFO ncaa_identity: contest_id=824869 teams 1218/2389 matched, players 3444/6729 matched
2026-08-19 18:45:26,790 INFO ncaa_identity: contest_id=824950 teams 1209/2381 matched, players 3444/6741 matched
2026-08-19 18:45:27,391 INFO ncaa_identity: contest_id=825012 teams 2533/2533 matched, players 6576/7139 matched
2026-08-19 18:45:29,146 INFO ncaa_identity: contest_id=825084 teams 2093/2093 matched, players 5370/5903 matched
2026-08-19 18:45:29,802 INFO ncaa_identity: contest_id=825090 teams 2223/2223 matched, players 6062/6230 matched
2026-08-19 18:45:31,058 INFO ncaa_identity: contest_id=825118 teams 2103/2103 matched, players 5658/5915 matched
2026-08-19 18:45:31,614 INFO ncaa_identity: contest_id=825131 teams 2356/2356 matched, players 6260/6647 matched
2026-08-19 18:45:33,290 INFO ncaa_identity: contest_id=825166 teams 1276/2522 matched, players 3591/7110 matched
2026-08-19 18:45:37,042 INFO ncaa_identity: contest_id=825245 teams 2286/2286 matched, players 5966/6390 matched
2026-08-19 18:45:37,687 INFO 5 starters not found for period 3; using estimate
2026-08-19 18:45:38,890 INFO ncaa_identity: contest_id=825349 teams 1005/2089 matched, players 2930/5856 matched
2026-08-19 18:45:39,405 INFO ncaa_identity: contest_id=825396 teams 1106/2156 matched, players 3116/6082 matched
2026-08-19 18:45:40,051 INFO ncaa_identity: contest_id=825433 teams 2412/2412 matched, players 6384/6834 matched
2026-08-19 18:45:40,556 INFO ncaa_identity: contest_id=825441 teams 1846/1846 matched, players 4859/5155 matched
2026-08-19 18:45:43,784 INFO ncaa_identity: contest_id=825502 teams 1204/2417 matched, players 3119/6782 matched
2026-08-19 18:45:44,956 INFO ncaa_identity: contest_id=825537 teams 1134/2232 matched, players 3137/6319 matched
2026-08-19 18:45:47,597 INFO ncaa_identity: contest_id=825595 teams 1382/2705 matched, players 3841/7602 matched
2026-08-19 18:45:48,912 INFO ncaa_identity: contest_id=825621 teams 1252/2490 matched, players 3492/6999 matched
2026-08-19 18:45:50,193 INFO ncaa_identity: contest_id=825651 teams 2325/2325 matched, players 5964/6540 matched
2026-08-19 18:45:51,476 INFO ncaa_identity: contest_id=825684 teams 2435/2435 matched, players 6299/6856 matched
2026-08-19 18:45:52,123 INFO ncaa_identity: contest_id=825696 teams 1265/2520 matched, players 3462/7087 matched
2026-08-19 18:45:52,834 INFO ncaa_identity: contest_id=825752 teams 2266/2266 matched, players 5599/6323 matched
2026-08-19 18:45:54,823 INFO ncaa_identity: contest_id=825779 teams 2559/2559 matched, players 6677/7199 matched
2026-08-19 18:45:56,608 INFO ncaa_identity: contest_id=825807 teams 1186/2383 matched, players 3248/6645 matched
2026-08-19 18:45:59,111 INFO ncaa_identity: contest_id=825856 teams 1957/1957 matched, players 5213/5508 matched
2026-08-19 18:45:59,641 INFO ncaa_identity: contest_id=825863 teams 2359/2359 matched, players 5531/6634 matched
2026-08-19 18:46:01,669 INFO ncaa_identity: contest_id=825942 teams 1112/2209 matched, players 3082/6206 matched
2026-08-19 18:46:03,609 INFO ncaa_identity: contest_id=826017 teams 2534/2534 matched, players 6548/7180 matched
2026-08-19 18:46:04,468 INFO ncaa_identity: contest_id=826025 teams 2800/2800 matched, players 7321/7915 matched
2026-08-19 18:46:06,445 INFO ncaa_identity: contest_id=826096 teams 2545/2545 matched, players 6392/7170 matched
2026-08-19 18:46:07,661 INFO ncaa_identity: contest_id=826118 teams 2228/2228 matched, players 6097/6253 matched
2026-08-19 18:46:08,283 INFO ncaa_identity: contest_id=826125 teams 1111/2167 matched, players 3101/6082 matched
2026-08-19 18:46:09,570 INFO ncaa_identity: contest_id=826144 teams 2645/2645 matched, players 7451/7465 matched
2026-08-19 18:46:10,761 INFO ncaa_identity: contest_id=826161 teams 2397/2397 matched, players 6290/6740 matched
2026-08-19 18:46:11,324 INFO ncaa_identity: contest_id=826174 teams 1108/2149 matched, players 3043/6041 matched
2026-08-19 18:46:12,512 INFO ncaa_identity: contest_id=826202 teams 1257/2437 matched, players 3414/6865 matched
2026-08-19 18:46:13,220 INFO ncaa_identity: contest_id=826234 teams 2151/2151 matched, players 5515/6009 matched
2026-08-19 18:46:14,494 INFO ncaa_identity: contest_id=826248 teams 2247/2247 matched, players 5997/6308 matched
2026-08-19 18:46:15,062 INFO ncaa_identity: contest_id=826256 teams 2371/2371 matched, players 6375/6677 matched
2026-08-19 18:46:16,265 INFO ncaa_identity: contest_id=826269 teams 2008/2008 matched, players 5266/5635 matched
2026-08-19 18:46:19,070 INFO ncaa_identity: contest_id=826325 teams 1872/1872 matched, players 4714/5223 matched
2026-08-19 18:46:20,237 INFO ncaa_identity: contest_id=826337 teams 2774/2774 matched, players 7179/7830 matched
2026-08-19 18:46:20,858 INFO ncaa_identity: contest_id=826345 teams 2049/2049 matched, players 5459/5779 matched
2026-08-19 18:46:21,360 INFO ncaa_identity: contest_id=826353 teams 1070/2204 matched, players 3117/6233 matched
2026-08-19 18:46:21,982 INFO ncaa_identity: contest_id=826369 teams 2019/2019 matched, players 5451/5647 matched
2026-08-19 18:46:22,493 INFO ncaa_identity: contest_id=826375 teams 2004/2004 matched, players 5500/5613 matched
2026-08-19 18:46:24,380 INFO ncaa_identity: contest_id=826393 teams 2370/2370 matched, players 6498/6709 matched
2026-08-19 18:46:27,441 INFO ncaa_identity: contest_id=826428 teams 1885/1885 matched, players 5230/5290 matched
2026-08-19 18:46:28,106 INFO ncaa_identity: contest_id=826434 teams 2089/2089 matched, players 5572/5870 matched
2026-08-19 18:46:28,644 INFO ncaa_identity: contest_id=826440 teams 1971/1971 matched, players 5352/5487 matched
2026-08-19 18:46:29,908 INFO ncaa_identity: contest_id=826455 teams 1033/1960 matched, players 2894/5515 matched
2026-08-19 18:46:31,263 INFO ncaa_identity: contest_id=826470 teams 2555/2555 matched, players 7031/7227 matched
2026-08-19 18:46:32,527 INFO ncaa_identity: contest_id=826485 teams 2350/2350 matched, players 6149/6621 matched
2026-08-19 18:46:33,069 INFO ncaa_identity: contest_id=826491 teams 2319/2319 matched, players 6084/6545 matched
2026-08-19 18:46:34,373 INFO ncaa_identity: contest_id=826503 teams 2080/2080 matched, players 3050/5840 matched
2026-08-19 18:46:34,977 INFO ncaa_identity: contest_id=826509 teams 2458/2458 matched, players 6892/6949 matched
2026-08-19 18:46:35,646 INFO ncaa_identity: contest_id=826515 teams 1118/2237 matched, players 2963/6278 matched
2026-08-19 18:46:36,195 INFO ncaa_identity: contest_id=826522 teams 1189/2323 matched, players 3238/6529 matched
2026-08-19 18:46:38,700 INFO ncaa_identity: contest_id=826547 teams 2435/2435 matched, players 6715/6854 matched
2026-08-19 18:46:41,189 INFO ncaa_identity: contest_id=826573 teams 2590/2590 matched, players 6869/7347 matched
2026-08-19 18:46:42,215 INFO ncaa_identity: contest_id=826609 teams 2240/2240 matched, players 6174/6286 matched
2026-08-19 18:46:44,104 INFO ncaa_identity: contest_id=826635 teams 2214/2214 matched, players 6128/6218 matched
2026-08-19 18:46:45,250 INFO ncaa_identity: contest_id=826652 teams 2523/2523 matched, players 7119/7171 matched
2026-08-19 18:46:47,184 INFO ncaa_identity: contest_id=826679 teams 2013/2013 matched, players 5200/5654 matched
2026-08-19 18:46:49,816 INFO ncaa_identity: contest_id=826805 teams 2641/2641 matched, players 7387/7434 matched
2026-08-19 18:46:50,344 INFO ncaa_identity: contest_id=826820 teams 1955/1955 matched, players 5220/5451 matched
2026-08-19 18:46:50,923 INFO ncaa_identity: contest_id=826830 teams 1156/2222 matched, players 3134/6232 matched
2026-08-19 18:46:52,751 INFO ncaa_identity: contest_id=826885 teams 1334/2594 matched, players 3677/7366 matched
2026-08-19 18:46:53,850 INFO ncaa_identity: contest_id=826996 teams 1799/1799 matched, players 4052/5028 matched
2026-08-19 18:46:54,510 INFO ncaa_identity: contest_id=827003 teams 2364/2364 matched, players 6650/6703 matched
2026-08-19 18:46:55,814 INFO ncaa_identity: contest_id=827020 teams 2514/2514 matched, players 6439/7107 matched
2026-08-19 18:47:01,409 INFO ncaa_identity: contest_id=827118 teams 1206/2402 matched, players 3082/6771 matched
2026-08-19 18:47:03,280 INFO ncaa_identity: contest_id=827155 teams 3265/3265 matched, players 9006/9268 matched
2026-08-19 18:47:03,890 INFO ncaa_ide2026-08-19 18:47:04,004 INFO ncaa_identity: contest_id=827183 teams 2769/27692026-08-19 18:47:04,729 INFO ncaa_ide2026-08-19 18:47:06,600 INFO ncaa_identity: contest_id=827222 teams 2034/2034 matched, players 5485/5711 matched
2026-08-19 18:47:07,254 INFO ncaa_identity: contest_id=827234 teams 1371/2686 matched, players 3788/7558 matched
2026-08-19 18:47:07,867 INFO ncaa_identity: contest_id=827265 teams 2016/2016 matched, players 5627/5703 matched
2026-08-19 18:47:08,382 INFO ncaa_identity: contest_id=827281 teams 2036/2036 matched, players 5258/5730 matched
2026-08-19 18:47:09,612 INFO ncaa_identity: contest_id=827312 teams 2274/2274 matched, players 5994/6416 matched
2026-08-19 18:47:13,083 INFO ncaa_identity: contest_id=827448 teams 2251/2251 matched, players 6202/6362 matched
2026-08-19 18:47:16,454 INFO ncaa_identity: contest_id=827578 teams 2566/2566 matched, players 7137/7227 matched
2026-08-19 18:47:17,532 INFO ncaa_identity: contest_id=827591 teams 2072/2072 matched, players 5477/5832 matched
2026-08-19 18:47:18,208 INFO ncaa_identity: contest_id=827605 teams 2583/2583 matched, players 6636/7301 matched
2026-08-19 18:47:19,555 INFO ncaa_identity: contest_id=827627 teams 2590/2590 matched, players 6968/7286 matched
2026-08-19 18:47:20,983 INFO ncaa_identity: contest_id=827643 teams 2270/2270 matched, players 5603/6348 matched
2026-08-19 18:47:23,301 INFO ncaa_identity: contest_id=827734 teams 2270/2270 matched, players 6019/6408 matched
2026-08-19 18:47:23,918 INFO ncaa_identity: contest_id=827790 teams 1995/1995 matched, players 5339/5618 matched
2026-08-19 18:47:25,153 INFO ncaa_identity: contest_id=827824 teams 2521/2521 matched, players 6624/7102 matched
2026-08-19 18:47:26,293 INFO ncaa_identity: contest_id=827851 teams 2391/2391 matched, players 5642/6800 matched
2026-08-19 18:47:26,952 INFO ncaa_identity: contest_id=827870 teams 2183/2183 matched, players 5703/6144 matched
2026-08-19 18:47:29,587 INFO ncaa_identity: contest_id=827928 teams 2212/2212 matched, players 6170/6233 matched
2026-08-19 18:47:30,058 INFO ncaa_identity: contest_id=827940 teams 2167/2167 matched, players 6046/6086 matched
2026-08-19 18:47:30,659 INFO ncaa_identity: contest_id=827952 teams 2423/2423 matched, players 6293/6838 matched
2026-08-19 18:47:31,964 INFO ncaa_identity: contest_id=827973 teams 2460/2460 matched, players 6660/6953 matched
2026-08-19 18:47:37,040 INFO ncaa_identity: contest_id=828075 teams 2206/2206 matched, players 6167/6202 matched
2026-08-19 18:47:38,089 INFO ncaa_identity: contest_id=828158 teams 2127/2127 matched, players 5874/5987 matched
2026-08-19 18:47:39,917 INFO ncaa_identity: contest_id=828264 teams 2468/2468 matched, players 6553/6947 matched
2026-08-19 18:47:40,480 INFO ncaa_identity: contest_id=828279 teams 1112/2261 matched, players 3193/6424 matched
2026-08-19 18:47:40,955 INFO ncaa_identity: contest_id=828295 teams 2116/2116 matched, players 5057/5947 matched
2026-08-19 18:47:41,687 INFO ncaa_identity: contest_id=828304 teams 2974/2974 matched, players 8021/8413 matched
2026-08-19 18:47:43,532 INFO ncaa_identity: contest_id=828363 teams 2323/2323 matched, players 6018/6510 matched
2026-08-19 18:47:46,557 INFO ncaa_identity: contest_id=828495 teams 2296/2296 matched, players 6039/6481 matched
2026-08-19 18:47:47,099 INFO ncaa_identity: contest_id=828520 teams 2114/21142026-08-19 18:47:49,415 INFO ncaa_identity: contest_id=828556 teams 2408/2408 matched, players 6384/6776 matched
2026-08-19 18:47:49,996 INFO ncaa_ide2026-08-19 18:47:50,525 INFO ncaa_identity: contest_id=828642 teams 2504/25042026-08-19 18:47:50,616 INFO ncaa_ide2026-08-19 18:47:51,599 INFO ncaa_identity: contest_id=828661 teams 2095/2095 matched, players 5547/5875 matched
2026-08-19 18:47:56,470 INFO ncaa_identity: contest_id=828777 teams 1288/26002026-08-19 18:47:56,772 INFO ncaa_ide2026-08-19 18:47:58,897 INFO ncaa_identity: contest_id=828895 teams 2079/2079 matched, players 5383/5886 matched
2026-08-19 18:47:59,491 INFO ncaa_identity: contest_id=828909 teams 2359/2359 matched, players 6273/6647 matched
2026-08-19 18:48:01,880 INFO ncaa_identity: contest_id=828960 teams 2126/2126 matched, players 5864/5950 matched
2026-08-19 18:48:05,987 INFO ncaa_identity: contest_id=829056 teams 2618/2618 matched, players 7390/7391 matched
2026-08-19 18:48:07,174 INFO ncaa_identity: contest_id=829077 teams 1142/2226 matched, players 3238/6311 matched
2026-08-19 18:48:08,501 INFO ncaa_identity: contest_id=829110 teams 2300/2300 matched, players 6447/6455 matched
2026-08-19 18:48:08,974 INFO ncaa_identity: contest_id=829121 teams 2144/2144 matched, players 5117/6045 matched
2026-08-19 18:48:10,183 INFO ncaa_identity: contest_id=829135 teams 2008/2008 matched, players 5063/5636 matched
2026-08-19 18:48:11,941 INFO ncaa_identity: contest_id=829215 teams 2048/2048 matched, players 5382/5723 matched
2026-08-19 18:48:13,543 INFO ncaa_identity: contest_id=829338 teams 2854/2854 matched, players 7770/8103 matched
2026-08-19 18:48:15,624 INFO ncaa_identity: contest_id=829369 teams 2235/2235 matched, players 6083/6286 matched
2026-08-19 18:48:19,506 INFO ncaa_identity: contest_id=829483 teams 2602/2602 matched, players 6930/7312 matched
2026-08-19 18:48:20,753 INFO ncaa_identity: contest_id=829559 teams 1931/1931 matched, players 5331/5423 matched
2026-08-19 18:48:21,540 INFO ncaa_identity: contest_id=829575 teams 2694/2694 matched, players 7624/7626 matched
2026-08-19 18:48:22,724 INFO ncaa_identity: contest_id=829606 teams 2164/2164 matched, players 5030/6126 matched
2026-08-19 18:48:23,359 INFO ncaa_identity: contest_id=829626 teams 2431/2431 matched, players 6823/6842 matched
2026-08-19 18:48:23,971 INFO ncaa_identity: contest_id=829636 teams 2481/2481 matched, players 6524/6988 matched
2026-08-19 18:48:24,755 INFO 5 starters not found for period 3; using estimate
2026-08-19 18:48:27,626 INFO ncaa_identity: contest_id=829769 teams 1872/1872 matched, players 4730/5266 matched
2026-08-19 18:48:28,233 INFO ncaa_identity: contest_id=829783 teams 2614/2614 matched, players 7175/7366 matched
2026-08-19 18:48:30,105 INFO ncaa_identity: contest_id=829821 teams 1164/2305 matched, players 2923/6475 matched
2026-08-19 18:48:30,703 INFO ncaa_identity: contest_id=829830 teams 2528/2528 matched, players 6667/7082 matched
2026-08-19 18:48:33,350 INFO ncaa_identity: contest_id=829976 teams 2317/2317 matched, players 6191/6527 matched
2026-08-19 18:48:34,625 INFO ncaa_identity: contest_id=830011 teams 1914/1914 matched, players 5087/5354 matched
2026-08-19 18:48:38,110 INFO ncaa_identity: contest_id=830103 teams 2484/2484 matched, players 6841/7006 matched
2026-08-19 18:48:40,008 INFO ncaa_identity: contest_id=830145 teams 2729/2729 matched, players 7373/7716 matched
2026-08-19 18:48:40,683 INFO ncaa_identity: contest_id=830155 teams 2258/2258 matched, players 6106/6361 matched
2026-08-19 18:48:41,191 INFO ncaa_identity: contest_id=830164 teams 2030/2030 matched, players 5143/5736 matched
2026-08-19 18:48:42,575 INFO ncaa_identity: contest_id=830189 teams 2831/2831 matched, players 7664/7970 matched
2026-08-19 18:48:43,062 INFO ncaa_identity: contest_id=830211 teams 2084/2084 matched, players 5381/5892 matched
2026-08-19 18:48:44,426 INFO ncaa_identity: contest_id=830234 teams 2327/2327 matched, players 6249/6552 matched
2026-08-19 18:48:46,950 INFO ncaa_identity: contest_id=830280 teams 2473/2473 matched, players 6561/7006 m2026-08-2026-08-19 18:48:47,467 INFO ncaa_identity: contest_id=830345 teams 2096/2096 matched, players 5764/5915 m2026-08-2026-08-19 18:48:49,779 INFO ncaa_identity: contest_id=830467 teams 1962/1962 matched, players 5434/5507 m2026-08-2026-08-19 18:48:51,064 INFO ncaa_identity: contest_id=830487 teams 2498/2498 matched, players 6550/7031 matched
2026-08-19 18:48:58,186 INFO ncaa_identity: contest_id=830738 teams 2599/2599 matched, players 6954/7368 matched
2026-08-19 18:48:58,861 INFO ncaa_identity: contest_id=830754 teams 2133/2133 matched, players 5221/5982 matched
2026-08-19 18:49:00,687 INFO ncaa_identity: contest_id=830842 teams 2111/2111 matched, players 5618/5959 matched
2026-08-19 18:49:07,643 INFO ncaa_identity: contest_id=831056 teams 2187/2187 matched, players 5560/6161 matched
2026-08-19 18:49:08,684 INFO ncaa_identity: contest_id=831081 teams 2148/2148 matched, players 5788/6066 matched
2026-08-19 18:49:11,072 INFO ncaa_identity: contest_id=831139 teams 2165/2165 matched, players 5612/6100 matched
2026-08-19 18:49:17,165 INFO ncaa_identity: contest_id=831291 teams 2304/2304 matched, players 5549/6495 matched
2026-08-19 18:49:17,739 INFO ncaa_identity: contest_id=831304 teams 1976/1976 matched, players 5093/5594 matched
2026-08-19 18:49:22,190 INFO ncaa_identity: contest_id=831518 teams 2263/2263 matched, players 6112/6371 matched
2026-08-19 18:49:23,237 INFO ncaa_identity: contest_id=831551 teams 1655/1655 matched, players 640/645 matched
2026-08-19 18:49:24,520 INFO ncaa_identity: contest_id=831569 teams 2388/2388 matched, players 6382/6684 matched
2026-08-19 18:49:27,184 INFO ncaa_identity: contest_id=831690 teams 2084/2084 matched, players 5834/5842 matched
2026-08-19 18:49:27,822 INFO ncaa_identity: contest_id=831705 teams 2435/2435 matched, players 6803/6872 matched
2026-08-19 18:49:29,991 INFO ncaa_identity: contest_id=831754 teams 2284/2284 matched, players 6328/6438 matched
2026-08-19 18:49:33,598 INFO ncaa_identity: contest_id=831902 teams 2363/2363 matched, players 6256/6636 matched
2026-08-19 18:49:34,173 INFO ncaa_identity: contest_id=831910 teams 2593/2593 matched, players 7126/7299 matched
2026-08-19 18:49:37,221 INFO ncaa_identity: contest_id=831958 teams 994/1960 matched, players 2760/5519 matched
2026-08-19 18:49:39,095 INFO ncaa_identity: contest_id=832026 teams 1013/2074 matched, players 399/800 matched
2026-08-19 18:49:41,450 INFO ncaa_identity: contest_id=832132 teams 2337/2337 matched, players 6106/6575 matched
2026-08-19 18:49:46,542 INFO ncaa_identity: contest_id=832248 teams 2081/2081 matched, players 719/735 matched
2026-08-19 18:49:47,794 INFO ncaa_identity: contest_id=832275 teams 2311/2311 matched, players 5928/6502 matched
2026-08-19 18:49:50,391 INFO ncaa_identity: contest_id=832321 teams 2215/2215 matched, players 5815/6133 matched
2026-08-19 18:49:51,084 INFO ncaa_identity: contest_id=832338 teams 1264/2464 matched, players 3541/6934 matched
2026-08-19 18:49:54,905 INFO ncaa_identity: contest_id=832458 teams 1958/1958 matched, players 5506/5517 matched
2026-08-19 18:50:00,794 INFO ncaa_identity: contest_id=832722 teams 1128/2124 matched, players 3048/5969 matched
2026-08-19 18:50:02,037 INFO ncaa_identity: contest_id=832783 teams 2541/2541 matched, players 7099/7191 matched
2026-08-19 18:50:02,781 INFO ncaa_identity: contest_id=832798 teams 2632/2632 matched, players 6954/7456 matched
2026-08-19 18:50:04,066 INFO ncaa_identity: contest_id=832826 teams 1125/2227 matched, players 2756/6230 matched
2026-08-19 18:50:05,856 INFO ncaa_identity: contest_id=832869 teams 2381/2381 matched, players 6285/6704 matched
2026-08-19 18:50:07,840 INFO ncaa_identity: contest_id=832968 teams 2287/2287 matched, players 5849/6451 matched
2026-08-19 18:50:09,594 INFO ncaa_identity: contest_id=832998 teams 2095/2095 matched, players 5803/5860 matched
2026-08-19 18:50:13,822 INFO ncaa_identity: contest_id=833110 teams 2118/2118 matched, players 5427/5969 matched
2026-08-19 18:50:14,359 INFO ncaa_identity: contest_id=833164 teams 1840/1840 matched, players 5096/5129 matched
2026-08-19 18:50:15,053 INFO ncaa_identity: contest_id=833180 teams 2329/2329 matched, players 6164/6519 matched
2026-08-19 18:50:18,538 INFO ncaa_identity: contest_id=833253 teams 2481/2481 matched, players 6864/7032 matched
2026-08-19 18:50:20,461 INFO ncaa_identity: contest_id=833289 teams 1965/1965 matched, players 5440/5485 matched
2026-08-19 18:50:21,755 INFO ncaa_identity: contest_id=833325 teams 2583/2583 matched, players 6865/7294 matched
2026-08-19 18:50:23,938 INFO ncaa_identity: contest_id=833365 teams 2704/2704 matched, players 7255/7628 matched
2026-08-19 18:50:24,463 INFO ncaa_identity: contest_id=833388 teams 2097/2097 matched, players 5422/5907 matched
2026-08-19 18:50:25,046 INFO ncaa_identity: contest_id=833401 teams 2369/2369 matched, players 6410/6722 matched
2026-08-19 18:50:29,396 INFO ncaa_identity: contest_id=833626 teams 2209/2209 matched, players 5706/6210 matched
2026-08-19 18:50:30,554 INFO ncaa_identity: contest_id=833645 teams 1739/1739 matched, players 712/714 matched
2026-08-19 18:50:31,059 INFO ncaa_identity: contest_id=833660 teams 2043/2043 matched, players 5203/5750 matched
2026-08-19 18:50:31,696 INFO ncaa_identity: contest_id=833673 teams 2132/2132 matched, players 5754/6042 matched
2026-08-19 18:50:32,221 INFO ncaa_identity: contest_id=833689 teams 2369/2369 matched, players 5630/6668 matched
2026-08-19 18:50:34,047 INFO ncaa_identity: contest_id=833745 teams 2462/2462 matched, players 6949/6985 matched
2026-08-19 18:50:34,767 INFO ncaa_identity: contest_id=833756 teams 2315/2315 matched, players 6172/6529 matched
2026-08-19 18:50:35,331 INFO ncaa_identity: contest_id=833773 teams 2279/2279 matched, players 6364/6372 matched
2026-08-19 18:50:38,717 INFO ncaa_identity: contest_id=833899 teams 1955/1955 matched, players 5316/5534 matched
2026-08-19 18:50:39,930 INFO ncaa_identity: contest_id=833923 teams 2284/2284 matched, players 6280/6446 matched
2026-08-19 18:50:42,464 INFO ncaa_identity: contest_id=833964 teams 2392/2392 matched, players 6151/6752 matched
2026-08-19 18:50:42,981 INFO ncaa_identity: contest_id=833985 teams 2120/2120 matched, players 5647/5999 matched
2026-08-19 18:50:47,270 INFO ncaa_identity: contest_id=834195 teams 2509/2509 matched, players 5370/7069 matched
2026-08-19 18:50:49,161 INFO ncaa_identity: contest_id=834245 teams 2092/2092 matched, players 5525/5868 matched
2026-08-19 18:50:49,808 INFO ncaa_identity: contest_id=834265 teams 2745/2745 matched, players 7502/7726 matched
2026-08-19 18:50:50,968 INFO ncaa_identity: contest_id=834292 teams 1760/1760 matched, players 4614/4942 matched
2026-08-19 18:50:52,167 INFO ncaa_identity: contest_id=834331 teams 2067/2067 matched, players 5402/5809 matched
2026-08-19 18:50:52,699 INFO ncaa_identity: contest_id=834344 teams 2077/2077 matched, players 5719/5827 matched
2026-08-19 18:50:56,787 INFO ncaa_identity: contest_id=834551 teams 1966/1966 matched, players 5091/5559 matched
2026-08-19 18:51:01,790 INFO ncaa_identity: contest_id=834599 teams 2003/2003 matched, players 5367/5615 matched
2026-08-19 18:51:02,399 INFO ncaa_identity: contest_id=834605 teams 1968/1968 matched, players 5152/5499 matched
2026-08-19 18:51:03,006 INFO ncaa_identity: contest_id=834666 teams 2422/2422 matched, players 6752/6783 matched
2026-08-19 18:51:03,678 INFO ncaa_identity: contest_id=834676 teams 2317/2317 matched, players 6404/6551 matched
2026-08-19 18:51:04,379 INFO ncaa_identity: contest_id=834693 teams 2378/2378 matched, players 6264/6687 matched
2026-08-19 18:51:05,648 INFO ncaa_identity: contest_id=834714 teams 1974/1974 matched, players 3960/5529 matched
2026-08-19 18:51:06,697 INFO ncaa_identity: contest_id=834746 teams 1920/1920 matched, players 5169/5410 matched
2026-08-19 18:51:09,926 INFO ncaa_identity: contest_id=834876 teams 2351/2351 matched, players 6084/6587 matched
2026-08-19 18:51:11,950 INFO 5 starters not found for period 3; using estimate
2026-08-19 18:51:13,172 INFO ncaa_identity: contest_id=834917 teams 2491/2491 matched, players 6648/7073 matched
2026-08-19 18:51:14,376 INFO ncaa_identity: contest_id=834982 teams 2350/2350 matched, players 6497/6631 matched
2026-08-19 18:51:19,810 INFO ncaa_identity: contest_id=835061 teams 1329/2579 matched, players 3728/7295 matched
2026-08-19 18:51:21,659 INFO ncaa_identity: contest_id=835181 teams 1959/1959 matched, players 5425/5534 matched
2026-08-19 18:51:22,292 INFO ncaa_identity: contest_id=835192 teams 2332/2332 matched, players 6378/6531 matched
2026-08-19 18:51:24,943 INFO ncaa_identity: contest_id=835232 teams 2176/2176 matched, players 5700/6113 matched
2026-08-19 18:51:26,962 INFO ncaa_identity: contest_id=835255 teams 2425/2425 matched, players 6432/6807 matched
2026-08-19 18:51:27,480 INFO ncaa_identity: contest_id=835264 teams 1827/1827 matched, players 5070/5116 matched
2026-08-19 18:51:29,335 INFO ncaa_identity: contest_id=835285 teams 2393/2393 matched, players 5846/6748 matched
2026-08-19 18:51:30,460 INFO 5 starters not found for period 3; using estimate
2026-08-19 18:51:30,460 INFO 5 starters not found for period 3; using estimate
2026-08-19 18:51:33,294 INFO ncaa_identity: contest_id=835336 teams 1879/1879 matched, players 4750/5226 matched
2026-08-19 18:51:33,966 INFO ncaa_identity: contest_id=835343 teams 2343/2343 matched, players 6573/6595 matched
2026-08-19 18:51:34,481 INFO ncaa_identity: contest_id=835353 teams 2328/2328 matched, players 6371/6543 matched
2026-08-19 18:51:35,063 INFO ncaa_identity: contest_id=835362 teams 2285/2285 matched, players 6407/6423 matched
2026-08-19 18:51:35,733 INFO ncaa_identity: contest_id=835412 teams 2035/2035 matched, players 5040/5705 matched
2026-08-19 18:51:38,378 INFO ncaa_identity: contest_id=835519 teams 2233/2233 matched, players 5631/6298 matched
2026-08-19 18:51:41,337 INFO ncaa_identity: contest_id=835550 teams 2282/2282 matched, players 5880/6403 matched
2026-08-19 18:51:44,704 INFO ncaa_identity: contest_id=835615 teams 1917/1917 matched, players 5382/5401 matched
2026-08-19 18:51:45,237 INFO ncaa_identity: contest_id=835621 teams 2002/2002 matched, players 5298/5663 matched
2026-08-19 18:51:48,984 INFO ncaa_identity: contest_id=835702 teams 1915/1915 matched, players 5046/5373 matched
2026-08-19 18:51:51,475 INFO ncaa_identity: contest_id=835748 teams 2235/2235 matched, players 5759/6295 matched
2026-08-19 18:51:53,380 INFO ncaa_identity: contest_id=835816 teams 2529/2529 matched, players 6686/7155 matched
2026-08-19 18:51:55,246 INFO ncaa_identity: contest_id=835854 teams 2213/2213 matched, players 6058/6244 matched
2026-08-19 18:51:55,798 INFO ncaa_identity: contest_id=835860 teams 2328/2328 matched, players 6086/6546 matched
2026-08-19 18:51:56,435 INFO ncaa_identity: contest_id=835866 teams 2153/2153 matched, players 5981/6001 matched
2026-08-19 18:52:01,147 INFO ncaa_identity: contest_id=835914 teams 2294/2294 matched, players 6357/6508 matched
2026-08-19 18:52:02,538 INFO ncaa_identity: contest_id=835949 teams 2194/2194 matched, players 5595/6087 matched
2026-08-19 18:52:05,246 INFO ncaa_identity: contest_id=836009 teams 2374/2374 matched, players 6303/6682 matched
2026-08-19 18:52:13,508 INFO ncaa_identity: contest_id=836113 teams 2270/2270 matched, players 6104/6391 matched
2026-08-19 18:52:14,171 INFO ncaa_identity: contest_id=836120 teams 2364/2364 matched, players 6558/6675 matched
2026-08-19 18:52:14,885 INFO ncaa_identity: contest_id=836127 teams 2555/2555 matched, players 6951/7185 matched
2026-08-19 18:52:15,785 INFO ncaa_identity: contest_id=836133 teams 3585/3585 matched, players 8602/10156 matched
2026-08-19 18:52:20,491 INFO ncaa_identity: contest_id=836176 teams 2114/2114 matched, players 5704/5899 matched
2026-08-19 18:52:23,314 INFO ncaa_identity: contest_id=836214 teams 2275/2275 matched, players 5820/6395 matched
2026-08-19 18:52:26,207 INFO ncaa_identity: contest_id=836286 teams 2300/2300 matched, players 5952/6458 matched
2026-08-19 18:52:28,600 INFO ncaa_identity: contest_id=836328 teams 2163/2163 matched, players 5542/6062 matched
2026-08-19 18:52:29,288 INFO ncaa_identity: contest_id=836334 teams 2451/2451 matched, players 6551/6889 matched
2026-08-19 18:52:33,838 INFO ncaa_identity: contest_id=836387 teams 2265/2265 matched, players 5915/6425 matched
2026-08-19 18:52:35,016 INFO ncaa_identity: contest_id=836401 teams 2042/2042 matched, players 5468/5727 matched
2026-08-19 18:52:37,027 INFO ncaa_identity: contest_id=836421 teams 2085/2085 matched, players 5831/5857 matched
parsed=960 failed=0
692 teams 2091/2091 matched, players 5199/5897 matched
2026-08-19 18:51:54,030 INFO ncaa_identity: contest_id=835704 teams 2438/2438 matched, players 6643/6851 matched
2026-08-19 18:52:02,681 INFO ncaa_identity: contest_id=835880 teams 2414/2414 matched, players 6458/6812 matched
2026-08-19 18:52:03,810 INFO ncaa_identity: contest_id=835892 teams 2451/2451 matched, players 5704/6871 matched
2026-08-19 18:52:05,220 INFO ncaa_identity: contest_id=835904 teams 1960/1960 matched, players 5021/5501 matched
2026-08-19 18:52:06,445 INFO ncaa_identity: contest_id=835916 teams 2380/2380 matched, players 6560/6678 matched
2026-08-19 18:52:07,661 INFO ncaa_identity: contest_id=835955 teams 2383/2383 matched, players 6406/6668 matched
2026-08-19 18:52:08,271 INFO ncaa_identity: contest_id=835982 teams 2309/2309 matched, players 5943/6491 matched
2026-08-19 18:52:08,991 INFO ncaa_identity: contest_id=835993 teams 2482/2482 matched, players 6497/6973 matched
2026-08-19 18:52:10,681 INFO ncaa_identity: contest_id=836019 teams 1883/1883 matched, players 4871/5327 matched
2026-08-19 18:52:11,929 INFO ncaa_identity: contest_id=836040 teams 2071/2071 matched, players 5748/5806 matched
2026-08-19 18:52:12,406 INFO ncaa_identity: contest_id=836050 teams 1861/1861 matched, players 5178/5255 matched
2026-08-19 18:52:13,703 INFO ncaa_identity: contest_id=836063 teams 2312/2312 matched, players 6209/6514 matched
2026-08-19 18:52:15,549 INFO ncaa_identity: contest_id=836081 teams 1803/1803 matched, players 5013/5070 matched
2026-08-19 18:52:16,311 INFO ncaa_identity: contest_id=836087 teams 2823/2823 matched, players 7516/8006 matched
2026-08-19 18:52:16,771 INFO ncaa_identity: contest_id=836096 teams 1985/1985 matched, players 5564/5571 matched
2026-08-19 18:52:17,420 INFO ncaa_identity: contest_id=836102 teams 2763/2763 matched, players 7333/7786 matched
2026-08-19 18:52:21,426 INFO ncaa_identity: contest_id=836141 teams 2120/2120 matched, players 5370/5944 matched
2026-08-19 18:52:24,537 INFO ncaa_identity: contest_id=836180 teams 1791/1791 matched, players 4696/4992 matched
2026-08-19 18:52:25,140 INFO ncaa_identity: contest_id=836186 teams 2448/2448 matched, players 6505/6902 matched
2026-08-19 18:52:29,531 INFO ncaa_identity: contest_id=836252 teams 2565/2565 matched, players 6678/7288 matched
2026-08-19 18:52:30,740 INFO ncaa_identity: contest_id=836292 teams 2460/2460 matched, players 6660/6932 matched
2026-08-19 18:52:32,703 INFO ncaa_identity: contest_id=836322 teams 2581/2581 matched, players 6784/7270 matched
2026-08-19 18:52:33,366 INFO ncaa_identity: contest_id=836330 teams 2398/2398 matched, players 6643/6669 matched
2026-08-19 18:52:36,716 INFO ncaa_identity: contest_id=836362 teams 2168/2168 matched, players 5762/6085 matched
2026-08-19 18:52:41,676 INFO ncaa_identity: contest_id=836423 teams 2277/2277 matched, players 5478/6413 matched
2026-08-19 18:52:43,640 INFO ncaa_identity: contest_id=836453 teams 2230/2230 matched, players 5920/6270 matched
2026-08-19 18:52:44,271 INFO ncaa_identity: contest_id=836460 teams 2439/2439 matched, players 6762/6891 matched
2026-08-19 18:52:44,740 INFO ncaa_identity: contest_id=836466 teams 2247/2247 matched, players 5987/6333 matched
parsed=961 failed=0
8-19 18:52:39,175 INFO ncaa_identity: contest_id=836448 teams 2469/2469 matched, players 6426/6981 matched
parsed=961 failed=0
-19 18:52:28,671 INFO ncaa_identity: contest_id=836355 teams 2530/2530 matched, players 6970/7135 matched
2026-08-19 18:52:32,732 INFO ncaa_identity: contest_id=836402 teams 2260/2260 matched, players 6230/6351 matched
2026-08-19 18:52:36,127 INFO ncaa_identity: contest_id=836434 teams 2550/2550 matched, players 6622/7222 matched
2026-08-19 18:52:37,336 INFO ncaa_identity: contest_id=836452 teams 2367/2367 matched, players 6109/6680 matched
parsed=960 failed=0

2026-2026-08-19 18:52:33,589 INFO ncaa_identity: contest_id=836437 teams 2653/2653 matched, players 7089/7500 matc2026-08-19 18:52:34,743 INFO ncaa_identity: contest_id=836432 teams 2708/2708 matched, players 7326/7636 matched
2026-2026-08-19 18:52:35,596 INFO ncaa_identity: contest_id=836462 teams 2317/2317 matched, players 5973/6512 matc2026-08-19 18:52:36,639 INFO ncaa_identity: contest_id=836457 teams 2592/2592 matched, players 6872/7308 matched
parsed=960 failed=0
d=0
EXIT=0
