[09:14:32] === rosters 2025: 12 workers ===
2026-08-01 09:14:35,832 INFO vendor decodo_patchright: 50 prox(y/ies), sticky session re-minted -> session-cap1785590075w3
2026-08-01 09:14:35,833 INFO vendor decodo_patchright: 50 prox(y/ies), sticky session re-minted -> session-cap1785590075w7
2026-08-01 09:14:35,840 INFO vendor decodo_patchright: 50 prox(y/ies), sticky session re-minted -> session-cap1785590075w0
2026-08-01 09:14:35,845 INFO vendor decodo_patchright: 50 prox(y/ies), sticky session re-minted -> session-cap1785590075w5
2026-08-01 09:14:35,871 INFO vendor decodo_patchright: 50 prox(y/ies), sticky session re-minted -> session-cap1785590075w9
2026-08-01 09:14:35,955 INFO vendor decodo_patchright: 50 prox(y/ies), sticky session re-minted -> session-cap1785590075w11
2026-08-01 09:14:35,979 INFO vendor decodo_patchright: 50 prox(y/ies), sticky session re-minted -> session-cap1785590075w8
2026-08-01 09:14:36,046 INFO vendor decodo_patchright: 50 prox(y/ies), sticky session re-minted -> session-cap1785590076w10
2026-08-01 09:14:36,080 INFO vendor decodo_patchright: 50 prox(y/ies), sticky session re-minted -> session-cap1785590076w1
2026-08-01 09:14:36,111 INFO vendor decodo_patchright: 50 prox(y/ies), sticky session re-minted -> session-cap1785590076w4
2026-08-01 09:14:36,138 INFO vendor decodo_patchright: 50 prox(y/ies), sticky session re-minted -> session-cap1785590076w6
2026-08-01 09:14:36,192 INFO vendor decodo_patchright: 50 prox(y/ies), sticky session re-minted -> session-cap1785590076w2
2026-08-01 09:14:49,326 INFO team_id=590515 (Alcorn): 19 players
2026-08-01 09:14:49,705 INFO team_id=590803 (Auburn): 18 players
2026-08-01 09:14:49,850 INFO team_id=590516 (American): 17 players
2026-08-01 09:14:49,971 INFO team_id=590763 (Army West Point): 24 players
2026-08-01 09:14:50,183 INFO team_id=590523 (Austin Peay): 15 players
2026-08-01 09:14:50,383 INFO team_id=590496 (Ark.-Pine Bluff): 16 players
2026-08-01 09:14:50,881 INFO team_id=590512 (Alabama St.): 15 players
2026-08-01 09:14:50,960 INFO team_id=590518 (Arizona St.): 17 players
2026-08-01 09:14:51,197 INFO team_id=590519 (Arizona): 20 players
2026-08-01 09:14:51,981 INFO team_id=590521 (Arkansas): 15 players
2026-08-01 09:14:52,125 INFO team_id=590517 (App State): 17 players
2026-08-01 09:14:53,918 INFO team_id=590520 (Arkansas St.): 15 players
2026-08-01 09:14:59,262 INFO team_id=590524 (Ball St.): 14 players
2026-08-01 09:14:59,571 INFO team_id=590532 (Bowling Green): 15 players
2026-08-01 09:15:00,203 INFO team_id=590526 (Baylor): 14 players
2026-08-01 09:15:00,520 INFO team_id=590533 (Bradley): 16 players
2026-08-01 09:15:00,832 INFO team_id=590528 (Binghamton): 14 players
2026-08-01 09:15:00,906 INFO team_id=590531 (Boston U.): 15 players
2026-08-01 09:15:01,532 INFO team_id=590534 (BYU): 17 players
2026-08-01 09:15:01,674 INFO team_id=590503 (Belmont): 16 players
2026-08-01 09:15:02,380 INFO team_id=590529 (Boise St.): 15 players
2026-08-01 09:15:02,614 INFO team_id=590527 (Bethune-Cookman): 16 players
2026-08-01 09:15:03,276 INFO team_id=590714 (Bellarmine): 16 players
2026-08-01 09:15:03,846 INFO team_id=590530 (Boston College): 15 players
2026-08-01 09:15:09,196 INFO team_id=590536 (Bryant): 19 players
2026-08-01 09:15:09,328 INFO team_id=590712 (California Baptist): 15 players
2026-08-01 09:15:10,768 INFO team_id=590537 (Bucknell): 15 players
2026-08-01 09:15:10,783 INFO team_id=590590 (Campbell): 16 players
2026-08-01 09:15:11,013 INFO team_id=590544 (CSUN): 18 players
2026-08-01 09:15:11,208 INFO team_id=590547 (California): 22 players
2026-08-01 09:15:11,766 INFO team_id=590535 (Brown): 16 players
2026-08-01 09:15:12,172 INFO team_id=590539 (Butler): 15 players
2026-08-01 09:15:12,296 INFO team_id=590541 (CSU Bakersfield): 15 players
2026-08-01 09:15:12,601 INFO team_id=590540 (Cal Poly): 18 players
2026-08-01 09:15:13,326 INFO team_id=590543 (Cal St. Fullerton): 15 players
2026-08-01 09:15:13,533 INFO team_id=590538 (Buffalo): 15 players
2026-08-01 09:15:18,990 INFO team_id=590792 (Central Ark.): 17 players
2026-08-01 09:15:20,997 INFO team_id=590746 (Chattanooga): 16 players
2026-08-01 09:15:21,121 INFO team_id=590600 (Coastal Carolina): 15 players
2026-08-01 09:15:21,413 INFO team_id=590592 (Central Conn. St.): 16 players
2026-08-01 09:15:21,687 INFO team_id=590598 (Clemson): 17 players
2026-08-01 09:15:22,090 INFO team_id=590591 (Canisius): 16 players
2026-08-01 09:15:22,092 INFO team_id=590579 (Charlotte): 15 players
2026-08-01 09:15:22,506 INFO team_id=590525 (Charleston So.): 15 players
2026-08-01 09:15:22,794 INFO team_id=590595 (Chicago St.): 17 players
2026-08-01 09:15:23,300 INFO team_id=590596 (Cincinnati): 16 players
2026-08-01 09:15:24,050 INFO team_id=590594 (Central Mich.): 17 players
2026-08-01 09:15:28,861 INFO team_id=590808 (Colgate): 15 players
2026-08-01 09:15:31,133 INFO team_id=590605 (Cornell): 20 players
2026-08-01 09:15:31,183 INFO team_id=590610 (DePaul): 14 players
2026-08-01 09:15:32,093 INFO team_id=590604 (Coppin St.): 15 players
2026-08-01 09:15:32,106 INFO team_id=590608 (Davidson): 16 players
2026-08-01 09:15:32,401 INFO team_id=590602 (Colorado): 17 players
2026-08-01 09:15:32,687 INFO team_id=590799 (Col. of Charleston): 16 players
2026-08-01 09:15:33,039 INFO team_id=590606 (Creighton): 16 players
2026-08-01 09:15:33,611 INFO team_id=590607 (Dartmouth): 15 players
2026-08-01 09:15:33,758 INFO team_id=590603 (Columbia): 18 players
2026-08-01 09:15:34,842 INFO team_id=590601 (Colorado St.): 15 players
2026-08-01 09:15:36,539 INFO team_id=590599 (Cleveland St.): 14 players
2026-08-01 09:15:38,730 INFO team_id=590611 (Delaware St.): 16 players
2026-08-01 09:15:41,192 INFO team_id=590616 (Duke): 15 players
2026-08-01 09:15:41,299 INFO team_id=590620 (Eastern Ky.): 16 players
2026-08-01 09:15:42,245 INFO team_id=590617 (East Carolina): 16 players
2026-08-01 09:15:42,260 INFO team_id=590615 (Drexel): 14 players
2026-08-01 09:15:42,843 INFO team_id=590613 (Denver): 15 players
2026-08-01 09:15:43,142 INFO team_id=590612 (Delaware): 15 players
2026-08-01 09:15:43,240 INFO team_id=590811 (Duquesne): 18 players
2026-08-01 09:15:43,704 INFO team_id=590618 (ETSU): 15 players
2026-08-01 09:15:43,865 INFO team_id=590810 (Drake): 12 players
2026-08-01 09:15:46,528 INFO team_id=590614 (Detroit Mercy): 17 players
2026-08-01 09:15:48,657 INFO team_id=590622 (Eastern Wash.): 15 players
2026-08-01 09:15:51,329 INFO team_id=590624 (Fairfield): 18 players
2026-08-01 09:15:51,405 INFO team_id=590629 (Florida St.): 16 players
2026-08-01 09:15:53,006 INFO team_id=590630 (Florida): 17 players
2026-08-01 09:15:53,217 INFO team_id=590621 (Eastern Mich.): 15 players
2026-08-01 09:15:53,571 INFO team_id=590625 (Fairleigh Dickinson): 15 players
2026-08-01 09:15:53,912 INFO team_id=590628 (FIU): 16 players
2026-08-01 09:15:53,960 INFO team_id=590627 (Fla. Atlantic): 15 players
2026-08-01 09:15:54,068 INFO team_id=590507 (FGCU): 16 players
2026-08-01 09:15:54,801 INFO team_id=590491 (Elon): 16 players
2026-08-01 09:15:57,053 INFO team_id=590623 (Evansville): 16 players
2026-08-01 09:15:58,481 INFO team_id=590542 (Fresno St.): 16 players
2026-08-01 09:16:01,533 INFO team_id=590640 (Gonzaga): 18 players
2026-08-01 09:16:01,601 INFO team_id=590634 (George Washington): 16 players
2026-08-01 09:16:03,388 INFO team_id=590637 (Georgia St.): 17 players
2026-08-01 09:16:03,762 INFO team_id=590633 (George Mason): 16 players
2026-08-01 09:16:03,912 INFO team_id=590639 (Georgia): 15 players
2026-08-01 09:16:04,042 INFO team_id=590631 (Fordham): 17 players
2026-08-01 09:16:04,421 INFO team_id=590492 (Gardner-Webb): 17 players
2026-08-01 09:16:05,004 INFO team_id=590632 (Furman): 15 players
2026-08-01 09:16:05,027 INFO team_id=590635 (Georgetown): 17 players
2026-08-01 09:16:07,226 INFO team_id=590636 (Ga. Southern): 14 players
2026-08-01 09:16:08,370 INFO team_id=590800 (Grand Canyon): 16 players
2026-08-01 09:16:11,641 INFO team_id=590504 (High Point): 20 players
2026-08-01 09:16:12,135 INFO team_id=590813 (Howard): 14 players
2026-08-01 09:16:13,449 INFO team_id=590647 (Houston): 14 players
2026-08-01 09:16:13,607 INFO team_id=590643 (Hawaii): 15 players
2026-08-01 09:16:13,758 INFO team_id=590645 (Holy Cross): 15 players
2026-08-01 09:16:14,215 INFO team_id=590812 (Grambling): 16 players
2026-08-01 09:16:15,209 INFO team_id=590642 (Harvard): 15 players
2026-08-01 09:16:15,215 INFO team_id=590644 (Hofstra): 15 players
2026-08-01 09:16:16,240 INFO team_id=590785 (Green Bay): 19 players
2026-08-01 09:16:18,123 INFO team_id=590649 (Idaho): 16 players
2026-08-01 09:16:18,123 INFO team_id=590641 (Hampton): 18 players
2026-08-01 09:16:21,734 INFO team_id=590469 (Indiana St.): 15 players
2026-08-01 09:16:22,252 INFO team_id=590476 (Jacksonville): 16 players
2026-08-01 09:16:23,451 INFO team_id=590470 (Indiana): 19 players
2026-08-01 09:16:23,589 INFO team_id=590473 (Iowa): 16 players
2026-08-01 09:16:25,425 INFO team_id=590472 (Iona): 16 players
2026-08-01 09:16:25,536 INFO team_id=590650 (Illinois St.): 15 players
2026-08-01 09:16:25,958 INFO team_id=590796 (Iowa St.): 14 players
2026-08-01 09:16:25,963 INFO team_id=590609 (Dayton): 17 players
2026-08-01 09:16:26,499 INFO team_id=590497 (IU Indy): 16 players
2026-08-01 09:16:26,830 INFO team_id=590648 (Idaho St.): 15 players
2026-08-01 09:16:28,162 INFO team_id=590797 (James Madison): 17 players
2026-08-01 09:16:29,056 INFO team_id=590814 (Illinois): 14 players
2026-08-01 09:16:31,813 INFO team_id=590479 (Kent St.): 18 players
2026-08-01 09:16:32,452 INFO team_id=590481 (La Salle): 16 players
2026-08-01 09:16:33,102 INFO team_id=590493 (Kennesaw St.): 17 players
2026-08-01 09:16:33,549 INFO team_id=590486 (LIU): 15 players
2026-08-01 09:16:35,650 INFO team_id=590480 (Kentucky): 15 players
2026-08-01 09:16:35,950 INFO team_id=590477 (Kansas St.): 14 players
2026-08-01 09:16:37,021 INFO team_id=590475 (Jacksonville St.): 16 players
2026-08-01 09:16:37,314 INFO team_id=590549 (LMU (CA)): 15 players
2026-08-01 09:16:38,727 INFO team_id=590483 (Lamar University): 14 players
2026-08-01 09:16:38,960 INFO team_id=590478 (Kansas): 19 players
2026-08-01 09:16:41,375 INFO team_id=590498 (Kansas City): 15 players
2026-08-01 09:16:41,938 INFO team_id=590506 (Lipscomb): 15 players
2026-08-01 09:16:42,630 INFO team_id=590488 (Louisiana Tech): 14 players
2026-08-01 09:16:43,240 INFO team_id=590468 (Lindenwood): 16 players
2026-08-01 09:16:43,849 INFO team_id=590804 (Long Beach St.): 15 players
2026-08-01 09:16:45,750 INFO team_id=590522 (Little Rock): 15 players
2026-08-01 09:16:45,887 INFO team_id=590619 (Eastern Ill.): 16 players
2026-08-01 09:16:46,442 INFO team_id=590485 (Liberty): 16 players
2026-08-01 09:16:48,104 INFO team_id=590798 (Longwood): 16 players
2026-08-01 09:16:48,218 INFO team_id=590482 (Lafayette): 14 players
2026-08-01 09:16:48,627 INFO team_id=590550 (Loyola Chicago): 17 players
2026-08-01 09:16:49,534 INFO team_id=590466 (Le Moyne): 16 players
2026-08-01 09:16:51,857 INFO team_id=590554 (Marquette): 19 players
2026-08-01 09:16:52,215 INFO team_id=590484 (Lehigh): 15 players
2026-08-01 09:16:52,751 INFO team_id=590560 (Memphis): 15 players
2026-08-01 09:16:53,147 INFO team_id=590553 (Marist): 15 players
2026-08-01 09:16:53,683 INFO team_id=590557 (Maryland): 15 players
2026-08-01 09:16:55,634 INFO team_id=590626 (Florida A&M): 16 players
2026-08-01 09:16:56,457 INFO team_id=590555 (Marshall): 16 players
2026-08-01 09:16:56,622 INFO team_id=590552 (Manhattan): 18 players
2026-08-01 09:16:58,630 INFO team_id=591002 (Mercyhurst): 14 players
2026-08-01 09:16:58,753 INFO team_id=590559 (Massachusetts): 17 players
2026-08-01 09:17:00,111 INFO team_id=590489 (Louisville): 17 players
2026-08-01 09:17:01,171 INFO team_id=590548 (Loyola Maryland): 16 players
2026-08-01 09:17:01,932 INFO team_id=590564 (Michigan St.): 16 players
2026-08-01 09:17:02,806 INFO team_id=590569 (Mississippi Val.): 16 players
2026-08-01 09:17:02,999 INFO team_id=590565 (Michigan): 16 players
2026-08-01 09:17:03,366 INFO team_id=590551 (Maine): 16 players
2026-08-01 09:17:03,829 INFO team_id=590787 (Milwaukee): 17 players
2026-08-01 09:17:05,754 INFO team_id=590638 (Georgia Tech): 15 players
2026-08-01 09:17:06,602 INFO team_id=590566 (Middle Tenn.): 15 players
2026-08-01 09:17:06,758 INFO team_id=590562 (Miami (OH)): 15 players
2026-08-01 09:17:08,640 INFO team_id=590736 (Missouri St.): 17 players
2026-08-01 09:17:09,123 INFO team_id=590567 (Minnesota): 16 players
2026-08-01 09:17:11,255 INFO team_id=590561 (Mercer): 14 players
2026-08-01 09:17:11,850 INFO team_id=590574 (Morgan St.): 17 players
2026-08-01 09:17:12,746 INFO team_id=590807 (Morehead St.): 16 players
2026-08-01 09:17:12,759 INFO team_id=590713 (Merrimack): 17 players
2026-08-01 09:17:12,924 INFO team_id=590816 (NC State): 15 players
2026-08-01 09:17:14,202 INFO team_id=590576 (Murray St.): 15 players
2026-08-01 09:17:15,476 INFO team_id=590646 (Houston Christian): 15 players
2026-08-01 09:17:15,501 INFO team_id=590563 (Miami (FL)): 14 players
2026-08-01 09:17:16,687 INFO team_id=590575 (Mount St. Mary's): 15 players
2026-08-01 09:17:16,850 INFO team_id=590806 (Montana St.): 16 players
2026-08-01 09:17:18,627 INFO team_id=590653 (NJIT): 15 players
2026-08-01 09:17:20,215 INFO team_id=590659 (N.C. A&T): 16 players
2026-08-01 09:17:21,746 INFO team_id=590571 (Missouri): 18 players
2026-08-01 09:17:22,345 INFO team_id=590815 (New Mexico): 16 players
2026-08-01 09:17:22,632 INFO team_id=590652 (New Hampshire): 15 players
2026-08-01 09:17:22,927 INFO team_id=590658 (Norfolk St.): 13 players
2026-08-01 09:17:24,093 INFO team_id=590572 (Monmouth): 18 players
2026-08-01 09:17:24,356 INFO team_id=590655 (New Orleans): 14 players
2026-08-01 09:17:25,309 INFO team_id=590474 (Jackson St.): 16 players
2026-08-01 09:17:25,995 INFO team_id=590573 (Montana): 16 players
2026-08-01 09:17:26,702 INFO team_id=590654 (New Mexico St.): 15 players
2026-08-01 09:17:26,853 INFO team_id=590585 (Nevada): 14 players
2026-08-01 09:17:28,669 INFO team_id=590578 (North Carolina): 15 players
2026-08-01 09:17:30,758 INFO team_id=590656 (Niagara): 14 players
2026-08-01 09:17:32,358 INFO team_id=590663 (North Texas): 15 players
2026-08-01 09:17:32,373 INFO team_id=590665 (Northeastern): 13 players
2026-08-01 09:17:32,430 INFO team_id=590668 (NIU): 17 players
2026-08-01 09:17:32,924 INFO team_id=590671 (Northwestern St.): 15 players
2026-08-01 09:17:34,172 INFO team_id=590667 (Northern Colo.): 15 players
2026-08-01 09:17:34,989 INFO team_id=590487 (LSU): 16 players
2026-08-01 09:17:35,288 INFO team_id=590764 (Navy): 26 players
2026-08-01 09:17:36,713 INFO team_id=590582 (Nebraska): 17 players
2026-08-01 09:17:37,113 INFO team_id=590499 (North Florida): 14 players
2026-08-01 09:17:37,221 INFO team_id=590666 (Northern Ariz.): 14 players
2026-08-01 09:17:38,584 INFO team_id=590817 (Oakland): 17 players
2026-08-01 09:17:40,817 INFO team_id=590670 (Northern Ky.): 16 players
2026-08-01 09:17:42,178 INFO team_id=590676 (Oklahoma St.): 17 players
2026-08-01 09:17:42,316 INFO team_id=590678 (Old Dominion): 19 players
2026-08-01 09:17:43,025 INFO team_id=590509 (North Ala.): 15 players
2026-08-01 09:17:43,102 INFO team_id=590680 (Oregon St.): 16 players
2026-08-01 09:17:43,831 INFO team_id=590583 (Omaha): 16 players
2026-08-01 09:17:44,872 INFO team_id=590738 (Louisiana): 16 players
2026-08-01 09:17:45,490 INFO team_id=590662 (North Dakota): 15 players
2026-08-01 09:17:46,796 INFO team_id=590661 (North Dakota St.): 15 players
2026-08-01 09:17:47,196 INFO team_id=590677 (Oklahoma): 17 players
2026-08-01 09:17:47,463 INFO team_id=590570 (Ole Miss): 15 players
2026-08-01 09:17:48,609 INFO team_id=590684 (Penn): 16 players
2026-08-01 09:17:50,884 INFO team_id=590679 (Oral Roberts): 17 players
2026-08-01 09:17:51,997 INFO team_id=590688 (Portland): 18 players
2026-08-01 09:17:52,192 INFO team_id=590687 (Portland St.): 14 players
2026-08-01 09:17:53,223 INFO team_id=590692 (Purdue): 18 players
2026-08-01 09:17:53,229 INFO team_id=590494 (Presbyterian): 14 players
2026-08-01 09:17:53,320 INFO team_id=590673 (Notre Dame): 17 players
2026-08-01 09:17:54,687 INFO team_id=590805 (McNeese): 15 players
2026-08-01 09:17:55,833 INFO team_id=590675 (Ohio): 16 players
2026-08-01 09:17:57,055 INFO team_id=590674 (Ohio St.): 16 players
2026-08-01 09:17:57,194 INFO team_id=590686 (Pittsburgh): 16 players
2026-08-01 09:17:57,581 INFO team_id=590689 (Prairie View): 18 players
2026-08-01 09:17:58,533 INFO team_id=590467 (Queens (NC)): 17 players
2026-08-01 09:18:01,129 INFO team_id=590690 (Princeton): 16 players
2026-08-01 09:18:01,666 INFO team_id=590696 (Rice): 16 players
2026-08-01 09:18:02,371 INFO team_id=590697 (Richmond): 17 players
2026-08-01 09:18:02,596 INFO team_id=590699 (Robert Morris): 15 players
2026-08-01 09:18:03,248 INFO team_id=590731 (SIUE): 15 players
2026-08-01 09:18:03,662 INFO team_id=590681 (Pacific): 16 players
2026-08-01 09:18:04,428 INFO team_id=590568 (Mississippi St.): 17 players
2026-08-01 09:18:06,304 INFO team_id=590683 (Penn St.): 14 players
2026-08-01 09:18:07,285 INFO team_id=590695 (Rhode Island): 16 players
2026-08-01 09:18:07,298 INFO team_id=590685 (Pepperdine): 16 players
2026-08-01 09:18:07,853 INFO team_id=590698 (Rider): 15 players
2026-08-01 09:18:08,509 INFO team_id=590545 (Sacramento St.): 14 players
2026-08-01 09:18:11,168 INFO team_id=590700 (Rutgers): 15 players
2026-08-01 09:18:11,571 INFO team_id=590706 (Saint Louis): 16 players
2026-08-01 09:18:12,212 INFO team_id=590707 (Sam Houston): 15 players
2026-08-01 09:18:12,342 INFO team_id=590819 (Saint Mary's (CA)): 15 players
2026-08-01 09:18:13,412 INFO team_id=590708 (San Diego St.): 16 players
2026-08-01 09:18:13,761 INFO team_id=590471 (Purdue Fort Wayne): 15 players
2026-08-01 09:18:14,268 INFO team_id=590660 (N.C. Central): 16 players
2026-08-01 09:18:16,802 INFO team_id=590693 (Quinnipiac): 16 players
2026-08-01 09:18:17,386 INFO team_id=590694 (Radford): 15 players
2026-08-01 09:18:17,809 INFO team_id=590705 (Saint Joseph's): 14 players
2026-08-01 09:18:17,945 INFO team_id=590820 (Saint Peter's): 13 players
2026-08-01 09:18:18,514 INFO team_id=590711 (San Jose St.): 16 players
2026-08-01 09:18:21,122 INFO team_id=590821 (Samford): 20 players
2026-08-01 09:18:21,330 INFO team_id=590721 (Siena): 17 players
2026-08-01 09:18:21,584 INFO team_id=590723 (South Carolina St.): 16 players
2026-08-01 09:18:22,332 INFO team_id=590722 (South Alabama): 14 players
2026-08-01 09:18:23,534 INFO team_id=590726 (South Fla.): 16 players
2026-08-01 09:18:23,991 INFO team_id=590732 (SMU): 16 players
2026-08-01 09:18:24,013 INFO team_id=590657 (Nicholls): 16 players
2026-08-01 09:18:27,177 INFO team_id=590701 (Sacred Heart): 16 players
2026-08-01 09:18:27,751 INFO team_id=590703 (Saint Francis (PA)): 20 players
2026-08-01 09:18:27,877 INFO team_id=590720 (Seton Hall): 16 players
2026-08-01 09:18:27,955 INFO team_id=590724 (South Carolina): 15 players
2026-08-01 09:18:28,418 INFO team_id=590728 (Southeastern La.): 15 players
2026-08-01 09:18:31,007 INFO team_id=590733 (Southern Miss.): 17 players
2026-08-01 09:18:31,073 INFO team_id=590725 (South Dakota): 16 players
2026-08-01 09:18:31,135 INFO team_id=590702 (St. Bonaventure): 15 players
2026-08-01 09:18:32,479 INFO team_id=590734 (Southern U.): 17 players
2026-08-01 09:18:33,792 INFO team_id=590739 (Stanford): 16 players
2026-08-01 09:18:33,999 INFO team_id=590672 (Northwestern): 14 players
2026-08-01 09:18:34,099 INFO team_id=590710 (San Francisco): 15 players
2026-08-01 09:18:37,346 INFO team_id=590719 (Santa Clara): 16 players
2026-08-01 09:18:37,803 INFO team_id=590495 (Seattle U): 16 players
2026-08-01 09:18:37,878 INFO team_id=590794 (Southern Ind.): 18 players
2026-08-01 09:18:38,167 INFO team_id=590735 (Southern Utah): 21 players
2026-08-01 09:18:38,401 INFO team_id=590795 (Stonehill): 16 players
2026-08-01 09:18:40,548 INFO team_id=590744 (Tennessee St.): 16 players
2026-08-01 09:18:40,744 INFO team_id=590717 (Tarleton St.): 18 players
2026-08-01 09:18:41,151 INFO team_id=590704 (St. John's (NY)): 13 players
2026-08-01 09:18:42,440 INFO team_id=590743 (Temple): 16 players
2026-08-01 09:18:43,750 INFO team_id=590818 (Oregon): 18 players
2026-08-01 09:18:43,945 INFO team_id=590754 (Texas): 16 players
2026-08-01 09:18:44,267 INFO team_id=590727 (Southeast Mo. St.): 14 players
2026-08-01 09:18:47,558 INFO team_id=590729 (Southern California): 19 players
2026-08-01 09:18:48,000 INFO team_id=590750 (TCU): 17 players
2026-08-01 09:18:48,102 INFO team_id=590730 (Southern Ill.): 14 players
2026-08-01 09:18:48,195 INFO team_id=590751 (Texas Southern): 16 players
2026-08-01 09:18:48,282 INFO team_id=590747 (Tennessee): 15 players
2026-08-01 09:18:49,995 INFO team_id=590760 (Tulane): 16 players
2026-08-01 09:18:50,349 INFO team_id=590757 (Toledo): 14 players
2026-08-01 09:18:51,160 INFO team_id=590745 (Tennessee Tech): 16 players
2026-08-01 09:18:52,324 INFO team_id=590758 (Towson): 16 players
2026-08-01 09:18:53,573 INFO team_id=590691 (Providence): 16 players
2026-08-01 09:18:54,158 INFO team_id=590514 (UAlbany): 16 players
2026-08-01 09:18:54,497 INFO team_id=590823 (Stetson): 16 players
2026-08-01 09:18:57,792 INFO team_id=590741 (Stony Brook): 14 players
2026-08-01 09:18:57,917 INFO team_id=590597 (The Citadel): 17 players
2026-08-01 09:18:58,144 INFO team_id=590587 (UC Irvine): 16 players
2026-08-01 09:18:58,359 INFO team_id=590759 (Troy): 17 players
2026-08-01 09:18:58,428 INFO team_id=590742 (Syracuse): 17 players
2026-08-01 09:18:59,513 INFO team_id=590651 (UIC): 15 players
2026-08-01 09:19:00,338 INFO team_id=590593 (UCF): 16 players
2026-08-01 09:19:01,056 INFO team_id=590761 (Tulsa): 15 players
2026-08-01 09:19:02,347 INFO team_id=590588 (UCLA): 17 players
2026-08-01 09:19:03,505 INFO team_id=590740 (SFA): 15 players
2026-08-01 09:19:04,247 INFO team_id=590556 (UMBC): 17 players
2026-08-01 09:19:04,688 INFO team_id=590749 (Texas A&M): 16 players
2026-08-01 09:19:07,991 INFO team_id=590490 (UMass Lowell): 15 players
2026-08-01 09:19:08,119 INFO team_id=590737 (Texas St.): 14 players
2026-08-01 09:19:08,146 INFO team_id=590546 (UC Santa Barbara): 20 players
2026-08-01 09:19:08,536 INFO team_id=590752 (Texas Tech): 14 players
2026-08-01 09:19:08,619 INFO team_id=590809 (UConn): 12 players
2026-08-01 09:19:08,924 INFO team_id=590753 (UT Arlington): 16 players
2026-08-01 09:19:10,027 INFO team_id=590669 (UNI): 16 players
2026-08-01 09:19:10,997 INFO team_id=590500 (UIW): 16 players
2026-08-01 09:19:12,274 INFO team_id=590584 (UNLV): 16 players
2026-08-01 09:19:13,242 INFO team_id=590709 (San Diego): 21 players
2026-08-01 09:19:14,419 INFO team_id=590682 (UTRGV): 17 players
2026-08-01 09:19:14,992 INFO team_id=590586 (UC Davis): 16 players
2026-08-01 09:19:17,958 INFO team_id=590766 (Utah): 17 players
2026-08-01 09:19:18,234 INFO team_id=590581 (UNCW): 17 players
2026-08-01 09:19:18,364 INFO team_id=590589 (UC Riverside): 15 players
2026-08-01 09:19:18,432 INFO team_id=590768 (Vanderbilt): 18 players
2026-08-01 09:19:18,725 INFO team_id=590715 (UC San Diego): 16 players
2026-08-01 09:19:18,741 INFO team_id=590502 (USC Upstate): 14 players
2026-08-01 09:19:19,719 INFO team_id=590770 (VCU): 13 players
2026-08-01 09:19:20,933 INFO team_id=590748 (UT Martin): 17 players
2026-08-01 09:19:22,227 INFO team_id=590771 (VMI): 14 players
2026-08-01 09:19:22,899 INFO team_id=590822 (South Dakota St.): 15 players
2026-08-01 09:19:24,521 INFO team_id=590773 (Virginia): 17 players
2026-08-01 09:19:25,115 INFO team_id=590558 (UMES): 13 players
2026-08-01 09:19:27,924 INFO team_id=590779 (Western Caro.): 16 players
2026-08-01 09:19:27,926 INFO team_id=590825 (Wagner): 13 players
2026-08-01 09:19:28,218 INFO team_id=590508 (Utah Valley): 17 players
2026-08-01 09:19:28,548 INFO team_id=590577 (UNC Asheville): 16 players
2026-08-01 09:19:28,766 INFO team_id=590580 (UNC Greensboro): 16 players
2026-08-01 09:19:29,000 INFO team_id=590767 (Valparaiso): 17 players
2026-08-01 09:19:29,450 INFO team_id=590777 (Weber St.): 16 players
2026-08-01 09:19:30,817 INFO team_id=590824 (Vermont): 15 players
2026-08-01 09:19:32,674 INFO team_id=591125 (West Ga.): 15 players
2026-08-01 09:19:32,697 INFO team_id=590718 (St. Thomas (MN)): 16 players
2026-08-01 09:19:34,515 INFO team_id=590781 (Western Mich.): 16 players
rosters season=2025 shard=5/12: written=29 skipped_existing=1 failed=0
2026-08-01 09:19:35,594 INFO team_id=590756 (UTSA): 16 players
2026-08-01 09:19:37,634 INFO team_id=590827 (Yale): 15 players
rosters season=2025 shard=2/12: written=30 skipped_existing=1 failed=0
2026-08-01 09:19:37,895 INFO team_id=590783 (William & Mary): 16 players
rosters season=2025 shard=7/12: written=30 skipped_existing=0 failed=0
2026-08-01 09:19:38,234 INFO team_id=590775 (Washington St.): 14 players
2026-08-01 09:19:38,701 INFO team_id=590765 (Utah St.): 14 players
2026-08-01 09:19:39,051 INFO team_id=590788 (Wright St.): 14 players
rosters season=2025 shard=11/12: written=30 skipped_existing=0 failed=0
2026-08-01 09:19:39,096 INFO team_id=590778 (West Virginia): 16 players
2026-08-01 09:19:39,230 INFO team_id=590716 (Utah Tech): 16 players
2026-08-01 09:19:40,771 INFO team_id=590780 (Western Ill.): 14 players
2026-08-01 09:19:42,322 INFO team_id=590793 (Tex. A&M-Commerce): 15 players
2026-08-01 09:19:42,814 INFO team_id=590789 (Wyoming): 16 players
rosters season=2025 shard=0/12: written=30 skipped_existing=1 failed=0
2026-08-01 09:19:45,789 INFO team_id=590772 (Virginia Tech): 14 players
2026-08-01 09:19:48,210 INFO team_id=590501 (Wofford): 13 players
rosters season=2025 shard=10/12: written=30 skipped_existing=0 failed=0
2026-08-01 09:19:49,039 INFO team_id=590774 (Wake Forest): 17 players
2026-08-01 09:19:49,226 INFO team_id=590790 (Xavier): 17 players
rosters season=2025 shard=1/12: written=30 skipped_existing=1 failed=0
2026-08-01 09:19:49,386 INFO team_id=590776 (Washington): 16 players
2026-08-01 09:19:50,721 INFO team_id=590791 (Youngstown St.): 16 players
rosters season=2025 shard=3/12: written=30 skipped_existing=1 failed=0
2026-08-01 09:19:52,116 INFO team_id=590802 (UAB): 16 players
2026-08-01 09:19:56,178 INFO team_id=590782 (Wichita St.): 15 players
rosters season=2025 shard=6/12: written=30 skipped_existing=0 failed=0
2026-08-01 09:19:59,380 INFO team_id=590784 (Winthrop): 16 players
rosters season=2025 shard=8/12: written=30 skipped_existing=0 failed=0
2026-08-01 09:19:59,619 INFO team_id=590786 (Wisconsin): 17 players
rosters season=2025 shard=9/12: written=30 skipped_existing=0 failed=0
2026-08-01 09:20:01,955 INFO team_id=590664 (ULM): 14 players
2026-08-01 09:20:11,919 INFO team_id=590755 (UTEP): 16 players
2026-08-01 09:20:21,959 INFO team_id=590769 (Villanova): 15 players
2026-08-01 09:20:31,904 INFO team_id=590826 (Western Ky.): 18 players
rosters season=2025 shard=4/12: written=29 skipped_existing=1 failed=0
[09:20:32] season 2025 done: 364 rosters on disk
[09:20:32] === rosters 2026: 12 workers ===
2026-08-01 09:20:36,170 INFO vendor decodo_patchright: 50 prox(y/ies), sticky session re-minted -> session-cap1785590436w6
2026-08-01 09:20:36,312 INFO vendor decodo_patchright: 50 prox(y/ies), sticky session re-minted -> session-cap1785590436w10
2026-08-01 09:20:36,336 INFO vendor decodo_patchright: 50 prox(y/ies), sticky session re-minted -> session-cap1785590436w1
2026-08-01 09:20:36,349 INFO vendor decodo_patchright: 50 prox(y/ies), sticky session re-minted -> session-cap1785590436w0
2026-08-01 09:20:36,362 INFO vendor decodo_patchright: 50 prox(y/ies), sticky session re-minted -> session-cap1785590436w2
2026-08-01 09:20:36,366 INFO vendor decodo_patchright: 50 prox(y/ies), sticky session re-minted -> session-cap1785590436w9
2026-08-01 09:20:36,372 INFO vendor decodo_patchright: 50 prox(y/ies), sticky session re-minted -> session-cap1785590436w3
2026-08-01 09:20:36,440 INFO vendor decodo_patchright: 50 prox(y/ies), sticky session re-minted -> session-cap1785590436w7
2026-08-01 09:20:36,443 INFO vendor decodo_patchright: 50 prox(y/ies), sticky session re-minted -> session-cap1785590436w11
2026-08-01 09:20:36,446 INFO vendor decodo_patchright: 50 prox(y/ies), sticky session re-minted -> session-cap1785590436w4
2026-08-01 09:20:36,470 INFO vendor decodo_patchright: 50 prox(y/ies), sticky session re-minted -> session-cap1785590436w5
2026-08-01 09:20:36,536 INFO vendor decodo_patchright: 50 prox(y/ies), sticky session re-minted -> session-cap1785590436w8
2026-08-01 09:20:49,498 INFO team_id=609616 (Alabama St.): 16 players
2026-08-01 09:20:49,566 INFO team_id=609620 (American): 19 players
2026-08-01 09:20:50,263 INFO team_id=609621 (App State): 16 players
2026-08-01 09:20:50,488 INFO team_id=609623 (Arizona): 16 players
2026-08-01 09:20:50,598 INFO team_id=609614 (Abilene Christian): 13 players
2026-08-01 09:20:50,662 INFO team_id=609619 (Alcorn): 12 players
2026-08-01 09:20:50,720 INFO team_id=609541 (Akron): 16 players
2026-08-01 09:20:51,283 INFO team_id=609502 (Air Force): 17 players
2026-08-01 09:20:51,334 INFO team_id=609609 (A&M-Corpus Christi): 17 players
2026-08-01 09:20:51,650 INFO team_id=609615 (Alabama A&M): 16 players
2026-08-01 09:20:53,354 INFO team_id=609622 (Arizona St.): 16 players
2026-08-01 09:20:59,438 INFO team_id=609638 (BYU): 17 players
2026-08-01 09:20:59,604 INFO team_id=609630 (Baylor): 16 players
2026-08-01 09:21:00,640 INFO team_id=609607 (Belmont): 15 players
2026-08-01 09:21:00,721 INFO team_id=609625 (Arkansas): 15 players
2026-08-01 09:21:00,728 INFO team_id=609624 (Arkansas St.): 15 players
2026-08-01 09:21:00,840 INFO team_id=609628 (Ball St.): 14 players
2026-08-01 09:21:00,862 INFO team_id=609617 (Alabama): 18 players
2026-08-01 09:21:00,874 INFO team_id=609882 (Bellarmine): 16 players
2026-08-01 09:21:01,485 INFO team_id=609600 (Ark.-Pine Bluff): 15 players
2026-08-01 09:21:01,505 INFO team_id=609503 (Army West Point): 18 players
2026-08-01 09:21:02,142 INFO team_id=609627 (Austin Peay): 13 players
2026-08-01 09:21:03,216 INFO team_id=609631 (Bethune-Cookman): 16 players
2026-08-01 09:21:09,607 INFO team_id=609639 (Brown): 14 players
2026-08-01 09:21:09,718 INFO team_id=609641 (Bucknell): 15 players
2026-08-01 09:21:10,760 INFO team_id=609633 (Boise St.): 15 players
2026-08-01 09:21:10,832 INFO team_id=609643 (Butler): 15 players
2026-08-01 09:21:11,003 INFO team_id=609640 (Bryant): 19 players
2026-08-01 09:21:11,052 INFO team_id=609634 (Boston College): 16 players
2026-08-01 09:21:11,297 INFO team_id=609642 (Buffalo): 14 players
2026-08-01 09:21:11,500 INFO team_id=609632 (Binghamton): 14 players
2026-08-01 09:21:11,742 INFO team_id=609635 (Boston U.): 15 players
2026-08-01 09:21:12,429 INFO team_id=609637 (Bradley): 15 players
2026-08-01 09:21:13,097 INFO team_id=609645 (CSU Bakersfield): 14 players
2026-08-01 09:21:19,616 INFO team_id=609696 (Central Conn. St.): 16 players
2026-08-01 09:21:19,738 INFO team_id=609695 (Canisius): 16 players
2026-08-01 09:21:20,523 INFO team_id=609647 (Cal St. Fullerton): 16 players
2026-08-01 09:21:21,111 INFO team_id=609629 (Charleston So.): 16 players
2026-08-01 09:21:21,230 INFO team_id=609644 (Cal Poly): 16 players
2026-08-01 09:21:21,374 INFO team_id=609532 (Central Ark.): 17 players
2026-08-01 09:21:21,601 INFO team_id=609698 (Central Mich.): 15 players
2026-08-01 09:21:21,909 INFO team_id=609648 (CSUN): 17 players
2026-08-01 09:21:21,962 INFO team_id=609651 (California): 18 players
2026-08-01 09:21:22,874 INFO team_id=609694 (Campbell): 14 players
2026-08-01 09:21:23,331 INFO team_id=609683 (Charlotte): 16 players
2026-08-01 09:21:26,243 INFO team_id=609543 (Auburn): 18 players
2026-08-01 09:21:29,607 INFO team_id=609706 (Colorado): 15 players
2026-08-01 09:21:29,837 INFO team_id=609539 (Col. of Charleston): 16 players
2026-08-01 09:21:30,288 INFO team_id=609700 (Cincinnati): 16 players
2026-08-01 09:21:31,258 INFO team_id=609707 (Columbia): 17 players
2026-08-01 09:21:31,348 INFO team_id=609699 (Chicago St.): 17 players
2026-08-01 09:21:31,520 INFO team_id=609548 (Colgate): 16 players
2026-08-01 09:21:31,676 INFO team_id=609705 (Colorado St.): 14 players
2026-08-01 09:21:32,214 INFO team_id=609486 (Chattanooga): 17 players
2026-08-01 09:21:32,340 INFO team_id=609702 (Clemson): 13 players
2026-08-01 09:21:33,116 INFO team_id=609708 (Coppin St.): 17 players
2026-08-01 09:21:33,241 INFO team_id=609704 (Coastal Carolina): 15 players
2026-08-01 09:21:39,696 INFO team_id=609717 (Denver): 14 players
2026-08-01 09:21:39,845 INFO team_id=609716 (Delaware): 15 players
2026-08-01 09:21:39,930 INFO team_id=609711 (Dartmouth): 14 players
2026-08-01 09:21:41,357 INFO team_id=609550 (Drake): 13 players
2026-08-01 09:21:41,540 INFO team_id=609710 (Creighton): 16 players
2026-08-01 09:21:41,692 INFO team_id=609715 (Delaware St.): 15 players
2026-08-01 09:21:42,182 INFO team_id=609718 (Detroit Mercy): 14 players
2026-08-01 09:21:42,430 INFO team_id=609709 (Cornell): 20 players
2026-08-01 09:21:42,465 INFO team_id=609712 (Davidson): 16 players
2026-08-01 09:21:43,069 INFO team_id=609719 (Drexel): 15 players
2026-08-01 09:21:43,605 INFO team_id=609714 (DePaul): 16 players
2026-08-01 09:21:49,290 INFO team_id=609722 (ETSU): 15 players
2026-08-01 09:21:49,778 INFO team_id=609726 (Eastern Wash.): 15 players
2026-08-01 09:21:50,894 INFO team_id=609724 (Eastern Ky.): 13 players
2026-08-01 09:21:51,359 INFO team_id=609727 (Evansville): 15 players
2026-08-01 09:21:51,619 INFO team_id=609551 (Duquesne): 18 players
2026-08-01 09:21:52,201 INFO team_id=609725 (Eastern Mich.): 14 players
2026-08-01 09:21:52,395 INFO team_id=609595 (Elon): 16 players
2026-08-01 09:21:52,668 INFO team_id=609721 (East Carolina): 17 players
2026-08-01 09:21:53,039 INFO team_id=609729 (FDU): 16 players
2026-08-01 09:21:53,345 INFO team_id=609720 (Duke): 14 players
2026-08-01 09:21:54,087 INFO team_id=609723 (Eastern Ill.): 14 players
2026-08-01 09:21:58,827 INFO team_id=609728 (Fairfield): 18 players
2026-08-01 09:22:00,473 INFO team_id=609646 (Fresno St.): 15 players
2026-08-01 09:22:01,091 INFO team_id=609733 (Florida St.): 14 players
2026-08-01 09:22:01,917 INFO team_id=609732 (FIU): 16 players
2026-08-01 09:22:02,075 INFO team_id=609740 (Ga. Southern): 17 players
2026-08-01 09:22:02,268 INFO team_id=609735 (Fordham): 16 players
2026-08-01 09:22:02,529 INFO team_id=609736 (Furman): 15 players
2026-08-01 09:22:02,781 INFO team_id=609731 (Fla. Atlantic): 15 players
2026-08-01 09:22:03,433 INFO team_id=609611 (FGCU): 16 players
2026-08-01 09:22:03,606 INFO team_id=609596 (Gardner-Webb): 17 players
2026-08-01 09:22:04,402 INFO team_id=609730 (Florida A&M): 15 players
2026-08-01 09:22:05,306 INFO team_id=609636 (Bowling Green): 17 players
2026-08-01 09:22:08,428 INFO team_id=609739 (Georgetown): 17 players
2026-08-01 09:22:10,368 INFO team_id=609540 (Grand Canyon): 15 players
2026-08-01 09:22:11,282 INFO team_id=609744 (Gonzaga): 16 players
2026-08-01 09:22:12,152 INFO team_id=609745 (Hampton): 16 players
2026-08-01 09:22:12,172 INFO team_id=609552 (Grambling): 14 players
2026-08-01 09:22:12,387 INFO team_id=609738 (George Washington): 15 players
2026-08-01 09:22:13,053 INFO team_id=609525 (Green Bay): 16 players
2026-08-01 09:22:13,160 INFO team_id=609743 (Georgia): 15 players
2026-08-01 09:22:13,672 INFO team_id=609737 (George Mason): 16 players
2026-08-01 09:22:13,891 INFO team_id=609746 (Harvard): 17 players
2026-08-01 09:22:14,669 INFO team_id=609742 (Georgia Tech): 14 players
2026-08-01 09:22:17,770 INFO team_id=609748 (Hofstra): 15 players
2026-08-01 09:22:20,264 INFO team_id=609756 (Idaho): 16 players
2026-08-01 09:22:21,531 INFO team_id=609553 (Howard): 16 players
2026-08-01 09:22:22,045 INFO team_id=609601 (IU Indy): 15 players
2026-08-01 09:22:22,151 INFO team_id=609554 (Illinois): 14 players
2026-08-01 09:22:22,736 INFO team_id=609608 (High Point): 19 players
2026-08-01 09:22:23,235 INFO team_id=609753 (Idaho St.): 15 players
2026-08-01 09:22:23,353 INFO team_id=609749 (Holy Cross): 16 players
2026-08-01 09:22:23,703 INFO team_id=609758 (Illinois St.): 14 players
2026-08-01 09:22:23,887 INFO team_id=609747 (Hawaii): 13 players
2026-08-01 09:22:24,988 INFO team_id=609750 (Houston Christian): 15 players
2026-08-01 09:22:27,356 INFO team_id=609576 (Iona): 16 players
2026-08-01 09:22:30,166 INFO team_id=609537 (James Madison): 15 players
2026-08-01 09:22:31,837 INFO team_id=609580 (Jacksonville): 17 players
2026-08-01 09:22:32,134 INFO team_id=609579 (Jacksonville St.): 15 players
2026-08-01 09:22:32,225 INFO team_id=609602 (Kansas City): 15 players
2026-08-01 09:22:33,220 INFO team_id=609577 (Iowa): 14 players
2026-08-01 09:22:33,749 INFO team_id=609581 (Kansas St.): 14 players
2026-08-01 09:22:34,256 INFO team_id=609573 (Indiana St.): 16 players
2026-08-01 09:22:34,313 INFO team_id=609574 (Indiana): 17 players
2026-08-01 09:22:34,369 INFO team_id=609582 (Kansas): 16 players
2026-08-01 09:22:35,247 INFO team_id=609578 (Jackson St.): 16 players
2026-08-01 09:22:36,991 INFO team_id=609584 (Kentucky): 16 players
2026-08-01 09:22:40,852 INFO team_id=609587 (Lamar University): 15 players
2026-08-01 09:22:42,062 INFO team_id=609586 (Lafayette): 15 players
2026-08-01 09:22:42,096 INFO team_id=609585 (La Salle): 17 players
2026-08-01 09:22:42,361 INFO team_id=609588 (Lehigh): 15 players
2026-08-01 09:22:43,267 INFO team_id=609590 (LIU): 15 players
2026-08-01 09:22:44,118 INFO team_id=609589 (Liberty): 15 players
2026-08-01 09:22:44,499 INFO team_id=609570 (Le Moyne): 15 players
2026-08-01 09:22:44,722 INFO team_id=609583 (Kent St.): 17 players
2026-08-01 09:22:44,785 INFO team_id=609597 (Kennesaw St.): 18 players
2026-08-01 09:22:45,669 INFO team_id=609591 (LSU): 15 players
2026-08-01 09:22:46,561 INFO team_id=609626 (Little Rock): 15 players
2026-08-01 09:22:50,840 INFO team_id=609654 (Loyola Chicago): 16 players
2026-08-01 09:22:52,141 INFO team_id=609593 (Louisville): 16 players
2026-08-01 09:22:52,397 INFO team_id=609592 (Louisiana Tech): 15 players
2026-08-01 09:22:52,986 INFO team_id=609655 (Maine): 16 players
2026-08-01 09:22:53,136 INFO team_id=609544 (Long Beach St.): 14 players
2026-08-01 09:22:54,306 INFO team_id=609878 (California Baptist): 16 players
2026-08-01 09:22:54,485 INFO team_id=609656 (Manhattan): 18 players
2026-08-01 09:22:54,542 INFO team_id=609652 (Loyola Maryland): 15 players
2026-08-01 09:22:55,061 INFO team_id=609610 (Lipscomb): 15 players
2026-08-01 09:22:55,582 INFO team_id=609572 (Lindenwood): 15 players
2026-08-01 09:22:56,024 INFO team_id=609478 (Louisiana): 17 players
2026-08-01 09:22:56,177 INFO team_id=609659 (Marshall): 15 players
2026-08-01 09:23:01,244 INFO team_id=609568 (Mercyhurst): 15 players
2026-08-01 09:23:02,118 INFO team_id=609665 (Mercer): 16 players
2026-08-01 09:23:02,580 INFO team_id=609664 (Memphis): 15 players
2026-08-01 09:23:03,136 INFO team_id=609667 (Miami (FL)): 13 players
2026-08-01 09:23:04,365 INFO team_id=609666 (Miami (OH)): 17 players
2026-08-01 09:23:04,877 INFO team_id=609880 (Merrimack): 15 players
2026-08-01 09:23:05,568 INFO team_id=609658 (Marquette): 18 players
2026-08-01 09:23:05,849 INFO team_id=609657 (Marist): 14 players
2026-08-01 09:23:05,882 INFO team_id=609670 (Middle Tenn.): 15 players
2026-08-01 09:23:06,739 INFO team_id=609545 (McNeese): 15 players
2026-08-01 09:23:11,394 INFO team_id=609476 (Missouri St.): 14 players
2026-08-01 09:23:11,933 INFO team_id=609675 (Missouri): 14 players
2026-08-01 09:23:12,828 INFO team_id=609673 (Mississippi Val.): 16 players
2026-08-01 09:23:13,111 INFO team_id=609677 (Montana): 14 players
2026-08-01 09:23:13,952 INFO team_id=609546 (Montana St.): 15 players
2026-08-01 09:23:15,002 INFO team_id=609676 (Monmouth): 16 players
2026-08-01 09:23:15,476 INFO team_id=609679 (Mount St. Mary's): 16 players
2026-08-01 09:23:15,988 INFO team_id=609668 (Michigan St.): 15 players
2026-08-01 09:23:16,367 INFO team_id=609669 (Michigan): 16 players
2026-08-01 09:23:16,764 INFO team_id=609672 (Mississippi St.): 15 players
2026-08-01 09:23:21,451 INFO team_id=609764 (NJIT): 15 players
2026-08-01 09:23:21,889 INFO team_id=609792 (NIU): 16 players
2026-08-01 09:23:23,055 INFO team_id=609556 (NC State): 15 players
2026-08-01 09:23:23,168 INFO team_id=609686 (Nebraska): 16 players
2026-08-01 09:23:23,633 INFO team_id=609689 (Nevada): 14 players
2026-08-01 09:23:25,159 INFO team_id=609504 (Navy): 25 players
2026-08-01 09:23:25,327 INFO team_id=609555 (New Mexico): 14 players
2026-08-01 09:23:26,203 INFO team_id=609678 (Morgan St.): 15 players
2026-08-01 09:23:26,489 INFO team_id=609547 (Morehead St.): 14 players
2026-08-01 09:23:26,858 INFO team_id=609777 (N.C. Central): 15 players
2026-08-01 09:23:27,784 INFO team_id=609703 (Cleveland St.): 15 players
2026-08-01 09:23:31,646 INFO team_id=609613 (North Ala.): 14 players
2026-08-01 09:23:31,699 INFO team_id=609773 (Norfolk St.): 15 players
2026-08-01 09:23:33,204 INFO team_id=609781 (North Dakota): 15 players
2026-08-01 09:23:33,272 INFO team_id=609779 (North Dakota St.): 14 players
2026-08-01 09:23:33,706 INFO team_id=609771 (Nicholls): 13 players
2026-08-01 09:23:34,880 INFO team_id=609786 (Northeastern): 14 players
2026-08-01 09:23:35,545 INFO team_id=609682 (North Carolina): 16 players
2026-08-01 09:23:36,719 INFO team_id=610406 (New Haven): 21 players
2026-08-01 09:23:37,007 INFO team_id=609769 (Niagara): 13 players
2026-08-01 09:23:37,059 INFO team_id=609762 (New Hampshire): 14 players
2026-08-01 09:23:37,660 INFO team_id=609713 (Dayton): 16 players
2026-08-01 09:23:41,528 INFO team_id=609797 (Northwestern St.): 14 players
2026-08-01 09:23:41,831 INFO team_id=609801 (Notre Dame): 16 players
2026-08-01 09:23:43,024 INFO team_id=609803 (Ohio St.): 15 players
2026-08-01 09:23:43,350 INFO team_id=609805 (Ohio): 14 players
2026-08-01 09:23:43,994 INFO team_id=609799 (Northwestern): 15 players
2026-08-01 09:23:44,546 INFO team_id=609810 (Old Dominion): 16 players
2026-08-01 09:23:45,700 INFO team_id=609557 (Oakland): 14 players
2026-08-01 09:23:46,987 INFO team_id=609783 (North Texas): 12 players
2026-08-01 09:23:47,092 INFO team_id=609796 (Northern Ky.): 14 players
2026-08-01 09:23:47,214 INFO team_id=609603 (North Florida): 14 players
2026-08-01 09:23:47,591 INFO team_id=609533 (East Texas A&M): 16 players
2026-08-01 09:23:51,505 INFO team_id=609813 (Oregon St.): 15 players
2026-08-01 09:23:51,858 INFO team_id=609815 (Pacific): 18 players
2026-08-01 09:23:52,672 INFO team_id=609822 (Pepperdine): 15 players
2026-08-01 09:23:53,560 INFO team_id=609819 (Penn St.): 13 players
2026-08-01 09:23:54,015 INFO team_id=609826 (Portland St.): 17 players
2026-08-01 09:23:54,582 INFO team_id=609558 (Oregon): 18 players
2026-08-01 09:23:56,052 INFO team_id=609821 (Penn): 18 players
2026-08-01 09:23:57,115 INFO team_id=609812 (Oral Roberts): 14 players
2026-08-01 09:23:57,306 INFO team_id=609807 (Oklahoma St.): 15 players
2026-08-01 09:23:57,329 INFO team_id=609808 (Oklahoma): 16 players
2026-08-01 09:23:57,544 INFO team_id=609734 (Florida): 15 players
2026-08-01 09:24:01,417 INFO team_id=609836 (Purdue): 16 players
2026-08-01 09:24:02,318 INFO team_id=609840 (Radford): 14 players
2026-08-01 09:24:02,403 INFO team_id=609575 (Purdue Fort Wayne): 15 players
2026-08-01 09:24:03,611 INFO team_id=609838 (Quinnipiac): 15 players
2026-08-01 09:24:03,852 INFO team_id=609845 (Richmond): 16 players
2026-08-01 09:24:05,717 INFO team_id=609834 (Providence): 15 players
2026-08-01 09:24:06,289 INFO team_id=609571 (Queens (NC)): 19 players
2026-08-01 09:24:07,335 INFO team_id=609741 (Georgia St.): 15 players
2026-08-01 09:24:07,349 INFO team_id=609832 (Princeton): 17 players
2026-08-01 09:24:07,630 INFO team_id=609824 (Pittsburgh): 15 players
2026-08-01 09:24:07,723 INFO team_id=609828 (Portland): 16 players
2026-08-01 09:24:11,401 INFO team_id=609471 (SIUE): 15 players
2026-08-01 09:24:11,964 INFO team_id=609859 (Saint Francis): 18 players
2026-08-01 09:24:12,762 INFO team_id=609472 (SMU): 15 players
2026-08-01 09:24:12,905 INFO team_id=609661 (Maryland): 16 players
2026-08-01 09:24:13,712 INFO team_id=609854 (Sacred Heart): 16 players
2026-08-01 09:24:13,763 INFO team_id=609559 (Saint Mary's (CA)): 15 players
2026-08-01 09:24:16,192 INFO team_id=609480 (SFA): 15 players
2026-08-01 09:24:16,380 INFO team_id=609649 (Sacramento St.): 15 players
2026-08-01 09:24:17,121 INFO team_id=609752 (Houston): 14 players
2026-08-01 09:24:17,616 INFO team_id=609851 (Rutgers): 15 players
2026-08-01 09:24:17,804 INFO team_id=609841 (Rhode Island): 17 players
2026-08-01 09:24:17,943 INFO team_id=609843 (Rice): 17 players
2026-08-01 09:24:21,273 INFO team_id=609870 (San Diego St.): 15 players
2026-08-01 09:24:21,504 INFO team_id=609599 (Seattle U): 15 players
2026-08-01 09:24:22,850 INFO team_id=609874 (San Francisco): 15 players
2026-08-01 09:24:23,344 INFO team_id=609897 (South Alabama): 13 players
2026-08-01 09:24:23,938 INFO team_id=609891 (Santa Clara): 17 players
2026-08-01 09:24:26,536 INFO team_id=609876 (San Jose St.): 16 players
2026-08-01 09:24:26,907 INFO team_id=609536 (Iowa St.): 14 players
2026-08-01 09:24:27,370 INFO team_id=609871 (San Diego): 20 players
2026-08-01 09:24:27,729 INFO team_id=609561 (Samford): 17 players
2026-08-01 09:24:28,005 INFO team_id=609864 (Saint Joseph's): 16 players
2026-08-01 09:24:28,335 INFO team_id=609866 (Saint Louis): 16 players
2026-08-01 09:24:31,095 INFO team_id=609470 (Southern Ill.): 14 players
2026-08-01 09:24:31,145 INFO team_id=609905 (South Fla.): 15 players
2026-08-01 09:24:33,149 INFO team_id=609907 (Southeast Mo. St.): 14 players
2026-08-01 09:24:33,216 INFO team_id=609474 (Southern U.): 18 players
2026-08-01 09:24:33,949 INFO team_id=609469 (Southern California): 17 players
2026-08-01 09:24:36,845 INFO team_id=609653 (LMU (CA)): 16 players
2026-08-01 09:24:36,943 INFO team_id=609909 (Southeastern La.): 15 players
2026-08-01 09:24:37,949 INFO team_id=609562 (South Dakota St.): 14 players
2026-08-01 09:24:38,001 INFO team_id=609903 (South Dakota): 19 players
2026-08-01 09:24:38,142 INFO team_id=609893 (Seton Hall): 15 players
2026-08-01 09:24:38,627 INFO team_id=609895 (Siena): 17 players
2026-08-01 09:24:40,701 INFO team_id=609482 (Syracuse): 15 players
2026-08-01 09:24:41,188 INFO team_id=609479 (Stanford): 17 players
2026-08-01 09:24:43,038 INFO team_id=609483 (Temple): 14 players
2026-08-01 09:24:43,466 INFO team_id=609563 (Stetson): 15 players
2026-08-01 09:24:44,062 INFO team_id=609481 (Stony Brook): 15 players
2026-08-01 09:24:46,674 INFO team_id=609538 (Longwood): 15 players
2026-08-01 09:24:47,541 INFO team_id=609535 (Stonehill): 16 players
2026-08-01 09:24:48,158 INFO team_id=609861 (St. John's (NY)): 15 players
2026-08-01 09:24:48,290 INFO team_id=609534 (Southern Ind.): 15 players
2026-08-01 09:24:48,472 INFO team_id=609889 (St. Thomas (MN)): 16 players
2026-08-01 09:24:48,987 INFO team_id=609473 (Southern Miss.): 18 players
2026-08-01 09:24:50,334 INFO team_id=609701 (The Citadel): 18 players
2026-08-01 09:24:50,987 INFO team_id=609489 (Texas A&M): 15 players
2026-08-01 09:24:53,066 INFO team_id=609499 (Troy): 15 players
2026-08-01 09:24:53,913 INFO team_id=609491 (Texas Southern): 17 players
2026-08-01 09:24:54,071 INFO team_id=609492 (Texas Tech): 14 players
2026-08-01 09:24:56,599 INFO team_id=609663 (Massachusetts): 15 players
2026-08-01 09:24:57,674 INFO team_id=609477 (Texas St.): 15 players
2026-08-01 09:24:58,107 INFO team_id=609527 (Milwaukee): 16 players
2026-08-01 09:24:58,317 INFO team_id=609485 (Tennessee Tech): 16 players
2026-08-01 09:24:58,351 INFO team_id=609490 (TCU): 16 players
2026-08-01 09:24:59,193 INFO team_id=609887 (Tarleton St.): 19 players
2026-08-01 09:24:59,690 INFO team_id=609494 (Texas): 15 players
2026-08-01 09:25:00,163 INFO team_id=609650 (UC Santa Barbara): 17 players
2026-08-01 09:25:00,946 INFO team_id=609690 (UC Davis): 14 players
2026-08-01 09:25:03,256 INFO team_id=609549 (UConn): 15 players
2026-08-01 09:25:04,056 INFO team_id=609691 (UC Irvine): 18 players
2026-08-01 09:25:04,612 INFO team_id=609883 (UC San Diego): 16 players
2026-08-01 09:25:06,551 INFO team_id=609671 (Minnesota): 15 players
2026-08-01 09:25:07,994 INFO team_id=609693 (UC Riverside): 15 players
2026-08-01 09:25:08,208 INFO team_id=609680 (Murray St.): 15 players
2026-08-01 09:25:08,438 INFO team_id=609497 (Toledo): 13 players
2026-08-01 09:25:08,488 INFO team_id=609542 (UAB): 15 players
2026-08-01 09:25:09,526 INFO team_id=609498 (Towson): 15 players
2026-08-01 09:25:09,994 INFO team_id=609685 (UNCW): 15 players
2026-08-01 09:25:10,033 INFO team_id=609618 (UAlbany): 16 players
2026-08-01 09:25:10,760 INFO team_id=609662 (UMES): 15 players
2026-08-01 09:25:12,993 INFO team_id=609606 (USC Upstate): 14 players
2026-08-01 09:25:14,224 INFO team_id=609594 (UMass Lowell): 13 players
2026-08-01 09:25:15,170 INFO team_id=609684 (UNC Greensboro): 15 players
2026-08-01 09:25:16,482 INFO team_id=609775 (N.C. A&T): 16 players
2026-08-01 09:25:18,127 INFO team_id=609681 (UNC Asheville): 15 players
2026-08-01 09:25:18,178 INFO team_id=609765 (New Mexico St.): 15 players
2026-08-01 09:25:18,522 INFO team_id=609697 (UCF): 15 players
2026-08-01 09:25:18,682 INFO team_id=609785 (ULM): 14 players
2026-08-01 09:25:19,569 INFO team_id=609612 (Utah Valley): 15 players
2026-08-01 09:25:20,241 INFO team_id=609692 (UCLA): 15 players
2026-08-01 09:25:20,650 INFO team_id=609660 (UMBC): 15 players
2026-08-01 09:25:20,702 INFO team_id=609496 (UTSA): 15 players
2026-08-01 09:25:23,546 INFO team_id=609507 (Valparaiso): 17 players
2026-08-01 09:25:24,654 INFO team_id=609506 (Utah): 17 players
2026-08-01 09:25:26,239 INFO team_id=609767 (New Orleans): 16 players
2026-08-01 09:25:26,660 INFO team_id=609885 (Utah Tech): 14 players
2026-08-01 09:25:28,076 INFO team_id=609788 (Northern Ariz.): 14 players
2026-08-01 09:25:28,094 INFO team_id=609505 (Utah St.): 15 players
2026-08-01 09:25:28,562 INFO team_id=609793 (UNI): 17 players
2026-08-01 09:25:28,832 INFO team_id=609495 (UTEP): 14 players
2026-08-01 09:25:29,188 INFO team_id=609515 (Washington St.): 14 players
2026-08-01 09:25:30,488 INFO team_id=609688 (UNLV): 14 players
2026-08-01 09:25:30,856 INFO team_id=609512 (Virginia Tech): 14 players
2026-08-01 09:25:30,878 INFO team_id=609817 (UTRGV): 15 players
2026-08-01 09:25:33,286 INFO team_id=609518 (West Virginia): 15 players
2026-08-01 09:25:35,159 INFO team_id=609565 (Wagner): 13 players
2026-08-01 09:25:35,956 INFO team_id=609790 (Northern Colo.): 16 players
2026-08-01 09:25:38,066 INFO team_id=609516 (Washington): 16 players
2026-08-01 09:25:38,253 INFO team_id=609674 (Ole Miss): 16 players
2026-08-01 09:25:38,641 INFO team_id=609510 (VCU): 14 players
2026-08-01 09:25:38,699 INFO team_id=609514 (Wake Forest): 16 players
2026-08-01 09:25:38,777 INFO team_id=609605 (Wofford): 15 players
rosters season=2026 shard=11/12: written=30 skipped_existing=0 failed=0
2026-08-01 09:25:39,037 INFO team_id=609509 (Villanova): 14 players
2026-08-01 09:25:40,687 INFO team_id=609511 (VMI): 15 players
2026-08-01 09:25:40,805 INFO team_id=609522 (Wichita St.): 15 players
rosters season=2026 shard=7/12: written=30 skipped_existing=0 failed=0
2026-08-01 09:25:41,295 INFO team_id=609513 (Virginia): 15 players
2026-08-01 09:25:43,239 INFO team_id=609530 (Xavier): 16 players
rosters season=2026 shard=2/12: written=31 skipped_existing=0 failed=0
2026-08-01 09:25:45,322 INFO team_id=609523 (William & Mary): 15 players
rosters season=2026 shard=8/12: written=30 skipped_existing=0 failed=0
2026-08-01 09:25:45,856 INFO team_id=609687 (Omaha): 15 players
2026-08-01 09:25:48,520 INFO team_id=609830 (Prairie View): 15 players
2026-08-01 09:25:48,568 INFO team_id=609526 (Wisconsin): 14 players
rosters season=2026 shard=10/12: written=30 skipped_existing=0 failed=0
2026-08-01 09:25:48,574 INFO team_id=609517 (Weber St.): 15 players
2026-08-01 09:25:49,085 INFO team_id=609524 (Winthrop): 15 players
rosters season=2026 shard=9/12: written=30 skipped_existing=0 failed=0
2026-08-01 09:25:49,313 INFO team_id=609566 (Western Ky.): 16 players
rosters season=2026 shard=5/12: written=30 skipped_existing=0 failed=0
2026-08-01 09:25:50,816 INFO team_id=609569 (West Ga.): 15 players
2026-08-01 09:25:51,757 INFO team_id=609521 (Western Mich.): 14 players
rosters season=2026 shard=6/12: written=30 skipped_existing=0 failed=0
2026-08-01 09:25:55,556 INFO team_id=609598 (Presbyterian): 13 players
2026-08-01 09:25:58,479 INFO team_id=609848 (Rider): 14 players
2026-08-01 09:25:58,514 INFO team_id=609528 (Wright St.): 14 players
rosters season=2026 shard=0/12: written=31 skipped_existing=0 failed=0
2026-08-01 09:26:01,040 INFO team_id=609529 (Wyoming): 15 players
rosters season=2026 shard=1/12: written=31 skipped_existing=0 failed=0
2026-08-01 09:26:05,516 INFO team_id=609850 (Robert Morris): 15 players
2026-08-01 09:26:08,174 INFO team_id=609560 (Saint Peter's): 14 players
2026-08-01 09:26:15,252 INFO team_id=609868 (Sam Houston): 15 players
2026-08-01 09:26:17,946 INFO team_id=609901 (South Carolina): 15 players
2026-08-01 09:26:25,181 INFO team_id=609899 (South Carolina St.): 14 players
2026-08-01 09:26:27,699 INFO team_id=609475 (Southern Utah): 16 players
2026-08-01 09:26:35,139 INFO team_id=609856 (St. Bonaventure): 15 players
2026-08-01 09:26:37,471 INFO team_id=609487 (Tennessee): 16 players
2026-08-01 09:26:44,938 INFO team_id=609484 (Tennessee St.): 16 players
2026-08-01 09:26:47,242 INFO team_id=609500 (Tulane): 15 players
2026-08-01 09:26:54,670 INFO team_id=609501 (Tulsa): 15 players
2026-08-01 09:26:56,976 INFO team_id=609759 (UIC): 14 players
2026-08-01 09:27:04,503 INFO team_id=609604 (UIW): 14 players
2026-08-01 09:27:06,800 INFO team_id=609493 (UT Arlington): 14 players
2026-08-01 09:27:14,518 INFO team_id=609488 (UT Martin): 19 players
2026-08-01 09:27:16,671 INFO team_id=609508 (Vanderbilt): 16 players
2026-08-01 09:27:24,403 INFO team_id=609564 (Vermont): 16 players
2026-08-01 09:27:26,418 INFO team_id=609519 (Western Caro.): 16 players
2026-08-01 09:27:34,297 INFO team_id=609520 (Western Ill.): 15 players
2026-08-01 09:27:36,331 INFO team_id=609567 (Yale): 14 players
rosters season=2026 shard=3/12: written=31 skipped_existing=0 failed=0
2026-08-01 09:27:44,363 INFO team_id=609531 (Youngstown St.): 15 players
rosters season=2026 shard=4/12: written=31 skipped_existing=0 failed=0
[09:27:45] season 2026 done: 365 rosters on disk
ROSTERS_ALL_DONE 2025=364 2026=365
